Resolving data extensions.
Finished resolving data extensions.
Loading data extensions.
Finished loading data extensions.
Not caching stages during query-loading, since max heap size is only 1072 MB.
Compiling query plan for /private/tmp/dfb-220-extraction150/adapters/codeql/swift-foundation-identity-v1/queries/roles.ql.
[1/1 comp 9.2s] Compiled /private/tmp/dfb-220-extraction150/adapters/codeql/swift-foundation-identity-v1/queries/roles.ql.
Starting evaluation of dataflowbench/swift-foundation-identity/roles.ql.
[1/1 eval 557ms] Evaluation done; writing results to /private/tmp/dfb-220-extraction150/evidence/swift-foundation-identity-v1/foundation-roles-04/roles.bqrs.
Shutting down query evaluator.
       11.18 real        39.29 user         1.62 sys
          1457963008  maximum resident set size
                   0  average shared memory size
                   0  average unshared data size
                   0  average unshared stack size
              129218  page reclaims
                3409  page faults
                   0  swaps
                   0  block input operations
                   0  block output operations
                   0  messages sent
                   0  messages received
                  32  signals received
                2076  voluntary context switches
              159246  involuntary context switches
            44173259  instructions retired
            22958811  cycles elapsed
             1769880  peak memory footprint
