Initializing database at /var/folders/t1/k_27wjcd4095w9w121dm92_w0000gn/T/dfb-v2-codeql-orvwjpk_/db.
Running build command: [/private/tmp/dfb-220-candidate-assets/swift-6.3.3/expanded/swift-6.3.3-RELEASE-osx-package.pkg/Payload/usr/bin/swiftc, -swift-version, 6, -Onone, -sdk, /Library/Developer/CommandLineTools/SDKs/MacOSX26.5.sdk, -target, arm64-apple-macosx26.5, -module-name, DataFlowBenchTaintSwift, -module-cache-path, /var/folders/t1/k_27wjcd4095w9w121dm92_w0000gn/T/dfb-v2-codeql-orvwjpk_/cache, /var/folders/t1/k_27wjcd4095w9w121dm92_w0000gn/T/dfb-v2-codeql-orvwjpk_/source/main.swift, -o, /var/folders/t1/k_27wjcd4095w9w121dm92_w0000gn/T/dfb-v2-codeql-orvwjpk_/never-executed]
Running command in /var/folders/t1/k_27wjcd4095w9w121dm92_w0000gn/T/dfb-v2-codeql-orvwjpk_/source: [/private/tmp/dfb-220-candidate-assets/swift-6.3.3/expanded/swift-6.3.3-RELEASE-osx-package.pkg/Payload/usr/bin/swiftc, -swift-version, 6, -Onone, -sdk, /Library/Developer/CommandLineTools/SDKs/MacOSX26.5.sdk, -target, arm64-apple-macosx26.5, -module-name, DataFlowBenchTaintSwift, -module-cache-path, /var/folders/t1/k_27wjcd4095w9w121dm92_w0000gn/T/dfb-v2-codeql-orvwjpk_/cache, /var/folders/t1/k_27wjcd4095w9w121dm92_w0000gn/T/dfb-v2-codeql-orvwjpk_/source/main.swift, -o, /var/folders/t1/k_27wjcd4095w9w121dm92_w0000gn/T/dfb-v2-codeql-orvwjpk_/never-executed]
Finalizing database at /var/folders/t1/k_27wjcd4095w9w121dm92_w0000gn/T/dfb-v2-codeql-orvwjpk_/db.
Running TRAP import for CodeQL database at /var/folders/t1/k_27wjcd4095w9w121dm92_w0000gn/T/dfb-v2-codeql-orvwjpk_/db...
Warning: rounding --ram up to the minimum of 2048
Importing TRAP files
Merging relations
Finished writing database (relations: 4.84 MiB; string pool: 19.03 MiB).
TRAP import complete (2.6s).
Finished zipping source archive (743.00 B).
Successfully created database at /var/folders/t1/k_27wjcd4095w9w121dm92_w0000gn/T/dfb-v2-codeql-orvwjpk_/db.
       88.08 real        47.12 user        12.17 sys
          1221775360  maximum resident set size
                   0  average shared memory size
                   0  average unshared data size
                   0  average unshared stack size
              851113  page reclaims
               50472  page faults
                   0  swaps
                   0  block input operations
                   0  block output operations
                   0  messages sent
                   0  messages received
                  18  signals received
                9454  voluntary context switches
              105740  involuntary context switches
            43406309  instructions retired
            17967202  cycles elapsed
             1802648  peak memory footprint
