Resolving data extensions.
Finished resolving data extensions.
Loading data extensions.
Finished loading data extensions.
Not caching stages during query-loading, since max heap size is only 1072 MB.
Compiling query plan for /private/tmp/dfb-220-extraction150/evidence/swift-opaque-v3/attempt-01/dfb-taint-swift-model-opaque-propagator-positive/probe/queries/flow.ql.
[1/1] Found in cache: /private/tmp/dfb-220-extraction150/evidence/swift-opaque-v3/attempt-01/dfb-taint-swift-model-opaque-propagator-positive/probe/queries/flow.ql.
Starting evaluation of dataflowbench/swift-opaque-objc-control/flow.ql.
[1/1 eval 1.1s] Evaluation done; writing results to /private/tmp/dfb-220-extraction150/evidence/swift-opaque-v3/attempt-01/dfb-taint-swift-model-opaque-propagator-positive/probe/flow.bqrs.
Shutting down query evaluator.
        2.95 real        10.14 user         0.76 sys
           784007168  maximum resident set size
                   0  average shared memory size
                   0  average unshared data size
                   0  average unshared stack size
               77372  page reclaims
                 114  page faults
                   0  swaps
                   0  block input operations
                   0  block output operations
                   0  messages sent
                   0  messages received
                  27  signals received
                 136  voluntary context switches
               34332  involuntary context switches
            41767204  instructions retired
            17907944  cycles elapsed
             1753496  peak memory footprint
