Resolving data extensions.
Finished resolving data extensions.
Loading data extensions.
Finished loading data extensions.
Not caching stages during query-loading, since max heap size is only 1072 MB.
Compiling query plan for /private/tmp/dfb-220-extraction150/evidence/swift-opaque-v3/attempt-01/dfb-taint-swift-model-opaque-propagator-positive/probe/queries/identity.ql.
[1/1] Found in cache: /private/tmp/dfb-220-extraction150/evidence/swift-opaque-v3/attempt-01/dfb-taint-swift-model-opaque-propagator-positive/probe/queries/identity.ql.
Starting evaluation of dataflowbench/swift-opaque-objc-control/identity.ql.
[1/1 eval 672ms] Evaluation done; writing results to /private/tmp/dfb-220-extraction150/evidence/swift-opaque-v3/attempt-01/dfb-taint-swift-model-opaque-propagator-positive/probe/identity.bqrs.
Shutting down query evaluator.
        2.33 real         6.84 user         0.58 sys
           444366848  maximum resident set size
                   0  average shared memory size
                   0  average unshared data size
                   0  average unshared stack size
               55103  page reclaims
                 102  page faults
                   0  swaps
                   0  block input operations
                   0  block output operations
                   0  messages sent
                   0  messages received
                  26  signals received
                  85  voluntary context switches
               26878  involuntary context switches
            41781249  instructions retired
            18231027  cycles elapsed
             1753496  peak memory footprint
