Resolving data extensions.
Finished resolving data extensions.
Loading data extensions.
Finished loading data extensions.
Not caching stages during query-loading, since max heap size is only 1072 MB.
Compiling query plan for /private/tmp/dfb-220-extraction150/evidence/swift-opaque-v3/attempt-01/dfb-taint-swift-model-opaque-propagator-positive/probe/queries/roles.ql.
[1/1] Found in cache: /private/tmp/dfb-220-extraction150/evidence/swift-opaque-v3/attempt-01/dfb-taint-swift-model-opaque-propagator-positive/probe/queries/roles.ql.
Starting evaluation of dataflowbench/swift-opaque-objc-control/roles.ql.
[1/1 eval 2.6s] Evaluation done; writing results to /private/tmp/dfb-220-extraction150/evidence/swift-opaque-v3/attempt-01/dfb-taint-swift-model-opaque-propagator-positive/probe/roles.bqrs.
Shutting down query evaluator.
        4.49 real        16.39 user         1.09 sys
          1342521344  maximum resident set size
                   0  average shared memory size
                   0  average unshared data size
                   0  average unshared stack size
              110704  page reclaims
                1811  page faults
                   0  swaps
                   0  block input operations
                   0  block output operations
                   0  messages sent
                   0  messages received
                  58  signals received
                2142  voluntary context switches
               56014  involuntary context switches
            41770881  instructions retired
            18132313  cycles elapsed
             1753496  peak memory footprint
