Resolving data extensions.
Finished resolving data extensions.
Loading data extensions.
Finished loading data extensions.
Not caching stages during query-loading, since max heap size is only 1072 MB.
Compiling query plan for /private/tmp/dfb-220-extraction150/evidence/swift-keyed-persistence-v1/canonical-attempt-01/dfb-taint-swift-native-persistence-positive/probe/queries/clears.ql.
[1/1] Found in cache: /private/tmp/dfb-220-extraction150/evidence/swift-keyed-persistence-v1/canonical-attempt-01/dfb-taint-swift-native-persistence-positive/probe/queries/clears.ql.
Starting evaluation of dataflowbench/swift-keyed-persistence-prototype/clears.ql.
[1/1 eval 5s] Evaluation done; writing results to /private/tmp/dfb-220-extraction150/evidence/swift-keyed-persistence-v1/canonical-attempt-01/dfb-taint-swift-native-persistence-positive/probe/clears.bqrs.
Shutting down query evaluator.
        9.00 real        24.22 user         1.57 sys
          1337507840  maximum resident set size
                   0  average shared memory size
                   0  average unshared data size
                   0  average unshared stack size
              116215  page reclaims
                 631  page faults
                   0  swaps
                   0  block input operations
                   0  block output operations
                   0  messages sent
                   0  messages received
                  63  signals received
                 268  voluntary context switches
               69047  involuntary context switches
            43575193  instructions retired
            31604246  cycles elapsed
             1819032  peak memory footprint
