Resolving data extensions.
Finished resolving data extensions.
Loading data extensions.
Finished loading data extensions.
Not caching stages during query-loading, since max heap size is only 1072 MB.
Compiling query plan for /private/tmp/dfb-220-extraction150/evidence/swift-keyed-persistence-v1/canonical-attempt-01/dfb-taint-swift-native-persistence-positive/probe/queries/content.ql.
[1/1] Found in cache: /private/tmp/dfb-220-extraction150/evidence/swift-keyed-persistence-v1/canonical-attempt-01/dfb-taint-swift-native-persistence-positive/probe/queries/content.ql.
Starting evaluation of dataflowbench/swift-keyed-persistence-prototype/content.ql.
[1/1 eval 3.6s] Evaluation done; writing results to /private/tmp/dfb-220-extraction150/evidence/swift-keyed-persistence-v1/canonical-attempt-01/dfb-taint-swift-native-persistence-positive/probe/content.bqrs.
Shutting down query evaluator.
        6.07 real        22.04 user         1.31 sys
          1343094784  maximum resident set size
                   0  average shared memory size
                   0  average unshared data size
                   0  average unshared stack size
              112122  page reclaims
                 583  page faults
                   0  swaps
                   0  block input operations
                   0  block output operations
                   0  messages sent
                   0  messages received
                  59  signals received
                 477  voluntary context switches
               60390  involuntary context switches
            42033285  instructions retired
            22153011  cycles elapsed
             1802648  peak memory footprint
