Resolving data extensions.
Finished resolving data extensions.
Loading data extensions.
Finished loading data extensions.
Not caching stages during query-loading, since max heap size is only 1072 MB.
Compiling query plan for /private/tmp/dfb-220-extraction150/evidence/swift-keyed-persistence-v1/canonical-attempt-01/dfb-taint-swift-native-persistence-positive/probe/queries/identity.ql.
[1/1 comp 10.4s] Compiled /private/tmp/dfb-220-extraction150/evidence/swift-keyed-persistence-v1/canonical-attempt-01/dfb-taint-swift-native-persistence-positive/probe/queries/identity.ql.
Starting evaluation of dataflowbench/swift-keyed-persistence-prototype/identity.ql.
[1/1 eval 706ms] Evaluation done; writing results to /private/tmp/dfb-220-extraction150/evidence/swift-keyed-persistence-v1/canonical-attempt-01/dfb-taint-swift-native-persistence-positive/probe/identity.bqrs.
Shutting down query evaluator.
       12.78 real        37.89 user         1.52 sys
          1405468672  maximum resident set size
                   0  average shared memory size
                   0  average unshared data size
                   0  average unshared stack size
              147049  page reclaims
                 113  page faults
                   0  swaps
                   0  block input operations
                   0  block output operations
                   0  messages sent
                   0  messages received
                  30  signals received
                 842  voluntary context switches
              133142  involuntary context switches
            43436610  instructions retired
            26328666  cycles elapsed
             1851800  peak memory footprint
