Resolving data extensions.
Finished resolving data extensions.
Loading data extensions.
Finished loading data extensions.
Not caching stages during query-loading, since max heap size is only 1072 MB.
Compiling query plan for /private/tmp/dfb-220-extraction150/evidence/swift-keyed-persistence-v1/canonical-attempt-01/dfb-taint-swift-native-persistence-positive/probe/queries/persistence-identity.ql.
[1/1] Found in cache: /private/tmp/dfb-220-extraction150/evidence/swift-keyed-persistence-v1/canonical-attempt-01/dfb-taint-swift-native-persistence-positive/probe/queries/persistence-identity.ql.
Starting evaluation of dataflowbench/swift-keyed-persistence-prototype/persistence-identity.ql.
[1/1 eval 1.3s] Evaluation done; writing results to /private/tmp/dfb-220-extraction150/evidence/swift-keyed-persistence-v1/canonical-attempt-01/dfb-taint-swift-native-persistence-positive/probe/persistence-identity.bqrs.
Shutting down query evaluator.
        5.18 real        11.97 user         1.18 sys
           447578112  maximum resident set size
                   0  average shared memory size
                   0  average unshared data size
                   0  average unshared stack size
               57928  page reclaims
                 127  page faults
                   0  swaps
                   0  block input operations
                   0  block output operations
                   0  messages sent
                   0  messages received
                  13  signals received
                1829  voluntary context switches
               84721  involuntary context switches
            43654869  instructions retired
            32670425  cycles elapsed
             1835416  peak memory footprint
