Resolving data extensions.
Finished resolving data extensions.
Loading data extensions.
Finished loading data extensions.
Not caching stages during query-loading, since max heap size is only 1072 MB.
Compiling query plan for /private/tmp/dfb-220-extraction150/evidence/swift-keyed-persistence-v1/canonical-attempt-01/dfb-taint-swift-native-persistence-positive/probe/queries/states.ql.
[1/1] Found in cache: /private/tmp/dfb-220-extraction150/evidence/swift-keyed-persistence-v1/canonical-attempt-01/dfb-taint-swift-native-persistence-positive/probe/queries/states.ql.
Starting evaluation of dataflowbench/swift-keyed-persistence-prototype/states.ql.
[1/1 eval 3.7s] Evaluation done; writing results to /private/tmp/dfb-220-extraction150/evidence/swift-keyed-persistence-v1/canonical-attempt-01/dfb-taint-swift-native-persistence-positive/probe/states.bqrs.
Shutting down query evaluator.
        7.14 real        22.48 user         1.40 sys
          1351974912  maximum resident set size
                   0  average shared memory size
                   0  average unshared data size
                   0  average unshared stack size
              112598  page reclaims
                 583  page faults
                   0  swaps
                   0  block input operations
                   0  block output operations
                   0  messages sent
                   0  messages received
                  61  signals received
                 188  voluntary context switches
               61894  involuntary context switches
            42943004  instructions retired
            26027654  cycles elapsed
             1802648  peak memory footprint
