Resolving data extensions.
Finished resolving data extensions.
Loading data extensions.
Finished loading data extensions.
Not caching stages during query-loading, since max heap size is only 1072 MB.
Compiling query plan for /private/tmp/dfb-220-extraction150/evidence/swift-keyed-persistence-v1/canonical-attempt-01/dfb-taint-swift-native-persistence-positive/probe/queries/transitions.ql.
[1/1] Found in cache: /private/tmp/dfb-220-extraction150/evidence/swift-keyed-persistence-v1/canonical-attempt-01/dfb-taint-swift-native-persistence-positive/probe/queries/transitions.ql.
Starting evaluation of dataflowbench/swift-keyed-persistence-prototype/transitions.ql.
[1/1 eval 3.1s] Evaluation done; writing results to /private/tmp/dfb-220-extraction150/evidence/swift-keyed-persistence-v1/canonical-attempt-01/dfb-taint-swift-native-persistence-positive/probe/transitions.bqrs.
Shutting down query evaluator.
        6.39 real        21.03 user         1.39 sys
          1349763072  maximum resident set size
                   0  average shared memory size
                   0  average unshared data size
                   0  average unshared stack size
              112758  page reclaims
                 586  page faults
                   0  swaps
                   0  block input operations
                   1  block output operations
                   0  messages sent
                   0  messages received
                  68  signals received
                 161  voluntary context switches
               89852  involuntary context switches
            43020595  instructions retired
            26124102  cycles elapsed
             1851800  peak memory footprint
