Resolving data extensions.
Finished resolving data extensions.
Loading data extensions.
Finished loading data extensions.
Not caching stages during query-loading, since max heap size is only 1072 MB.
Compiling query plan for /private/tmp/dfb-220-extraction150/evidence/swift-opaque-v3/attempt-01/dfb-taint-swift-model-opaque-propagator-negative/probe/queries/flow.ql.
[1/1] Found in cache: /private/tmp/dfb-220-extraction150/evidence/swift-opaque-v3/attempt-01/dfb-taint-swift-model-opaque-propagator-negative/probe/queries/flow.ql.
Starting evaluation of dataflowbench/swift-opaque-objc-control/flow.ql.
[1/1 eval 1s] Evaluation done; writing results to /private/tmp/dfb-220-extraction150/evidence/swift-opaque-v3/attempt-01/dfb-taint-swift-model-opaque-propagator-negative/probe/flow.bqrs.
Shutting down query evaluator.
        2.91 real         9.90 user         0.73 sys
           701202432  maximum resident set size
                   0  average shared memory size
                   0  average unshared data size
                   0  average unshared stack size
               72810  page reclaims
                 112  page faults
                   0  swaps
                   0  block input operations
                   0  block output operations
                   0  messages sent
                   0  messages received
                  23  signals received
                  90  voluntary context switches
               34850  involuntary context switches
            41629081  instructions retired
            18716592  cycles elapsed
             1753496  peak memory footprint
