Resolving data extensions.
Finished resolving data extensions.
Loading data extensions.
Finished loading data extensions.
Not caching stages during query-loading, since max heap size is only 1072 MB.
Compiling query plan for /private/tmp/dfb-220-extraction150/evidence/swift-opaque-v3/attempt-01/dfb-taint-swift-model-opaque-propagator-negative/probe/queries/identity.ql.
[1/1] Found in cache: /private/tmp/dfb-220-extraction150/evidence/swift-opaque-v3/attempt-01/dfb-taint-swift-model-opaque-propagator-negative/probe/queries/identity.ql.
Starting evaluation of dataflowbench/swift-opaque-objc-control/identity.ql.
[1/1 eval 687ms] Evaluation done; writing results to /private/tmp/dfb-220-extraction150/evidence/swift-opaque-v3/attempt-01/dfb-taint-swift-model-opaque-propagator-negative/probe/identity.bqrs.
Shutting down query evaluator.
        2.38 real         6.85 user         0.59 sys
           425885696  maximum resident set size
                   0  average shared memory size
                   0  average unshared data size
                   0  average unshared stack size
               53811  page reclaims
                 102  page faults
                   0  swaps
                   0  block input operations
                   0  block output operations
                   0  messages sent
                   0  messages received
                  24  signals received
                  72  voluntary context switches
               29120  involuntary context switches
            41705549  instructions retired
            17968390  cycles elapsed
             1753496  peak memory footprint
