Resolving data extensions.
Finished resolving data extensions.
Loading data extensions.
Finished loading data extensions.
Not caching stages during query-loading, since max heap size is only 1072 MB.
Compiling query plan for /private/tmp/dfb-220-extraction150/evidence/swift-opaque-v3/attempt-01/dfb-taint-swift-model-opaque-propagator-negative/probe/queries/roles.ql.
[1/1] Found in cache: /private/tmp/dfb-220-extraction150/evidence/swift-opaque-v3/attempt-01/dfb-taint-swift-model-opaque-propagator-negative/probe/queries/roles.ql.
Starting evaluation of dataflowbench/swift-opaque-objc-control/roles.ql.
[1/1 eval 2.5s] Evaluation done; writing results to /private/tmp/dfb-220-extraction150/evidence/swift-opaque-v3/attempt-01/dfb-taint-swift-model-opaque-propagator-negative/probe/roles.bqrs.
Shutting down query evaluator.
        4.38 real        16.58 user         1.06 sys
          1343209472  maximum resident set size
                   0  average shared memory size
                   0  average unshared data size
                   0  average unshared stack size
              111583  page reclaims
                1802  page faults
                   0  swaps
                   0  block input operations
                   0  block output operations
                   0  messages sent
                   0  messages received
                  81  signals received
                1750  voluntary context switches
               56038  involuntary context switches
            41655293  instructions retired
            18245585  cycles elapsed
             1753496  peak memory footprint
