Resolving data extensions.
Finished resolving data extensions.
Loading data extensions.
Finished loading data extensions.
Not caching stages during query-loading, since max heap size is only 1072 MB.
Compiling query plan for /private/tmp/dfb-220-extraction150/evidence/swift-persistence-guard-v1/coverage-attempt-02/queries/coverage.ql.
[1/1 comp 8.8s] Compiled /private/tmp/dfb-220-extraction150/evidence/swift-persistence-guard-v1/coverage-attempt-02/queries/coverage.ql.
Starting evaluation of dataflowbench/swift-keyed-persistence-prototype/coverage.ql.
[1/1 eval 20.3s] Evaluation done; writing results to /private/tmp/dfb-220-extraction150/evidence/swift-persistence-guard-v1/coverage-attempt-02/coverage.bqrs.
Shutting down query evaluator.
       30.29 real        79.62 user         1.24 sys
          1455734784  maximum resident set size
                   0  average shared memory size
                   0  average unshared data size
                   0  average unshared stack size
              119279  page reclaims
                 534  page faults
                   0  swaps
                   0  block input operations
                   0  block output operations
                   0  messages sent
                   0  messages received
                  59  signals received
                 294  voluntary context switches
               91673  involuntary context switches
            43779166  instructions retired
            18828477  cycles elapsed
             1720728  peak memory footprint
