[INFO ] Running SwiftAstGen on '/private/tmp/dfb-220-full108-20260928/reports/raw/joern-normal-v1/current108-2026-09-28-01/dfb-taint-swift-recursive-exception-persistence-negative/DataFlowBenchTaintSwift'
[INFO ] Using SwiftAstGen from '/Users/dave/.cache/dataflowbench-tools/joern-v4.0.628/joern-cli/frontends/swiftsrc2cpg/bin/astgen/SwiftAstGen-mac'
[INFO ] Start of pass: io.joern.swiftsrc2cpg.passes.AstCreationPass
[INFO ] Building Swift type map from compiler log at /private/tmp/dfb-220-full108-20260928/reports/raw/joern-normal-v1/current108-2026-09-28-01/dfb-taint-swift-recursive-exception-persistence-negative/build.log
[INFO ] Got 1 type map entries.
[INFO ] Pass io.joern.swiftsrc2cpg.passes.AstCreationPass completed in 430 ms (4% on mutations). 346 + 11 changes committed from 1 parts.
[INFO ] Start of pass: io.joern.swiftsrc2cpg.passes.MetaDataPass
[INFO ] Pass io.joern.swiftsrc2cpg.passes.MetaDataPass completed in 3 ms (88% on mutations). 1 + 0 changes committed from 1 parts.
[INFO ] Start of pass: io.joern.swiftsrc2cpg.passes.BuiltinTypesPass
[INFO ] Pass io.joern.swiftsrc2cpg.passes.BuiltinTypesPass completed in 2 ms (57% on mutations). 29 + 0 changes committed from 1 parts.
[INFO ] Start of pass: io.joern.swiftsrc2cpg.passes.SwiftTypeNodePass$$anon$1
[INFO ] Pass io.joern.swiftsrc2cpg.passes.SwiftTypeNodePass$$anon$1 completed in 9 ms (16% on mutations). 30 + 0 changes committed from 1 parts.
[INFO ] Start of pass: io.joern.swiftsrc2cpg.passes.ConfigFileCreationPass
[INFO ] Pass io.joern.swiftsrc2cpg.passes.ConfigFileCreationPass completed in 3 ms (35% on mutations). 0 + 0 changes committed from 0 parts.
[INFO ] Start of pass: io.joern.swiftsrc2cpg.passes.DependenciesPass
[INFO ] Pass io.joern.swiftsrc2cpg.passes.DependenciesPass completed in 4 ms (23% on mutations). 0 + 0 changes committed from 1 parts.
[INFO ] Start of pass: io.joern.swiftsrc2cpg.passes.ExtensionsPass
[INFO ] Pass io.joern.swiftsrc2cpg.passes.ExtensionsPass completed in 1 ms (68% on mutations). 0 + 0 changes committed from 1 parts.
[INFO ] Start of pass: io.joern.swiftsrc2cpg.passes.ExtensionsPass$$anon$1
[INFO ] Pass io.joern.swiftsrc2cpg.passes.ExtensionsPass$$anon$1 completed in 1 ms (93% on mutations). 0 + 0 changes committed from 1 parts.
[INFO ] Start of pass: io.joern.swiftsrc2cpg.passes.ObjcCallFullNamePass
[INFO ] Pass io.joern.swiftsrc2cpg.passes.ObjcCallFullNamePass completed in 3 ms (34% on mutations). 0 + 0 changes committed from 1 parts.
[INFO ] Start of pass: io.joern.swiftsrc2cpg.passes.ClosureBindingsPass
[INFO ] Pass io.joern.swiftsrc2cpg.passes.ClosureBindingsPass completed in 2 ms (51% on mutations). 0 + 0 changes committed from 1 parts.
[INFO ] Start of pass: io.joern.swiftsrc2cpg.passes.FullNameUniquenessPass
[INFO ] Pass io.joern.swiftsrc2cpg.passes.FullNameUniquenessPass completed in 2 ms (37% on mutations). 0 + 0 changes committed from 1 parts.
[INFO ] Report:
+-------+------------+-----+--------+-----------+----------+
| #     | File       | LOC | Parsed | Got a CPG | Duration |
+-------+------------+-----+--------+-----------+----------+
| 1     | main.swift | 22  | yes    | yes       | 138.2 ms |
+-------+------------+-----+--------+-----------+----------+
| Total |            | 22  | 1/1    | 1/1       |          |
+-------+------------+-----+--------+-----------+----------+
[INFO ] writing to storage at `/private/tmp/dfb-220-full108-20260928/reports/raw/joern-normal-v1/current108-2026-09-28-01/dfb-taint-swift-recursive-exception-persistence-negative/cpg.bin`
[INFO ] closed graph at /private/tmp/dfb-220-full108-20260928/reports/raw/joern-normal-v1/current108-2026-09-28-01/dfb-taint-swift-recursive-exception-persistence-negative/cpg.bin
