[INFO ] initialising from existing storage (/private/tmp/dfb-220-full108-20260928/reports/raw/joern-normal-v1/current108-2026-09-28-01/dfb-taint-swift-infeasible-branch-positive/workspace/cpg.bin/cpg.bin.tmp)
[INFO ] Start of pass: io.joern.x2cpg.passes.base.FileCreationPass
[INFO ] Pass io.joern.x2cpg.passes.base.FileCreationPass completed in 14 ms (70% on mutations). 23 + 0 changes committed from 1 parts.
[INFO ] Start of pass: io.joern.x2cpg.passes.base.NamespaceCreator
[INFO ] Pass io.joern.x2cpg.passes.base.NamespaceCreator completed in 3 ms (42% on mutations). 3 + 0 changes committed from 1 parts.
[INFO ] Start of pass: io.joern.x2cpg.passes.base.TypeDeclStubCreator
[INFO ] Pass io.joern.x2cpg.passes.base.TypeDeclStubCreator completed in 4 ms (34% on mutations). 1 + 0 changes committed from 1 parts.
[INFO ] Start of pass: io.joern.x2cpg.passes.base.MethodStubCreator
[INFO ] Pass io.joern.x2cpg.passes.base.MethodStubCreator completed in 10 ms (21% on mutations). 16 + 0 changes committed from 1 parts.
[INFO ] Start of pass: io.joern.x2cpg.passes.base.ParameterIndexCompatPass
[INFO ] Pass io.joern.x2cpg.passes.base.ParameterIndexCompatPass completed in 2 ms (50% on mutations). 0 + 0 changes committed from 1 parts.
[INFO ] Start of pass: io.joern.x2cpg.passes.base.MethodDecoratorPass
[INFO ] Pass io.joern.x2cpg.passes.base.MethodDecoratorPass completed in 4 ms (36% on mutations). 12 + 0 changes committed from 1 parts.
[INFO ] Start of pass: io.joern.x2cpg.passes.base.AstLinkerPass
[INFO ] Pass io.joern.x2cpg.passes.base.AstLinkerPass completed in 2 ms (38% on mutations). 3 + 0 changes committed from 1 parts.
[INFO ] Start of pass: io.joern.x2cpg.passes.base.ContainsEdgePass
[INFO ] Pass io.joern.x2cpg.passes.base.ContainsEdgePass completed in 3 ms (31% on mutations). 28 + 0 changes committed from 25 parts.
[INFO ] Start of pass: io.joern.x2cpg.passes.base.TypeRefPass
[INFO ] Pass io.joern.x2cpg.passes.base.TypeRefPass completed in 2 ms (52% on mutations). 17 + 0 changes committed from 1 parts.
[INFO ] Start of pass: io.joern.x2cpg.passes.base.TypeEvalPass
[INFO ] Could not create edge. Destination lookup failed. edgeType=EVAL_TYPE, srcNodeType=LOCAL, srcNodeId=94489280513, dstNodeType=TYPE, dstFullName=main.swift:<global>
[INFO ] Could not create edge. Destination lookup failed. edgeType=EVAL_TYPE, srcNodeType=IDENTIFIER, srcNodeId=68719476739, dstNodeType=TYPE, dstFullName=main.swift:<global>
[INFO ] Could not create edge. Destination lookup failed. edgeType=EVAL_TYPE, srcNodeType=IDENTIFIER, srcNodeId=68719476740, dstNodeType=TYPE, dstFullName=main.swift:<global>
[INFO ] Pass io.joern.x2cpg.passes.base.TypeEvalPass completed in 2 ms (54% on mutations). 33 + 0 changes committed from 1 parts.
[INFO ] Start of pass: io.shiftleft.semanticcpg.Overlays$$anon$1
[INFO ] Pass io.shiftleft.semanticcpg.Overlays$$anon$1 completed in 2 ms (51% on mutations). 1 + 0 changes committed from 1 parts.
[INFO ] Start of pass: io.joern.x2cpg.passes.controlflow.CfgCreationPass
[INFO ] Pass io.joern.x2cpg.passes.controlflow.CfgCreationPass completed in 11 ms (9% on mutations). 22 + 0 changes committed from 5 parts.
[INFO ] Start of pass: io.joern.x2cpg.passes.controlflow.cfgdominator.CfgDominatorPass
[INFO ] Pass io.joern.x2cpg.passes.controlflow.cfgdominator.CfgDominatorPass completed in 3 ms (18% on mutations). 42 + 0 changes committed from 5 parts.
[INFO ] Start of pass: io.joern.x2cpg.passes.controlflow.codepencegraph.CdgPass
[INFO ] Pass io.joern.x2cpg.passes.controlflow.codepencegraph.CdgPass completed in 2 ms (15% on mutations). 4 + 0 changes committed from 5 parts.
[INFO ] Start of pass: io.shiftleft.semanticcpg.Overlays$$anon$1
[INFO ] Pass io.shiftleft.semanticcpg.Overlays$$anon$1 completed in 0 ms (74% on mutations). 1 + 0 changes committed from 1 parts.
[INFO ] Start of pass: io.joern.x2cpg.passes.typerelations.TypeHierarchyPass
[INFO ] Pass io.joern.x2cpg.passes.typerelations.TypeHierarchyPass completed in 1 ms (25% on mutations). 0 + 0 changes committed from 1 parts.
[INFO ] Start of pass: io.joern.x2cpg.passes.typerelations.AliasLinkerPass
[INFO ] Pass io.joern.x2cpg.passes.typerelations.AliasLinkerPass completed in 0 ms (39% on mutations). 0 + 0 changes committed from 1 parts.
[INFO ] Start of pass: io.joern.x2cpg.passes.typerelations.FieldAccessLinkerPass
[INFO ] Pass io.joern.x2cpg.passes.typerelations.FieldAccessLinkerPass completed in 1 ms (23% on mutations). 0 + 0 changes committed from 1 parts.
[INFO ] Start of pass: io.shiftleft.semanticcpg.Overlays$$anon$1
[INFO ] Pass io.shiftleft.semanticcpg.Overlays$$anon$1 completed in 0 ms (75% on mutations). 1 + 0 changes committed from 1 parts.
[INFO ] Start of pass: io.joern.x2cpg.passes.callgraph.MethodRefLinker
[INFO ] Pass io.joern.x2cpg.passes.callgraph.MethodRefLinker completed in 1 ms (72% on mutations). 2 + 0 changes committed from 1 parts.
[INFO ] Start of pass: io.joern.x2cpg.passes.callgraph.StaticCallLinker
[INFO ] Pass io.joern.x2cpg.passes.callgraph.StaticCallLinker completed in 1 ms (39% on mutations). 3 + 0 changes committed from 1 parts.
[INFO ] Start of pass: io.joern.x2cpg.passes.callgraph.DynamicCallLinker
[INFO ] Pass io.joern.x2cpg.passes.callgraph.DynamicCallLinker completed in 3 ms (8% on mutations). 2 + 0 changes committed from 1 parts.
[INFO ] Start of pass: io.shiftleft.semanticcpg.Overlays$$anon$1
[INFO ] Pass io.shiftleft.semanticcpg.Overlays$$anon$1 completed in 0 ms (74% on mutations). 1 + 0 changes committed from 1 parts.
[INFO ] Start of pass: io.joern.dataflowengineoss.passes.reachingdef.ReachingDefPass
[INFO ] Calculating reaching definitions for: DataFlowBenchTaintSwift.dfb_sink:(Swift.Int)->() in main.swift
[INFO ] Calculating reaching definitions for: main.swift:<global> in main.swift
[INFO ] Calculating reaching definitions for: DataFlowBenchTaintSwift.dfb_source:()->Swift.Int in main.swift
[INFO ] Calculating reaching definitions for: <operator>.assignment in <empty>
[INFO ] Calculating reaching definitions for: Swift.print:(_:Any...,separator:Swift.String,terminator:Swift.String)->() in <empty>
[INFO ] Number of definitions for Swift.print:(_:Any...,separator:Swift.String,terminator:Swift.String)->(): 1
[INFO ] Number of definitions for DataFlowBenchTaintSwift.dfb_source:()->Swift.Int: 0
[INFO ] Number of definitions for <operator>.assignment: 2
[INFO ] Number of definitions for main.swift:<global>: 10
[INFO ] Number of definitions for DataFlowBenchTaintSwift.dfb_sink:(Swift.Int)->(): 3
[INFO ] Pass io.joern.dataflowengineoss.passes.reachingdef.ReachingDefPass completed in 26 ms (2% on mutations). 43 + 0 changes committed from 5 parts.
[INFO ] Start of pass: io.shiftleft.semanticcpg.Overlays$$anon$1
[INFO ] Pass io.shiftleft.semanticcpg.Overlays$$anon$1 completed in 0 ms (69% on mutations). 1 + 0 changes committed from 1 parts.
[INFO ] Start of pass: io.joern.x2cpg.frontendspecific.swiftsrc2cpg.SwiftInheritanceNamePass
[INFO ] Pass io.joern.x2cpg.frontendspecific.swiftsrc2cpg.SwiftInheritanceNamePass completed in 0 ms (38% on mutations). 0 + 0 changes committed from 0 parts.
[INFO ] Start of pass: io.joern.x2cpg.frontendspecific.swiftsrc2cpg.ConstClosurePass
[INFO ] Pass io.joern.x2cpg.frontendspecific.swiftsrc2cpg.ConstClosurePass completed in 3 ms (8% on mutations). 0 + 0 changes committed from 1 parts.
[INFO ] Start of pass: io.joern.x2cpg.frontendspecific.swiftsrc2cpg.SwiftTypeRecovery
[INFO ] Pass io.joern.x2cpg.frontendspecific.swiftsrc2cpg.SwiftTypeRecovery completed in 13 ms (3% on mutations). 11 + 0 changes committed from 2 parts.
[INFO ] Start of pass: io.joern.x2cpg.frontendspecific.swiftsrc2cpg.SwiftTypeRecovery
[INFO ] Pass io.joern.x2cpg.frontendspecific.swiftsrc2cpg.SwiftTypeRecovery completed in 3 ms (10% on mutations). 14 + 0 changes committed from 2 parts.
[INFO ] Start of pass: io.joern.x2cpg.frontendspecific.swiftsrc2cpg.SwiftTypeHintCallLinker
[INFO ] Pass io.joern.x2cpg.frontendspecific.swiftsrc2cpg.SwiftTypeHintCallLinker completed in 2 ms (18% on mutations). 1 + 0 changes committed from 1 parts.
[INFO ] Start of pass: io.joern.x2cpg.passes.callgraph.NaiveCallLinker
[INFO ] Pass io.joern.x2cpg.passes.callgraph.NaiveCallLinker completed in 2 ms (16% on mutations). 0 + 0 changes committed from 1 parts.
[INFO ] writing to storage at `/private/tmp/dfb-220-full108-20260928/reports/raw/joern-normal-v1/current108-2026-09-28-01/dfb-taint-swift-infeasible-branch-positive/workspace/cpg.bin/cpg.bin.tmp`
[INFO ] closed graph at /private/tmp/dfb-220-full108-20260928/reports/raw/joern-normal-v1/current108-2026-09-28-01/dfb-taint-swift-infeasible-branch-positive/workspace/cpg.bin/cpg.bin.tmp
