Resolving data extensions.
Finished resolving data extensions.
Loading data extensions.
Finished loading data extensions.
Not caching stages during query-loading, since max heap size is only 1072 MB.
Compiling query plan for /private/tmp/dfb-220-extraction150/evidence/swift-sanitizer-qualification-v1/control-attempt-01/probe/queries/conversion-identity.ql.
ERROR: empty relation: negated condition guard for 'else' (/private/tmp/dfb-220-extraction150/evidence/swift-sanitizer-qualification-v1/control-attempt-01/probe/queries/conversion-identity.ql:8,9-37)
ERROR: empty relation: negated condition guard for 'else' (/private/tmp/dfb-220-extraction150/evidence/swift-sanitizer-qualification-v1/control-attempt-01/probe/queries/conversion-identity.ql:14,9-37)
        7.24 real        25.39 user         1.13 sys
          1425162240  maximum resident set size
                   0  average shared memory size
                   0  average unshared data size
                   0  average unshared stack size
              117300  page reclaims
                 123  page faults
                   0  swaps
                   0  block input operations
                   0  block output operations
                   0  messages sent
                   0  messages received
                  27  signals received
                 127  voluntary context switches
               92057  involuntary context switches
            41842955  instructions retired
            19474801  cycles elapsed
             1753496  peak memory footprint
