Resolving data extensions.
Finished resolving data extensions.
Loading data extensions.
Finished loading data extensions.
Not caching stages during query-loading, since max heap size is only 1072 MB.
Compiling query plan for /private/tmp/dfb-220-extraction150/evidence/swift-sanitizer-qualification-v1/control-attempt-01/probe/queries/identity.ql.
[1/1] Found in cache: /private/tmp/dfb-220-extraction150/evidence/swift-sanitizer-qualification-v1/control-attempt-01/probe/queries/identity.ql.
Starting evaluation of dataflowbench/swift-sanitizer/identity.ql.
[1/1 eval 381ms] Evaluation done; writing results to /private/tmp/dfb-220-extraction150/evidence/swift-sanitizer-qualification-v1/control-attempt-01/probe/identity.bqrs.
Shutting down query evaluator.
        2.18 real         5.91 user         0.61 sys
           430080000  maximum resident set size
                   0  average shared memory size
                   0  average unshared data size
                   0  average unshared stack size
               50641  page reclaims
                 102  page faults
                   0  swaps
                   0  block input operations
                   0  block output operations
                   0  messages sent
                   0  messages received
                  15  signals received
                  58  voluntary context switches
               26889  involuntary context switches
            41541333  instructions retired
            18533262  cycles elapsed
             1753496  peak memory footprint
