Resolving data extensions.
Finished resolving data extensions.
Loading data extensions.
Finished loading data extensions.
Not caching stages during query-loading, since max heap size is only 1072 MB.
Compiling query plan for /private/tmp/dfb-220-extraction150/evidence/swift-sanitizer-qualification-v1/control-attempt-01/probe/queries/roles.ql.
[1/1] Found in cache: /private/tmp/dfb-220-extraction150/evidence/swift-sanitizer-qualification-v1/control-attempt-01/probe/queries/roles.ql.
Starting evaluation of dataflowbench/swift-sanitizer/roles.ql.
[1/1 eval 11.3s] Evaluation done; writing results to /private/tmp/dfb-220-extraction150/evidence/swift-sanitizer-qualification-v1/control-attempt-01/probe/roles.bqrs.
Shutting down query evaluator.
       13.34 real        34.16 user         1.36 sys
          1354743808  maximum resident set size
                   0  average shared memory size
                   0  average unshared data size
                   0  average unshared stack size
              111980  page reclaims
                1808  page faults
                   0  swaps
                   0  block input operations
                   0  block output operations
                   0  messages sent
                   0  messages received
                  66  signals received
                2008  voluntary context switches
               83490  involuntary context switches
            45341277  instructions retired
            20180010  cycles elapsed
             1753496  peak memory footprint
