Initializing database at /private/tmp/dfb-213/cpp-host-db.
Running build command: []
Running command in /private/tmp/dfb-213/cpp: [/Users/dave/.cache/dataflowbench-tools/codeql-v2.27.0/codeql/cpp/tools/autobuild.sh]
[2026-09-21 08:59:52] [build-stdout] Overlay mode: full (enabled: false)
[2026-09-21 08:59:52] [build-stdout] Using 10 threads for extraction
[2026-09-21 08:59:52] [build-stdout] Indexed folder "/private/tmp/dfb-213/cpp", found 1 source files, 0 header files, 1 total files.
[2026-09-21 08:59:52] [build-stdout] Searching for "clang"...
[2026-09-21 08:59:52] [build-stdout] Found "clang" at: "/usr/bin/clang"
[2026-09-21 08:59:52] [build-stdout] Searching for "clang++"...
[2026-09-21 08:59:52] [build-stdout] Found "clang++" at: "/usr/bin/clang++"
[2026-09-21 08:59:52] [build-stdout] Dependency resolution not enabled.
[2026-09-21 08:59:52] [build-stdout] Generating compilation commands.
[2026-09-21 08:59:52] [build-stdout] Running extraction commands.
[2026-09-21 08:59:52] [build-stdout] Ran 1 commands [s=1,p=0,f=0]
[2026-09-21 08:59:52] [build-stdout] Extraction completed successfully.
[2026-09-21 08:59:52] [build-stderr] cpp/autobuilder: C/C++ was extracted with build-mode set to 'none'.
[2026-09-21 08:59:52] [build-stderr] cpp/autobuilder: autobuild summary.
Finalizing database at /private/tmp/dfb-213/cpp-host-db.
Running pre-finalize script /Users/dave/.cache/dataflowbench-tools/codeql-v2.27.0/codeql/cpp/tools/pre-finalize.sh in /private/tmp/dfb-213/cpp.
Running command in /private/tmp/dfb-213/cpp: [/Users/dave/.cache/dataflowbench-tools/codeql-v2.27.0/codeql/cpp/tools/pre-finalize.sh]
Pre-finalize script /Users/dave/.cache/dataflowbench-tools/codeql-v2.27.0/codeql/cpp/tools/pre-finalize.sh completed in 13 ms.
Running TRAP import for CodeQL database at /private/tmp/dfb-213/cpp-host-db...
Importing TRAP files
Merging relations
Finished writing database (relations: 3.21 KiB; string pool: 2.05 MiB).
TRAP import complete (264ms).
Finished zipping source archive (321.00 B).
Successfully created database at /private/tmp/dfb-213/cpp-host-db.
