{
  "libraryPath" : [
    "/private/tmp/dfb-220-full108-20260928/adapters/codeql/swift-normal-v1/queries/opaque",
    "/private/tmp/dfb-swift-extractor-repair-20260928/candidate-packs/codeql/swift-all/6.8.4-dfb.entry1",
    "/private/tmp/dfb-swift-extractor-repair-20260928/candidate-packs/codeql/concepts/0.0.32",
    "/private/tmp/dfb-swift-extractor-repair-20260928/candidate-packs/codeql/controlflow/2.0.42",
    "/private/tmp/dfb-swift-extractor-repair-20260928/candidate-packs/codeql/dataflow/2.1.14",
    "/private/tmp/dfb-swift-extractor-repair-20260928/candidate-packs/codeql/mad/1.0.58",
    "/private/tmp/dfb-swift-extractor-repair-20260928/candidate-packs/codeql/regex/1.0.58",
    "/private/tmp/dfb-swift-extractor-repair-20260928/candidate-packs/codeql/ssa/2.0.34",
    "/private/tmp/dfb-swift-extractor-repair-20260928/candidate-packs/codeql/tutorial/1.0.58",
    "/private/tmp/dfb-swift-extractor-repair-20260928/candidate-packs/codeql/typetracking/2.0.42",
    "/private/tmp/dfb-swift-extractor-repair-20260928/candidate-packs/codeql/util/2.0.45"
  ],
  "dbscheme" : "/private/tmp/dfb-swift-extractor-repair-20260928/candidate-packs/codeql/swift-all/6.8.4-dfb.entry1/swift.dbscheme",
  "compilationCache" : [
    "/Users/dave/.codeql/compile-cache"
  ],
  "relativeName" : "dfb/swift-normal-opaque/flow.ql",
  "qlPackName" : "dfb/swift-normal-opaque"
}
