Resolving data extensions.
Finished resolving data extensions.
Loading data extensions.
Finished loading data extensions.
Not caching stages during query-loading, since max heap size is only 1072 MB.
Compiling query plan for /private/tmp/dfb-220-extraction150/evidence/swift-keyed-persistence-v1/origin-attempt-03/queries/definitions.ql.
[1/1 comp 7.5s] Compiled /private/tmp/dfb-220-extraction150/evidence/swift-keyed-persistence-v1/origin-attempt-03/queries/definitions.ql.
Starting evaluation of dataflowbench/swift-keyed-persistence-prototype/definitions.ql.
[1/1 eval 303ms] Evaluation done; writing results to /private/tmp/dfb-220-extraction150/evidence/swift-keyed-persistence-v1/origin-attempt-03/definitions.bqrs.
Shutting down query evaluator.
        8.98 real        31.72 user         0.96 sys
          1428602880  maximum resident set size
                   0  average shared memory size
                   0  average unshared data size
                   0  average unshared stack size
              117962  page reclaims
                 102  page faults
                   0  swaps
                   0  block input operations
                   0  block output operations
                   0  messages sent
                   0  messages received
                  38  signals received
                  55  voluntary context switches
               68899  involuntary context switches
            44473557  instructions retired
            19845791  cycles elapsed
             1720728  peak memory footprint
