Resolving data extensions.
Finished resolving data extensions.
Loading data extensions.
Finished loading data extensions.
Not caching stages during query-loading, since max heap size is only 1072 MB.
Compiling query plan for /private/tmp/dfb-220-extraction150/evidence/swift-keyed-persistence-v1/origin-attempt-03/queries/receiver-flow.ql.
[1/1 comp 8.6s] Compiled /private/tmp/dfb-220-extraction150/evidence/swift-keyed-persistence-v1/origin-attempt-03/queries/receiver-flow.ql.
Starting evaluation of dataflowbench/swift-keyed-persistence-prototype/receiver-flow.ql.
[1/1 eval 395ms] Evaluation done; writing results to /private/tmp/dfb-220-extraction150/evidence/swift-keyed-persistence-v1/origin-attempt-03/receiver-flow.bqrs.
Shutting down query evaluator.
       10.18 real        34.83 user         1.27 sys
          1444970496  maximum resident set size
                   0  average shared memory size
                   0  average unshared data size
                   0  average unshared stack size
              119077  page reclaims
                 102  page faults
                   0  swaps
                   0  block input operations
                   0  block output operations
                   0  messages sent
                   0  messages received
                  30  signals received
                  58  voluntary context switches
              100190  involuntary context switches
            41379347  instructions retired
            18796734  cycles elapsed
             1720728  peak memory footprint
