Resolving data extensions.
Finished resolving data extensions.
Loading data extensions.
Finished loading data extensions.
Not caching stages during query-loading, since max heap size is only 1072 MB.
Compiling query plan for /private/tmp/dfb-220-extraction150/evidence/swift-persistence-guard-v1/coverage-attempt-01/queries/coverage.ql.
ERROR: could not resolve type CfgScope (/private/tmp/dfb-220-extraction150/evidence/swift-persistence-guard-v1/coverage-attempt-01/queries/coverage.ql:6,6-14)
ERROR: could not resolve type CfgScope (/private/tmp/dfb-220-extraction150/evidence/swift-persistence-guard-v1/coverage-attempt-01/queries/PersistenceCoverage.qll:40,25-33)
ERROR: could not resolve type CfgScope (/private/tmp/dfb-220-extraction150/evidence/swift-persistence-guard-v1/coverage-attempt-01/queries/PersistenceCoverage.qll:46,37-45)
ERROR: could not resolve type CfgScope (/private/tmp/dfb-220-extraction150/evidence/swift-persistence-guard-v1/coverage-attempt-01/queries/PersistenceCoverage.qll:53,43-51)
ERROR: could not resolve type CfgScope (/private/tmp/dfb-220-extraction150/evidence/swift-persistence-guard-v1/coverage-attempt-01/queries/PersistenceCoverage.qll:85,27-35)
        5.38 real        16.73 user         0.69 sys
          1137688576  maximum resident set size
                   0  average shared memory size
                   0  average unshared data size
                   0  average unshared stack size
               99861  page reclaims
                 102  page faults
                   0  swaps
                   0  block input operations
                   0  block output operations
                   0  messages sent
                   0  messages received
                  20  signals received
                  47  voluntary context switches
               39217  involuntary context switches
            43802570  instructions retired
            18668008  cycles elapsed
             1720728  peak memory footprint
