[INFO ] initialising from existing storage (/private/tmp/dfb-220-full108-20260928/reports/raw/joern-normal-v1/current108-2026-09-28-01/dfb-taint-swift-exception-catch-negative/workspace/cpg.bin/cpg.bin.tmp)
[INFO ] Start of pass: io.joern.x2cpg.passes.base.FileCreationPass
[INFO ] Pass io.joern.x2cpg.passes.base.FileCreationPass completed in 14 ms (74% on mutations). 29 + 0 changes committed from 1 parts.
[INFO ] Start of pass: io.joern.x2cpg.passes.base.NamespaceCreator
[INFO ] Pass io.joern.x2cpg.passes.base.NamespaceCreator completed in 3 ms (44% on mutations). 3 + 0 changes committed from 1 parts.
[INFO ] Start of pass: io.joern.x2cpg.passes.base.TypeDeclStubCreator
[INFO ] Pass io.joern.x2cpg.passes.base.TypeDeclStubCreator completed in 4 ms (30% on mutations). 9 + 0 changes committed from 1 parts.
[INFO ] Start of pass: io.joern.x2cpg.passes.base.MethodStubCreator
[INFO ] Inconsistent/erroneous callInfo on calls to method fullname Signal.payload (we have 1 many variants)
[INFO ] Pass io.joern.x2cpg.passes.base.MethodStubCreator completed in 9 ms (13% on mutations). 30 + 0 changes committed from 1 parts.
[INFO ] Start of pass: io.joern.x2cpg.passes.base.ParameterIndexCompatPass
[INFO ] Pass io.joern.x2cpg.passes.base.ParameterIndexCompatPass completed in 1 ms (55% on mutations). 0 + 0 changes committed from 1 parts.
[INFO ] Start of pass: io.joern.x2cpg.passes.base.MethodDecoratorPass
[INFO ] Pass io.joern.x2cpg.passes.base.MethodDecoratorPass completed in 3 ms (32% on mutations). 24 + 0 changes committed from 1 parts.
[INFO ] Start of pass: io.joern.x2cpg.passes.base.AstLinkerPass
[INFO ] Pass io.joern.x2cpg.passes.base.AstLinkerPass completed in 2 ms (15% on mutations). 13 + 0 changes committed from 1 parts.
[INFO ] Start of pass: io.joern.x2cpg.passes.base.ContainsEdgePass
[INFO ] Pass io.joern.x2cpg.passes.base.ContainsEdgePass completed in 3 ms (22% on mutations). 55 + 0 changes committed from 41 parts.
[INFO ] Start of pass: io.joern.x2cpg.passes.base.TypeRefPass
[INFO ] Pass io.joern.x2cpg.passes.base.TypeRefPass completed in 2 ms (24% on mutations). 28 + 0 changes committed from 1 parts.
[INFO ] Start of pass: io.joern.x2cpg.passes.base.TypeEvalPass
[INFO ] Could not create edge. Destination lookup failed. edgeType=EVAL_TYPE, srcNodeType=LOCAL, srcNodeId=94489280515, dstNodeType=TYPE, dstFullName=main.swift:<global>
[INFO ] Could not create edge. Destination lookup failed. edgeType=EVAL_TYPE, srcNodeType=LOCAL, srcNodeId=94489280516, dstNodeType=TYPE, dstFullName=main.swift:<global>
[INFO ] Could not create edge. Destination lookup failed. edgeType=EVAL_TYPE, srcNodeType=IDENTIFIER, srcNodeId=68719476739, dstNodeType=TYPE, dstFullName=main.swift:<global>
[INFO ] Could not create edge. Destination lookup failed. edgeType=EVAL_TYPE, srcNodeType=IDENTIFIER, srcNodeId=68719476742, dstNodeType=TYPE, dstFullName=main.swift:<global>
[INFO ] Could not create edge. Destination lookup failed. edgeType=EVAL_TYPE, srcNodeType=IDENTIFIER, srcNodeId=68719476743, dstNodeType=TYPE, dstFullName=main.swift:<global>
[INFO ] Could not create edge. Destination lookup failed. edgeType=EVAL_TYPE, srcNodeType=IDENTIFIER, srcNodeId=68719476745, dstNodeType=TYPE, dstFullName=main.swift:<global>
[INFO ] Pass io.joern.x2cpg.passes.base.TypeEvalPass completed in 3 ms (26% on mutations). 65 + 0 changes committed from 1 parts.
[INFO ] Start of pass: io.shiftleft.semanticcpg.Overlays$$anon$1
[INFO ] Pass io.shiftleft.semanticcpg.Overlays$$anon$1 completed in 3 ms (35% on mutations). 1 + 0 changes committed from 1 parts.
[INFO ] Start of pass: io.joern.x2cpg.passes.controlflow.CfgCreationPass
[WARN ] Using order fallback for try statement finally body
[INFO ] Pass io.joern.x2cpg.passes.controlflow.CfgCreationPass completed in 9 ms (7% on mutations). 38 + 0 changes committed from 10 parts.
[INFO ] Start of pass: io.joern.x2cpg.passes.controlflow.cfgdominator.CfgDominatorPass
[INFO ] Pass io.joern.x2cpg.passes.controlflow.cfgdominator.CfgDominatorPass completed in 4 ms (12% on mutations). 74 + 0 changes committed from 10 parts.
[INFO ] Start of pass: io.joern.x2cpg.passes.controlflow.codepencegraph.CdgPass
[INFO ] Pass io.joern.x2cpg.passes.controlflow.codepencegraph.CdgPass completed in 5 ms (13% on mutations). 4 + 0 changes committed from 10 parts.
[INFO ] Start of pass: io.shiftleft.semanticcpg.Overlays$$anon$1
[INFO ] Pass io.shiftleft.semanticcpg.Overlays$$anon$1 completed in 1 ms (74% on mutations). 1 + 0 changes committed from 1 parts.
[INFO ] Start of pass: io.joern.x2cpg.passes.typerelations.TypeHierarchyPass
[INFO ] Pass io.joern.x2cpg.passes.typerelations.TypeHierarchyPass completed in 1 ms (24% on mutations). 6 + 0 changes committed from 1 parts.
[INFO ] Start of pass: io.joern.x2cpg.passes.typerelations.AliasLinkerPass
[INFO ] Pass io.joern.x2cpg.passes.typerelations.AliasLinkerPass completed in 0 ms (34% on mutations). 0 + 0 changes committed from 1 parts.
[INFO ] Start of pass: io.joern.x2cpg.passes.typerelations.FieldAccessLinkerPass
[INFO ] Pass io.joern.x2cpg.passes.typerelations.FieldAccessLinkerPass completed in 1 ms (22% on mutations). 0 + 0 changes committed from 1 parts.
[INFO ] Start of pass: io.shiftleft.semanticcpg.Overlays$$anon$1
[INFO ] Pass io.shiftleft.semanticcpg.Overlays$$anon$1 completed in 0 ms (77% on mutations). 1 + 0 changes committed from 1 parts.
[INFO ] Start of pass: io.joern.x2cpg.passes.callgraph.MethodRefLinker
[INFO ] Pass io.joern.x2cpg.passes.callgraph.MethodRefLinker completed in 1 ms (45% on mutations). 4 + 0 changes committed from 1 parts.
[INFO ] Start of pass: io.joern.x2cpg.passes.callgraph.StaticCallLinker
[INFO ] Pass io.joern.x2cpg.passes.callgraph.StaticCallLinker completed in 1 ms (26% on mutations). 5 + 0 changes committed from 1 parts.
[INFO ] Start of pass: io.joern.x2cpg.passes.callgraph.DynamicCallLinker
[INFO ] Pass io.joern.x2cpg.passes.callgraph.DynamicCallLinker completed in 3 ms (10% on mutations). 4 + 0 changes committed from 1 parts.
[INFO ] Start of pass: io.shiftleft.semanticcpg.Overlays$$anon$1
[INFO ] Pass io.shiftleft.semanticcpg.Overlays$$anon$1 completed in 1 ms (56% on mutations). 1 + 0 changes committed from 1 parts.
[INFO ] Start of pass: io.joern.dataflowengineoss.passes.reachingdef.ReachingDefPass
[INFO ] Calculating reaching definitions for: DataFlowBenchTaintSwift.Signal.payload:(DataFlowBenchTaintSwift.Signal.Type)->(Swift.Int)->DataFlowBenchTaintSwift.Signal in <empty>
[INFO ] Calculating reaching definitions for: DataFlowBenchTaintSwift.raise:(Swift.Int)throws(DataFlowBenchTaintSwift.Signal)->Swift.Never in main.swift
[INFO ] Calculating reaching definitions for: DataFlowBenchTaintSwift.run:()->() in main.swift
[INFO ] Calculating reaching definitions for: DataFlowBenchTaintSwift.dfb_source:()->Swift.Int in main.swift
[INFO ] Calculating reaching definitions for: DataFlowBenchTaintSwift.dfb_sink:(Swift.Int)->() in main.swift
[INFO ] Calculating reaching definitions for: DataFlowBenchTaintSwift.Signal.init:()->DataFlowBenchTaintSwift.Signal in main.swift
[INFO ] Calculating reaching definitions for: main.swift:<global> in main.swift
[INFO ] Calculating reaching definitions for: <operator>.assignment in <empty>
[INFO ] Calculating reaching definitions for: Signal.payload in <empty>
[INFO ] Calculating reaching definitions for: Swift.print:(_:Any...,separator:Swift.String,terminator:Swift.String)->() in <empty>
[INFO ] Number of definitions for DataFlowBenchTaintSwift.Signal.payload:(DataFlowBenchTaintSwift.Signal.Type)->(Swift.Int)->DataFlowBenchTaintSwift.Signal: 1
[INFO ] Number of definitions for DataFlowBenchTaintSwift.Signal.init:()->DataFlowBenchTaintSwift.Signal: 1
[INFO ] Number of definitions for <operator>.assignment: 2
[INFO ] Number of definitions for Signal.payload: 1
[INFO ] Number of definitions for Swift.print:(_:Any...,separator:Swift.String,terminator:Swift.String)->(): 1
[INFO ] Number of definitions for DataFlowBenchTaintSwift.dfb_source:()->Swift.Int: 0
[INFO ] Number of definitions for main.swift:<global>: 1
[INFO ] Number of definitions for DataFlowBenchTaintSwift.dfb_sink:(Swift.Int)->(): 3
[INFO ] Number of definitions for DataFlowBenchTaintSwift.raise:(Swift.Int)throws(DataFlowBenchTaintSwift.Signal)->Swift.Never: 3
[INFO ] Number of definitions for DataFlowBenchTaintSwift.run:()->(): 14
[INFO ] Pass io.joern.dataflowengineoss.passes.reachingdef.ReachingDefPass completed in 29 ms (2% on mutations). 73 + 0 changes committed from 10 parts.
[INFO ] Start of pass: io.shiftleft.semanticcpg.Overlays$$anon$1
[INFO ] Pass io.shiftleft.semanticcpg.Overlays$$anon$1 completed in 1 ms (74% on mutations). 1 + 0 changes committed from 1 parts.
[INFO ] Start of pass: io.joern.x2cpg.frontendspecific.swiftsrc2cpg.SwiftInheritanceNamePass
[INFO ] Pass io.joern.x2cpg.frontendspecific.swiftsrc2cpg.SwiftInheritanceNamePass completed in 4 ms (5% on mutations). 0 + 0 changes committed from 1 parts.
[INFO ] Start of pass: io.joern.x2cpg.frontendspecific.swiftsrc2cpg.ConstClosurePass
[INFO ] Pass io.joern.x2cpg.frontendspecific.swiftsrc2cpg.ConstClosurePass completed in 2 ms (9% on mutations). 0 + 0 changes committed from 1 parts.
[INFO ] Start of pass: io.joern.x2cpg.frontendspecific.swiftsrc2cpg.SwiftTypeRecovery
[INFO ] Pass io.joern.x2cpg.frontendspecific.swiftsrc2cpg.SwiftTypeRecovery completed in 15 ms (5% on mutations). 33 + 0 changes committed from 2 parts.
[INFO ] Start of pass: io.joern.x2cpg.frontendspecific.swiftsrc2cpg.SwiftTypeRecovery
[INFO ] Pass io.joern.x2cpg.frontendspecific.swiftsrc2cpg.SwiftTypeRecovery completed in 5 ms (8% on mutations). 29 + 0 changes committed from 2 parts.
[INFO ] Start of pass: io.joern.x2cpg.frontendspecific.swiftsrc2cpg.SwiftTypeHintCallLinker
[INFO ] Pass io.joern.x2cpg.frontendspecific.swiftsrc2cpg.SwiftTypeHintCallLinker completed in 2 ms (20% on mutations). 1 + 0 changes committed from 1 parts.
[INFO ] Start of pass: io.joern.x2cpg.passes.callgraph.NaiveCallLinker
[INFO ] Pass io.joern.x2cpg.passes.callgraph.NaiveCallLinker completed in 1 ms (11% on mutations). 0 + 0 changes committed from 1 parts.
[INFO ] writing to storage at `/private/tmp/dfb-220-full108-20260928/reports/raw/joern-normal-v1/current108-2026-09-28-01/dfb-taint-swift-exception-catch-negative/workspace/cpg.bin/cpg.bin.tmp`
[INFO ] closed graph at /private/tmp/dfb-220-full108-20260928/reports/raw/joern-normal-v1/current108-2026-09-28-01/dfb-taint-swift-exception-catch-negative/workspace/cpg.bin/cpg.bin.tmp
