Resolving data extensions.
Finished resolving data extensions.
Loading data extensions.
Finished loading data extensions.
Not caching stages during query-loading, since max heap size is only 1072 MB.
Compiling query plan for /private/tmp/dfb-220-extraction150/evidence/swift-persistence-guard-v1/coverage-attempt-03/queries/coverage.ql.
[1/1] Found in cache: /private/tmp/dfb-220-extraction150/evidence/swift-persistence-guard-v1/coverage-attempt-03/queries/coverage.ql.
Starting evaluation of dataflowbench/swift-keyed-persistence-prototype/coverage.ql.
[1/1 eval 17.4s] Evaluation done; writing results to /private/tmp/dfb-220-extraction150/evidence/swift-persistence-guard-v1/coverage-attempt-03/coverage.bqrs.
Shutting down query evaluator.
       19.24 real        41.49 user         0.71 sys
           465960960  maximum resident set size
                   0  average shared memory size
                   0  average unshared data size
                   0  average unshared stack size
               58713  page reclaims
                 102  page faults
                   0  swaps
                   0  block input operations
                   0  block output operations
                   0  messages sent
                   0  messages received
                  27  signals received
                  47  voluntary context switches
               41993  involuntary context switches
            41117273  instructions retired
            18211782  cycles elapsed
             1720728  peak memory footprint
