[INFO ] initialising from existing storage (/private/tmp/dfb-220-full108-20260928/reports/raw/joern-normal-v1/current108-2026-09-28-01/dfb-taint-swift-model-opaque-propagator-negative/workspace/cpg.bin/cpg.bin.tmp)
[INFO ] Start of pass: io.joern.x2cpg.passes.base.FileCreationPass
[INFO ] Pass io.joern.x2cpg.passes.base.FileCreationPass completed in 13 ms (71% on mutations). 32 + 0 changes committed from 1 parts.
[INFO ] Start of pass: io.joern.x2cpg.passes.base.NamespaceCreator
[INFO ] Pass io.joern.x2cpg.passes.base.NamespaceCreator completed in 3 ms (38% on mutations). 3 + 0 changes committed from 1 parts.
[INFO ] Start of pass: io.joern.x2cpg.passes.base.TypeDeclStubCreator
[INFO ] Pass io.joern.x2cpg.passes.base.TypeDeclStubCreator completed in 9 ms (77% on mutations). 20 + 0 changes committed from 1 parts.
[INFO ] Start of pass: io.joern.x2cpg.passes.base.MethodStubCreator
[INFO ] Inconsistent/erroneous callInfo on calls to method fullname <operator>.arrayInitializer (we have 2 many variants)
[INFO ] Inconsistent/erroneous callInfo on calls to method fullname <operator>.alloc (we have 1 many variants)
[INFO ] Pass io.joern.x2cpg.passes.base.MethodStubCreator completed in 13 ms (22% on mutations). 110 + 0 changes committed from 1 parts.
[INFO ] Start of pass: io.joern.x2cpg.passes.base.ParameterIndexCompatPass
[INFO ] Pass io.joern.x2cpg.passes.base.ParameterIndexCompatPass completed in 1 ms (44% on mutations). 0 + 0 changes committed from 1 parts.
[INFO ] Start of pass: io.joern.x2cpg.passes.base.MethodDecoratorPass
[INFO ] Pass io.joern.x2cpg.passes.base.MethodDecoratorPass completed in 3 ms (39% on mutations). 117 + 0 changes committed from 1 parts.
[INFO ] Start of pass: io.joern.x2cpg.passes.base.AstLinkerPass
[INFO ] Pass io.joern.x2cpg.passes.base.AstLinkerPass completed in 2 ms (16% on mutations). 32 + 0 changes committed from 1 parts.
[INFO ] Start of pass: io.joern.x2cpg.passes.base.ContainsEdgePass
[INFO ] Pass io.joern.x2cpg.passes.base.ContainsEdgePass completed in 10 ms (5% on mutations). 128 + 0 changes committed from 63 parts.
[INFO ] Start of pass: io.joern.x2cpg.passes.base.TypeRefPass
[INFO ] Pass io.joern.x2cpg.passes.base.TypeRefPass completed in 2 ms (32% on mutations). 38 + 0 changes committed from 1 parts.
[INFO ] Start of pass: io.joern.x2cpg.passes.base.TypeEvalPass
[INFO ] Could not create edge. Destination lookup failed. edgeType=EVAL_TYPE, srcNodeType=LOCAL, srcNodeId=94489280518, dstNodeType=TYPE, dstFullName=main.swift:<global>
[INFO ] Could not create edge. Destination lookup failed. edgeType=EVAL_TYPE, srcNodeType=LOCAL, srcNodeId=94489280519, dstNodeType=TYPE, dstFullName=main.swift:<global>
[INFO ] Could not create edge. Destination lookup failed. edgeType=EVAL_TYPE, srcNodeType=IDENTIFIER, srcNodeId=68719476760, dstNodeType=TYPE, dstFullName=main.swift:<global>
[INFO ] Could not create edge. Destination lookup failed. edgeType=EVAL_TYPE, srcNodeType=IDENTIFIER, srcNodeId=68719476761, dstNodeType=TYPE, dstFullName=main.swift:<global>
[INFO ] Could not create edge. Destination lookup failed. edgeType=EVAL_TYPE, srcNodeType=IDENTIFIER, srcNodeId=68719476764, dstNodeType=TYPE, dstFullName=main.swift:<global>
[INFO ] Pass io.joern.x2cpg.passes.base.TypeEvalPass completed in 3 ms (39% on mutations). 212 + 0 changes committed from 3 parts.
[INFO ] Start of pass: io.shiftleft.semanticcpg.Overlays$$anon$1
[INFO ] Pass io.shiftleft.semanticcpg.Overlays$$anon$1 completed in 3 ms (22% on mutations). 1 + 0 changes committed from 1 parts.
[INFO ] Start of pass: io.joern.x2cpg.passes.controlflow.CfgCreationPass
[INFO ] Pass io.joern.x2cpg.passes.controlflow.CfgCreationPass completed in 14 ms (4% on mutations). 113 + 0 changes committed from 22 parts.
[INFO ] Start of pass: io.joern.x2cpg.passes.controlflow.cfgdominator.CfgDominatorPass
[INFO ] Pass io.joern.x2cpg.passes.controlflow.cfgdominator.CfgDominatorPass completed in 5 ms (14% on mutations). 226 + 0 changes committed from 22 parts.
[INFO ] Start of pass: io.joern.x2cpg.passes.controlflow.codepencegraph.CdgPass
[INFO ] Pass io.joern.x2cpg.passes.controlflow.codepencegraph.CdgPass completed in 2 ms (9% on mutations). 0 + 0 changes committed from 22 parts.
[INFO ] Start of pass: io.shiftleft.semanticcpg.Overlays$$anon$1
[INFO ] Pass io.shiftleft.semanticcpg.Overlays$$anon$1 completed in 1 ms (86% on mutations). 1 + 0 changes committed from 1 parts.
[INFO ] Start of pass: io.joern.x2cpg.passes.typerelations.TypeHierarchyPass
[INFO ] Pass io.joern.x2cpg.passes.typerelations.TypeHierarchyPass completed in 1 ms (28% on mutations). 11 + 0 changes committed from 1 parts.
[INFO ] Start of pass: io.joern.x2cpg.passes.typerelations.AliasLinkerPass
[INFO ] Pass io.joern.x2cpg.passes.typerelations.AliasLinkerPass completed in 1 ms (30% on mutations). 0 + 0 changes committed from 1 parts.
[INFO ] Start of pass: io.joern.x2cpg.passes.typerelations.FieldAccessLinkerPass
[INFO ] Pass io.joern.x2cpg.passes.typerelations.FieldAccessLinkerPass completed in 2 ms (13% on mutations). 0 + 0 changes committed from 1 parts.
[INFO ] Start of pass: io.shiftleft.semanticcpg.Overlays$$anon$1
[INFO ] Pass io.shiftleft.semanticcpg.Overlays$$anon$1 completed in 0 ms (78% on mutations). 1 + 0 changes committed from 1 parts.
[INFO ] Start of pass: io.joern.x2cpg.passes.callgraph.MethodRefLinker
[INFO ] Pass io.joern.x2cpg.passes.callgraph.MethodRefLinker completed in 0 ms (47% on mutations). 3 + 0 changes committed from 1 parts.
[INFO ] Start of pass: io.joern.x2cpg.passes.callgraph.StaticCallLinker
[INFO ] Pass io.joern.x2cpg.passes.callgraph.StaticCallLinker completed in 1 ms (31% on mutations). 22 + 0 changes committed from 1 parts.
[INFO ] Start of pass: io.joern.x2cpg.passes.callgraph.DynamicCallLinker
[INFO ] Pass io.joern.x2cpg.passes.callgraph.DynamicCallLinker completed in 6 ms (5% on mutations). 13 + 0 changes committed from 1 parts.
[INFO ] Start of pass: io.shiftleft.semanticcpg.Overlays$$anon$1
[INFO ] Pass io.shiftleft.semanticcpg.Overlays$$anon$1 completed in 0 ms (78% on mutations). 1 + 0 changes committed from 1 parts.
[INFO ] Start of pass: io.joern.dataflowengineoss.passes.reachingdef.ReachingDefPass
[INFO ] Calculating reaching definitions for: <operator>.cast in <empty>
[INFO ] Calculating reaching definitions for: main.swift:<global> in main.swift
[INFO ] Calculating reaching definitions for: main.swift:<global>.Opaque.choose:(_:NSString,second:NSString)->NSString in main.swift
[INFO ] Calculating reaching definitions for: DataFlowBenchTaintSwift.run:()->() in main.swift
[INFO ] Calculating reaching definitions for: DataFlowBenchTaintSwift.Opaque.init:()->DataFlowBenchTaintSwift.Opaque in main.swift
[INFO ] Calculating reaching definitions for: DataFlowBenchTaintSwift.Opaque.select:(Swift.String,Swift.String)->Swift.String in main.swift
[INFO ] Calculating reaching definitions for: <operator>.assignment in <empty>
[INFO ] Calculating reaching definitions for: main.swift:<global>.dfb_sink:(_:Swift.String)->ANY in main.swift
[INFO ] Calculating reaching definitions for: main.swift:<global>.Opaque.relay:(_:NSString)->NSString in main.swift
[INFO ] Calculating reaching definitions for: DataFlowBenchTaintSwift.Opaque.block:(Swift.String)->Swift.String in main.swift
[INFO ] Number of definitions for main.swift:<global>.Opaque.relay:(_:NSString)->NSString: 2
[INFO ] Number of definitions for DataFlowBenchTaintSwift.Opaque.init:()->DataFlowBenchTaintSwift.Opaque: 1
[INFO ] Number of definitions for <operator>.assignment: 2
[INFO ] Number of definitions for <operator>.cast: 2
[INFO ] Number of definitions for main.swift:<global>.Opaque.choose:(_:NSString,second:NSString)->NSString: 3
[INFO ] Number of definitions for main.swift:<global>: 1
[INFO ] Number of definitions for DataFlowBenchTaintSwift.run:()->(): 19
[INFO ] Number of definitions for DataFlowBenchTaintSwift.Opaque.select:(Swift.String,Swift.String)->Swift.String: 25
[INFO ] Number of definitions for DataFlowBenchTaintSwift.Opaque.block:(Swift.String)->Swift.String: 21
[INFO ] Number of definitions for main.swift:<global>.dfb_sink:(_:Swift.String)->ANY: 3
[INFO ] Calculating reaching definitions for: <operator>.alloc in <empty>
[INFO ] Calculating reaching definitions for: cobjc:(pl)NSObject(im)performSelectorwithObjectwithObject in <empty>
[INFO ] Calculating reaching definitions for: cobjc:(pl)NSObject(im)performSelectorwithObject in <empty>
[INFO ] Number of definitions for <operator>.alloc: 1
[INFO ] Number of definitions for cobjc:(pl)NSObject(im)performSelectorwithObject: 3
[INFO ] Calculating reaching definitions for: DataFlowBenchTaintSwift.dfb_sink:(Swift.String)->() in <empty>
[INFO ] Calculating reaching definitions for: Swift.Unmanaged.takeUnretainedValue:()->A in <empty>
[INFO ] Number of definitions for DataFlowBenchTaintSwift.dfb_sink:(Swift.String)->(): 2
[INFO ] Number of definitions for cobjc:(pl)NSObject(im)performSelectorwithObjectwithObject: 4
[INFO ] Number of definitions for Swift.Unmanaged.takeUnretainedValue:()->A: 1
[INFO ] Calculating reaching definitions for: DataFlowBenchTaintSwift.dfb_source:()->Swift.String in <empty>
[INFO ] Calculating reaching definitions for: <operator>.arrayInitializer in <empty>
[INFO ] Calculating reaching definitions for: Swift.print:(_:Any...,separator:Swift.String,terminator:Swift.String)->() in <empty>
[INFO ] Number of definitions for <operator>.arrayInitializer: 5
[INFO ] Number of definitions for DataFlowBenchTaintSwift.dfb_source:()->Swift.String: 1
[INFO ] Number of definitions for Swift.print:(_:Any...,separator:Swift.String,terminator:Swift.String)->(): 1
[INFO ] Calculating reaching definitions for: c@F@NSSelectorFromString:() in <empty>
[INFO ] Number of definitions for c@F@NSSelectorFromString:(): 2
[INFO ] Calculating reaching definitions for: Swift.BidirectionalCollection<whereA.Element==Swift.String><extension>.joined:(separator:Swift.String)->Swift.String in <empty>
[INFO ] Calculating reaching definitions for: DataFlowBenchTaintSwift.Opaque.carry:(Swift.String)->Swift.String in main.swift
[INFO ] Calculating reaching definitions for: main.swift:<global>.dfb_source:()->Swift.String in main.swift
[INFO ] Number of definitions for Swift.BidirectionalCollection<whereA.Element==Swift.String><extension>.joined:(separator:Swift.String)->Swift.String: 1
[INFO ] Number of definitions for main.swift:<global>.dfb_source:()->Swift.String: 0
[INFO ] Number of definitions for DataFlowBenchTaintSwift.Opaque.carry:(Swift.String)->Swift.String: 21
[INFO ] Pass io.joern.dataflowengineoss.passes.reachingdef.ReachingDefPass completed in 26 ms (4% on mutations). 354 + 0 changes committed from 22 parts.
[INFO ] Start of pass: io.shiftleft.semanticcpg.Overlays$$anon$1
[INFO ] Pass io.shiftleft.semanticcpg.Overlays$$anon$1 completed in 1 ms (72% on mutations). 1 + 0 changes committed from 1 parts.
[INFO ] Start of pass: io.joern.x2cpg.frontendspecific.swiftsrc2cpg.SwiftInheritanceNamePass
[INFO ] Pass io.joern.x2cpg.frontendspecific.swiftsrc2cpg.SwiftInheritanceNamePass completed in 4 ms (7% on mutations). 0 + 0 changes committed from 1 parts.
[INFO ] Start of pass: io.joern.x2cpg.frontendspecific.swiftsrc2cpg.ConstClosurePass
[INFO ] Pass io.joern.x2cpg.frontendspecific.swiftsrc2cpg.ConstClosurePass completed in 4 ms (9% on mutations). 0 + 0 changes committed from 1 parts.
[INFO ] Start of pass: io.joern.x2cpg.frontendspecific.swiftsrc2cpg.SwiftTypeRecovery
[INFO ] Pass io.joern.x2cpg.frontendspecific.swiftsrc2cpg.SwiftTypeRecovery completed in 21 ms (2% on mutations). 70 + 0 changes committed from 2 parts.
[INFO ] Start of pass: io.joern.x2cpg.frontendspecific.swiftsrc2cpg.SwiftTypeRecovery
[INFO ] Pass io.joern.x2cpg.frontendspecific.swiftsrc2cpg.SwiftTypeRecovery completed in 6 ms (7% on mutations). 97 + 0 changes committed from 2 parts.
[INFO ] Start of pass: io.joern.x2cpg.frontendspecific.swiftsrc2cpg.SwiftTypeHintCallLinker
[INFO ] Pass io.joern.x2cpg.frontendspecific.swiftsrc2cpg.SwiftTypeHintCallLinker completed in 3 ms (20% on mutations). 1 + 0 changes committed from 1 parts.
[INFO ] Start of pass: io.joern.x2cpg.passes.callgraph.NaiveCallLinker
[INFO ] Pass io.joern.x2cpg.passes.callgraph.NaiveCallLinker completed in 5 ms (72% on mutations). 0 + 0 changes committed from 1 parts.
[INFO ] writing to storage at `/private/tmp/dfb-220-full108-20260928/reports/raw/joern-normal-v1/current108-2026-09-28-01/dfb-taint-swift-model-opaque-propagator-negative/workspace/cpg.bin/cpg.bin.tmp`
[INFO ] closed graph at /private/tmp/dfb-220-full108-20260928/reports/raw/joern-normal-v1/current108-2026-09-28-01/dfb-taint-swift-model-opaque-propagator-negative/workspace/cpg.bin/cpg.bin.tmp
