Resolving data extensions.
Finished resolving data extensions.
Loading data extensions.
Finished loading data extensions.
Not caching stages during query-loading, since max heap size is only 1072 MB.
Compiling query plan for /private/tmp/dfb-220-extraction150/evidence/swift-persistence-initial-state-v1/canonical-positive-attempt-01/queries/coverage.ql.
[1/1] Found in cache: /private/tmp/dfb-220-extraction150/evidence/swift-persistence-initial-state-v1/canonical-positive-attempt-01/queries/coverage.ql.
Starting evaluation of dataflowbench/swift-keyed-persistence-prototype/coverage.ql.
[1/1 eval 21.6s] Evaluation done; writing results to /private/tmp/dfb-220-extraction150/evidence/swift-persistence-initial-state-v1/canonical-positive-attempt-01/coverage.bqrs.
Shutting down query evaluator.
       23.74 real        50.28 user         0.91 sys
           547274752  maximum resident set size
                   0  average shared memory size
                   0  average unshared data size
                   0  average unshared stack size
               64697  page reclaims
                 723  page faults
                   0  swaps
                   0  block input operations
                   0  block output operations
                   0  messages sent
                   0  messages received
                  28  signals received
                2053  voluntary context switches
               55140  involuntary context switches
            41933615  instructions retired
            20081611  cycles elapsed
             1704344  peak memory footprint
