Resolving data extensions.
Finished resolving data extensions.
Loading data extensions.
Finished loading data extensions.
Not caching stages during query-loading, since max heap size is only 1072 MB.
Compiling query plan for /private/tmp/dfb-220-extraction150/evidence/swift-resolved-native-v1/sanitizer-resolved-attempt-01/queries/barriers.ql.
[1/1 comp 10.4s] Compiled /private/tmp/dfb-220-extraction150/evidence/swift-resolved-native-v1/sanitizer-resolved-attempt-01/queries/barriers.ql.
Starting evaluation of dataflowbench/swift-sanitizer/barriers.ql.
[1/1 eval 1.1s] Evaluation done; writing results to /private/tmp/dfb-220-extraction150/evidence/swift-resolved-native-v1/sanitizer-resolved-attempt-01/barriers.bqrs.
Shutting down query evaluator.
       12.91 real        42.37 user         1.22 sys
          1458421760  maximum resident set size
                   0  average shared memory size
                   0  average unshared data size
                   0  average unshared stack size
              116067  page reclaims
                 548  page faults
                   0  swaps
                   0  block input operations
                   0  block output operations
                   0  messages sent
                   0  messages received
                  33  signals received
                2197  voluntary context switches
              103351  involuntary context switches
            41242434  instructions retired
            18177626  cycles elapsed
             1704344  peak memory footprint
