Resolving data extensions.
Finished resolving data extensions.
Loading data extensions.
Finished loading data extensions.
Not caching stages during query-loading, since max heap size is only 1072 MB.
Compiling query plan for /private/tmp/dfb-220-extraction150/evidence/swift-resolved-native-v1/sanitizer-resolved-attempt-01/queries/conversion-identity.ql.
[1/1 comp 7.2s] Compiled /private/tmp/dfb-220-extraction150/evidence/swift-resolved-native-v1/sanitizer-resolved-attempt-01/queries/conversion-identity.ql.
Starting evaluation of dataflowbench/swift-sanitizer/conversion-identity.ql.
[1/1 eval 470ms] Evaluation done; writing results to /private/tmp/dfb-220-extraction150/evidence/swift-resolved-native-v1/sanitizer-resolved-attempt-01/conversion-identity.bqrs.
Shutting down query evaluator.
        8.91 real        30.55 user         1.29 sys
          1425604608  maximum resident set size
                   0  average shared memory size
                   0  average unshared data size
                   0  average unshared stack size
              116880  page reclaims
                 105  page faults
                   0  swaps
                   0  block input operations
                   0  block output operations
                   0  messages sent
                   0  messages received
                  32  signals received
                  99  voluntary context switches
               93690  involuntary context switches
            41395866  instructions retired
            19266522  cycles elapsed
             1704344  peak memory footprint
