Resolving data extensions.
Finished resolving data extensions.
Loading data extensions.
Finished loading data extensions.
Not caching stages during query-loading, since max heap size is only 1072 MB.
Compiling query plan for /private/tmp/dfb-220-extraction150/evidence/swift-resolved-native-v1/sanitizer-resolved-attempt-01/queries/flow.ql.
[1/1 comp 15.6s] Compiled /private/tmp/dfb-220-extraction150/evidence/swift-resolved-native-v1/sanitizer-resolved-attempt-01/queries/flow.ql.
Starting evaluation of dataflowbench/swift-sanitizer/flow.ql.
[1/1 eval 12.2s] Evaluation done; writing results to /private/tmp/dfb-220-extraction150/evidence/swift-resolved-native-v1/sanitizer-resolved-attempt-01/flow.bqrs.
Shutting down query evaluator.
       29.50 real        84.46 user         1.69 sys
          1453572096  maximum resident set size
                   0  average shared memory size
                   0  average unshared data size
                   0  average unshared stack size
              121755  page reclaims
                1265  page faults
                   0  swaps
                   0  block input operations
                   0  block output operations
                   0  messages sent
                   0  messages received
                  38  signals received
                1825  voluntary context switches
              139860  involuntary context switches
            44631983  instructions retired
            22176182  cycles elapsed
             1704344  peak memory footprint
