Resolving data extensions.
Finished resolving data extensions.
Loading data extensions.
Finished loading data extensions.
Not caching stages during query-loading, since max heap size is only 1072 MB.
Compiling query plan for /private/tmp/dfb-220-extraction150/evidence/swift-resolved-native-v1/sanitizer-resolved-attempt-01/queries/numeric-bases.ql.
[1/1 comp 7.3s] Compiled /private/tmp/dfb-220-extraction150/evidence/swift-resolved-native-v1/sanitizer-resolved-attempt-01/queries/numeric-bases.ql.
Starting evaluation of dataflowbench/swift-sanitizer/numeric-bases.ql.
[1/1 eval 417ms] Evaluation done; writing results to /private/tmp/dfb-220-extraction150/evidence/swift-resolved-native-v1/sanitizer-resolved-attempt-01/numeric-bases.bqrs.
Shutting down query evaluator.
        9.09 real        32.10 user         1.08 sys
          1409843200  maximum resident set size
                   0  average shared memory size
                   0  average unshared data size
                   0  average unshared stack size
              116401  page reclaims
                 102  page faults
                   0  swaps
                   0  block input operations
                   0  block output operations
                   0  messages sent
                   0  messages received
                  33  signals received
                  55  voluntary context switches
               64895  involuntary context switches
            41712196  instructions retired
            22529636  cycles elapsed
             1753496  peak memory footprint
