Resolving data extensions.
Finished resolving data extensions.
Loading data extensions.
Finished loading data extensions.
Not caching stages during query-loading, since max heap size is only 1072 MB.
Compiling query plan for /private/tmp/dfb-220-extraction150/evidence/swift-opaque-objc-v1/analysis-attempt-02/probe/queries/flow.ql.
[1/1] Found in cache: /private/tmp/dfb-220-extraction150/evidence/swift-opaque-objc-v1/analysis-attempt-02/probe/queries/flow.ql.
Starting evaluation of dataflowbench/swift-opaque-objc-control/flow.ql.
[1/1 eval 1.1s] Evaluation done; writing results to /private/tmp/dfb-220-extraction150/evidence/swift-opaque-objc-v1/analysis-attempt-02/probe/flow.bqrs.
Shutting down query evaluator.
        3.04 real        10.36 user         0.82 sys
           790544384  maximum resident set size
                   0  average shared memory size
                   0  average unshared data size
                   0  average unshared stack size
               77744  page reclaims
                 114  page faults
                   0  swaps
                   0  block input operations
                   0  block output operations
                   0  messages sent
                   0  messages received
                  18  signals received
                 114  voluntary context switches
               37494  involuntary context switches
            41381891  instructions retired
            18887814  cycles elapsed
             1720728  peak memory footprint
