Resolving data extensions.
Finished resolving data extensions.
Loading data extensions.
Finished loading data extensions.
Not caching stages during query-loading, since max heap size is only 1072 MB.
Compiling query plan for /private/tmp/dfb-220-extraction150/evidence/swift-opaque-objc-v1/analysis-attempt-02/probe/queries/identity.ql.
[1/1] Found in cache: /private/tmp/dfb-220-extraction150/evidence/swift-opaque-objc-v1/analysis-attempt-02/probe/queries/identity.ql.
Starting evaluation of dataflowbench/swift-opaque-objc-control/identity.ql.
[1/1 eval 651ms] Evaluation done; writing results to /private/tmp/dfb-220-extraction150/evidence/swift-opaque-objc-v1/analysis-attempt-02/probe/identity.bqrs.
Shutting down query evaluator.
        2.36 real         6.80 user         0.60 sys
           450330624  maximum resident set size
                   0  average shared memory size
                   0  average unshared data size
                   0  average unshared stack size
               54957  page reclaims
                 102  page faults
                   0  swaps
                   0  block input operations
                   0  block output operations
                   0  messages sent
                   0  messages received
                  19  signals received
                  74  voluntary context switches
               30039  involuntary context switches
            44950502  instructions retired
            19044498  cycles elapsed
             1753496  peak memory footprint
