Resolving data extensions.
Finished resolving data extensions.
Loading data extensions.
Finished loading data extensions.
Not caching stages during query-loading, since max heap size is only 1072 MB.
Compiling query plan for /private/tmp/dfb-220-extraction150/evidence/swift-opaque-objc-v1/analysis-attempt-02/probe/queries/roles.ql.
[1/1] Found in cache: /private/tmp/dfb-220-extraction150/evidence/swift-opaque-objc-v1/analysis-attempt-02/probe/queries/roles.ql.
Starting evaluation of dataflowbench/swift-opaque-objc-control/roles.ql.
[1/1 eval 2.5s] Evaluation done; writing results to /private/tmp/dfb-220-extraction150/evidence/swift-opaque-objc-v1/analysis-attempt-02/probe/roles.bqrs.
Shutting down query evaluator.
        4.40 real        16.20 user         1.12 sys
          1361215488  maximum resident set size
                   0  average shared memory size
                   0  average unshared data size
                   0  average unshared stack size
              111535  page reclaims
                1803  page faults
                   0  swaps
                   0  block input operations
                   0  block output operations
                   0  messages sent
                   0  messages received
                  49  signals received
                1741  voluntary context switches
               58445  involuntary context switches
            41824457  instructions retired
            19009568  cycles elapsed
             1720728  peak memory footprint
