Warning: rounding --ram up to the minimum of 2048
Resolving data extensions.
Finished resolving data extensions.
Loading data extensions.
Finished loading data extensions.
Not caching stages during query-loading, since max heap size is only 1072 MB.
Compiling query plan for /private/tmp/dfb-220-extraction150/evidence/swift-native-recognition-220/near-miss-attempt-01/queries/rolesCalls.ql.
[1/1] Found in cache: /private/tmp/dfb-220-extraction150/evidence/swift-native-recognition-220/near-miss-attempt-01/queries/rolesCalls.ql.
Starting evaluation of dataflowbench/swift-candidate-qualification/rolesCalls.ql.
[1/1 eval 3.7s] Evaluation done; writing results to /private/tmp/dfb-220-extraction150/evidence/swift-native-recognition-220/near-miss-attempt-01/rolesCalls.bqrs.
Shutting down query evaluator.
        5.68 real        19.40 user         1.24 sys
          1340719104  maximum resident set size
                   0  average shared memory size
                   0  average unshared data size
                   0  average unshared stack size
              111546  page reclaims
                1803  page faults
                   0  swaps
                   0  block input operations
                   0  block output operations
                   0  messages sent
                   0  messages received
                  76  signals received
                 489  voluntary context switches
               71434  involuntary context switches
            41731425  instructions retired
            19514799  cycles elapsed
             1769880  peak memory footprint
