Warning: rounding --ram up to the minimum of 2048
Resolving data extensions.
Finished resolving data extensions.
Loading data extensions.
Finished loading data extensions.
Not caching stages during query-loading, since max heap size is only 1072 MB.
Compiling query plan for /private/tmp/dfb-220-extraction150/evidence/swift-native-recognition-220/near-miss-attempt-01/queries/roleNodes.ql.
[1/1] Found in cache: /private/tmp/dfb-220-extraction150/evidence/swift-native-recognition-220/near-miss-attempt-01/queries/roleNodes.ql.
Starting evaluation of dataflowbench/swift-candidate-qualification/roleNodes.ql.
[1/1 eval 1s] Evaluation done; writing results to /private/tmp/dfb-220-extraction150/evidence/swift-native-recognition-220/near-miss-attempt-01/roleNodes.bqrs.
Shutting down query evaluator.
        3.01 real         9.67 user         0.74 sys
           649183232  maximum resident set size
                   0  average shared memory size
                   0  average unshared data size
                   0  average unshared stack size
               68023  page reclaims
                 534  page faults
                   0  swaps
                   0  block input operations
                   0  block output operations
                   0  messages sent
                   0  messages received
                  18  signals received
                 159  voluntary context switches
               34885  involuntary context switches
            41468784  instructions retired
            18817978  cycles elapsed
             1769880  peak memory footprint
