Resolving data extensions.
Finished resolving data extensions.
Loading data extensions.
Finished loading data extensions.
Not caching stages during query-loading, since max heap size is only 1072 MB.
Compiling query plan for /private/tmp/dfb-220-extraction150/evidence/swift-keyed-persistence-v1/expanded-attempt-01/probe/queries/clears.ql.
[1/1] Found in cache: /private/tmp/dfb-220-extraction150/evidence/swift-keyed-persistence-v1/expanded-attempt-01/probe/queries/clears.ql.
Starting evaluation of dataflowbench/swift-keyed-persistence-prototype/clears.ql.
[1/1 eval 906ms] Evaluation done; writing results to /private/tmp/dfb-220-extraction150/evidence/swift-keyed-persistence-v1/expanded-attempt-01/probe/clears.bqrs.
Shutting down query evaluator.
        2.91 real         9.27 user         0.72 sys
           484589568  maximum resident set size
                   0  average shared memory size
                   0  average unshared data size
                   0  average unshared stack size
               59677  page reclaims
                 102  page faults
                   0  swaps
                   0  block input operations
                   0  block output operations
                   0  messages sent
                   0  messages received
                  23  signals received
                  62  voluntary context switches
               47974  involuntary context switches
            41454587  instructions retired
            19079686  cycles elapsed
             1753496  peak memory footprint
