Resolving data extensions.
Finished resolving data extensions.
Loading data extensions.
Finished loading data extensions.
Not caching stages during query-loading, since max heap size is only 1072 MB.
Compiling query plan for /private/tmp/dfb-220-extraction150/evidence/swift-keyed-persistence-v1/expanded-attempt-01/probe/queries/persistence-keys.ql.
[1/1] Found in cache: /private/tmp/dfb-220-extraction150/evidence/swift-keyed-persistence-v1/expanded-attempt-01/probe/queries/persistence-keys.ql.
Starting evaluation of dataflowbench/swift-keyed-persistence-prototype/persistence-keys.ql.
[1/1 eval 298ms] Evaluation done; writing results to /private/tmp/dfb-220-extraction150/evidence/swift-keyed-persistence-v1/expanded-attempt-01/probe/persistence-keys.bqrs.
Shutting down query evaluator.
        2.01 real         5.19 user         0.55 sys
           431013888  maximum resident set size
                   0  average shared memory size
                   0  average unshared data size
                   0  average unshared stack size
               49919  page reclaims
                 102  page faults
                   0  swaps
                   0  block input operations
                   0  block output operations
                   0  messages sent
                   0  messages received
                  14  signals received
                  59  voluntary context switches
               23778  involuntary context switches
            41643208  instructions retired
            18568788  cycles elapsed
             1753496  peak memory footprint
