Resolving data extensions.
Finished resolving data extensions.
Loading data extensions.
Finished loading data extensions.
Not caching stages during query-loading, since max heap size is only 1072 MB.
Compiling query plan for /private/tmp/dfb-220-extraction150/evidence/swift-keyed-persistence-v1/expanded-attempt-01/probe/queries/persistence-identity.ql.
[1/1] Found in cache: /private/tmp/dfb-220-extraction150/evidence/swift-keyed-persistence-v1/expanded-attempt-01/probe/queries/persistence-identity.ql.
Starting evaluation of dataflowbench/swift-keyed-persistence-prototype/persistence-identity.ql.
[1/1 eval 740ms] Evaluation done; writing results to /private/tmp/dfb-220-extraction150/evidence/swift-keyed-persistence-v1/expanded-attempt-01/probe/persistence-identity.bqrs.
Shutting down query evaluator.
        2.58 real         7.90 user         0.66 sys
           474873856  maximum resident set size
                   0  average shared memory size
                   0  average unshared data size
                   0  average unshared stack size
               59113  page reclaims
                 102  page faults
                   0  swaps
                   0  block input operations
                   0  block output operations
                   0  messages sent
                   0  messages received
                  15  signals received
                  84  voluntary context switches
               32329  involuntary context switches
            44872463  instructions retired
            19204894  cycles elapsed
             1753496  peak memory footprint
