Warning: rounding --ram up to the minimum of 2048
Resolving data extensions.
Finished resolving data extensions.
Loading data extensions.
Finished loading data extensions.
Not caching stages during query-loading, since max heap size is only 1072 MB.
Compiling query plan for /private/tmp/dfb-220-extraction150/evidence/swift-native-recognition-220/queries/rolesCalls.ql.
[1/1] Found in cache: /private/tmp/dfb-220-extraction150/evidence/swift-native-recognition-220/queries/rolesCalls.ql.
Starting evaluation of dataflowbench/swift-candidate-qualification/rolesCalls.ql.
[1/1 eval 4.3s] Evaluation done; writing results to /private/tmp/dfb-220-extraction150/evidence/swift-native-recognition-220/positive-queries/rolesCalls.bqrs.
Shutting down query evaluator.
        7.01 real        23.01 user         4.06 sys
          1360871424  maximum resident set size
                   0  average shared memory size
                   0  average unshared data size
                   0  average unshared stack size
              107078  page reclaims
                4532  page faults
                   0  swaps
                   0  block input operations
                   0  block output operations
                   0  messages sent
                   0  messages received
                  64  signals received
                1818  voluntary context switches
              191132  involuntary context switches
            42057469  instructions retired
            19996133  cycles elapsed
             1737112  peak memory footprint
