Warning: rounding --ram up to the minimum of 2048
Resolving data extensions.
Finished resolving data extensions.
Loading data extensions.
Finished loading data extensions.
Not caching stages during query-loading, since max heap size is only 1072 MB.
Compiling query plan for /private/tmp/dfb-220-extraction150/evidence/swift-native-recognition-220/queries/roleNodes.ql.
[1/1] Found in cache: /private/tmp/dfb-220-extraction150/evidence/swift-native-recognition-220/queries/roleNodes.ql.
Starting evaluation of dataflowbench/swift-candidate-qualification/roleNodes.ql.
[1/1 eval 1.2s] Evaluation done; writing results to /private/tmp/dfb-220-extraction150/evidence/swift-native-recognition-220/positive-queries/roleNodes.bqrs.
Shutting down query evaluator.
        3.27 real        10.81 user         0.85 sys
           654835712  maximum resident set size
                   0  average shared memory size
                   0  average unshared data size
                   0  average unshared stack size
               68790  page reclaims
                 546  page faults
                   0  swaps
                   0  block input operations
                   0  block output operations
                   0  messages sent
                   0  messages received
                  10  signals received
                 222  voluntary context switches
               80244  involuntary context switches
            42080912  instructions retired
            19852928  cycles elapsed
             1737112  peak memory footprint
