Resolving data extensions.
Finished resolving data extensions.
Loading data extensions.
Finished loading data extensions.
Not caching stages during query-loading, since max heap size is only 1072 MB.
Compiling query plan for /private/tmp/dfb-220-extraction150/evidence/swift-opaque-v3/attempt-01/dfb-taint-swift-model-propagator-position-positive/probe/queries/identity.ql.
[1/1] Found in cache: /private/tmp/dfb-220-extraction150/evidence/swift-opaque-v3/attempt-01/dfb-taint-swift-model-propagator-position-positive/probe/queries/identity.ql.
Starting evaluation of dataflowbench/swift-opaque-objc-control/identity.ql.
[1/1 eval 650ms] Evaluation done; writing results to /private/tmp/dfb-220-extraction150/evidence/swift-opaque-v3/attempt-01/dfb-taint-swift-model-propagator-position-positive/probe/identity.bqrs.
Shutting down query evaluator.
        2.69 real         7.02 user         0.76 sys
           437698560  maximum resident set size
                   0  average shared memory size
                   0  average unshared data size
                   0  average unshared stack size
               52277  page reclaims
                 102  page faults
                   0  swaps
                   0  block input operations
                   0  block output operations
                   0  messages sent
                   0  messages received
                  13  signals received
                  74  voluntary context switches
               77713  involuntary context switches
            41722049  instructions retired
            18338751  cycles elapsed
             1753496  peak memory footprint
