Initializing database at /var/folders/t1/k_27wjcd4095w9w121dm92_w0000gn/T/dfb-v2-scored-codeql-utzo1keo/db.
Running build command: [/Applications/Xcode.app/Contents/Developer/Toolchains/XcodeDefault.xctoolchain/usr/bin/swiftc, -swift-version, 6, -Onone, -sdk, /Applications/Xcode.app/Contents/Developer/Platforms/MacOSX.platform/Developer/SDKs/MacOSX.sdk, -target, arm64-apple-macosx27.0.0, -module-name, DataFlowBenchTaintSwift, -module-cache-path, /var/folders/t1/k_27wjcd4095w9w121dm92_w0000gn/T/dfb-v2-scored-codeql-utzo1keo/cache, /var/folders/t1/k_27wjcd4095w9w121dm92_w0000gn/T/dfb-v2-scored-codeql-utzo1keo/DataFlowBenchTaintSwift/main.swift, -o, /var/folders/t1/k_27wjcd4095w9w121dm92_w0000gn/T/dfb-v2-scored-codeql-utzo1keo/never-executed]
Running command in /var/folders/t1/k_27wjcd4095w9w121dm92_w0000gn/T/dfb-v2-scored-codeql-utzo1keo/DataFlowBenchTaintSwift: [/Applications/Xcode.app/Contents/Developer/Toolchains/XcodeDefault.xctoolchain/usr/bin/swiftc, -swift-version, 6, -Onone, -sdk, /Applications/Xcode.app/Contents/Developer/Platforms/MacOSX.platform/Developer/SDKs/MacOSX.sdk, -target, arm64-apple-macosx27.0.0, -module-name, DataFlowBenchTaintSwift, -module-cache-path, /var/folders/t1/k_27wjcd4095w9w121dm92_w0000gn/T/dfb-v2-scored-codeql-utzo1keo/cache, /var/folders/t1/k_27wjcd4095w9w121dm92_w0000gn/T/dfb-v2-scored-codeql-utzo1keo/DataFlowBenchTaintSwift/main.swift, -o, /var/folders/t1/k_27wjcd4095w9w121dm92_w0000gn/T/dfb-v2-scored-codeql-utzo1keo/never-executed]
Finalizing database at /var/folders/t1/k_27wjcd4095w9w121dm92_w0000gn/T/dfb-v2-scored-codeql-utzo1keo/db.
Running TRAP import for CodeQL database at /var/folders/t1/k_27wjcd4095w9w121dm92_w0000gn/T/dfb-v2-scored-codeql-utzo1keo/db...
Warning: rounding --ram up to the minimum of 2048
Importing TRAP files
Merging relations
Finished writing database (relations: 1.36 MiB; string pool: 4.78 MiB).
TRAP import complete (1s).
Finished zipping source archive (646.00 B).
Successfully created database at /var/folders/t1/k_27wjcd4095w9w121dm92_w0000gn/T/dfb-v2-scored-codeql-utzo1keo/db.
       33.67 real         5.72 user         0.90 sys
           409321472  maximum resident set size
                   0  average shared memory size
                   0  average unshared data size
                   0  average unshared stack size
              157017  page reclaims
               10833  page faults
                   0  swaps
                   0  block input operations
                   0  block output operations
                   0  messages sent
                   0  messages received
                  11  signals received
                 638  voluntary context switches
               26393  involuntary context switches
            39612340  instructions retired
            17800943  cycles elapsed
             1884568  peak memory footprint
