Resolving data extensions.
Finished resolving data extensions.
Loading data extensions.
Finished loading data extensions.
Not caching stages during query-loading, since max heap size is only 1072 MB.
Compiling query plan for /private/tmp/dfb-220-extraction150/evidence/swift-foundation-identity-v1/control-attempt-03/queries/flow.ql.
[1/1] Found in cache: /private/tmp/dfb-220-extraction150/evidence/swift-foundation-identity-v1/control-attempt-03/queries/flow.ql.
Starting evaluation of dataflowbench/swift-foundation-identity/flow.ql.
[1/1 eval 1.5s] Evaluation done; writing results to /private/tmp/dfb-220-extraction150/evidence/swift-foundation-identity-v1/control-attempt-03/flow.bqrs.
Shutting down query evaluator.
        3.68 real        12.51 user         0.95 sys
           874381312  maximum resident set size
                   0  average shared memory size
                   0  average unshared data size
                   0  average unshared stack size
               83059  page reclaims
                 584  page faults
                   0  swaps
                   0  block input operations
                   0  block output operations
                   0  messages sent
                   0  messages received
                  24  signals received
                  92  voluntary context switches
               51827  involuntary context switches
            41986291  instructions retired
            19860552  cycles elapsed
             1737112  peak memory footprint
