Resolving data extensions.
Finished resolving data extensions.
Loading data extensions.
Finished loading data extensions.
Not caching stages during query-loading, since max heap size is only 1072 MB.
Compiling query plan for /private/tmp/dfb-220-extraction150/evidence/swift-foundation-identity-v1/control-attempt-03/queries/roles.ql.
[1/1] Found in cache: /private/tmp/dfb-220-extraction150/evidence/swift-foundation-identity-v1/control-attempt-03/queries/roles.ql.
Starting evaluation of dataflowbench/swift-foundation-identity/roles.ql.
[1/1 eval 3s] Evaluation done; writing results to /private/tmp/dfb-220-extraction150/evidence/swift-foundation-identity-v1/control-attempt-03/roles.bqrs.
Shutting down query evaluator.
        5.87 real        19.87 user         1.44 sys
          1369161728  maximum resident set size
                   0  average shared memory size
                   0  average unshared data size
                   0  average unshared stack size
              109787  page reclaims
                1811  page faults
                   0  swaps
                   0  block input operations
                   0  block output operations
                   0  messages sent
                   0  messages received
                  55  signals received
                1962  voluntary context switches
               99961  involuntary context switches
            41432779  instructions retired
            19976954  cycles elapsed
             1737112  peak memory footprint
