Resolving data extensions.
Finished resolving data extensions.
Loading data extensions.
Finished loading data extensions.
Not caching stages during query-loading, since max heap size is only 1072 MB.
Compiling query plan for /private/tmp/dfb-220-extraction150/evidence/swift-foundation-identity-v1/control-attempt-03/queries/signature.ql.
[1/1] Found in cache: /private/tmp/dfb-220-extraction150/evidence/swift-foundation-identity-v1/control-attempt-03/queries/signature.ql.
Starting evaluation of dataflowbench/swift-foundation-identity/signature.ql.
[1/1 eval 439ms] Evaluation done; writing results to /private/tmp/dfb-220-extraction150/evidence/swift-foundation-identity-v1/control-attempt-03/signature.bqrs.
Shutting down query evaluator.
        2.22 real         6.10 user         0.60 sys
           436731904  maximum resident set size
                   0  average shared memory size
                   0  average unshared data size
                   0  average unshared stack size
               52802  page reclaims
                 102  page faults
                   0  swaps
                   0  block input operations
                   0  block output operations
                   0  messages sent
                   0  messages received
                  17  signals received
                  53  voluntary context switches
               31123  involuntary context switches
            41502936  instructions retired
            19378666  cycles elapsed
             1769880  peak memory footprint
