Resolving data extensions.
Finished resolving data extensions.
Loading data extensions.
Finished loading data extensions.
Not caching stages during query-loading, since max heap size is only 1072 MB.
Compiling query plan for /private/tmp/dfb-220-extraction150/evidence/swift-foundation-identity-v1/retained-near-miss-01/query-source/flow.ql.
[1/1 comp 19.7s] Compiled /private/tmp/dfb-220-extraction150/evidence/swift-foundation-identity-v1/retained-near-miss-01/query-source/flow.ql.
Starting evaluation of dataflowbench/swift-foundation-identity/flow.ql.
[1/1 eval 1.9s] Evaluation done; writing results to /private/tmp/dfb-220-extraction150/evidence/swift-foundation-identity-v1/retained-near-miss-01/flow.bqrs.
Shutting down query evaluator.
       22.99 real        73.77 user         2.05 sys
          1478328320  maximum resident set size
                   0  average shared memory size
                   0  average unshared data size
                   0  average unshared stack size
              123875  page reclaims
                 594  page faults
                   0  swaps
                   0  block input operations
                   0  block output operations
                   0  messages sent
                   0  messages received
                  48  signals received
                 330  voluntary context switches
              245851  involuntary context switches
            42063637  instructions retired
            19191304  cycles elapsed
             1769880  peak memory footprint
