Resolving data extensions.
Finished resolving data extensions.
Loading data extensions.
Finished loading data extensions.
Not caching stages during query-loading, since max heap size is only 1072 MB.
Compiling query plan for /private/tmp/dfb-220-extraction150/evidence/swift-foundation-identity-v1/retained-near-miss-01/query-source/roles.ql.
[1/1] Found in cache: /private/tmp/dfb-220-extraction150/evidence/swift-foundation-identity-v1/retained-near-miss-01/query-source/roles.ql.
Starting evaluation of dataflowbench/swift-foundation-identity/roles.ql.
[1/1 eval 716ms] Evaluation done; writing results to /private/tmp/dfb-220-extraction150/evidence/swift-foundation-identity-v1/retained-near-miss-01/roles.bqrs.
Shutting down query evaluator.
        3.34 real         8.85 user         0.91 sys
           588644352  maximum resident set size
                   0  average shared memory size
                   0  average unshared data size
                   0  average unshared stack size
               61067  page reclaims
                1951  page faults
                   0  swaps
                   0  block input operations
                   0  block output operations
                   0  messages sent
                   0  messages received
                  14  signals received
                2607  voluntary context switches
               49923  involuntary context switches
            43018528  instructions retired
            19876231  cycles elapsed
             1769880  peak memory footprint
