Resolving data extensions.
Finished resolving data extensions.
Loading data extensions.
Finished loading data extensions.
Not caching stages during query-loading, since max heap size is only 1072 MB.
Compiling query plan for /private/tmp/dfb-220-extraction150/evidence/swift-entrypoint-qualification-v1/attempt-01/dfb-taint-swift-native-entrypoint-positive/probe/queries/flow.ql.
[1/1] Found in cache: /private/tmp/dfb-220-extraction150/evidence/swift-entrypoint-qualification-v1/attempt-01/dfb-taint-swift-native-entrypoint-positive/probe/queries/flow.ql.
Starting evaluation of dataflowbench/swift-foundation-sources/flow.ql.
[1/1 eval 9.1s] Evaluation done; writing results to /private/tmp/dfb-220-extraction150/evidence/swift-entrypoint-qualification-v1/attempt-01/dfb-taint-swift-native-entrypoint-positive/probe/flow.bqrs.
Shutting down query evaluator.
       11.08 real        27.15 user         0.96 sys
           814301184  maximum resident set size
                   0  average shared memory size
                   0  average unshared data size
                   0  average unshared stack size
               78860  page reclaims
                 586  page faults
                   0  swaps
                   0  block input operations
                   0  block output operations
                   0  messages sent
                   0  messages received
                  27  signals received
                  96  voluntary context switches
               60430  involuntary context switches
            42184574  instructions retired
            19613272  cycles elapsed
             1769880  peak memory footprint
