Resolving data extensions.
Finished resolving data extensions.
Loading data extensions.
Finished loading data extensions.
Not caching stages during query-loading, since max heap size is only 1072 MB.
Compiling query plan for /private/tmp/dfb-220-extraction150/evidence/swift-entrypoint-qualification-v1/attempt-01/dfb-taint-swift-native-entrypoint-positive/probe/queries/roles.ql.
[1/1] Found in cache: /private/tmp/dfb-220-extraction150/evidence/swift-entrypoint-qualification-v1/attempt-01/dfb-taint-swift-native-entrypoint-positive/probe/queries/roles.ql.
Starting evaluation of dataflowbench/swift-foundation-sources/roles.ql.
[1/1 eval 11.9s] Evaluation done; writing results to /private/tmp/dfb-220-extraction150/evidence/swift-entrypoint-qualification-v1/attempt-01/dfb-taint-swift-native-entrypoint-positive/probe/roles.bqrs.
Shutting down query evaluator.
       14.01 real        34.70 user         1.39 sys
          1351057408  maximum resident set size
                   0  average shared memory size
                   0  average unshared data size
                   0  average unshared stack size
              111417  page reclaims
                1810  page faults
                   0  swaps
                   0  block input operations
                   0  block output operations
                   0  messages sent
                   0  messages received
                  75  signals received
                1950  voluntary context switches
              103168  involuntary context switches
            41972475  instructions retired
            19237142  cycles elapsed
             1769880  peak memory footprint
