{
  "productName" : "CodeQL",
  "vendor" : "GitHub",
  "version" : "2.27.0",
  "sha" : "b47b3e59262c95aff4eeb84ac72d09e25a9c37e9",
  "branches" : [
    "codeql-cli-2.27.0"
  ],
  "copyright" : "Copyright (C) 2019-2026 GitHub, Inc.",
  "unpackedLocation" : "/Users/dave/.cache/dataflowbench-tools/codeql-v2.27.0/codeql",
  "configFileLocation" : "/Users/dave/.config/codeql/config",
  "configFileFound" : false,
  "overlayVersion" : 4,
  "features" : {
    "analysisSummaryV2Default" : true,
    "buildModeOption" : true,
    "bundleSupportsIncludeDiagnostics" : true,
    "bundleSupportsIncludeLogs" : true,
    "bundleSupportsOverlay" : true,
    "databaseInterpretResultsSupportsSarifRunProperty" : true,
    "featuresInVersionResult" : true,
    "indirectTracingSupportsStaticBinaries" : false,
    "informsAboutUnsupportedPathFilters" : true,
    "supportsPython312" : true,
    "mrvaPackCreate" : true,
    "threatModelOption" : true,
    "traceCommandUseBuildMode" : true,
    "v2ramSizing" : true,
    "mrvaPackCreateMultipleQueries" : true,
    "setsCodeqlRunnerEnvVar" : true,
    "sarifMergeRunsFromEqualCategory" : true,
    "forceOverwrite" : true,
    "generateSummarySymbolMap" : true,
    "pythonDefaultIsToNotExtractStdlib" : true,
    "queryServerRunQueries" : true,
    "queryServerTrimCacheWithMode" : true,
    "builtinExtractorsSpecifyDefaultQueries" : true,
    "bqrsDiffResultSets" : true,
    "bundleSupportsIncludeOption" : true,
    "suppressesMissingFileBaselineWarning" : true
  }
}
