Initializing database at /var/folders/t1/k_27wjcd4095w9w121dm92_w0000gn/T/dfb-v2-codeql-1n4i57ne/db.
Running build command: [/private/tmp/dfb-220-candidate-assets/swift-6.3.3/expanded/swift-6.3.3-RELEASE-osx-package.pkg/Payload/usr/bin/swiftc, -swift-version, 6, -Onone, -sdk, /Library/Developer/CommandLineTools/SDKs/MacOSX26.5.sdk, -target, arm64-apple-macosx26.5, -module-name, DataFlowBenchTaintSwift, -module-cache-path, /var/folders/t1/k_27wjcd4095w9w121dm92_w0000gn/T/dfb-v2-codeql-1n4i57ne/cache, /var/folders/t1/k_27wjcd4095w9w121dm92_w0000gn/T/dfb-v2-codeql-1n4i57ne/source/main.swift, -o, /var/folders/t1/k_27wjcd4095w9w121dm92_w0000gn/T/dfb-v2-codeql-1n4i57ne/never-executed]
Running command in /var/folders/t1/k_27wjcd4095w9w121dm92_w0000gn/T/dfb-v2-codeql-1n4i57ne/source: [/private/tmp/dfb-220-candidate-assets/swift-6.3.3/expanded/swift-6.3.3-RELEASE-osx-package.pkg/Payload/usr/bin/swiftc, -swift-version, 6, -Onone, -sdk, /Library/Developer/CommandLineTools/SDKs/MacOSX26.5.sdk, -target, arm64-apple-macosx26.5, -module-name, DataFlowBenchTaintSwift, -module-cache-path, /var/folders/t1/k_27wjcd4095w9w121dm92_w0000gn/T/dfb-v2-codeql-1n4i57ne/cache, /var/folders/t1/k_27wjcd4095w9w121dm92_w0000gn/T/dfb-v2-codeql-1n4i57ne/source/main.swift, -o, /var/folders/t1/k_27wjcd4095w9w121dm92_w0000gn/T/dfb-v2-codeql-1n4i57ne/never-executed]
Finalizing database at /var/folders/t1/k_27wjcd4095w9w121dm92_w0000gn/T/dfb-v2-codeql-1n4i57ne/db.
Running TRAP import for CodeQL database at /var/folders/t1/k_27wjcd4095w9w121dm92_w0000gn/T/dfb-v2-codeql-1n4i57ne/db...
Warning: rounding --ram up to the minimum of 2048
Importing TRAP files
Merging relations
Finished writing database (relations: 4.84 MiB; string pool: 19.03 MiB).
TRAP import complete (2.4s).
Finished zipping source archive (1.50 KiB).
Successfully created database at /var/folders/t1/k_27wjcd4095w9w121dm92_w0000gn/T/dfb-v2-codeql-1n4i57ne/db.
       89.62 real        48.72 user        11.09 sys
          1276375040  maximum resident set size
                   0  average shared memory size
                   0  average unshared data size
                   0  average unshared stack size
              703552  page reclaims
               52193  page faults
                   0  swaps
                   0  block input operations
                   0  block output operations
                   0  messages sent
                   0  messages received
                  22  signals received
                4307  voluntary context switches
               83256  involuntary context switches
            40848988  instructions retired
            19654431  cycles elapsed
             1802648  peak memory footprint
