Resolving data extensions.
Finished resolving data extensions.
Loading data extensions.
Finished loading data extensions.
Not caching stages during query-loading, since max heap size is only 1072 MB.
Compiling query plan for /private/tmp/dfb-220-extraction150/evidence/swift-persistence-guard-v1/unknown-attempt-01/probe/queries/persistence-identity.ql.
[1/1] Found in cache: /private/tmp/dfb-220-extraction150/evidence/swift-persistence-guard-v1/unknown-attempt-01/probe/queries/persistence-identity.ql.
Starting evaluation of dataflowbench/swift-keyed-persistence-prototype/persistence-identity.ql.
[1/1 eval 702ms] Evaluation done; writing results to /private/tmp/dfb-220-extraction150/evidence/swift-persistence-guard-v1/unknown-attempt-01/probe/persistence-identity.bqrs.
Shutting down query evaluator.
        2.52 real         7.73 user         0.66 sys
           545079296  maximum resident set size
                   0  average shared memory size
                   0  average unshared data size
                   0  average unshared stack size
               63412  page reclaims
                 103  page faults
                   0  swaps
                   0  block input operations
                   0  block output operations
                   0  messages sent
                   0  messages received
                  12  signals received
                  76  voluntary context switches
               28909  involuntary context switches
            41580099  instructions retired
            17565106  cycles elapsed
             1753496  peak memory footprint
