Resolving data extensions.
Finished resolving data extensions.
Loading data extensions.
Finished loading data extensions.
Not caching stages during query-loading, since max heap size is only 1072 MB.
Compiling query plan for /private/tmp/dfb-220-extraction150/evidence/swift-persistence-guard-v1/unknown-attempt-01/probe/queries/roles.ql.
[1/1] Found in cache: /private/tmp/dfb-220-extraction150/evidence/swift-persistence-guard-v1/unknown-attempt-01/probe/queries/roles.ql.
Starting evaluation of dataflowbench/swift-keyed-persistence-prototype/roles.ql.
[1/1 eval 11.1s] Evaluation done; writing results to /private/tmp/dfb-220-extraction150/evidence/swift-persistence-guard-v1/unknown-attempt-01/probe/roles.bqrs.
Shutting down query evaluator.
       13.09 real        34.31 user         1.23 sys
          1348993024  maximum resident set size
                   0  average shared memory size
                   0  average unshared data size
                   0  average unshared stack size
              112221  page reclaims
                1813  page faults
                   0  swaps
                   0  block input operations
                   0  block output operations
                   0  messages sent
                   0  messages received
                  73  signals received
                1868  voluntary context switches
               64079  involuntary context switches
            41780661  instructions retired
            18301547  cycles elapsed
             1753496  peak memory footprint
