Resolving data extensions.
Finished resolving data extensions.
Loading data extensions.
Finished loading data extensions.
Not caching stages during query-loading, since max heap size is only 1072 MB.
Compiling query plan for /private/tmp/dfb-220-extraction150/evidence/swift-persistence-guard-v1/unknown-attempt-01/probe/queries/transitions.ql.
[1/1] Found in cache: /private/tmp/dfb-220-extraction150/evidence/swift-persistence-guard-v1/unknown-attempt-01/probe/queries/transitions.ql.
Starting evaluation of dataflowbench/swift-keyed-persistence-prototype/transitions.ql.
[1/1 eval 749ms] Evaluation done; writing results to /private/tmp/dfb-220-extraction150/evidence/swift-persistence-guard-v1/unknown-attempt-01/probe/transitions.bqrs.
Shutting down query evaluator.
        2.61 real         7.71 user         0.64 sys
           449740800  maximum resident set size
                   0  average shared memory size
                   0  average unshared data size
                   0  average unshared stack size
               55803  page reclaims
                 102  page faults
                   0  swaps
                   0  block input operations
                   0  block output operations
                   0  messages sent
                   0  messages received
                  13  signals received
                  53  voluntary context switches
               29744  involuntary context switches
            41409493  instructions retired
            18275795  cycles elapsed
             1753496  peak memory footprint
