Resolving data extensions.
Finished resolving data extensions.
Loading data extensions.
Finished loading data extensions.
Not caching stages during query-loading, since max heap size is only 1072 MB.
Compiling query plan for /private/tmp/dfb-220-extraction150/evidence/swift-keyed-persistence-v1/origin-attempt-01/queries/origins.ql.
[1/1 comp 8.3s] Compiled /private/tmp/dfb-220-extraction150/evidence/swift-keyed-persistence-v1/origin-attempt-01/queries/origins.ql.
Starting evaluation of dataflowbench/swift-keyed-persistence-prototype/origins.ql.
[1/1 eval 268ms] Evaluation done; writing results to /private/tmp/dfb-220-extraction150/evidence/swift-keyed-persistence-v1/origin-attempt-01/origins.bqrs.
Shutting down query evaluator.
        9.71 real        32.72 user         1.26 sys
          1416740864  maximum resident set size
                   0  average shared memory size
                   0  average unshared data size
                   0  average unshared stack size
              117627  page reclaims
                 102  page faults
                   0  swaps
                   0  block input operations
                   0  block output operations
                   0  messages sent
                   0  messages received
                  28  signals received
                  51  voluntary context switches
              103466  involuntary context switches
            41292976  instructions retired
            19089257  cycles elapsed
             1720728  peak memory footprint
