Resolving data extensions.
Finished resolving data extensions.
Loading data extensions.
Finished loading data extensions.
Not caching stages during query-loading, since max heap size is only 1072 MB.
Compiling query plan for /private/tmp/dfb-220-extraction150/evidence/swift-keyed-persistence-v1/origin-attempt-01/queries/ssa.ql.
ERROR: could not resolve type ControlFlowNode (/private/tmp/dfb-220-extraction150/evidence/swift-keyed-persistence-v1/origin-attempt-01/queries/ssa.ql:7,39-54)
ERROR: could not resolve type ControlFlowNode (/private/tmp/dfb-220-extraction150/evidence/swift-keyed-persistence-v1/origin-attempt-01/queries/ssa.ql:7,62-77)
        5.51 real        16.81 user         0.74 sys
          1236303872  maximum resident set size
                   0  average shared memory size
                   0  average unshared data size
                   0  average unshared stack size
              105436  page reclaims
                 102  page faults
                   0  swaps
                   0  block input operations
                   0  block output operations
                   0  messages sent
                   0  messages received
                  21  signals received
                  52  voluntary context switches
               42090  involuntary context switches
            40927143  instructions retired
            18234749  cycles elapsed
             1720728  peak memory footprint
