Resolving data extensions.
Finished resolving data extensions.
Loading data extensions.
Finished loading data extensions.
Not caching stages during query-loading, since max heap size is only 1072 MB.
Compiling query plan for /private/tmp/dfb-220-extraction150/evidence/swift-keyed-persistence-v1/branch-attempt-01/probe/queries/content.ql.
[1/1] Found in cache: /private/tmp/dfb-220-extraction150/evidence/swift-keyed-persistence-v1/branch-attempt-01/probe/queries/content.ql.
Starting evaluation of dataflowbench/swift-keyed-persistence-prototype/content.ql.
[1/1 eval 789ms] Evaluation done; writing results to /private/tmp/dfb-220-extraction150/evidence/swift-keyed-persistence-v1/branch-attempt-01/probe/content.bqrs.
Shutting down query evaluator.
        2.69 real         8.57 user         0.66 sys
           565035008  maximum resident set size
                   0  average shared memory size
                   0  average unshared data size
                   0  average unshared stack size
               64474  page reclaims
                 103  page faults
                   0  swaps
                   0  block input operations
                   0  block output operations
                   0  messages sent
                   0  messages received
                  21  signals received
                  87  voluntary context switches
               30535  involuntary context switches
            41684822  instructions retired
            18222057  cycles elapsed
             1753496  peak memory footprint
