Initializing database at /var/folders/t1/k_27wjcd4095w9w121dm92_w0000gn/T/dfb-v2-codeql-l0cbug5v/db.
Running build command: [/private/tmp/dfb-220-candidate-assets/swift-6.3.3/expanded/swift-6.3.3-RELEASE-osx-package.pkg/Payload/usr/bin/swiftc, -swift-version, 6, -Onone, -sdk, /Library/Developer/CommandLineTools/SDKs/MacOSX26.5.sdk, -target, arm64-apple-macosx26.5, -module-name, DataFlowBenchTaintSwift, -module-cache-path, /var/folders/t1/k_27wjcd4095w9w121dm92_w0000gn/T/dfb-v2-codeql-l0cbug5v/cache, /var/folders/t1/k_27wjcd4095w9w121dm92_w0000gn/T/dfb-v2-codeql-l0cbug5v/source/main.swift, -o, /var/folders/t1/k_27wjcd4095w9w121dm92_w0000gn/T/dfb-v2-codeql-l0cbug5v/never-executed]
Running command in /var/folders/t1/k_27wjcd4095w9w121dm92_w0000gn/T/dfb-v2-codeql-l0cbug5v/source: [/private/tmp/dfb-220-candidate-assets/swift-6.3.3/expanded/swift-6.3.3-RELEASE-osx-package.pkg/Payload/usr/bin/swiftc, -swift-version, 6, -Onone, -sdk, /Library/Developer/CommandLineTools/SDKs/MacOSX26.5.sdk, -target, arm64-apple-macosx26.5, -module-name, DataFlowBenchTaintSwift, -module-cache-path, /var/folders/t1/k_27wjcd4095w9w121dm92_w0000gn/T/dfb-v2-codeql-l0cbug5v/cache, /var/folders/t1/k_27wjcd4095w9w121dm92_w0000gn/T/dfb-v2-codeql-l0cbug5v/source/main.swift, -o, /var/folders/t1/k_27wjcd4095w9w121dm92_w0000gn/T/dfb-v2-codeql-l0cbug5v/never-executed]
Finalizing database at /var/folders/t1/k_27wjcd4095w9w121dm92_w0000gn/T/dfb-v2-codeql-l0cbug5v/db.
Running TRAP import for CodeQL database at /var/folders/t1/k_27wjcd4095w9w121dm92_w0000gn/T/dfb-v2-codeql-l0cbug5v/db...
Warning: rounding --ram up to the minimum of 2048
Importing TRAP files
Merging relations
Finished writing database (relations: 4.81 MiB; string pool: 19.03 MiB).
TRAP import complete (2.8s).
Finished zipping source archive (1.23 KiB).
Successfully created database at /var/folders/t1/k_27wjcd4095w9w121dm92_w0000gn/T/dfb-v2-codeql-l0cbug5v/db.
       97.88 real        48.88 user        11.96 sys
          1299910656  maximum resident set size
                   0  average shared memory size
                   0  average unshared data size
                   0  average unshared stack size
              711205  page reclaims
               50433  page faults
                   0  swaps
                   0  block input operations
                   0  block output operations
                   0  messages sent
                   0  messages received
                  20  signals received
               29441  voluntary context switches
              104939  involuntary context switches
            40244717  instructions retired
            18061849  cycles elapsed
             1802648  peak memory footprint
