Resolving data extensions.
Finished resolving data extensions.
Loading data extensions.
Finished loading data extensions.
Not caching stages during query-loading, since max heap size is only 1072 MB.
Compiling query plan for /private/tmp/dfb-220-extraction150/evidence/swift-keyed-persistence-v1/branch-attempt-01/probe/queries/flow.ql.
[1/1] Found in cache: /private/tmp/dfb-220-extraction150/evidence/swift-keyed-persistence-v1/branch-attempt-01/probe/queries/flow.ql.
Starting evaluation of dataflowbench/swift-keyed-persistence-prototype/flow.ql.
[1/1 eval 9.6s] Evaluation done; writing results to /private/tmp/dfb-220-extraction150/evidence/swift-keyed-persistence-v1/branch-attempt-01/probe/flow.bqrs.
Shutting down query evaluator.
       11.57 real        28.45 user         0.99 sys
           869318656  maximum resident set size
                   0  average shared memory size
                   0  average unshared data size
                   0  average unshared stack size
               83098  page reclaims
                 582  page faults
                   0  swaps
                   0  block input operations
                   0  block output operations
                   0  messages sent
                   0  messages received
                  24  signals received
                 118  voluntary context switches
               55708  involuntary context switches
            41738869  instructions retired
            18729756  cycles elapsed
             1753496  peak memory footprint
