Resolving data extensions.
Finished resolving data extensions.
Loading data extensions.
Finished loading data extensions.
Not caching stages during query-loading, since max heap size is only 1072 MB.
Compiling query plan for /private/tmp/dfb-220-extraction150/evidence/swift-keyed-persistence-v1/branch-attempt-01/probe/queries/persistence-keys.ql.
[1/1] Found in cache: /private/tmp/dfb-220-extraction150/evidence/swift-keyed-persistence-v1/branch-attempt-01/probe/queries/persistence-keys.ql.
Starting evaluation of dataflowbench/swift-keyed-persistence-prototype/persistence-keys.ql.
[1/1 eval 319ms] Evaluation done; writing results to /private/tmp/dfb-220-extraction150/evidence/swift-keyed-persistence-v1/branch-attempt-01/probe/persistence-keys.bqrs.
Shutting down query evaluator.
        2.08 real         5.28 user         0.58 sys
           431915008  maximum resident set size
                   0  average shared memory size
                   0  average unshared data size
                   0  average unshared stack size
               49804  page reclaims
                 102  page faults
                   0  swaps
                   0  block input operations
                   0  block output operations
                   0  messages sent
                   0  messages received
                  13  signals received
                  59  voluntary context switches
               25703  involuntary context switches
            41460324  instructions retired
            18247343  cycles elapsed
             1753496  peak memory footprint
