Resolving data extensions.
Finished resolving data extensions.
Loading data extensions.
Finished loading data extensions.
Not caching stages during query-loading, since max heap size is only 1072 MB.
Compiling query plan for /private/tmp/dfb-220-extraction150/evidence/swift-keyed-persistence-v1/branch-attempt-01/probe/queries/roles.ql.
[1/1] Found in cache: /private/tmp/dfb-220-extraction150/evidence/swift-keyed-persistence-v1/branch-attempt-01/probe/queries/roles.ql.
Starting evaluation of dataflowbench/swift-keyed-persistence-prototype/roles.ql.
[1/1 eval 11.4s] Evaluation done; writing results to /private/tmp/dfb-220-extraction150/evidence/swift-keyed-persistence-v1/branch-attempt-01/probe/roles.bqrs.
Shutting down query evaluator.
       13.48 real        35.25 user         1.38 sys
          1377910784  maximum resident set size
                   0  average shared memory size
                   0  average unshared data size
                   0  average unshared stack size
              113701  page reclaims
                1803  page faults
                   0  swaps
                   0  block input operations
                   0  block output operations
                   0  messages sent
                   0  messages received
                  48  signals received
                1763  voluntary context switches
               78084  involuntary context switches
            41591076  instructions retired
            19767968  cycles elapsed
             1753496  peak memory footprint
