Resolving data extensions.
Finished resolving data extensions.
Loading data extensions.
Finished loading data extensions.
Not caching stages during query-loading, since max heap size is only 1072 MB.
Compiling query plan for /private/tmp/dfb-220-extraction150/evidence/swift-keyed-persistence-v1/branch-attempt-01/probe/queries/states.ql.
[1/1] Found in cache: /private/tmp/dfb-220-extraction150/evidence/swift-keyed-persistence-v1/branch-attempt-01/probe/queries/states.ql.
Starting evaluation of dataflowbench/swift-keyed-persistence-prototype/states.ql.
[1/1 eval 174ms] Evaluation done; writing results to /private/tmp/dfb-220-extraction150/evidence/swift-keyed-persistence-v1/branch-attempt-01/probe/states.bqrs.
Shutting down query evaluator.
        2.48 real         5.70 user         0.64 sys
           421003264  maximum resident set size
                   0  average shared memory size
                   0  average unshared data size
                   0  average unshared stack size
               50657  page reclaims
                 102  page faults
                   0  swaps
                   0  block input operations
                   0  block output operations
                   0  messages sent
                   0  messages received
                   8  signals received
                  62  voluntary context switches
               26915  involuntary context switches
            41411494  instructions retired
            18617090  cycles elapsed
             1753496  peak memory footprint
