Resolving data extensions.
Finished resolving data extensions.
Loading data extensions.
Finished loading data extensions.
Not caching stages during query-loading, since max heap size is only 1072 MB.
Compiling query plan for /private/tmp/dfb-220-extraction150/evidence/swift-persistence-guard-v1/diagnostic-attempt-03/queries/calls.ql.
[1/1 comp 8.3s] Compiled /private/tmp/dfb-220-extraction150/evidence/swift-persistence-guard-v1/diagnostic-attempt-03/queries/calls.ql.
Starting evaluation of dataflowbench/swift-keyed-persistence-prototype/calls.ql.
[1/1 eval 338ms] Evaluation done; writing results to /private/tmp/dfb-220-extraction150/evidence/swift-persistence-guard-v1/diagnostic-attempt-03/calls.bqrs.
Shutting down query evaluator.
        9.77 real        33.96 user         1.24 sys
          1438957568  maximum resident set size
                   0  average shared memory size
                   0  average unshared data size
                   0  average unshared stack size
              119663  page reclaims
                 102  page faults
                   0  swaps
                   0  block input operations
                   0  block output operations
                   0  messages sent
                   0  messages received
                  36  signals received
                  45  voluntary context switches
               95996  involuntary context switches
            44724772  instructions retired
            19131355  cycles elapsed
             1720728  peak memory footprint
