Resolving data extensions.
Finished resolving data extensions.
Loading data extensions.
Finished loading data extensions.
Not caching stages during query-loading, since max heap size is only 1072 MB.
Compiling query plan for /private/tmp/dfb-220-extraction150/evidence/swift-persistence-guard-v1/diagnostic-attempt-03/queries/cfg-calls.ql.
[1/1 comp 7.9s] Compiled /private/tmp/dfb-220-extraction150/evidence/swift-persistence-guard-v1/diagnostic-attempt-03/queries/cfg-calls.ql.
Starting evaluation of dataflowbench/swift-keyed-persistence-prototype/cfg-calls.ql.
[1/1 eval 254ms] Evaluation done; writing results to /private/tmp/dfb-220-extraction150/evidence/swift-persistence-guard-v1/diagnostic-attempt-03/cfg-calls.bqrs.
Shutting down query evaluator.
        9.32 real        33.45 user         1.25 sys
          1421164544  maximum resident set size
                   0  average shared memory size
                   0  average unshared data size
                   0  average unshared stack size
              131177  page reclaims
                 102  page faults
                   0  swaps
                   0  block input operations
                   0  block output operations
                   0  messages sent
                   0  messages received
                  35  signals received
                  51  voluntary context switches
               95998  involuntary context switches
            44703879  instructions retired
            18893736  cycles elapsed
             1720728  peak memory footprint
