Resolving data extensions.
Finished resolving data extensions.
Loading data extensions.
Finished loading data extensions.
Not caching stages during query-loading, since max heap size is only 1072 MB.
Compiling query plan for /private/tmp/dfb-220-extraction150/evidence/swift-propagator-qualification-v1/trace-attempt-01/queries/path.ql.
ERROR: could not resolve predicate edges/2 (/private/tmp/dfb-220-extraction150/evidence/swift-propagator-qualification-v1/trace-attempt-01/queries/path.ql:17,2-7)
ERROR: could not resolve predicate edges/2 (/private/tmp/dfb-220-extraction150/evidence/swift-propagator-qualification-v1/trace-attempt-01/queries/path.ql:17,24-29)
ERROR: could not resolve predicate edges/2 (/private/tmp/dfb-220-extraction150/evidence/swift-propagator-qualification-v1/trace-attempt-01/queries/path.ql:17,40-45)
        6.41 real        19.76 user         0.93 sys
          1200979968  maximum resident set size
                   0  average shared memory size
                   0  average unshared data size
                   0  average unshared stack size
              114233  page reclaims
                 119  page faults
                   0  swaps
                   0  block input operations
                   0  block output operations
                   0  messages sent
                   0  messages received
                  21  signals received
                1446  voluntary context switches
               59255  involuntary context switches
            42777760  instructions retired
            21062178  cycles elapsed
             1753496  peak memory footprint
