Resolving data extensions.
Finished resolving data extensions.
Loading data extensions.
Finished loading data extensions.
Not caching stages during query-loading, since max heap size is only 1072 MB.
Compiling query plan for /private/tmp/dfb-220-extraction150/evidence/swift-propagator-qualification-v1/trace-attempt-01/queries/summaries.ql.
[1/1 comp 10.5s] Compiled /private/tmp/dfb-220-extraction150/evidence/swift-propagator-qualification-v1/trace-attempt-01/queries/summaries.ql.
Starting evaluation of dataflowbench/swift-propagator-trace/summaries.ql.
[1/1 eval 678ms] Evaluation done; writing results to /private/tmp/dfb-220-extraction150/evidence/swift-propagator-qualification-v1/trace-attempt-01/summaries.bqrs.
Shutting down query evaluator.
       12.67 real        41.30 user         1.39 sys
          1458225152  maximum resident set size
                   0  average shared memory size
                   0  average unshared data size
                   0  average unshared stack size
              122187  page reclaims
                1584  page faults
                   0  swaps
                   0  block input operations
                   0  block output operations
                   0  messages sent
                   0  messages received
                  34  signals received
                1784  voluntary context switches
              113361  involuntary context switches
            43565330  instructions retired
            21824607  cycles elapsed
             1753496  peak memory footprint
