Resolving data extensions.
Finished resolving data extensions.
Loading data extensions.
Finished loading data extensions.
Not caching stages during query-loading, since max heap size is only 1072 MB.
Compiling query plan for /private/tmp/dfb-220-extraction150/evidence/swift-resolved-native-v1/conversion-attempt-03/queries/flow.ql.
[1/1 comp 13.3s] Compiled /private/tmp/dfb-220-extraction150/evidence/swift-resolved-native-v1/conversion-attempt-03/queries/flow.ql.
Starting evaluation of dataflowbench/swift-resolved-conversion/flow.ql.
[1/1 eval 9.4s] Evaluation done; writing results to /private/tmp/dfb-220-extraction150/evidence/swift-resolved-native-v1/conversion-attempt-03/flow.bqrs.
Shutting down query evaluator.
       23.91 real        71.90 user         1.71 sys
          1491501056  maximum resident set size
                   0  average shared memory size
                   0  average unshared data size
                   0  average unshared stack size
              121103  page reclaims
                 598  page faults
                   0  swaps
                   0  block input operations
                   0  block output operations
                   0  messages sent
                   0  messages received
                  47  signals received
                 212  voluntary context switches
              142285  involuntary context switches
            44690177  instructions retired
            18824306  cycles elapsed
             1704344  peak memory footprint
