Resolving data extensions.
Finished resolving data extensions.
Loading data extensions.
Finished loading data extensions.
Not caching stages during query-loading, since max heap size is only 1072 MB.
Compiling query plan for /private/tmp/dfb-220-extraction150/evidence/swift-resolved-native-v1/conversion-attempt-03/queries/identity.ql.
[1/1 comp 5.8s] Compiled /private/tmp/dfb-220-extraction150/evidence/swift-resolved-native-v1/conversion-attempt-03/queries/identity.ql.
Starting evaluation of dataflowbench/swift-resolved-conversion/identity.ql.
[1/1 eval 364ms] Evaluation done; writing results to /private/tmp/dfb-220-extraction150/evidence/swift-resolved-native-v1/conversion-attempt-03/identity.bqrs.
Shutting down query evaluator.
        7.25 real        25.58 user         1.10 sys
          1426931712  maximum resident set size
                   0  average shared memory size
                   0  average unshared data size
                   0  average unshared stack size
              114887  page reclaims
                 117  page faults
                   0  swaps
                   0  block input operations
                   0  block output operations
                   0  messages sent
                   0  messages received
                  27  signals received
                  54  voluntary context switches
               86597  involuntary context switches
            41257980  instructions retired
            18282840  cycles elapsed
             1704344  peak memory footprint
