Resolving data extensions.
Finished resolving data extensions.
Loading data extensions.
Finished loading data extensions.
Not caching stages during query-loading, since max heap size is only 1072 MB.
Compiling query plan for /private/tmp/dfb-220-extraction150/evidence/swift-resolved-native-v1/conversion-attempt-03/queries/roles.ql.
[1/1 comp 13.9s] Compiled /private/tmp/dfb-220-extraction150/evidence/swift-resolved-native-v1/conversion-attempt-03/queries/roles.ql.
Starting evaluation of dataflowbench/swift-resolved-conversion/roles.ql.
[1/1 eval 9.8s] Evaluation done; writing results to /private/tmp/dfb-220-extraction150/evidence/swift-resolved-native-v1/conversion-attempt-03/roles.bqrs.
Shutting down query evaluator.
       24.85 real        70.26 user         1.31 sys
          1481949184  maximum resident set size
                   0  average shared memory size
                   0  average unshared data size
                   0  average unshared stack size
              130264  page reclaims
                 544  page faults
                   0  swaps
                   0  block input operations
                   0  block output operations
                   0  messages sent
                   0  messages received
                  42  signals received
                1135  voluntary context switches
              101284  involuntary context switches
            41445828  instructions retired
            18516504  cycles elapsed
             1704344  peak memory footprint
