Resolving data extensions.
Finished resolving data extensions.
Loading data extensions.
Finished loading data extensions.
Not caching stages during query-loading, since max heap size is only 1072 MB.
Compiling query plan for /private/tmp/dfb-220-extraction150/evidence/swift-resolved-native-v1/conversion-attempt-03/queries/summary-store.ql.
[1/1 comp 9s] Compiled /private/tmp/dfb-220-extraction150/evidence/swift-resolved-native-v1/conversion-attempt-03/queries/summary-store.ql.
Starting evaluation of dataflowbench/swift-resolved-conversion/summary-store.ql.
[1/1 eval 675ms] Evaluation done; writing results to /private/tmp/dfb-220-extraction150/evidence/swift-resolved-native-v1/conversion-attempt-03/summary-store.bqrs.
Shutting down query evaluator.
       10.84 real        38.03 user         1.02 sys
          1468497920  maximum resident set size
                   0  average shared memory size
                   0  average unshared data size
                   0  average unshared stack size
              119997  page reclaims
                 102  page faults
                   0  swaps
                   0  block input operations
                   0  block output operations
                   0  messages sent
                   0  messages received
                  32  signals received
                  51  voluntary context switches
               72493  involuntary context switches
            41229685  instructions retired
            18034372  cycles elapsed
             1704344  peak memory footprint
