Resolving data extensions.
Finished resolving data extensions.
Loading data extensions.
Finished loading data extensions.
Not caching stages during query-loading, since max heap size is only 1072 MB.
Compiling query plan for /private/tmp/dfb-220-extraction150/evidence/swift-resolved-native-v1/conversion-attempt-03/queries/summary-ports.ql.
[1/1 comp 8.7s] Compiled /private/tmp/dfb-220-extraction150/evidence/swift-resolved-native-v1/conversion-attempt-03/queries/summary-ports.ql.
Starting evaluation of dataflowbench/swift-resolved-conversion/summary-ports.ql.
[1/1 eval 597ms] Evaluation done; writing results to /private/tmp/dfb-220-extraction150/evidence/swift-resolved-native-v1/conversion-attempt-03/summary-ports.bqrs.
Shutting down query evaluator.
       10.44 real        36.91 user         1.01 sys
          1477967872  maximum resident set size
                   0  average shared memory size
                   0  average unshared data size
                   0  average unshared stack size
              120556  page reclaims
                 102  page faults
                   0  swaps
                   0  block input operations
                   0  block output operations
                   0  messages sent
                   0  messages received
                  37  signals received
                  55  voluntary context switches
               73848  involuntary context switches
            41197759  instructions retired
            18219972  cycles elapsed
             1704344  peak memory footprint
