Resolving data extensions.
Finished resolving data extensions.
Loading data extensions.
Finished loading data extensions.
Not caching stages during query-loading, since max heap size is only 1072 MB.
Compiling query plan for /private/tmp/dfb-220-extraction150/evidence/swift-resolved-native-v1/conversion-attempt-03/queries/summary-transfer.ql.
[1/1 comp 8.9s] Compiled /private/tmp/dfb-220-extraction150/evidence/swift-resolved-native-v1/conversion-attempt-03/queries/summary-transfer.ql.
Starting evaluation of dataflowbench/swift-resolved-conversion/summary-transfer.ql.
[1/1 eval 619ms] Evaluation done; writing results to /private/tmp/dfb-220-extraction150/evidence/swift-resolved-native-v1/conversion-attempt-03/summary-transfer.bqrs.
Shutting down query evaluator.
       10.71 real        37.63 user         1.01 sys
          1473167360  maximum resident set size
                   0  average shared memory size
                   0  average unshared data size
                   0  average unshared stack size
              120377  page reclaims
                 102  page faults
                   0  swaps
                   0  block input operations
                   0  block output operations
                   0  messages sent
                   0  messages received
                  32  signals received
                  82  voluntary context switches
               75995  involuntary context switches
            41307010  instructions retired
            18531829  cycles elapsed
             1704344  peak memory footprint
