Resolving data extensions.
Finished resolving data extensions.
Loading data extensions.
Finished loading data extensions.
Not caching stages during query-loading, since max heap size is only 1072 MB.
Compiling query plan for /private/tmp/dfb-220-extraction150/evidence/swift-entrypoint-qualification-v1/attempt-01/dfb-taint-swift-native-entrypoint-negative/probe/queries/flow.ql.
[1/1] Found in cache: /private/tmp/dfb-220-extraction150/evidence/swift-entrypoint-qualification-v1/attempt-01/dfb-taint-swift-native-entrypoint-negative/probe/queries/flow.ql.
Starting evaluation of dataflowbench/swift-foundation-sources/flow.ql.
[1/1 eval 9s] Evaluation done; writing results to /private/tmp/dfb-220-extraction150/evidence/swift-entrypoint-qualification-v1/attempt-01/dfb-taint-swift-native-entrypoint-negative/probe/flow.bqrs.
Shutting down query evaluator.
       11.16 real        27.09 user         1.01 sys
           773963776  maximum resident set size
                   0  average shared memory size
                   0  average unshared data size
                   0  average unshared stack size
               77087  page reclaims
                 582  page faults
                   0  swaps
                   0  block input operations
                   0  block output operations
                   0  messages sent
                   0  messages received
                  28  signals received
                  87  voluntary context switches
               59930  involuntary context switches
            41795444  instructions retired
            19141347  cycles elapsed
             1769880  peak memory footprint
