Resolving data extensions.
Finished resolving data extensions.
Loading data extensions.
Finished loading data extensions.
Not caching stages during query-loading, since max heap size is only 1072 MB.
Compiling query plan for /private/tmp/dfb-220-extraction150/evidence/swift-entrypoint-qualification-v1/attempt-01/dfb-taint-swift-native-entrypoint-negative/probe/queries/identity.ql.
[1/1] Found in cache: /private/tmp/dfb-220-extraction150/evidence/swift-entrypoint-qualification-v1/attempt-01/dfb-taint-swift-native-entrypoint-negative/probe/queries/identity.ql.
Starting evaluation of dataflowbench/swift-foundation-sources/identity.ql.
[1/1 eval 404ms] Evaluation done; writing results to /private/tmp/dfb-220-extraction150/evidence/swift-entrypoint-qualification-v1/attempt-01/dfb-taint-swift-native-entrypoint-negative/probe/identity.bqrs.
Shutting down query evaluator.
        2.18 real         5.94 user         0.59 sys
           408715264  maximum resident set size
                   0  average shared memory size
                   0  average unshared data size
                   0  average unshared stack size
               49280  page reclaims
                 102  page faults
                   0  swaps
                   0  block input operations
                   0  block output operations
                   0  messages sent
                   0  messages received
                  17  signals received
                  53  voluntary context switches
               27684  involuntary context switches
            42061978  instructions retired
            20096966  cycles elapsed
             1786264  peak memory footprint
