Resolving data extensions.
Finished resolving data extensions.
Loading data extensions.
Finished loading data extensions.
Not caching stages during query-loading, since max heap size is only 1072 MB.
Compiling query plan for /private/tmp/dfb-220-extraction150/evidence/swift-entrypoint-qualification-v1/attempt-01/dfb-taint-swift-native-entrypoint-negative/probe/queries/roles.ql.
[1/1] Found in cache: /private/tmp/dfb-220-extraction150/evidence/swift-entrypoint-qualification-v1/attempt-01/dfb-taint-swift-native-entrypoint-negative/probe/queries/roles.ql.
Starting evaluation of dataflowbench/swift-foundation-sources/roles.ql.
[1/1 eval 12.9s] Evaluation done; writing results to /private/tmp/dfb-220-extraction150/evidence/swift-entrypoint-qualification-v1/attempt-01/dfb-taint-swift-native-entrypoint-negative/probe/roles.bqrs.
Shutting down query evaluator.
       15.00 real        37.47 user         1.43 sys
          1349320704  maximum resident set size
                   0  average shared memory size
                   0  average unshared data size
                   0  average unshared stack size
              108414  page reclaims
                1803  page faults
                   0  swaps
                   0  block input operations
                   0  block output operations
                   0  messages sent
                   0  messages received
                  67  signals received
                1744  voluntary context switches
               98310  involuntary context switches
            42002729  instructions retired
            18842779  cycles elapsed
             1769880  peak memory footprint
