Resolving data extensions.
Finished resolving data extensions.
Loading data extensions.
Finished loading data extensions.
Not caching stages during query-loading, since max heap size is only 1072 MB.
Compiling query plan for /private/tmp/dfb-220-extraction150/evidence/swift-persistence-guard-v1/diagnostic-attempt-02/queries/calls.ql.
[1/1 comp 7.9s] Compiled /private/tmp/dfb-220-extraction150/evidence/swift-persistence-guard-v1/diagnostic-attempt-02/queries/calls.ql.
Starting evaluation of dataflowbench/swift-keyed-persistence-prototype/calls.ql.
[1/1 eval 1.4s] Evaluation done; writing results to /private/tmp/dfb-220-extraction150/evidence/swift-persistence-guard-v1/diagnostic-attempt-02/calls.bqrs.
Shutting down query evaluator.
       10.44 real        38.41 user         1.15 sys
          1447968768  maximum resident set size
                   0  average shared memory size
                   0  average unshared data size
                   0  average unshared stack size
              136493  page reclaims
                 103  page faults
                   0  swaps
                   0  block input operations
                   0  block output operations
                   0  messages sent
                   0  messages received
                  50  signals received
                 412  voluntary context switches
               76960  involuntary context switches
            44807441  instructions retired
            18781642  cycles elapsed
             1720728  peak memory footprint
