Resolving data extensions.
Finished resolving data extensions.
Loading data extensions.
Finished loading data extensions.
Not caching stages during query-loading, since max heap size is only 1072 MB.
Compiling query plan for /private/tmp/dfb-220-extraction150/evidence/swift-persistence-guard-v1/diagnostic-attempt-02/queries/getters.ql.
[1/1 comp 7.3s] Compiled /private/tmp/dfb-220-extraction150/evidence/swift-persistence-guard-v1/diagnostic-attempt-02/queries/getters.ql.
Starting evaluation of dataflowbench/swift-keyed-persistence-prototype/getters.ql.
[1/1 eval 310ms] Evaluation done; writing results to /private/tmp/dfb-220-extraction150/evidence/swift-persistence-guard-v1/diagnostic-attempt-02/getters.bqrs.
Shutting down query evaluator.
        8.77 real        30.26 user         0.91 sys
          1408647168  maximum resident set size
                   0  average shared memory size
                   0  average unshared data size
                   0  average unshared stack size
              116838  page reclaims
                 102  page faults
                   0  swaps
                   0  block input operations
                   0  block output operations
                   0  messages sent
                   0  messages received
                  35  signals received
                  51  voluntary context switches
               61996  involuntary context switches
            41222889  instructions retired
            17932178  cycles elapsed
             1720728  peak memory footprint
