Resolving data extensions.
Finished resolving data extensions.
Loading data extensions.
Finished loading data extensions.
Not caching stages during query-loading, since max heap size is only 1072 MB.
Compiling query plan for /private/tmp/dfb-220-extraction150/evidence/swift-persistence-guard-v1/diagnostic-attempt-02/queries/payloads.ql.
[1/1 comp 8.1s] Compiled /private/tmp/dfb-220-extraction150/evidence/swift-persistence-guard-v1/diagnostic-attempt-02/queries/payloads.ql.
Starting evaluation of dataflowbench/swift-keyed-persistence-prototype/payloads.ql.
[1/1 eval 934ms] Evaluation done; writing results to /private/tmp/dfb-220-extraction150/evidence/swift-persistence-guard-v1/diagnostic-attempt-02/payloads.bqrs.
Shutting down query evaluator.
       10.24 real        36.77 user         1.30 sys
          1447854080  maximum resident set size
                   0  average shared memory size
                   0  average unshared data size
                   0  average unshared stack size
              125606  page reclaims
                 151  page faults
                   0  swaps
                   0  block input operations
                   0  block output operations
                   0  messages sent
                   0  messages received
                  33  signals received
                  67  voluntary context switches
              101511  involuntary context switches
            41236094  instructions retired
            17835294  cycles elapsed
             1720728  peak memory footprint
