Resolving data extensions.
Finished resolving data extensions.
Loading data extensions.
Finished loading data extensions.
Not caching stages during query-loading, since max heap size is only 1072 MB.
Compiling query plan for /private/tmp/dfb-220-extraction150/evidence/swift-propagator-qualification-v1/heuristic-attempt-01/queries/heuristic.ql.
[1/1 comp 9.1s] Compiled /private/tmp/dfb-220-extraction150/evidence/swift-propagator-qualification-v1/heuristic-attempt-01/queries/heuristic.ql.
Starting evaluation of dataflowbench/swift-propagator-trace/heuristic.ql.
[1/1 eval 502ms] Evaluation done; writing results to /private/tmp/dfb-220-extraction150/evidence/swift-propagator-qualification-v1/heuristic-attempt-01/heuristic.bqrs.
Shutting down query evaluator.
       11.07 real        37.20 user         1.42 sys
          1430568960  maximum resident set size
                   0  average shared memory size
                   0  average unshared data size
                   0  average unshared stack size
              123844  page reclaims
                2185  page faults
                   0  swaps
                   0  block input operations
                   0  block output operations
                   0  messages sent
                   0  messages received
                  39  signals received
                1598  voluntary context switches
              132642  involuntary context switches
            42278544  instructions retired
            19361570  cycles elapsed
             1769880  peak memory footprint
