Resolving data extensions.
Finished resolving data extensions.
Loading data extensions.
Finished loading data extensions.
Not caching stages during query-loading, since max heap size is only 1072 MB.
Compiling query plan for /private/tmp/dfb-220-extraction150/evidence/swift-persistence-initial-state-v1/canonical-negative-attempt-01/queries/coverage.ql.
[1/1] Found in cache: /private/tmp/dfb-220-extraction150/evidence/swift-persistence-initial-state-v1/canonical-negative-attempt-01/queries/coverage.ql.
Starting evaluation of dataflowbench/swift-keyed-persistence-prototype/coverage.ql.
[1/1 eval 20.9s] Evaluation done; writing results to /private/tmp/dfb-220-extraction150/evidence/swift-persistence-initial-state-v1/canonical-negative-attempt-01/coverage.bqrs.
Shutting down query evaluator.
       23.06 real        52.05 user         0.99 sys
           894631936  maximum resident set size
                   0  average shared memory size
                   0  average unshared data size
                   0  average unshared stack size
               82331  page reclaims
                1230  page faults
                   0  swaps
                   0  block input operations
                   0  block output operations
                   0  messages sent
                   0  messages received
                  41  signals received
                1910  voluntary context switches
               52872  involuntary context switches
            41268706  instructions retired
            19394955  cycles elapsed
             1720728  peak memory footprint
