Resolving data extensions.
Finished resolving data extensions.
Loading data extensions.
Finished loading data extensions.
Not caching stages during query-loading, since max heap size is only 1072 MB.
Compiling query plan for /private/tmp/dfb-220-extraction150/evidence/swift-native-qualification-v1/attempt-01/dfb-taint-swift-native-source-sink-negative/probe/queries/flow.ql.
[1/1] Found in cache: /private/tmp/dfb-220-extraction150/evidence/swift-native-qualification-v1/attempt-01/dfb-taint-swift-native-source-sink-negative/probe/queries/flow.ql.
Starting evaluation of dataflowbench/swift-foundation-sources/flow.ql.
[1/1 eval 10.2s] Evaluation done; writing results to /private/tmp/dfb-220-extraction150/evidence/swift-native-qualification-v1/attempt-01/dfb-taint-swift-native-source-sink-negative/probe/flow.bqrs.
Shutting down query evaluator.
       12.37 real        30.68 user         0.92 sys
           814022656  maximum resident set size
                   0  average shared memory size
                   0  average unshared data size
                   0  average unshared stack size
               76273  page reclaims
                 583  page faults
                   0  swaps
                   0  block input operations
                   0  block output operations
                   0  messages sent
                   0  messages received
                  30  signals received
                  80  voluntary context switches
               47243  involuntary context switches
            45183946  instructions retired
            21047022  cycles elapsed
             1753496  peak memory footprint
