Resolving data extensions.
Finished resolving data extensions.
Loading data extensions.
Finished loading data extensions.
Not caching stages during query-loading, since max heap size is only 1072 MB.
Compiling query plan for /private/tmp/dfb-220-extraction150/evidence/swift-native-qualification-v1/attempt-01/dfb-taint-swift-native-source-sink-negative/probe/queries/identity.ql.
[1/1] Found in cache: /private/tmp/dfb-220-extraction150/evidence/swift-native-qualification-v1/attempt-01/dfb-taint-swift-native-source-sink-negative/probe/queries/identity.ql.
Starting evaluation of dataflowbench/swift-foundation-sources/identity.ql.
[1/1 eval 606ms] Evaluation done; writing results to /private/tmp/dfb-220-extraction150/evidence/swift-native-qualification-v1/attempt-01/dfb-taint-swift-native-source-sink-negative/probe/identity.bqrs.
Shutting down query evaluator.
        2.65 real         7.08 user         0.66 sys
           366919680  maximum resident set size
                   0  average shared memory size
                   0  average unshared data size
                   0  average unshared stack size
               46032  page reclaims
                 114  page faults
                   0  swaps
                   0  block input operations
                   0  block output operations
                   0  messages sent
                   0  messages received
                  12  signals received
                  53  voluntary context switches
               27553  involuntary context switches
            41605240  instructions retired
            20469759  cycles elapsed
             1769880  peak memory footprint
