Resolving data extensions.
Finished resolving data extensions.
Loading data extensions.
Finished loading data extensions.
Not caching stages during query-loading, since max heap size is only 1072 MB.
Compiling query plan for /private/tmp/dfb-220-extraction150/evidence/swift-native-qualification-v1/attempt-01/dfb-taint-swift-native-source-sink-negative/probe/queries/roles.ql.
[1/1] Found in cache: /private/tmp/dfb-220-extraction150/evidence/swift-native-qualification-v1/attempt-01/dfb-taint-swift-native-source-sink-negative/probe/queries/roles.ql.
Starting evaluation of dataflowbench/swift-foundation-sources/roles.ql.
[1/1 eval 11.4s] Evaluation done; writing results to /private/tmp/dfb-220-extraction150/evidence/swift-native-qualification-v1/attempt-01/dfb-taint-swift-native-source-sink-negative/probe/roles.bqrs.
Shutting down query evaluator.
       13.26 real        34.17 user         1.14 sys
          1360576512  maximum resident set size
                   0  average shared memory size
                   0  average unshared data size
                   0  average unshared stack size
              112046  page reclaims
                1801  page faults
                   0  swaps
                   0  block input operations
                   0  block output operations
                   0  messages sent
                   0  messages received
                  67  signals received
                 227  voluntary context switches
               74341  involuntary context switches
            44833971  instructions retired
            19870378  cycles elapsed
             1753496  peak memory footprint
