Resolving data extensions.
Finished resolving data extensions.
Loading data extensions.
Finished loading data extensions.
Not caching stages during query-loading, since max heap size is only 1072 MB.
Compiling query plan for /private/tmp/dfb-220-extraction150/evidence/swift-persistence-guard-v1/diagnostic-attempt-01/queries/calls.ql.
ERROR: getName() cannot be resolved for type DeclImpl::Impl::Decl (/private/tmp/dfb-220-extraction150/evidence/swift-persistence-guard-v1/diagnostic-attempt-01/queries/calls.ql:9,121-128)
        5.58 real        17.77 user         0.71 sys
          1374666752  maximum resident set size
                   0  average shared memory size
                   0  average unshared data size
                   0  average unshared stack size
              113701  page reclaims
                 730  page faults
                   0  swaps
                   0  block input operations
                   0  block output operations
                   0  messages sent
                   0  messages received
                  23  signals received
                 101  voluntary context switches
               40203  involuntary context switches
            41267903  instructions retired
            18470886  cycles elapsed
             1737112  peak memory footprint
