Resolving data extensions.
Finished resolving data extensions.
Loading data extensions.
Finished loading data extensions.
Not caching stages during query-loading, since max heap size is only 1072 MB.
Compiling query plan for /private/tmp/dfb-220-extraction150/adapters/codeql/swift-foundation-identity-v1/queries/signature.ql.
[1/1 comp 9.7s] Compiled /private/tmp/dfb-220-extraction150/adapters/codeql/swift-foundation-identity-v1/queries/signature.ql.
Starting evaluation of dataflowbench/swift-candidate-qualification/signature.ql.
[1/1 eval 537ms] Evaluation done; writing results to /private/tmp/dfb-220-extraction150/evidence/swift-foundation-identity-v1/signature-01/query.bqrs.
Shutting down query evaluator.
       11.55 real        37.49 user         1.40 sys
          1486553088  maximum resident set size
                   0  average shared memory size
                   0  average unshared data size
                   0  average unshared stack size
              121043  page reclaims
                 131  page faults
                   0  swaps
                   0  block input operations
                   0  block output operations
                   0  messages sent
                   0  messages received
                  27  signals received
                 772  voluntary context switches
              137653  involuntary context switches
            44594078  instructions retired
            24724140  cycles elapsed
             1737112  peak memory footprint
