Resolving data extensions.
Finished resolving data extensions.
Loading data extensions.
Finished loading data extensions.
Not caching stages during query-loading, since max heap size is only 1072 MB.
Compiling query plan for /private/tmp/dfb-220-extraction150/evidence/swift-resolved-native-v1/conversion-attempt-02/queries/roles.ql.
ERROR: 'type' is not bound to a value. (/private/tmp/dfb-swift-resolved-conversion-packs-v2/codeql/swift-all/6.8.4-dfb.1/codeql/swift/dataflow/ExternalFlow.qll:491,67-71)
ERROR: 'name' is not bound to a value. (/private/tmp/dfb-swift-resolved-conversion-packs-v2/codeql/swift-all/6.8.4-dfb.1/codeql/swift/dataflow/ExternalFlow.qll:491,80-84)
        5.29 real        16.41 user         0.67 sys
          1176158208  maximum resident set size
                   0  average shared memory size
                   0  average unshared data size
                   0  average unshared stack size
              101081  page reclaims
                 103  page faults
                   0  swaps
                   0  block input operations
                   0  block output operations
                   0  messages sent
                   0  messages received
                  15  signals received
                  53  voluntary context switches
               34859  involuntary context switches
            41410762  instructions retired
            18249937  cycles elapsed
             1704344  peak memory footprint
