Resolving data extensions.
Finished resolving data extensions.
Loading data extensions.
Finished loading data extensions.
Not caching stages during query-loading, since max heap size is only 1072 MB.
Compiling query plan for /private/tmp/dfb-220-extraction150/evidence/swift-native-qualification-v1/attempt-01/dfb-taint-swift-native-source-sink-positive/probe/queries/identity.ql.
[1/1] Found in cache: /private/tmp/dfb-220-extraction150/evidence/swift-native-qualification-v1/attempt-01/dfb-taint-swift-native-source-sink-positive/probe/queries/identity.ql.
Starting evaluation of dataflowbench/swift-foundation-sources/identity.ql.
[1/1 eval 401ms] Evaluation done; writing results to /private/tmp/dfb-220-extraction150/evidence/swift-native-qualification-v1/attempt-01/dfb-taint-swift-native-source-sink-positive/probe/identity.bqrs.
Shutting down query evaluator.
        2.17 real         6.23 user         0.59 sys
           452722688  maximum resident set size
                   0  average shared memory size
                   0  average unshared data size
                   0  average unshared stack size
               51782  page reclaims
                 102  page faults
                   0  swaps
                   0  block input operations
                   0  block output operations
                   0  messages sent
                   0  messages received
                  16  signals received
                  58  voluntary context switches
               26314  involuntary context switches
            41721374  instructions retired
            17958182  cycles elapsed
             1769880  peak memory footprint
