Resolving data extensions.
Finished resolving data extensions.
Loading data extensions.
Finished loading data extensions.
Not caching stages during query-loading, since max heap size is only 1072 MB.
Compiling query plan for /private/tmp/dfb-220-extraction150/evidence/swift-native-qualification-v1/attempt-01/dfb-taint-swift-native-source-sink-positive/probe/queries/roles.ql.
[1/1] Found in cache: /private/tmp/dfb-220-extraction150/evidence/swift-native-qualification-v1/attempt-01/dfb-taint-swift-native-source-sink-positive/probe/queries/roles.ql.
Starting evaluation of dataflowbench/swift-foundation-sources/roles.ql.
[1/1 eval 13.2s] Evaluation done; writing results to /private/tmp/dfb-220-extraction150/evidence/swift-native-qualification-v1/attempt-01/dfb-taint-swift-native-source-sink-positive/probe/roles.bqrs.
Shutting down query evaluator.
       15.03 real        37.17 user         1.12 sys
          1351598080  maximum resident set size
                   0  average shared memory size
                   0  average unshared data size
                   0  average unshared stack size
              108875  page reclaims
                1809  page faults
                   0  swaps
                   0  block input operations
                   0  block output operations
                   0  messages sent
                   0  messages received
                  71  signals received
                 754  voluntary context switches
               59836  involuntary context switches
            41906764  instructions retired
            18440252  cycles elapsed
             1753496  peak memory footprint
