Resolving data extensions.
Finished resolving data extensions.
Loading data extensions.
Finished loading data extensions.
Not caching stages during query-loading, since max heap size is only 1072 MB.
Compiling query plan for /private/tmp/dfb-220-extraction150/evidence/swift-resolved-native-v1/canonical-sanitizer-attempt-01/dfb-taint-swift-native-sanitizer-negative/probe/queries/conversion-identity.ql.
[1/1] Found in cache: /private/tmp/dfb-220-extraction150/evidence/swift-resolved-native-v1/canonical-sanitizer-attempt-01/dfb-taint-swift-native-sanitizer-negative/probe/queries/conversion-identity.ql.
Starting evaluation of dataflowbench/swift-sanitizer/conversion-identity.ql.
[1/1 eval 522ms] Evaluation done; writing results to /private/tmp/dfb-220-extraction150/evidence/swift-resolved-native-v1/canonical-sanitizer-attempt-01/dfb-taint-swift-native-sanitizer-negative/probe/conversion-identity.bqrs.
Shutting down query evaluator.
        2.28 real         6.33 user         0.61 sys
           433963008  maximum resident set size
                   0  average shared memory size
                   0  average unshared data size
                   0  average unshared stack size
               51365  page reclaims
                 102  page faults
                   0  swaps
                   0  block input operations
                   0  block output operations
                   0  messages sent
                   0  messages received
                  13  signals received
                  53  voluntary context switches
               45867  involuntary context switches
            42128294  instructions retired
            18605922  cycles elapsed
             1786264  peak memory footprint
