Resolving data extensions.
Finished resolving data extensions.
Loading data extensions.
Finished loading data extensions.
Not caching stages during query-loading, since max heap size is only 1072 MB.
Compiling query plan for /private/tmp/dfb-220-extraction150/evidence/swift-resolved-native-v1/canonical-sanitizer-attempt-01/dfb-taint-swift-native-sanitizer-negative/probe/queries/flow.ql.
[1/1] Found in cache: /private/tmp/dfb-220-extraction150/evidence/swift-resolved-native-v1/canonical-sanitizer-attempt-01/dfb-taint-swift-native-sanitizer-negative/probe/queries/flow.ql.
Starting evaluation of dataflowbench/swift-sanitizer/flow.ql.
[1/1 eval 9.6s] Evaluation done; writing results to /private/tmp/dfb-220-extraction150/evidence/swift-resolved-native-v1/canonical-sanitizer-attempt-01/dfb-taint-swift-native-sanitizer-negative/probe/flow.bqrs.
Shutting down query evaluator.
       11.62 real        28.34 user         0.90 sys
           738770944  maximum resident set size
                   0  average shared memory size
                   0  average unshared data size
                   0  average unshared stack size
               74883  page reclaims
                 582  page faults
                   0  swaps
                   0  block input operations
                   0  block output operations
                   0  messages sent
                   0  messages received
                  25  signals received
                  73  voluntary context switches
               49888  involuntary context switches
            41877023  instructions retired
            18098220  cycles elapsed
             1786264  peak memory footprint
