Resolving data extensions.
Finished resolving data extensions.
Loading data extensions.
Finished loading data extensions.
Not caching stages during query-loading, since max heap size is only 1072 MB.
Compiling query plan for /private/tmp/dfb-220-extraction150/evidence/swift-resolved-native-v1/canonical-sanitizer-attempt-01/dfb-taint-swift-native-sanitizer-negative/probe/queries/numeric-bases.ql.
[1/1] Found in cache: /private/tmp/dfb-220-extraction150/evidence/swift-resolved-native-v1/canonical-sanitizer-attempt-01/dfb-taint-swift-native-sanitizer-negative/probe/queries/numeric-bases.ql.
Starting evaluation of dataflowbench/swift-sanitizer/numeric-bases.ql.
[1/1 eval 430ms] Evaluation done; writing results to /private/tmp/dfb-220-extraction150/evidence/swift-resolved-native-v1/canonical-sanitizer-attempt-01/dfb-taint-swift-native-sanitizer-negative/probe/numeric-bases.bqrs.
Shutting down query evaluator.
        2.39 real         6.79 user         0.66 sys
           458113024  maximum resident set size
                   0  average shared memory size
                   0  average unshared data size
                   0  average unshared stack size
               51918  page reclaims
                 102  page faults
                   0  swaps
                   0  block input operations
                   0  block output operations
                   0  messages sent
                   0  messages received
                  14  signals received
                  54  voluntary context switches
               44486  involuntary context switches
            42007508  instructions retired
            18715124  cycles elapsed
             1786264  peak memory footprint
