Resolving data extensions.
Finished resolving data extensions.
Loading data extensions.
Finished loading data extensions.
Not caching stages during query-loading, since max heap size is only 1072 MB.
Compiling query plan for /private/tmp/dfb-220-extraction150/evidence/swift-resolved-native-v1/canonical-sanitizer-attempt-01/dfb-taint-swift-native-sanitizer-negative/probe/queries/roles.ql.
[1/1] Found in cache: /private/tmp/dfb-220-extraction150/evidence/swift-resolved-native-v1/canonical-sanitizer-attempt-01/dfb-taint-swift-native-sanitizer-negative/probe/queries/roles.ql.
Starting evaluation of dataflowbench/swift-sanitizer/roles.ql.
[1/1 eval 13.1s] Evaluation done; writing results to /private/tmp/dfb-220-extraction150/evidence/swift-resolved-native-v1/canonical-sanitizer-attempt-01/dfb-taint-swift-native-sanitizer-negative/probe/roles.bqrs.
Shutting down query evaluator.
       15.06 real        38.02 user         1.27 sys
          1364918272  maximum resident set size
                   0  average shared memory size
                   0  average unshared data size
                   0  average unshared stack size
              112987  page reclaims
                1803  page faults
                   0  swaps
                   0  block input operations
                   0  block output operations
                   0  messages sent
                   0  messages received
                  60  signals received
                 247  voluntary context switches
               69352  involuntary context switches
            41912820  instructions retired
            18150804  cycles elapsed
             1786264  peak memory footprint
