Initializing database at /var/folders/t1/k_27wjcd4095w9w121dm92_w0000gn/T/dfb-v2-codeql-22ga02o9/db.
Running build command: [/Applications/Xcode.app/Contents/Developer/Toolchains/XcodeDefault.xctoolchain/usr/bin/swiftc, -swift-version, 6, -Onone, -sdk, /Applications/Xcode.app/Contents/Developer/Platforms/MacOSX.platform/Developer/SDKs/MacOSX.sdk, -target, arm64-apple-macosx27.0.0, -module-name, DataFlowBenchTaintSwift, -module-cache-path, /var/folders/t1/k_27wjcd4095w9w121dm92_w0000gn/T/dfb-v2-codeql-22ga02o9/cache, /var/folders/t1/k_27wjcd4095w9w121dm92_w0000gn/T/dfb-v2-codeql-22ga02o9/source/main.swift, -o, /var/folders/t1/k_27wjcd4095w9w121dm92_w0000gn/T/dfb-v2-codeql-22ga02o9/never-executed]
Running command in /var/folders/t1/k_27wjcd4095w9w121dm92_w0000gn/T/dfb-v2-codeql-22ga02o9/source: [/Applications/Xcode.app/Contents/Developer/Toolchains/XcodeDefault.xctoolchain/usr/bin/swiftc, -swift-version, 6, -Onone, -sdk, /Applications/Xcode.app/Contents/Developer/Platforms/MacOSX.platform/Developer/SDKs/MacOSX.sdk, -target, arm64-apple-macosx27.0.0, -module-name, DataFlowBenchTaintSwift, -module-cache-path, /var/folders/t1/k_27wjcd4095w9w121dm92_w0000gn/T/dfb-v2-codeql-22ga02o9/cache, /var/folders/t1/k_27wjcd4095w9w121dm92_w0000gn/T/dfb-v2-codeql-22ga02o9/source/main.swift, -o, /var/folders/t1/k_27wjcd4095w9w121dm92_w0000gn/T/dfb-v2-codeql-22ga02o9/never-executed]
A fatal error occurred: Exit status 143 from command: [/Applications/Xcode.app/Contents/Developer/Toolchains/XcodeDefault.xctoolchain/usr/bin/swiftc, -swift-version, 6, -Onone, -sdk, /Applications/Xcode.app/Contents/Developer/Platforms/MacOSX.platform/Developer/SDKs/MacOSX.sdk, -target, arm64-apple-macosx27.0.0, -module-name, DataFlowBenchTaintSwift, -module-cache-path, /var/folders/t1/k_27wjcd4095w9w121dm92_w0000gn/T/dfb-v2-codeql-22ga02o9/cache, /var/folders/t1/k_27wjcd4095w9w121dm92_w0000gn/T/dfb-v2-codeql-22ga02o9/source/main.swift, -o, /var/folders/t1/k_27wjcd4095w9w121dm92_w0000gn/T/dfb-v2-codeql-22ga02o9/never-executed]
       60.16 real        23.26 user         6.88 sys
          1186140160  maximum resident set size
                   0  average shared memory size
                   0  average unshared data size
                   0  average unshared stack size
              351919  page reclaims
                1660  page faults
                   0  swaps
                   0  block input operations
                   0  block output operations
                   0  messages sent
                   0  messages received
                   5  signals received
                1909  voluntary context switches
               24165  involuntary context switches
            40609853  instructions retired
            18056366  cycles elapsed
             1819032  peak memory footprint
