Initializing database at /var/folders/t1/k_27wjcd4095w9w121dm92_w0000gn/T/dfb-v2-codeql-hhxcfo2p/db.
Running build command: [/Applications/Xcode.app/Contents/Developer/Toolchains/XcodeDefault.xctoolchain/usr/bin/swiftc, -swift-version, 6, -Onone, -sdk, /Applications/Xcode.app/Contents/Developer/Platforms/MacOSX.platform/Developer/SDKs/MacOSX.sdk, -target, arm64-apple-macosx27.0.0, -module-name, DataFlowBenchTaintSwift, -module-cache-path, /var/folders/t1/k_27wjcd4095w9w121dm92_w0000gn/T/dfb-v2-codeql-hhxcfo2p/cache, /var/folders/t1/k_27wjcd4095w9w121dm92_w0000gn/T/dfb-v2-codeql-hhxcfo2p/source/main.swift, -o, /var/folders/t1/k_27wjcd4095w9w121dm92_w0000gn/T/dfb-v2-codeql-hhxcfo2p/never-executed]
Running command in /var/folders/t1/k_27wjcd4095w9w121dm92_w0000gn/T/dfb-v2-codeql-hhxcfo2p/source: [/Applications/Xcode.app/Contents/Developer/Toolchains/XcodeDefault.xctoolchain/usr/bin/swiftc, -swift-version, 6, -Onone, -sdk, /Applications/Xcode.app/Contents/Developer/Platforms/MacOSX.platform/Developer/SDKs/MacOSX.sdk, -target, arm64-apple-macosx27.0.0, -module-name, DataFlowBenchTaintSwift, -module-cache-path, /var/folders/t1/k_27wjcd4095w9w121dm92_w0000gn/T/dfb-v2-codeql-hhxcfo2p/cache, /var/folders/t1/k_27wjcd4095w9w121dm92_w0000gn/T/dfb-v2-codeql-hhxcfo2p/source/main.swift, -o, /var/folders/t1/k_27wjcd4095w9w121dm92_w0000gn/T/dfb-v2-codeql-hhxcfo2p/never-executed]
Finalizing database at /var/folders/t1/k_27wjcd4095w9w121dm92_w0000gn/T/dfb-v2-codeql-hhxcfo2p/db.
Running TRAP import for CodeQL database at /var/folders/t1/k_27wjcd4095w9w121dm92_w0000gn/T/dfb-v2-codeql-hhxcfo2p/db...
Warning: rounding --ram up to the minimum of 2048
Importing TRAP files
Merging relations
Finished writing database (relations: 4.06 MiB; string pool: 19.03 MiB).
TRAP import complete (2.3s).
Finished zipping source archive (540.00 B).
Successfully created database at /var/folders/t1/k_27wjcd4095w9w121dm92_w0000gn/T/dfb-v2-codeql-hhxcfo2p/db.
       66.29 real        31.01 user        10.08 sys
          1212690432  maximum resident set size
                   0  average shared memory size
                   0  average unshared data size
                   0  average unshared stack size
              454522  page reclaims
               16868  page faults
                   0  swaps
                   0  block input operations
                   0  block output operations
                   0  messages sent
                   0  messages received
                  20  signals received
                2433  voluntary context switches
               72713  involuntary context switches
            39263049  instructions retired
            16253497  cycles elapsed
             1851800  peak memory footprint
