Initializing database at /private/tmp/dfb-213/partial-sdk15-db.
Running build command: []
Running command in /private/tmp/dfb-213/partial-source: [/Users/dave/.cache/dataflowbench-tools/codeql-v2.27.0/codeql/cpp/tools/autobuild.sh]
[2026-09-21 09:23:39] [build-stdout] Overlay mode: full (enabled: false)
[2026-09-21 09:23:39] [build-stdout] Using 10 threads for extraction
[2026-09-21 09:23:39] [build-stdout] Indexed folder "/private/tmp/dfb-213/partial-source", found 1 source files, 0 header files, 1 total files.
[2026-09-21 09:23:39] [build-stdout] Searching for "clang"...
[2026-09-21 09:23:39] [build-stdout] Found "clang" at: "/usr/bin/clang"
[2026-09-21 09:23:40] [build-stdout] Searching for "clang++"...
[2026-09-21 09:23:40] [build-stdout] Found "clang++" at: "/usr/bin/clang++"
[2026-09-21 09:23:40] [build-stdout] Dependency resolution not enabled.
[2026-09-21 09:23:40] [build-stdout] Generating compilation commands.
[2026-09-21 09:23:40] [build-stdout] Running extraction commands.
[2026-09-21 09:23:42] [build-stdout] Ran 1 commands [s=1,p=0,f=0]
[2026-09-21 09:23:42] [build-stdout] Extraction completed successfully.
[2026-09-21 09:23:42] [build-stderr] cpp/autobuilder: C/C++ was extracted with build-mode set to 'none'.
[2026-09-21 09:23:42] [build-stderr] cpp/autobuilder: autobuild summary.
Finalizing database at /private/tmp/dfb-213/partial-sdk15-db.
Running pre-finalize script /Users/dave/.cache/dataflowbench-tools/codeql-v2.27.0/codeql/cpp/tools/pre-finalize.sh in /private/tmp/dfb-213/partial-source.
Running command in /private/tmp/dfb-213/partial-source: [/Users/dave/.cache/dataflowbench-tools/codeql-v2.27.0/codeql/cpp/tools/pre-finalize.sh]
Pre-finalize script /Users/dave/.cache/dataflowbench-tools/codeql-v2.27.0/codeql/cpp/tools/pre-finalize.sh completed in 26 ms.
Running TRAP import for CodeQL database at /private/tmp/dfb-213/partial-sdk15-db...
Importing TRAP files
Merging relations
Finished writing database (relations: 3.38 MiB; string pool: 4.78 MiB).
TRAP import complete (4.3s).
Finished zipping source archive (1.39 MiB).
Successfully created database at /private/tmp/dfb-213/partial-sdk15-db.
