Resolving data extensions.
Finished resolving data extensions.
Loading data extensions.
Finished loading data extensions.
Not caching stages during query-loading, since max heap size is only 1072 MB.
Compiling query plan for /private/tmp/dfb-220-extraction150/evidence/swift-foundation-identity-v1/control-attempt-02/queries/flow.ql.
[1/1 comp 16.6s] Compiled /private/tmp/dfb-220-extraction150/evidence/swift-foundation-identity-v1/control-attempt-02/queries/flow.ql.
Starting evaluation of dataflowbench/swift-foundation-identity/flow.ql.
[1/1 eval 1.4s] Evaluation done; writing results to /private/tmp/dfb-220-extraction150/evidence/swift-foundation-identity-v1/control-attempt-02/flow.bqrs.
Shutting down query evaluator.
       19.37 real        65.30 user         1.80 sys
          1492287488  maximum resident set size
                   0  average shared memory size
                   0  average unshared data size
                   0  average unshared stack size
              121021  page reclaims
                 588  page faults
                   0  swaps
                   0  block input operations
                   0  block output operations
                   0  messages sent
                   0  messages received
                  37  signals received
                1550  voluntary context switches
              181192  involuntary context switches
            41645890  instructions retired
            20104563  cycles elapsed
             1737112  peak memory footprint
