Resolving data extensions.
Finished resolving data extensions.
Loading data extensions.
Finished loading data extensions.
Not caching stages during query-loading, since max heap size is only 1072 MB.
Compiling query plan for /private/tmp/dfb-220-extraction150/evidence/swift-foundation-identity-v1/control-attempt-02/queries/roles.ql.
[1/1 comp 9.9s] Compiled /private/tmp/dfb-220-extraction150/evidence/swift-foundation-identity-v1/control-attempt-02/queries/roles.ql.
Starting evaluation of dataflowbench/swift-foundation-identity/roles.ql.
[1/1 eval 3s] Evaluation done; writing results to /private/tmp/dfb-220-extraction150/evidence/swift-foundation-identity-v1/control-attempt-02/roles.bqrs.
Shutting down query evaluator.
       15.77 real        51.85 user         1.86 sys
          1475559424  maximum resident set size
                   0  average shared memory size
                   0  average unshared data size
                   0  average unshared stack size
              115320  page reclaims
                1816  page faults
                   0  swaps
                   0  block input operations
                   0  block output operations
                   0  messages sent
                   0  messages received
                  66  signals received
                2365  voluntary context switches
              143409  involuntary context switches
            47374930  instructions retired
            32016996  cycles elapsed
             1786264  peak memory footprint
