Resolving data extensions.
Finished resolving data extensions.
Loading data extensions.
Finished loading data extensions.
Not caching stages during query-loading, since max heap size is only 1072 MB.
Compiling query plan for /private/tmp/dfb-220-extraction150/evidence/swift-foundation-identity-v1/control-attempt-02/queries/signature.ql.
[1/1 comp 8.1s] Compiled /private/tmp/dfb-220-extraction150/evidence/swift-foundation-identity-v1/control-attempt-02/queries/signature.ql.
Starting evaluation of dataflowbench/swift-foundation-identity/signature.ql.
[1/1 eval 553ms] Evaluation done; writing results to /private/tmp/dfb-220-extraction150/evidence/swift-foundation-identity-v1/control-attempt-02/signature.bqrs.
Shutting down query evaluator.
       10.00 real        31.84 user         1.35 sys
          1403748352  maximum resident set size
                   0  average shared memory size
                   0  average unshared data size
                   0  average unshared stack size
              114901  page reclaims
                 116  page faults
                   0  swaps
                   0  block input operations
                   0  block output operations
                   0  messages sent
                   0  messages received
                  23  signals received
                2067  voluntary context switches
              111447  involuntary context switches
            42150041  instructions retired
            21512636  cycles elapsed
             1769880  peak memory footprint
