2026-09-27 08:18:22.947461000 INFO [extractor/logging] Logging configured (binary: no_logs, text: info, console: warning, diagnostics: true) (SwiftLogging.cpp:158)
2026-09-27 08:18:22.947717000 INFO [extractor/main] calling extractor with arguments "-c -primary-file /private/tmp/dfb-220-extraction150/reports/raw/swift-v3/lane-smoke-01/dfb-taint-swift-native-persistence-negative/source/main.swift -target arm64-apple-macosx26.5 -Xllvm -aarch64-use-tbi -enable-objc-interop -sdk /Library/Developer/CommandLineTools/SDKs/MacOSX26.5.sdk -no-color-diagnostics -Xcc -fno-color-diagnostics -module-cache-path /private/tmp/dfb-220-extraction150/reports/raw/swift-v3/lane-smoke-01/dfb-taint-swift-native-persistence-negative/cache -swift-version 6 -Onone -empty-abi-descriptor -no-auto-bridging-header-chaining -module-name DataFlowBenchTaintSwift -in-process-plugin-server-path /private/tmp/dfb-220-candidate-assets/swift-6.3.3/expanded/swift-6.3.3-RELEASE-osx-package.pkg/Payload/usr/lib/swift/host/libSwiftInProcPluginServer.dylib -plugin-path /private/tmp/dfb-220-candidate-assets/swift-6.3.3/expanded/swift-6.3.3-RELEASE-osx-package.pkg/Payload/usr/lib/swift/host/plugins -plugin-path /private/tmp/dfb-220-candidate-assets/swift-6.3.3/expanded/swift-6.3.3-RELEASE-osx-package.pkg/Payload/usr/local/lib/swift/host/plugins -target-sdk-version 26.5 -target-sdk-name macosx26.5 -external-plugin-path /Library/Developer/Developer/usr/lib/swift/host/plugins#/Library/Developer/Developer/usr/bin/swift-plugin-server -external-plugin-path /Library/Developer/Developer/usr/local/lib/swift/host/plugins#/Library/Developer/Developer/usr/bin/swift-plugin-server -o /var/folders/t1/k_27wjcd4095w9w121dm92_w0000gn/T/TemporaryDirectory.w7bY7X/main-1.o -resource-dir /private/tmp/dfb-220-candidate-assets/codeql-cli/extracted/codeql/swift/resource-dir/osx64" (main.cpp:239)
2026-09-27 08:18:32.187830000 INFO [extractor/main] > /private/tmp/dfb-220-extraction150/reports/raw/swift-v3/lane-smoke-01/dfb-taint-swift-native-persistence-negative/source/main.swift (SwiftExtractor.cpp:191)
2026-09-27 08:18:39.901041000 WARN [extractor/mangler] encountered ErrorType for which we give no name (SwiftMangler.cpp:255)
2026-09-27 08:18:40.065688000 WARN [extractor/mangler] encountered ErrorType for which we give no name (SwiftMangler.cpp:255)
2026-09-27 08:18:43.287757000 WARN [extractor/mangler] encountered ErrorType for which we give no name (SwiftMangler.cpp:255)
2026-09-27 08:18:43.337687000 WARN [extractor/mangler] encountered ErrorType for which we give no name (SwiftMangler.cpp:255)
2026-09-27 08:18:49.558563000 WARN [extractor/mangler] encountered ParameterizedProtocolType for which we give no name (SwiftMangler.cpp:255)
2026-09-27 08:18:49.559681000 WARN [extractor/mangler] encountered ParameterizedProtocolType for which we give no name (SwiftMangler.cpp:255)
2026-09-27 08:18:49.559719000 WARN [extractor/mangler] encountered ParameterizedProtocolType for which we give no name (SwiftMangler.cpp:255)
2026-09-27 08:18:49.559840000 WARN [extractor/mangler] encountered ParameterizedProtocolType for which we give no name (SwiftMangler.cpp:255)
2026-09-27 08:18:49.560242000 WARN [extractor/mangler] encountered ParameterizedProtocolType for which we give no name (SwiftMangler.cpp:255)
2026-09-27 08:18:49.560342000 WARN [extractor/mangler] encountered ParameterizedProtocolType for which we give no name (SwiftMangler.cpp:255)
2026-09-27 08:18:49.560615000 WARN [extractor/mangler] encountered ParameterizedProtocolType for which we give no name (SwiftMangler.cpp:255)
2026-09-27 08:18:49.560991000 WARN [extractor/mangler] encountered ParameterizedProtocolType for which we give no name (SwiftMangler.cpp:255)
2026-09-27 08:18:49.561052000 WARN [extractor/mangler] encountered ParameterizedProtocolType for which we give no name (SwiftMangler.cpp:255)
2026-09-27 08:18:49.561083000 WARN [extractor/mangler] encountered ParameterizedProtocolType for which we give no name (SwiftMangler.cpp:255)
2026-09-27 08:18:51.986402000 WARN [extractor/mangler] encountered ErrorType for which we give no name (SwiftMangler.cpp:255)
2026-09-27 08:18:52.089001000 WARN [extractor/mangler] encountered ParameterizedProtocolType for which we give no name (SwiftMangler.cpp:255)
2026-09-27 08:18:52.089235000 WARN [extractor/mangler] encountered ParameterizedProtocolType for which we give no name (SwiftMangler.cpp:255)
2026-09-27 08:18:52.089448000 WARN [extractor/mangler] encountered ParameterizedProtocolType for which we give no name (SwiftMangler.cpp:255)
2026-09-27 08:18:52.089649000 WARN [extractor/mangler] encountered ParameterizedProtocolType for which we give no name (SwiftMangler.cpp:255)
2026-09-27 08:18:52.089932000 WARN [extractor/mangler] encountered ParameterizedProtocolType for which we give no name (SwiftMangler.cpp:255)
2026-09-27 08:18:52.090139000 WARN [extractor/mangler] encountered ParameterizedProtocolType for which we give no name (SwiftMangler.cpp:255)
2026-09-27 08:18:52.090339000 WARN [extractor/mangler] encountered ParameterizedProtocolType for which we give no name (SwiftMangler.cpp:255)
2026-09-27 08:18:52.090535000 WARN [extractor/mangler] encountered ParameterizedProtocolType for which we give no name (SwiftMangler.cpp:255)
2026-09-27 08:18:52.090735000 WARN [extractor/mangler] encountered ParameterizedProtocolType for which we give no name (SwiftMangler.cpp:255)
2026-09-27 08:18:52.090943000 WARN [extractor/mangler] encountered ParameterizedProtocolType for which we give no name (SwiftMangler.cpp:255)
2026-09-27 08:18:52.091144000 WARN [extractor/mangler] encountered ParameterizedProtocolType for which we give no name (SwiftMangler.cpp:255)
2026-09-27 08:18:52.091347000 WARN [extractor/mangler] encountered ParameterizedProtocolType for which we give no name (SwiftMangler.cpp:255)
2026-09-27 08:18:52.091544000 WARN [extractor/mangler] encountered ParameterizedProtocolType for which we give no name (SwiftMangler.cpp:255)
2026-09-27 08:18:52.091746000 WARN [extractor/mangler] encountered ParameterizedProtocolType for which we give no name (SwiftMangler.cpp:255)
2026-09-27 08:18:52.091952000 WARN [extractor/mangler] encountered ParameterizedProtocolType for which we give no name (SwiftMangler.cpp:255)
2026-09-27 08:18:52.092155000 WARN [extractor/mangler] encountered ParameterizedProtocolType for which we give no name (SwiftMangler.cpp:255)
2026-09-27 08:18:52.410082000 WARN [extractor/mangler] encountered IntegerType for which we give no name (SwiftMangler.cpp:255)
2026-09-27 08:18:52.410151000 WARN [extractor/mangler] encountered IntegerType for which we give no name (SwiftMangler.cpp:255)
2026-09-27 08:18:52.410787000 WARN [extractor/mangler] encountered IntegerType for which we give no name (SwiftMangler.cpp:255)
2026-09-27 08:18:52.410805000 WARN [extractor/mangler] encountered IntegerType for which we give no name (SwiftMangler.cpp:255)
2026-09-27 08:18:52.410817000 WARN [extractor/mangler] encountered IntegerType for which we give no name (SwiftMangler.cpp:255)
2026-09-27 08:18:52.410829000 WARN [extractor/mangler] encountered IntegerType for which we give no name (SwiftMangler.cpp:255)
