[
  "/private/tmp/dfb-codeql-swift-v2-native-packs/codeql/swift-queries/1.3.10/queries/Security/CWE-094/UnsafeJsEval.ql",
  "/private/tmp/dfb-codeql-swift-v2-native-packs/codeql/swift-queries/1.3.10/queries/Security/CWE-328/WeakSensitiveDataHashing.ql",
  "/private/tmp/dfb-codeql-swift-v2-native-packs/codeql/swift-queries/1.3.10/queries/Security/CWE-328/WeakPasswordHashing.ql",
  "/private/tmp/dfb-codeql-swift-v2-native-packs/codeql/swift-queries/1.3.10/queries/Security/CWE-321/HardcodedEncryptionKey.ql",
  "/private/tmp/dfb-codeql-swift-v2-native-packs/codeql/swift-queries/1.3.10/queries/Security/CWE-943/PredicateInjection.ql",
  "/private/tmp/dfb-codeql-swift-v2-native-packs/codeql/swift-queries/1.3.10/queries/Security/CWE-327/ECBEncryption.ql",
  "/private/tmp/dfb-codeql-swift-v2-native-packs/codeql/swift-queries/1.3.10/queries/Security/CWE-916/InsufficientHashIterations.ql",
  "/private/tmp/dfb-codeql-swift-v2-native-packs/codeql/swift-queries/1.3.10/queries/Security/CWE-311/CleartextStorageDatabase.ql",
  "/private/tmp/dfb-codeql-swift-v2-native-packs/codeql/swift-queries/1.3.10/queries/Security/CWE-311/CleartextTransmission.ql",
  "/private/tmp/dfb-codeql-swift-v2-native-packs/codeql/swift-queries/1.3.10/queries/Security/CWE-757/InsecureTLS.ql",
  "/private/tmp/dfb-codeql-swift-v2-native-packs/codeql/swift-queries/1.3.10/queries/Security/CWE-760/ConstantSalt.ql",
  "/private/tmp/dfb-codeql-swift-v2-native-packs/codeql/swift-queries/1.3.10/queries/Security/CWE-1204/StaticInitializationVector.ql",
  "/private/tmp/dfb-codeql-swift-v2-native-packs/codeql/swift-queries/1.3.10/queries/Security/CWE-089/SqlInjection.ql",
  "/private/tmp/dfb-codeql-swift-v2-native-packs/codeql/swift-queries/1.3.10/queries/Security/CWE-020/MissingRegexAnchor.ql",
  "/private/tmp/dfb-codeql-swift-v2-native-packs/codeql/swift-queries/1.3.10/queries/Security/CWE-020/IncompleteHostnameRegex.ql",
  "/private/tmp/dfb-codeql-swift-v2-native-packs/codeql/swift-queries/1.3.10/queries/Security/CWE-259/ConstantPassword.ql",
  "/private/tmp/dfb-codeql-swift-v2-native-packs/codeql/swift-queries/1.3.10/queries/Security/CWE-116/BadTagFilter.ql",
  "/private/tmp/dfb-codeql-swift-v2-native-packs/codeql/swift-queries/1.3.10/queries/Security/CWE-1333/ReDoS.ql",
  "/private/tmp/dfb-codeql-swift-v2-native-packs/codeql/swift-queries/1.3.10/queries/Security/CWE-312/CleartextStoragePreferences.ql",
  "/private/tmp/dfb-codeql-swift-v2-native-packs/codeql/swift-queries/1.3.10/queries/Security/CWE-312/CleartextLogging.ql",
  "/private/tmp/dfb-codeql-swift-v2-native-packs/codeql/swift-queries/1.3.10/queries/Security/CWE-134/UncontrolledFormatString.ql",
  "/private/tmp/dfb-codeql-swift-v2-native-packs/codeql/swift-queries/1.3.10/queries/Security/CWE-135/StringLengthConflation.ql",
  "/private/tmp/dfb-codeql-swift-v2-native-packs/codeql/swift-queries/1.3.10/queries/Security/CWE-730/RegexInjection.ql",
  "/private/tmp/dfb-codeql-swift-v2-native-packs/codeql/swift-queries/1.3.10/queries/Security/CWE-022/PathInjection.ql",
  "/private/tmp/dfb-codeql-swift-v2-native-packs/codeql/swift-queries/1.3.10/queries/Security/CWE-611/XXE.ql",
  "/private/tmp/dfb-codeql-swift-v2-native-packs/codeql/swift-queries/1.3.10/queries/Security/CWE-078/CommandInjection.ql",
  "/private/tmp/dfb-codeql-swift-v2-native-packs/codeql/swift-queries/1.3.10/queries/Security/CWE-079/UnsafeWebViewFetch.ql",
  "/private/tmp/dfb-codeql-swift-v2-native-packs/codeql/swift-queries/1.3.10/queries/ide-contextual-queries/printAst.ql",
  "/private/tmp/dfb-codeql-swift-v2-native-packs/codeql/swift-queries/1.3.10/queries/Summary/SummaryStats.ql",
  "/private/tmp/dfb-codeql-swift-v2-native-packs/codeql/swift-queries/1.3.10/queries/Summary/TaintReach.ql",
  "/private/tmp/dfb-codeql-swift-v2-native-packs/codeql/swift-queries/1.3.10/queries/Summary/SensitiveExprs.ql",
  "/private/tmp/dfb-codeql-swift-v2-native-packs/codeql/swift-queries/1.3.10/queries/Summary/RegexEvals.ql",
  "/private/tmp/dfb-codeql-swift-v2-native-packs/codeql/swift-queries/1.3.10/queries/Summary/QuerySinks.ql",
  "/private/tmp/dfb-codeql-swift-v2-native-packs/codeql/swift-queries/1.3.10/queries/Summary/FlowSources.ql"
]
