[INFO ] Running SwiftAstGen on '/private/tmp/dfb-220-full108-20260928/reports/raw/joern-normal-v1/controls-2026-09-28-02/direct-negative/off/DataFlowBenchTaintSwift'
[INFO ] Using SwiftAstGen from '/Users/dave/.cache/dataflowbench-tools/joern-v4.0.628/joern-cli/frontends/swiftsrc2cpg/bin/astgen/SwiftAstGen-mac'
[INFO ] Start of pass: io.joern.swiftsrc2cpg.passes.AstCreationPass
[INFO ] Building Swift type map from compiler log at /private/tmp/dfb-220-full108-20260928/reports/raw/joern-normal-v1/controls-2026-09-28-02/direct-negative/off/build.log
[INFO ] Got 1 type map entries.
[INFO ] Pass io.joern.swiftsrc2cpg.passes.AstCreationPass completed in 354 ms (4% on mutations). 132 + 6 changes committed from 1 parts.
[INFO ] Start of pass: io.joern.swiftsrc2cpg.passes.MetaDataPass
[INFO ] Pass io.joern.swiftsrc2cpg.passes.MetaDataPass completed in 2 ms (74% on mutations). 1 + 0 changes committed from 1 parts.
[INFO ] Start of pass: io.joern.swiftsrc2cpg.passes.BuiltinTypesPass
[INFO ] Pass io.joern.swiftsrc2cpg.passes.BuiltinTypesPass completed in 2 ms (58% on mutations). 29 + 0 changes committed from 1 parts.
[INFO ] Start of pass: io.joern.swiftsrc2cpg.passes.SwiftTypeNodePass$$anon$1
[INFO ] Pass io.joern.swiftsrc2cpg.passes.SwiftTypeNodePass$$anon$1 completed in 7 ms (15% on mutations). 18 + 0 changes committed from 1 parts.
[INFO ] Start of pass: io.joern.swiftsrc2cpg.passes.ConfigFileCreationPass
[INFO ] Pass io.joern.swiftsrc2cpg.passes.ConfigFileCreationPass completed in 2 ms (28% on mutations). 0 + 0 changes committed from 0 parts.
[INFO ] Start of pass: io.joern.swiftsrc2cpg.passes.DependenciesPass
[INFO ] Pass io.joern.swiftsrc2cpg.passes.DependenciesPass completed in 3 ms (22% on mutations). 0 + 0 changes committed from 1 parts.
[INFO ] Start of pass: io.joern.swiftsrc2cpg.passes.ExtensionsPass
[INFO ] Pass io.joern.swiftsrc2cpg.passes.ExtensionsPass completed in 1 ms (70% on mutations). 0 + 0 changes committed from 1 parts.
[INFO ] Start of pass: io.joern.swiftsrc2cpg.passes.ExtensionsPass$$anon$1
[INFO ] Pass io.joern.swiftsrc2cpg.passes.ExtensionsPass$$anon$1 completed in 1 ms (91% on mutations). 0 + 0 changes committed from 1 parts.
[INFO ] Start of pass: io.joern.swiftsrc2cpg.passes.ObjcCallFullNamePass
[INFO ] Pass io.joern.swiftsrc2cpg.passes.ObjcCallFullNamePass completed in 2 ms (33% on mutations). 0 + 0 changes committed from 1 parts.
[INFO ] Start of pass: io.joern.swiftsrc2cpg.passes.ClosureBindingsPass
[INFO ] Pass io.joern.swiftsrc2cpg.passes.ClosureBindingsPass completed in 2 ms (46% on mutations). 0 + 0 changes committed from 1 parts.
[INFO ] Start of pass: io.joern.swiftsrc2cpg.passes.FullNameUniquenessPass
[INFO ] Pass io.joern.swiftsrc2cpg.passes.FullNameUniquenessPass completed in 2 ms (31% on mutations). 0 + 0 changes committed from 1 parts.
[INFO ] Report:
+-------+------------+-----+--------+-----------+----------+
| #     | File       | LOC | Parsed | Got a CPG | Duration |
+-------+------------+-----+--------+-----------+----------+
| 1     | main.swift | 13  | yes    | yes       | 102.3 ms |
+-------+------------+-----+--------+-----------+----------+
| Total |            | 13  | 1/1    | 1/1       |          |
+-------+------------+-----+--------+-----------+----------+
[INFO ] writing to storage at `/private/tmp/dfb-220-full108-20260928/reports/raw/joern-normal-v1/controls-2026-09-28-02/direct-negative/off/cpg.bin`
[INFO ] closed graph at /private/tmp/dfb-220-full108-20260928/reports/raw/joern-normal-v1/controls-2026-09-28-02/direct-negative/off/cpg.bin
