Resolving data extensions.
Finished resolving data extensions.
Loading data extensions.
Finished loading data extensions.
Not caching stages during query-loading, since max heap size is only 1072 MB.
Compiling query plan for /private/tmp/dfb-220-extraction150/evidence/swift-resolved-native-v1/conversion-initializer-attempt-01/queries/flow.ql.
[1/1 comp 27.8s] Compiled /private/tmp/dfb-220-extraction150/evidence/swift-resolved-native-v1/conversion-initializer-attempt-01/queries/flow.ql.
Starting evaluation of dataflowbench/swift-resolved-conversion/flow.ql.
[1/1 eval 13.1s] Evaluation done; writing results to /private/tmp/dfb-220-extraction150/evidence/swift-resolved-native-v1/conversion-initializer-attempt-01/flow.bqrs.
Shutting down query evaluator.
       43.15 real       102.64 user         2.01 sys
          1502101504  maximum resident set size
                   0  average shared memory size
                   0  average unshared data size
                   0  average unshared stack size
              135626  page reclaims
                1251  page faults
                   0  swaps
                   0  block input operations
                   0  block output operations
                   0  messages sent
                   0  messages received
                  45  signals received
                1449  voluntary context switches
              159533  involuntary context switches
            42408114  instructions retired
            27117438  cycles elapsed
             1753496  peak memory footprint
