2026-09-27 08:16:48.442274000 INFO [extractor/logging] Logging configured (binary: no_logs, text: info, console: warning, diagnostics: true) (SwiftLogging.cpp:158)
2026-09-27 08:16:48.442496000 INFO [extractor/main] calling extractor with arguments "-c -primary-file /private/tmp/dfb-220-extraction150/reports/raw/swift-v3/lane-smoke-01/dfb-taint-swift-model-opaque-propagator-positive/source/main.swift -target arm64-apple-macosx26.5 -Xllvm -aarch64-use-tbi -enable-objc-interop -sdk /Library/Developer/CommandLineTools/SDKs/MacOSX26.5.sdk -no-color-diagnostics -Xcc -fno-color-diagnostics -module-cache-path /private/tmp/dfb-220-extraction150/reports/raw/swift-v3/lane-smoke-01/dfb-taint-swift-model-opaque-propagator-positive/cache -swift-version 6 -Onone -empty-abi-descriptor -no-auto-bridging-header-chaining -module-name DataFlowBenchTaintSwift -in-process-plugin-server-path /private/tmp/dfb-220-candidate-assets/swift-6.3.3/expanded/swift-6.3.3-RELEASE-osx-package.pkg/Payload/usr/lib/swift/host/libSwiftInProcPluginServer.dylib -plugin-path /private/tmp/dfb-220-candidate-assets/swift-6.3.3/expanded/swift-6.3.3-RELEASE-osx-package.pkg/Payload/usr/lib/swift/host/plugins -plugin-path /private/tmp/dfb-220-candidate-assets/swift-6.3.3/expanded/swift-6.3.3-RELEASE-osx-package.pkg/Payload/usr/local/lib/swift/host/plugins -target-sdk-version 26.5 -target-sdk-name macosx26.5 -external-plugin-path /Library/Developer/Developer/usr/lib/swift/host/plugins#/Library/Developer/Developer/usr/bin/swift-plugin-server -external-plugin-path /Library/Developer/Developer/usr/local/lib/swift/host/plugins#/Library/Developer/Developer/usr/bin/swift-plugin-server -o /var/folders/t1/k_27wjcd4095w9w121dm92_w0000gn/T/TemporaryDirectory.T6n5fm/main-1.o -resource-dir /private/tmp/dfb-220-candidate-assets/codeql-cli/extracted/codeql/swift/resource-dir/osx64" (main.cpp:239)
2026-09-27 08:16:57.588410000 INFO [extractor/main] > /private/tmp/dfb-220-extraction150/reports/raw/swift-v3/lane-smoke-01/dfb-taint-swift-model-opaque-propagator-positive/source/main.swift (SwiftExtractor.cpp:191)
2026-09-27 08:17:04.685096000 WARN [extractor/mangler] encountered ErrorType for which we give no name (SwiftMangler.cpp:255)
2026-09-27 08:17:04.843102000 WARN [extractor/mangler] encountered ErrorType for which we give no name (SwiftMangler.cpp:255)
2026-09-27 08:17:07.839768000 WARN [extractor/mangler] encountered ErrorType for which we give no name (SwiftMangler.cpp:255)
2026-09-27 08:17:07.887205000 WARN [extractor/mangler] encountered ErrorType for which we give no name (SwiftMangler.cpp:255)
2026-09-27 08:17:13.785735000 WARN [extractor/mangler] encountered ParameterizedProtocolType for which we give no name (SwiftMangler.cpp:255)
2026-09-27 08:17:13.787048000 WARN [extractor/mangler] encountered ParameterizedProtocolType for which we give no name (SwiftMangler.cpp:255)
2026-09-27 08:17:13.787090000 WARN [extractor/mangler] encountered ParameterizedProtocolType for which we give no name (SwiftMangler.cpp:255)
2026-09-27 08:17:13.787219000 WARN [extractor/mangler] encountered ParameterizedProtocolType for which we give no name (SwiftMangler.cpp:255)
2026-09-27 08:17:13.787653000 WARN [extractor/mangler] encountered ParameterizedProtocolType for which we give no name (SwiftMangler.cpp:255)
2026-09-27 08:17:13.787763000 WARN [extractor/mangler] encountered ParameterizedProtocolType for which we give no name (SwiftMangler.cpp:255)
2026-09-27 08:17:13.788075000 WARN [extractor/mangler] encountered ParameterizedProtocolType for which we give no name (SwiftMangler.cpp:255)
2026-09-27 08:17:13.788487000 WARN [extractor/mangler] encountered ParameterizedProtocolType for which we give no name (SwiftMangler.cpp:255)
2026-09-27 08:17:13.788557000 WARN [extractor/mangler] encountered ParameterizedProtocolType for which we give no name (SwiftMangler.cpp:255)
2026-09-27 08:17:13.788592000 WARN [extractor/mangler] encountered ParameterizedProtocolType for which we give no name (SwiftMangler.cpp:255)
2026-09-27 08:17:16.142784000 WARN [extractor/mangler] encountered ErrorType for which we give no name (SwiftMangler.cpp:255)
2026-09-27 08:17:16.246301000 WARN [extractor/mangler] encountered ParameterizedProtocolType for which we give no name (SwiftMangler.cpp:255)
2026-09-27 08:17:16.246533000 WARN [extractor/mangler] encountered ParameterizedProtocolType for which we give no name (SwiftMangler.cpp:255)
2026-09-27 08:17:16.246864000 WARN [extractor/mangler] encountered ParameterizedProtocolType for which we give no name (SwiftMangler.cpp:255)
2026-09-27 08:17:16.247085000 WARN [extractor/mangler] encountered ParameterizedProtocolType for which we give no name (SwiftMangler.cpp:255)
2026-09-27 08:17:16.247371000 WARN [extractor/mangler] encountered ParameterizedProtocolType for which we give no name (SwiftMangler.cpp:255)
2026-09-27 08:17:16.247562000 WARN [extractor/mangler] encountered ParameterizedProtocolType for which we give no name (SwiftMangler.cpp:255)
2026-09-27 08:17:16.247754000 WARN [extractor/mangler] encountered ParameterizedProtocolType for which we give no name (SwiftMangler.cpp:255)
2026-09-27 08:17:16.247946000 WARN [extractor/mangler] encountered ParameterizedProtocolType for which we give no name (SwiftMangler.cpp:255)
2026-09-27 08:17:16.248154000 WARN [extractor/mangler] encountered ParameterizedProtocolType for which we give no name (SwiftMangler.cpp:255)
2026-09-27 08:17:16.248364000 WARN [extractor/mangler] encountered ParameterizedProtocolType for which we give no name (SwiftMangler.cpp:255)
2026-09-27 08:17:16.248567000 WARN [extractor/mangler] encountered ParameterizedProtocolType for which we give no name (SwiftMangler.cpp:255)
2026-09-27 08:17:16.248778000 WARN [extractor/mangler] encountered ParameterizedProtocolType for which we give no name (SwiftMangler.cpp:255)
2026-09-27 08:17:16.248980000 WARN [extractor/mangler] encountered ParameterizedProtocolType for which we give no name (SwiftMangler.cpp:255)
2026-09-27 08:17:16.249188000 WARN [extractor/mangler] encountered ParameterizedProtocolType for which we give no name (SwiftMangler.cpp:255)
2026-09-27 08:17:16.249393000 WARN [extractor/mangler] encountered ParameterizedProtocolType for which we give no name (SwiftMangler.cpp:255)
2026-09-27 08:17:16.249594000 WARN [extractor/mangler] encountered ParameterizedProtocolType for which we give no name (SwiftMangler.cpp:255)
2026-09-27 08:17:16.565068000 WARN [extractor/mangler] encountered IntegerType for which we give no name (SwiftMangler.cpp:255)
2026-09-27 08:17:16.565145000 WARN [extractor/mangler] encountered IntegerType for which we give no name (SwiftMangler.cpp:255)
2026-09-27 08:17:16.565788000 WARN [extractor/mangler] encountered IntegerType for which we give no name (SwiftMangler.cpp:255)
2026-09-27 08:17:16.565808000 WARN [extractor/mangler] encountered IntegerType for which we give no name (SwiftMangler.cpp:255)
2026-09-27 08:17:16.565822000 WARN [extractor/mangler] encountered IntegerType for which we give no name (SwiftMangler.cpp:255)
2026-09-27 08:17:16.565834000 WARN [extractor/mangler] encountered IntegerType for which we give no name (SwiftMangler.cpp:255)
