A fatal error occurred: Error initializing the IMB disk cache: the cache directory is already locked by another running process. Only one instance of the IMB can access a cache directory at a time. The lock file is located at /private/tmp/dfb-220-unlimited-extraction-01/db/db-swift/default/cache/.lock
(eventual cause: OverlappingFileLockException)
        0.98 real         1.74 user         0.15 sys
           129564672  maximum resident set size
                   0  average shared memory size
                   0  average unshared data size
                   0  average unshared stack size
               21552  page reclaims
                  25  page faults
                   0  swaps
                   0  block input operations
                   0  block output operations
                   0  messages sent
                   0  messages received
                   4  signals received
                  29  voluntary context switches
               14424  involuntary context switches
            46997171  instructions retired
            26085848  cycles elapsed
             1753496  peak memory footprint
