Initializing database at /var/folders/t1/k_27wjcd4095w9w121dm92_w0000gn/T/dfb-v2-codeql-8i4riwyx/db.
Running build command: [/Applications/Xcode.app/Contents/Developer/Toolchains/XcodeDefault.xctoolchain/usr/bin/swiftc, -swift-version, 6, -Onone, -sdk, /Applications/Xcode.app/Contents/Developer/Platforms/MacOSX.platform/Developer/SDKs/MacOSX.sdk, -target, arm64-apple-macosx27.0.0, -module-name, DataFlowBenchTaintSwift, -module-cache-path, /var/folders/t1/k_27wjcd4095w9w121dm92_w0000gn/T/dfb-v2-codeql-8i4riwyx/cache, /var/folders/t1/k_27wjcd4095w9w121dm92_w0000gn/T/dfb-v2-codeql-8i4riwyx/source/main.swift, -o, /var/folders/t1/k_27wjcd4095w9w121dm92_w0000gn/T/dfb-v2-codeql-8i4riwyx/never-executed]
Running command in /var/folders/t1/k_27wjcd4095w9w121dm92_w0000gn/T/dfb-v2-codeql-8i4riwyx/source: [/Applications/Xcode.app/Contents/Developer/Toolchains/XcodeDefault.xctoolchain/usr/bin/swiftc, -swift-version, 6, -Onone, -sdk, /Applications/Xcode.app/Contents/Developer/Platforms/MacOSX.platform/Developer/SDKs/MacOSX.sdk, -target, arm64-apple-macosx27.0.0, -module-name, DataFlowBenchTaintSwift, -module-cache-path, /var/folders/t1/k_27wjcd4095w9w121dm92_w0000gn/T/dfb-v2-codeql-8i4riwyx/cache, /var/folders/t1/k_27wjcd4095w9w121dm92_w0000gn/T/dfb-v2-codeql-8i4riwyx/source/main.swift, -o, /var/folders/t1/k_27wjcd4095w9w121dm92_w0000gn/T/dfb-v2-codeql-8i4riwyx/never-executed]
Finalizing database at /var/folders/t1/k_27wjcd4095w9w121dm92_w0000gn/T/dfb-v2-codeql-8i4riwyx/db.
Running TRAP import for CodeQL database at /var/folders/t1/k_27wjcd4095w9w121dm92_w0000gn/T/dfb-v2-codeql-8i4riwyx/db...
Warning: rounding --ram up to the minimum of 2048
Importing TRAP files
Merging relations
Finished writing database (relations: 1.36 MiB; string pool: 4.78 MiB).
TRAP import complete (1s).
Finished zipping source archive (598.00 B).
Successfully created database at /var/folders/t1/k_27wjcd4095w9w121dm92_w0000gn/T/dfb-v2-codeql-8i4riwyx/db.
       34.25 real         5.83 user         0.93 sys
           384450560  maximum resident set size
                   0  average shared memory size
                   0  average unshared data size
                   0  average unshared stack size
              156033  page reclaims
               10461  page faults
                   0  swaps
                   0  block input operations
                   0  block output operations
                   0  messages sent
                   0  messages received
                   9  signals received
                 899  voluntary context switches
               30765  involuntary context switches
            39095720  instructions retired
            16844378  cycles elapsed
             1819032  peak memory footprint
