2026-09-27 08:14:24.661118000 INFO [extractor/logging] Logging configured (binary: no_logs, text: info, console: warning, diagnostics: true) (SwiftLogging.cpp:158)
2026-09-27 08:14:24.661407000 INFO [extractor/main] calling extractor with arguments "-c -primary-file /private/tmp/dfb-220-extraction150/reports/raw/swift-v3/lane-smoke-01/dfb-taint-swift-direct-positive/source/main.swift -target arm64-apple-macosx26.5 -Xllvm -aarch64-use-tbi -enable-objc-interop -sdk /Library/Developer/CommandLineTools/SDKs/MacOSX26.5.sdk -no-color-diagnostics -Xcc -fno-color-diagnostics -module-cache-path /private/tmp/dfb-220-extraction150/reports/raw/swift-v3/lane-smoke-01/dfb-taint-swift-direct-positive/cache -swift-version 6 -Onone -empty-abi-descriptor -no-auto-bridging-header-chaining -module-name DataFlowBenchTaintSwift -in-process-plugin-server-path /private/tmp/dfb-220-candidate-assets/swift-6.3.3/expanded/swift-6.3.3-RELEASE-osx-package.pkg/Payload/usr/lib/swift/host/libSwiftInProcPluginServer.dylib -plugin-path /private/tmp/dfb-220-candidate-assets/swift-6.3.3/expanded/swift-6.3.3-RELEASE-osx-package.pkg/Payload/usr/lib/swift/host/plugins -plugin-path /private/tmp/dfb-220-candidate-assets/swift-6.3.3/expanded/swift-6.3.3-RELEASE-osx-package.pkg/Payload/usr/local/lib/swift/host/plugins -target-sdk-version 26.5 -target-sdk-name macosx26.5 -external-plugin-path /Library/Developer/Developer/usr/lib/swift/host/plugins#/Library/Developer/Developer/usr/bin/swift-plugin-server -external-plugin-path /Library/Developer/Developer/usr/local/lib/swift/host/plugins#/Library/Developer/Developer/usr/bin/swift-plugin-server -o /var/folders/t1/k_27wjcd4095w9w121dm92_w0000gn/T/TemporaryDirectory.SyelG6/main-1.o -resource-dir /private/tmp/dfb-220-candidate-assets/codeql-cli/extracted/codeql/swift/resource-dir/osx64" (main.cpp:239)
2026-09-27 08:14:24.864954000 INFO [extractor/main] > /private/tmp/dfb-220-extraction150/reports/raw/swift-v3/lane-smoke-01/dfb-taint-swift-direct-positive/source/main.swift (SwiftExtractor.cpp:191)
2026-09-27 08:14:25.016054000 WARN [extractor/mangler] encountered ErrorType for which we give no name (SwiftMangler.cpp:255)
2026-09-27 08:14:25.114109000 WARN [extractor/mangler] encountered ParameterizedProtocolType for which we give no name (SwiftMangler.cpp:255)
2026-09-27 08:14:25.114323000 WARN [extractor/mangler] encountered ParameterizedProtocolType for which we give no name (SwiftMangler.cpp:255)
2026-09-27 08:14:25.114670000 WARN [extractor/mangler] encountered ParameterizedProtocolType for which we give no name (SwiftMangler.cpp:255)
2026-09-27 08:14:25.114858000 WARN [extractor/mangler] encountered ParameterizedProtocolType for which we give no name (SwiftMangler.cpp:255)
2026-09-27 08:14:25.115102000 WARN [extractor/mangler] encountered ParameterizedProtocolType for which we give no name (SwiftMangler.cpp:255)
2026-09-27 08:14:25.115287000 WARN [extractor/mangler] encountered ParameterizedProtocolType for which we give no name (SwiftMangler.cpp:255)
2026-09-27 08:14:25.115468000 WARN [extractor/mangler] encountered ParameterizedProtocolType for which we give no name (SwiftMangler.cpp:255)
2026-09-27 08:14:25.115642000 WARN [extractor/mangler] encountered ParameterizedProtocolType for which we give no name (SwiftMangler.cpp:255)
2026-09-27 08:14:25.115822000 WARN [extractor/mangler] encountered ParameterizedProtocolType for which we give no name (SwiftMangler.cpp:255)
2026-09-27 08:14:25.116002000 WARN [extractor/mangler] encountered ParameterizedProtocolType for which we give no name (SwiftMangler.cpp:255)
2026-09-27 08:14:25.116183000 WARN [extractor/mangler] encountered ParameterizedProtocolType for which we give no name (SwiftMangler.cpp:255)
2026-09-27 08:14:25.116360000 WARN [extractor/mangler] encountered ParameterizedProtocolType for which we give no name (SwiftMangler.cpp:255)
2026-09-27 08:14:25.116536000 WARN [extractor/mangler] encountered ParameterizedProtocolType for which we give no name (SwiftMangler.cpp:255)
2026-09-27 08:14:25.116715000 WARN [extractor/mangler] encountered ParameterizedProtocolType for which we give no name (SwiftMangler.cpp:255)
2026-09-27 08:14:25.116900000 WARN [extractor/mangler] encountered ParameterizedProtocolType for which we give no name (SwiftMangler.cpp:255)
2026-09-27 08:14:25.117074000 WARN [extractor/mangler] encountered ParameterizedProtocolType for which we give no name (SwiftMangler.cpp:255)
2026-09-27 08:14:25.401821000 WARN [extractor/mangler] encountered IntegerType for which we give no name (SwiftMangler.cpp:255)
2026-09-27 08:14:25.401883000 WARN [extractor/mangler] encountered IntegerType for which we give no name (SwiftMangler.cpp:255)
2026-09-27 08:14:25.402455000 WARN [extractor/mangler] encountered IntegerType for which we give no name (SwiftMangler.cpp:255)
2026-09-27 08:14:25.402472000 WARN [extractor/mangler] encountered IntegerType for which we give no name (SwiftMangler.cpp:255)
2026-09-27 08:14:25.402484000 WARN [extractor/mangler] encountered IntegerType for which we give no name (SwiftMangler.cpp:255)
2026-09-27 08:14:25.402494000 WARN [extractor/mangler] encountered IntegerType for which we give no name (SwiftMangler.cpp:255)
