Resolving data extensions.
Finished resolving data extensions.
Loading data extensions.
Finished loading data extensions.
Not caching stages during query-loading, since max heap size is only 1072 MB.
Compiling query plan for /private/tmp/dfb-220-extraction150/evidence/swift-resolved-native-v1/sanitizer-fresh-attempt-01/probe/queries/barriers.ql.
[1/1] Found in cache: /private/tmp/dfb-220-extraction150/evidence/swift-resolved-native-v1/sanitizer-fresh-attempt-01/probe/queries/barriers.ql.
Starting evaluation of dataflowbench/swift-sanitizer/barriers.ql.
[1/1 eval 605ms] Evaluation done; writing results to /private/tmp/dfb-220-extraction150/evidence/swift-resolved-native-v1/sanitizer-fresh-attempt-01/probe/barriers.bqrs.
Shutting down query evaluator.
        2.43 real         7.09 user         0.62 sys
           485949440  maximum resident set size
                   0  average shared memory size
                   0  average unshared data size
                   0  average unshared stack size
               59200  page reclaims
                 534  page faults
                   0  swaps
                   0  block input operations
                   0  block output operations
                   0  messages sent
                   0  messages received
                  11  signals received
                  74  voluntary context switches
               29431  involuntary context switches
            41626597  instructions retired
            18265098  cycles elapsed
             1753496  peak memory footprint
