Resolving data extensions.
Finished resolving data extensions.
Loading data extensions.
Finished loading data extensions.
Not caching stages during query-loading, since max heap size is only 1072 MB.
Compiling query plan for /private/tmp/dfb-220-extraction150/evidence/swift-resolved-native-v1/sanitizer-fresh-attempt-01/probe/queries/conversion-identity.ql.
[1/1] Found in cache: /private/tmp/dfb-220-extraction150/evidence/swift-resolved-native-v1/sanitizer-fresh-attempt-01/probe/queries/conversion-identity.ql.
Starting evaluation of dataflowbench/swift-sanitizer/conversion-identity.ql.
[1/1 eval 419ms] Evaluation done; writing results to /private/tmp/dfb-220-extraction150/evidence/swift-resolved-native-v1/sanitizer-fresh-attempt-01/probe/conversion-identity.bqrs.
Shutting down query evaluator.
        2.16 real         6.01 user         0.57 sys
           448118784  maximum resident set size
                   0  average shared memory size
                   0  average unshared data size
                   0  average unshared stack size
               51238  page reclaims
                 102  page faults
                   0  swaps
                   0  block input operations
                   0  block output operations
                   0  messages sent
                   0  messages received
                  17  signals received
                  51  voluntary context switches
               26233  involuntary context switches
            41451966  instructions retired
            18681672  cycles elapsed
             1753496  peak memory footprint
