Resolving data extensions.
Finished resolving data extensions.
Loading data extensions.
Finished loading data extensions.
Not caching stages during query-loading, since max heap size is only 1072 MB.
Compiling query plan for /private/tmp/dfb-220-extraction150/evidence/swift-resolved-native-v1/sanitizer-fresh-attempt-01/probe/queries/identity.ql.
[1/1 comp 5.8s] Compiled /private/tmp/dfb-220-extraction150/evidence/swift-resolved-native-v1/sanitizer-fresh-attempt-01/probe/queries/identity.ql.
Starting evaluation of dataflowbench/swift-sanitizer/identity.ql.
[1/1 eval 364ms] Evaluation done; writing results to /private/tmp/dfb-220-extraction150/evidence/swift-resolved-native-v1/sanitizer-fresh-attempt-01/probe/identity.bqrs.
Shutting down query evaluator.
        7.40 real        25.81 user         1.19 sys
          1424310272  maximum resident set size
                   0  average shared memory size
                   0  average unshared data size
                   0  average unshared stack size
              116776  page reclaims
                 105  page faults
                   0  swaps
                   0  block input operations
                   0  block output operations
                   0  messages sent
                   0  messages received
                  33  signals received
                  58  voluntary context switches
               94991  involuntary context switches
            41502320  instructions retired
            17810090  cycles elapsed
             1753496  peak memory footprint
