Resolving data extensions.
Finished resolving data extensions.
Loading data extensions.
Finished loading data extensions.
Not caching stages during query-loading, since max heap size is only 1072 MB.
Compiling query plan for /private/tmp/dfb-220-extraction150/evidence/swift-resolved-native-v1/sanitizer-fresh-attempt-01/probe/queries/numeric-bases.ql.
[1/1] Found in cache: /private/tmp/dfb-220-extraction150/evidence/swift-resolved-native-v1/sanitizer-fresh-attempt-01/probe/queries/numeric-bases.ql.
Starting evaluation of dataflowbench/swift-sanitizer/numeric-bases.ql.
[1/1 eval 367ms] Evaluation done; writing results to /private/tmp/dfb-220-extraction150/evidence/swift-resolved-native-v1/sanitizer-fresh-attempt-01/probe/numeric-bases.bqrs.
Shutting down query evaluator.
        2.23 real         6.44 user         0.59 sys
           462798848  maximum resident set size
                   0  average shared memory size
                   0  average unshared data size
                   0  average unshared stack size
               51705  page reclaims
                 102  page faults
                   0  swaps
                   0  block input operations
                   0  block output operations
                   0  messages sent
                   0  messages received
                  14  signals received
                  53  voluntary context switches
               24434  involuntary context switches
            41571648  instructions retired
            18388547  cycles elapsed
             1753496  peak memory footprint
