Resolving data extensions.
Finished resolving data extensions.
Loading data extensions.
Finished loading data extensions.
Not caching stages during query-loading, since max heap size is only 1072 MB.
Compiling query plan for /private/tmp/dfb-220-extraction150/evidence/swift-resolved-native-v1/sanitizer-fresh-attempt-01/probe/queries/roles.ql.
[1/1 comp 8.4s] Compiled /private/tmp/dfb-220-extraction150/evidence/swift-resolved-native-v1/sanitizer-fresh-attempt-01/probe/queries/roles.ql.
Starting evaluation of dataflowbench/swift-sanitizer/roles.ql.
[1/1 eval 11.6s] Evaluation done; writing results to /private/tmp/dfb-220-extraction150/evidence/swift-resolved-native-v1/sanitizer-fresh-attempt-01/probe/roles.bqrs.
Shutting down query evaluator.
       21.18 real        62.98 user         1.49 sys
          1464369152  maximum resident set size
                   0  average shared memory size
                   0  average unshared data size
                   0  average unshared stack size
              118807  page reclaims
                1824  page faults
                   0  swaps
                   0  block input operations
                   0  block output operations
                   0  messages sent
                   0  messages received
                  94  signals received
                 596  voluntary context switches
              106917  involuntary context switches
            41698912  instructions retired
            17964834  cycles elapsed
             1753496  peak memory footprint
