Picked up _JAVA_OPTIONS: -Xmx512m
Picked up _JAVA_OPTIONS: -Xmx512m
executing /private/tmp/dfb-220-extraction150/evidence/swift-joern-identity-220/attempt-01/inspect.sc with params=Map(cpgPath -> /private/tmp/dfb-joern-native-nwnuugve/cpg.bin, outputPath -> /private/tmp/dfb-220-extraction150/evidence/swift-joern-identity-220/attempt-01/graph.json)
Creating project `cpg.bin` for CPG at `/private/tmp/dfb-joern-native-nwnuugve/cpg.bin`
Creating working copy of CPG to be safe
Loading base CPG from: /private/tmp/dfb-joern-native-nwnuugve/workspace/cpg.bin/cpg.bin.tmp
Adding default overlays to base CPG
The graph has been modified. You may want to use the `save` command to persist changes to disk.  All changes will also be saved collectively on exit
The graph has been modified. You may want to use the `save` command to persist changes to disk.  All changes will also be saved collectively on exit
closing/saving project `cpg.bin`
        3.74 real        11.90 user         0.41 sys
           432701440  maximum resident set size
                   0  average shared memory size
                   0  average unshared data size
                   0  average unshared stack size
               48944  page reclaims
                 135  page faults
                   0  swaps
                   0  block input operations
                   0  block output operations
                  18  messages sent
                  38  messages received
                  12  signals received
                2090  voluntary context switches
               39605  involuntary context switches
            36409570  instructions retired
            17818555  cycles elapsed
             1556888  peak memory footprint
