[INFO ] initialising from existing storage (/private/tmp/dfb-joern-native-nwnuugve/workspace/cpg.bin/cpg.bin.tmp)
[INFO ] Start of pass: io.joern.x2cpg.passes.base.FileCreationPass
[INFO ] Pass io.joern.x2cpg.passes.base.FileCreationPass completed in 12 ms (70% on mutations). 38 + 0 changes committed from 1 parts.
[INFO ] Start of pass: io.joern.x2cpg.passes.base.NamespaceCreator
[INFO ] Pass io.joern.x2cpg.passes.base.NamespaceCreator completed in 3 ms (38% on mutations). 3 + 0 changes committed from 1 parts.
[INFO ] Start of pass: io.joern.x2cpg.passes.base.TypeDeclStubCreator
[INFO ] Pass io.joern.x2cpg.passes.base.TypeDeclStubCreator completed in 3 ms (45% on mutations). 8 + 0 changes committed from 1 parts.
[INFO ] Start of pass: io.joern.x2cpg.passes.base.MethodStubCreator
[INFO ] Inconsistent/erroneous callInfo on calls to method fullname <operator>.alloc (we have 1 many variants)
[INFO ] Inconsistent/erroneous callInfo on calls to method fullname <operator>.arrayInitializer (we have 2 many variants)
[INFO ] Inconsistent/erroneous callInfo on calls to method fullname cobjc:(cs)NSTask(im)init (we have 1 many variants)
[INFO ] Pass io.joern.x2cpg.passes.base.MethodStubCreator completed in 12 ms (18% on mutations). 86 + 0 changes committed from 1 parts.
[INFO ] Start of pass: io.joern.x2cpg.passes.base.ParameterIndexCompatPass
[INFO ] Pass io.joern.x2cpg.passes.base.ParameterIndexCompatPass completed in 2 ms (42% on mutations). 0 + 0 changes committed from 1 parts.
[INFO ] Start of pass: io.joern.x2cpg.passes.base.MethodDecoratorPass
[INFO ] Pass io.joern.x2cpg.passes.base.MethodDecoratorPass completed in 3 ms (24% on mutations). 72 + 0 changes committed from 1 parts.
[INFO ] Start of pass: io.joern.x2cpg.passes.base.AstLinkerPass
[INFO ] Pass io.joern.x2cpg.passes.base.AstLinkerPass completed in 2 ms (13% on mutations). 18 + 0 changes committed from 1 parts.
[INFO ] Start of pass: io.joern.x2cpg.passes.base.ContainsEdgePass
[INFO ] Pass io.joern.x2cpg.passes.base.ContainsEdgePass completed in 4 ms (34% on mutations). 316 + 0 changes committed from 55 parts.
[INFO ] Start of pass: io.joern.x2cpg.passes.base.TypeRefPass
[INFO ] Pass io.joern.x2cpg.passes.base.TypeRefPass completed in 1 ms (22% on mutations). 29 + 0 changes committed from 1 parts.
[INFO ] Start of pass: io.joern.x2cpg.passes.base.TypeEvalPass
[INFO ] Pass io.joern.x2cpg.passes.base.TypeEvalPass completed in 3 ms (32% on mutations). 372 + 0 changes committed from 4 parts.
[INFO ] Start of pass: io.shiftleft.semanticcpg.Overlays$$anon$1
[INFO ] Pass io.shiftleft.semanticcpg.Overlays$$anon$1 completed in 2 ms (33% on mutations). 1 + 0 changes committed from 1 parts.
[INFO ] Start of pass: io.joern.x2cpg.passes.controlflow.CfgCreationPass
[INFO ] Pass io.joern.x2cpg.passes.controlflow.CfgCreationPass completed in 7 ms (15% on mutations). 295 + 0 changes committed from 23 parts.
[INFO ] Start of pass: io.joern.x2cpg.passes.controlflow.cfgdominator.CfgDominatorPass
[INFO ] Pass io.joern.x2cpg.passes.controlflow.cfgdominator.CfgDominatorPass completed in 9 ms (19% on mutations). 590 + 0 changes committed from 23 parts.
[INFO ] Start of pass: io.joern.x2cpg.passes.controlflow.codepencegraph.CdgPass
[INFO ] Pass io.joern.x2cpg.passes.controlflow.codepencegraph.CdgPass completed in 2 ms (16% on mutations). 0 + 0 changes committed from 23 parts.
[INFO ] Start of pass: io.shiftleft.semanticcpg.Overlays$$anon$1
[INFO ] Pass io.shiftleft.semanticcpg.Overlays$$anon$1 completed in 0 ms (75% on mutations). 1 + 0 changes committed from 1 parts.
[INFO ] Start of pass: io.joern.x2cpg.passes.typerelations.TypeHierarchyPass
[INFO ] Pass io.joern.x2cpg.passes.typerelations.TypeHierarchyPass completed in 1 ms (24% on mutations). 21 + 0 changes committed from 1 parts.
[INFO ] Start of pass: io.joern.x2cpg.passes.typerelations.AliasLinkerPass
[INFO ] Pass io.joern.x2cpg.passes.typerelations.AliasLinkerPass completed in 1 ms (30% on mutations). 0 + 0 changes committed from 1 parts.
[INFO ] Start of pass: io.joern.x2cpg.passes.typerelations.FieldAccessLinkerPass
[INFO ] Could not create edge. Destination lookup failed. edgeType=REF, srcNodeType=CALL, srcNodeId=30064771106, dstNodeType=MEMBER, dstFullName=ANY.environment
[INFO ] Could not create edge. Destination lookup failed. edgeType=REF, srcNodeType=CALL, srcNodeId=30064771107, dstNodeType=MEMBER, dstFullName=ANY.processInfo
[INFO ] Could not create edge. Destination lookup failed. edgeType=REF, srcNodeType=CALL, srcNodeId=30064771108, dstNodeType=MEMBER, dstFullName=ANY.ProcessInfo
[INFO ] Could not create edge. Destination lookup failed. edgeType=REF, srcNodeType=CALL, srcNodeId=30064771111, dstNodeType=MEMBER, dstFullName=ANY.arguments
[INFO ] Could not create edge. Destination lookup failed. edgeType=REF, srcNodeType=CALL, srcNodeId=30064771112, dstNodeType=MEMBER, dstFullName=ANY.CommandLine
[INFO ] Could not create edge. Destination lookup failed. edgeType=REF, srcNodeType=CALL, srcNodeId=30064771122, dstNodeType=MEMBER, dstFullName=__C.NSTask.arguments
[INFO ] Could not create edge. Destination lookup failed. edgeType=REF, srcNodeType=CALL, srcNodeId=30064771133, dstNodeType=MEMBER, dstFullName=__C.NSTask.arguments
[INFO ] Could not create edge. Destination lookup failed. edgeType=REF, srcNodeType=CALL, srcNodeId=30064771169, dstNodeType=MEMBER, dstFullName=ANY.environment
[INFO ] Could not create edge. Destination lookup failed. edgeType=REF, srcNodeType=CALL, srcNodeId=30064771170, dstNodeType=MEMBER, dstFullName=ANY.processInfo
[INFO ] Could not create edge. Destination lookup failed. edgeType=REF, srcNodeType=CALL, srcNodeId=30064771171, dstNodeType=MEMBER, dstFullName=ANY.ProcessInfo
[INFO ] Could not create edge. Destination lookup failed. edgeType=REF, srcNodeType=CALL, srcNodeId=30064771175, dstNodeType=MEMBER, dstFullName=ANY.arguments
[INFO ] Could not create edge. Destination lookup failed. edgeType=REF, srcNodeType=CALL, srcNodeId=30064771176, dstNodeType=MEMBER, dstFullName=ANY.CommandLine
[INFO ] Pass io.joern.x2cpg.passes.typerelations.FieldAccessLinkerPass completed in 11 ms (3% on mutations). 13 + 0 changes committed from 1 parts.
[INFO ] Start of pass: io.shiftleft.semanticcpg.Overlays$$anon$1
[INFO ] Pass io.shiftleft.semanticcpg.Overlays$$anon$1 completed in 0 ms (67% on mutations). 1 + 0 changes committed from 1 parts.
[INFO ] Start of pass: io.joern.x2cpg.passes.callgraph.MethodRefLinker
[INFO ] Pass io.joern.x2cpg.passes.callgraph.MethodRefLinker completed in 0 ms (46% on mutations). 1 + 0 changes committed from 1 parts.
[INFO ] Start of pass: io.joern.x2cpg.passes.callgraph.StaticCallLinker
[INFO ] Pass io.joern.x2cpg.passes.callgraph.StaticCallLinker completed in 1 ms (47% on mutations). 117 + 0 changes committed from 2 parts.
[INFO ] Start of pass: io.joern.x2cpg.passes.callgraph.DynamicCallLinker
[INFO ] Pass io.joern.x2cpg.passes.callgraph.DynamicCallLinker completed in 1 ms (46% on mutations). 0 + 0 changes committed from 1 parts.
[INFO ] Start of pass: io.shiftleft.semanticcpg.Overlays$$anon$1
[INFO ] Pass io.shiftleft.semanticcpg.Overlays$$anon$1 completed in 0 ms (77% on mutations). 1 + 0 changes committed from 1 parts.
[INFO ] Start of pass: io.joern.dataflowengineoss.passes.reachingdef.ReachingDefPass
[INFO ] Calculating reaching definitions for: DataFlowBenchTaintSwift.WrongTypes.ProcessInfo.<clinit>:()->DataFlowBenchTaintSwift.WrongTypes.ProcessInfo in main.swift
[INFO ] Calculating reaching definitions for: DataFlowBenchTaintSwift.OtherOwner.<clinit>:()->DataFlowBenchTaintSwift.OtherOwner in main.swift
[INFO ] Calculating reaching definitions for: <operator>.fieldAccess in <empty>
[INFO ] Calculating reaching definitions for: DataFlowBenchTaintSwift.foundationSourcesControl:()throws->() in main.swift
[INFO ] Calculating reaching definitions for: Foundation.URL.init:(fileURLWithPath:__sharedSwift.String)->Foundation.URL in <empty>
[INFO ] Calculating reaching definitions for: main.swift:<global> in main.swift
[INFO ] Calculating reaching definitions for: DataFlowBenchTaintSwift.OtherOwner.init:()->DataFlowBenchTaintSwift.OtherOwner in main.swift
[INFO ] Calculating reaching definitions for: DataFlowBenchTaintSwift.WrongTypes.CommandLine.init:()->DataFlowBenchTaintSwift.WrongTypes.CommandLine in main.swift
[INFO ] Calculating reaching definitions for: DataFlowBenchTaintSwift.ProcessInfo.<clinit>:()->DataFlowBenchTaintSwift.ProcessInfo in main.swift
[INFO ] Calculating reaching definitions for: DataFlowBenchTaintSwift.WrongTypes.ProcessInfo.init:()->DataFlowBenchTaintSwift.WrongTypes.ProcessInfo in main.swift
[INFO ] Number of definitions for main.swift:<global>: 0
[INFO ] Number of definitions for <operator>.fieldAccess: 2
[INFO ] Number of definitions for DataFlowBenchTaintSwift.WrongTypes.CommandLine.init:()->DataFlowBenchTaintSwift.WrongTypes.CommandLine: 1
[INFO ] Number of definitions for Foundation.URL.init:(fileURLWithPath:__sharedSwift.String)->Foundation.URL: 2
[INFO ] Number of definitions for DataFlowBenchTaintSwift.WrongTypes.ProcessInfo.init:()->DataFlowBenchTaintSwift.WrongTypes.ProcessInfo: 5
[INFO ] Number of definitions for DataFlowBenchTaintSwift.OtherOwner.<clinit>:()->DataFlowBenchTaintSwift.OtherOwner: 4
[INFO ] Number of definitions for DataFlowBenchTaintSwift.ProcessInfo.<clinit>:()->DataFlowBenchTaintSwift.ProcessInfo: 8
[INFO ] Number of definitions for DataFlowBenchTaintSwift.OtherOwner.init:()->DataFlowBenchTaintSwift.OtherOwner: 5
[INFO ] Number of definitions for DataFlowBenchTaintSwift.WrongTypes.ProcessInfo.<clinit>:()->DataFlowBenchTaintSwift.WrongTypes.ProcessInfo: 8
[INFO ] Calculating reaching definitions for: DataFlowBenchTaintSwift.CommandLine.<clinit>:()->DataFlowBenchTaintSwift.CommandLine in main.swift
[INFO ] Number of definitions for DataFlowBenchTaintSwift.CommandLine.<clinit>:()->DataFlowBenchTaintSwift.CommandLine: 4
[INFO ] Calculating reaching definitions for: <operator>.elvis in <empty>
[INFO ] Calculating reaching definitions for: <operator>.alloc in <empty>
[INFO ] Number of definitions for <operator>.elvis: 2
[INFO ] Number of definitions for <operator>.alloc: 1
[INFO ] Calculating reaching definitions for: cobjc:(cs)NSTask(cm)launchedTaskWithExecutableURLargumentserrorterminationHandler in <empty>
[INFO ] Number of definitions for cobjc:(cs)NSTask(cm)launchedTaskWithExecutableURLargumentserrorterminationHandler: 3
[INFO ] Calculating reaching definitions for: <operator>.indexAccess in <empty>
[INFO ] Calculating reaching definitions for: <operator>.arrayInitializer in <empty>
[INFO ] Number of definitions for <operator>.indexAccess: 2
[INFO ] Number of definitions for <operator>.arrayInitializer: 2
[INFO ] Calculating reaching definitions for: Swift.String.init:(A)->Swift.String in <empty>
[INFO ] Calculating reaching definitions for: cobjc:(cs)NSTask(im)init in <empty>
[INFO ] Number of definitions for cobjc:(cs)NSTask(im)init: 1
[INFO ] Calculating reaching definitions for: DataFlowBenchTaintSwift.ProcessInfo.init:()->DataFlowBenchTaintSwift.ProcessInfo in main.swift
[INFO ] Calculating reaching definitions for: DataFlowBenchTaintSwift.WrongTypes.init:()->DataFlowBenchTaintSwift.WrongTypes in main.swift
[INFO ] Number of definitions for DataFlowBenchTaintSwift.WrongTypes.init:()->DataFlowBenchTaintSwift.WrongTypes: 1
[INFO ] Number of definitions for DataFlowBenchTaintSwift.ProcessInfo.init:()->DataFlowBenchTaintSwift.ProcessInfo: 5
[INFO ] Number of definitions for Swift.String.init:(A)->Swift.String: 1
[INFO ] Calculating reaching definitions for: DataFlowBenchTaintSwift.CommandLine.init:()->DataFlowBenchTaintSwift.CommandLine in main.swift
[INFO ] Calculating reaching definitions for: DataFlowBenchTaintSwift.WrongTypes.CommandLine.<clinit>:()->DataFlowBenchTaintSwift.WrongTypes.CommandLine in main.swift
[INFO ] Number of definitions for DataFlowBenchTaintSwift.CommandLine.init:()->DataFlowBenchTaintSwift.CommandLine: 1
[INFO ] Number of definitions for DataFlowBenchTaintSwift.WrongTypes.CommandLine.<clinit>:()->DataFlowBenchTaintSwift.WrongTypes.CommandLine: 4
[INFO ] Calculating reaching definitions for: <operator>.assignment in <empty>
[INFO ] Number of definitions for <operator>.assignment: 2
[INFO ] Number of definitions for DataFlowBenchTaintSwift.foundationSourcesControl:()throws->(): 140
[INFO ] Pass io.joern.dataflowengineoss.passes.reachingdef.ReachingDefPass completed in 74 ms (1% on mutations). 545 + 0 changes committed from 23 parts.
[INFO ] Start of pass: io.shiftleft.semanticcpg.Overlays$$anon$1
[INFO ] Pass io.shiftleft.semanticcpg.Overlays$$anon$1 completed in 0 ms (70% on mutations). 1 + 0 changes committed from 1 parts.
[INFO ] Start of pass: io.joern.x2cpg.frontendspecific.swiftsrc2cpg.SwiftInheritanceNamePass
[INFO ] Pass io.joern.x2cpg.frontendspecific.swiftsrc2cpg.SwiftInheritanceNamePass completed in 6 ms (4% on mutations). 0 + 0 changes committed from 6 parts.
[INFO ] Start of pass: io.joern.x2cpg.frontendspecific.swiftsrc2cpg.ConstClosurePass
[INFO ] Pass io.joern.x2cpg.frontendspecific.swiftsrc2cpg.ConstClosurePass completed in 4 ms (5% on mutations). 0 + 0 changes committed from 1 parts.
[INFO ] Start of pass: io.joern.x2cpg.frontendspecific.swiftsrc2cpg.SwiftTypeRecovery
[INFO ] Pass io.joern.x2cpg.frontendspecific.swiftsrc2cpg.SwiftTypeRecovery completed in 28 ms (3% on mutations). 164 + 0 changes committed from 2 parts.
[INFO ] Start of pass: io.joern.x2cpg.frontendspecific.swiftsrc2cpg.SwiftTypeRecovery
[INFO ] Pass io.joern.x2cpg.frontendspecific.swiftsrc2cpg.SwiftTypeRecovery completed in 11 ms (8% on mutations). 189 + 0 changes committed from 2 parts.
[INFO ] Start of pass: io.joern.x2cpg.frontendspecific.swiftsrc2cpg.SwiftTypeHintCallLinker
[INFO ] Pass io.joern.x2cpg.frontendspecific.swiftsrc2cpg.SwiftTypeHintCallLinker completed in 3 ms (21% on mutations). 1 + 0 changes committed from 1 parts.
[INFO ] Start of pass: io.joern.x2cpg.passes.callgraph.NaiveCallLinker
[INFO ] Pass io.joern.x2cpg.passes.callgraph.NaiveCallLinker completed in 2 ms (10% on mutations). 0 + 0 changes committed from 1 parts.
[INFO ] writing to storage at `/private/tmp/dfb-joern-native-nwnuugve/workspace/cpg.bin/cpg.bin.tmp`
[INFO ] closed graph at /private/tmp/dfb-joern-native-nwnuugve/workspace/cpg.bin/cpg.bin.tmp
