Resolving data extensions.
Finished resolving data extensions.
Loading data extensions.
Finished loading data extensions.
Not caching stages during query-loading, since max heap size is only 1072 MB.
Compiling query plan for /private/tmp/dfb-220-extraction150/evidence/swift-resolved-native-v1/canonical-summary-attempt-01/dfb-taint-swift-native-summary-positive/probe/queries/flow.ql.
[1/1 comp 7.5s] Compiled /private/tmp/dfb-220-extraction150/evidence/swift-resolved-native-v1/canonical-summary-attempt-01/dfb-taint-swift-native-summary-positive/probe/queries/flow.ql.
Starting evaluation of dataflowbench/swift-resolved-conversion/flow.ql.
[1/1 eval 9.5s] Evaluation done; writing results to /private/tmp/dfb-220-extraction150/evidence/swift-resolved-native-v1/canonical-summary-attempt-01/dfb-taint-swift-native-summary-positive/probe/flow.bqrs.
Shutting down query evaluator.
       18.34 real        55.81 user         1.77 sys
          1487208448  maximum resident set size
                   0  average shared memory size
                   0  average unshared data size
                   0  average unshared stack size
              120831  page reclaims
                 587  page faults
                   0  swaps
                   0  block input operations
                   0  block output operations
                   0  messages sent
                   0  messages received
                  46  signals received
                2096  voluntary context switches
              142237  involuntary context switches
            41955724  instructions retired
            18325072  cycles elapsed
             1769856  peak memory footprint
