Resolving data extensions.
Finished resolving data extensions.
Loading data extensions.
Finished loading data extensions.
Not caching stages during query-loading, since max heap size is only 1072 MB.
Compiling query plan for /private/tmp/dfb-220-extraction150/evidence/swift-resolved-native-v1/canonical-summary-attempt-01/dfb-taint-swift-native-summary-positive/probe/queries/identity.ql.
[1/1] Found in cache: /private/tmp/dfb-220-extraction150/evidence/swift-resolved-native-v1/canonical-summary-attempt-01/dfb-taint-swift-native-summary-positive/probe/queries/identity.ql.
Starting evaluation of dataflowbench/swift-resolved-conversion/identity.ql.
[1/1 eval 369ms] Evaluation done; writing results to /private/tmp/dfb-220-extraction150/evidence/swift-resolved-native-v1/canonical-summary-attempt-01/dfb-taint-swift-native-summary-positive/probe/identity.bqrs.
Shutting down query evaluator.
        2.05 real         5.69 user         0.53 sys
           457736192  maximum resident set size
                   0  average shared memory size
                   0  average unshared data size
                   0  average unshared stack size
               52433  page reclaims
                 102  page faults
                   0  swaps
                   0  block input operations
                   0  block output operations
                   0  messages sent
                   0  messages received
                  13  signals received
                  55  voluntary context switches
               21943  involuntary context switches
            42074589  instructions retired
            18736900  cycles elapsed
             1786264  peak memory footprint
