Resolving data extensions.
Finished resolving data extensions.
Loading data extensions.
Finished loading data extensions.
Not caching stages during query-loading, since max heap size is only 1072 MB.
Compiling query plan for /private/tmp/dfb-220-extraction150/evidence/swift-resolved-native-v1/canonical-summary-attempt-01/dfb-taint-swift-native-summary-positive/probe/queries/roles.ql.
[1/1 comp 8.6s] Compiled /private/tmp/dfb-220-extraction150/evidence/swift-resolved-native-v1/canonical-summary-attempt-01/dfb-taint-swift-native-summary-positive/probe/queries/roles.ql.
Starting evaluation of dataflowbench/swift-resolved-conversion/roles.ql.
[1/1 eval 11.9s] Evaluation done; writing results to /private/tmp/dfb-220-extraction150/evidence/swift-resolved-native-v1/canonical-summary-attempt-01/dfb-taint-swift-native-summary-positive/probe/roles.bqrs.
Shutting down query evaluator.
       21.78 real        64.62 user         1.54 sys
          1470808064  maximum resident set size
                   0  average shared memory size
                   0  average unshared data size
                   0  average unshared stack size
              118715  page reclaims
                1826  page faults
                   0  swaps
                   0  block input operations
                   0  block output operations
                   0  messages sent
                   0  messages received
                  73  signals received
                2002  voluntary context switches
              112212  involuntary context switches
            42156633  instructions retired
            18469803  cycles elapsed
             1786264  peak memory footprint
