Resolving data extensions.
Finished resolving data extensions.
Loading data extensions.
Finished loading data extensions.
Not caching stages during query-loading, since max heap size is only 1072 MB.
Compiling query plan for /private/tmp/dfb-220-extraction150/evidence/swift-resolved-native-v1/canonical-summary-attempt-01/dfb-taint-swift-native-summary-positive/probe/queries/summary-store.ql.
[1/1] Found in cache: /private/tmp/dfb-220-extraction150/evidence/swift-resolved-native-v1/canonical-summary-attempt-01/dfb-taint-swift-native-summary-positive/probe/queries/summary-store.ql.
Starting evaluation of dataflowbench/swift-resolved-conversion/summary-store.ql.
[1/1 eval 688ms] Evaluation done; writing results to /private/tmp/dfb-220-extraction150/evidence/swift-resolved-native-v1/canonical-summary-attempt-01/dfb-taint-swift-native-summary-positive/probe/summary-store.bqrs.
Shutting down query evaluator.
        2.49 real         7.63 user         0.64 sys
           577683456  maximum resident set size
                   0  average shared memory size
                   0  average unshared data size
                   0  average unshared stack size
               65004  page reclaims
                 102  page faults
                   0  swaps
                   0  block input operations
                   0  block output operations
                   0  messages sent
                   0  messages received
                  12  signals received
                  57  voluntary context switches
               27963  involuntary context switches
            41915512  instructions retired
            17699332  cycles elapsed
             1786264  peak memory footprint
