Resolving data extensions.
Finished resolving data extensions.
Loading data extensions.
Finished loading data extensions.
Not caching stages during query-loading, since max heap size is only 1072 MB.
Compiling query plan for /private/tmp/dfb-220-extraction150/evidence/swift-resolved-native-v1/canonical-summary-attempt-01/dfb-taint-swift-native-summary-positive/probe/queries/summary-identity.ql.
[1/1] Found in cache: /private/tmp/dfb-220-extraction150/evidence/swift-resolved-native-v1/canonical-summary-attempt-01/dfb-taint-swift-native-summary-positive/probe/queries/summary-identity.ql.
Starting evaluation of dataflowbench/swift-resolved-conversion/summary-identity.ql.
[1/1 eval 818ms] Evaluation done; writing results to /private/tmp/dfb-220-extraction150/evidence/swift-resolved-native-v1/canonical-summary-attempt-01/dfb-taint-swift-native-summary-positive/probe/summary-identity.bqrs.
Shutting down query evaluator.
        2.61 real         8.15 user         0.65 sys
           469565440  maximum resident set size
                   0  average shared memory size
                   0  average unshared data size
                   0  average unshared stack size
               58714  page reclaims
                 102  page faults
                   0  swaps
                   0  block input operations
                   0  block output operations
                   0  messages sent
                   0  messages received
                  15  signals received
                  74  voluntary context switches
               31678  involuntary context switches
            45332649  instructions retired
            19475740  cycles elapsed
             1786264  peak memory footprint
