Resolving data extensions.
Finished resolving data extensions.
Loading data extensions.
Finished loading data extensions.
Not caching stages during query-loading, since max heap size is only 1072 MB.
Compiling query plan for /private/tmp/dfb-220-extraction150/evidence/swift-opaque-objc-v1/analysis-attempt-01/probe/queries/flow.ql.
[1/1 comp 16.6s] Compiled /private/tmp/dfb-220-extraction150/evidence/swift-opaque-objc-v1/analysis-attempt-01/probe/queries/flow.ql.
Starting evaluation of dataflowbench/swift-opaque-objc-control/flow.ql.
[1/1 eval 1s] Evaluation done; writing results to /private/tmp/dfb-220-extraction150/evidence/swift-opaque-objc-v1/analysis-attempt-01/probe/flow.bqrs.
Shutting down query evaluator.
       18.97 real        66.99 user         1.55 sys
          1528053760  maximum resident set size
                   0  average shared memory size
                   0  average unshared data size
                   0  average unshared stack size
              154330  page reclaims
                 116  page faults
                   0  swaps
                   0  block input operations
                   0  block output operations
                   0  messages sent
                   0  messages received
                  57  signals received
                  94  voluntary context switches
              132614  involuntary context switches
            41466014  instructions retired
            19641953  cycles elapsed
             1720728  peak memory footprint
