Resolving data extensions.
Finished resolving data extensions.
Loading data extensions.
Finished loading data extensions.
Not caching stages during query-loading, since max heap size is only 1072 MB.
Compiling query plan for /private/tmp/dfb-220-extraction150/evidence/swift-opaque-objc-v1/analysis-attempt-01/probe/queries/identity.ql.
[1/1 comp 10.3s] Compiled /private/tmp/dfb-220-extraction150/evidence/swift-opaque-objc-v1/analysis-attempt-01/probe/queries/identity.ql.
Starting evaluation of dataflowbench/swift-opaque-objc-control/identity.ql.
[1/1 eval 870ms] Evaluation done; writing results to /private/tmp/dfb-220-extraction150/evidence/swift-opaque-objc-v1/analysis-attempt-01/probe/identity.bqrs.
Shutting down query evaluator.
       12.89 real        42.26 user         1.39 sys
          1394130944  maximum resident set size
                   0  average shared memory size
                   0  average unshared data size
                   0  average unshared stack size
              138528  page reclaims
                 113  page faults
                   0  swaps
                   0  block input operations
                   0  block output operations
                   0  messages sent
                   0  messages received
                  32  signals received
                  78  voluntary context switches
              130135  involuntary context switches
            46510401  instructions retired
            23064019  cycles elapsed
             1753496  peak memory footprint
