Resolving data extensions.
Finished resolving data extensions.
Loading data extensions.
Finished loading data extensions.
Not caching stages during query-loading, since max heap size is only 1072 MB.
Compiling query plan for /private/tmp/dfb-220-extraction150/evidence/swift-opaque-objc-v1/analysis-attempt-01/probe/queries/roles.ql.
[1/1 comp 9.1s] Compiled /private/tmp/dfb-220-extraction150/evidence/swift-opaque-objc-v1/analysis-attempt-01/probe/queries/roles.ql.
Starting evaluation of dataflowbench/swift-opaque-objc-control/roles.ql.
[1/1 eval 3s] Evaluation done; writing results to /private/tmp/dfb-220-extraction150/evidence/swift-opaque-objc-v1/analysis-attempt-01/probe/roles.bqrs.
Shutting down query evaluator.
       13.49 real        49.00 user         1.60 sys
          1483341824  maximum resident set size
                   0  average shared memory size
                   0  average unshared data size
                   0  average unshared stack size
              115909  page reclaims
                1826  page faults
                   0  swaps
                   0  block input operations
                   0  block output operations
                   0  messages sent
                   0  messages received
                  68  signals received
                2030  voluntary context switches
              124267  involuntary context switches
            41427671  instructions retired
            19152254  cycles elapsed
             1720728  peak memory footprint
