[
  "/Users/dave/.codeql/packages/codeql/java-queries/1.11.10/Security/CWE/CWE-297/UnsafeHostnameVerification.ql",
  "/Users/dave/.codeql/packages/codeql/java-queries/1.11.10/Security/CWE/CWE-094/InsecureBeanValidation.ql",
  "/Users/dave/.codeql/packages/codeql/java-queries/1.11.10/Security/CWE/CWE-094/GroovyInjection.ql",
  "/Users/dave/.codeql/packages/codeql/java-queries/1.11.10/Security/CWE/CWE-094/TemplateInjection.ql",
  "/Users/dave/.codeql/packages/codeql/java-queries/1.11.10/Security/CWE/CWE-094/MvelInjection.ql",
  "/Users/dave/.codeql/packages/codeql/java-queries/1.11.10/Security/CWE/CWE-094/JexlInjection.ql",
  "/Users/dave/.codeql/packages/codeql/java-queries/1.11.10/Security/CWE/CWE-094/SpelInjection.ql",
  "/Users/dave/.codeql/packages/codeql/java-queries/1.11.10/Security/CWE/CWE-209/SensitiveDataExposureThroughErrorMessage.ql",
  "/Users/dave/.codeql/packages/codeql/java-queries/1.11.10/Security/CWE/CWE-209/StackTraceExposure.ql",
  "/Users/dave/.codeql/packages/codeql/java-queries/1.11.10/Security/CWE/CWE-807/TaintedPermissionsCheck.ql",
  "/Users/dave/.codeql/packages/codeql/java-queries/1.11.10/Security/CWE/CWE-200/SpringBootActuatorsConfig/SpringBootActuatorsConfig.ql",
  "/Users/dave/.codeql/packages/codeql/java-queries/1.11.10/Security/CWE/CWE-200/SpringBootActuators.ql",
  "/Users/dave/.codeql/packages/codeql/java-queries/1.11.10/Security/CWE/CWE-601/UrlRedirect.ql",
  "/Users/dave/.codeql/packages/codeql/java-queries/1.11.10/Security/CWE/CWE-926/ImplicitlyExportedAndroidComponent.ql",
  "/Users/dave/.codeql/packages/codeql/java-queries/1.11.10/Security/CWE/CWE-780/RsaWithoutOaep.ql",
  "/Users/dave/.codeql/packages/codeql/java-queries/1.11.10/Security/CWE/CWE-326/InsufficientKeySize.ql",
  "/Users/dave/.codeql/packages/codeql/java-queries/1.11.10/Security/CWE/CWE-1104/MavenPomDependsOnBintray.ql",
  "/Users/dave/.codeql/packages/codeql/java-queries/1.11.10/Security/CWE/CWE-917/OgnlInjection.ql",
  "/Users/dave/.codeql/packages/codeql/java-queries/1.11.10/Security/CWE/CWE-113/NettyResponseSplitting.ql",
  "/Users/dave/.codeql/packages/codeql/java-queries/1.11.10/Security/CWE/CWE-113/ResponseSplitting.ql",
  "/Users/dave/.codeql/packages/codeql/java-queries/1.11.10/Security/CWE/CWE-327/BrokenCryptoAlgorithm.ql",
  "/Users/dave/.codeql/packages/codeql/java-queries/1.11.10/Security/CWE/CWE-918/RequestForgery.ql",
  "/Users/dave/.codeql/packages/codeql/java-queries/1.11.10/Security/CWE/CWE-927/ImplicitPendingIntents.ql",
  "/Users/dave/.codeql/packages/codeql/java-queries/1.11.10/Security/CWE/CWE-522/InsecureLdapAuth.ql",
  "/Users/dave/.codeql/packages/codeql/java-queries/1.11.10/Security/CWE/CWE-732/ReadingFromWorldWritableFile.ql",
  "/Users/dave/.codeql/packages/codeql/java-queries/1.11.10/Security/CWE/CWE-552/UrlForward.ql",
  "/Users/dave/.codeql/packages/codeql/java-queries/1.11.10/Security/CWE/CWE-335/PredictableSeed.ql",
  "/Users/dave/.codeql/packages/codeql/java-queries/1.11.10/Security/CWE/CWE-489/DebuggableAttributeEnabled.ql",
  "/Users/dave/.codeql/packages/codeql/java-queries/1.11.10/Security/CWE/CWE-489/WebviewDebuggingEnabled.ql",
  "/Users/dave/.codeql/packages/codeql/java-queries/1.11.10/Security/CWE/CWE-1204/StaticInitializationVector.ql",
  "/Users/dave/.codeql/packages/codeql/java-queries/1.11.10/Security/CWE/CWE-614/InsecureCookie.ql",
  "/Users/dave/.codeql/packages/codeql/java-queries/1.11.10/Security/CWE/CWE-089/SqlTainted.ql",
  "/Users/dave/.codeql/packages/codeql/java-queries/1.11.10/Security/CWE/CWE-074/JndiInjection.ql",
  "/Users/dave/.codeql/packages/codeql/java-queries/1.11.10/Security/CWE/CWE-074/XsltInjection.ql",
  "/Users/dave/.codeql/packages/codeql/java-queries/1.11.10/Security/CWE/CWE-020/OverlyLargeRange.ql",
  "/Users/dave/.codeql/packages/codeql/java-queries/1.11.10/Security/CWE/CWE-090/LdapInjection.ql",
  "/Users/dave/.codeql/packages/codeql/java-queries/1.11.10/Security/CWE/CWE-266/IntentUriPermissionManipulation.ql",
  "/Users/dave/.codeql/packages/codeql/java-queries/1.11.10/Security/CWE/CWE-295/ImproperWebViewCertificateValidation.ql",
  "/Users/dave/.codeql/packages/codeql/java-queries/1.11.10/Security/CWE/CWE-295/InsecureTrustManager.ql",
  "/Users/dave/.codeql/packages/codeql/java-queries/1.11.10/Security/CWE/CWE-940/AndroidIntentRedirection.ql",
  "/Users/dave/.codeql/packages/codeql/java-queries/1.11.10/Security/CWE/CWE-347/MissingJWTSignatureCheck.ql",
  "/Users/dave/.codeql/packages/codeql/java-queries/1.11.10/Security/CWE/CWE-925/ImproperIntentVerification.ql",
  "/Users/dave/.codeql/packages/codeql/java-queries/1.11.10/Security/CWE/CWE-312/AllowBackupAttributeEnabled.ql",
  "/Users/dave/.codeql/packages/codeql/java-queries/1.11.10/Security/CWE/CWE-312/CleartextStorageCookie.ql",
  "/Users/dave/.codeql/packages/codeql/java-queries/1.11.10/Security/CWE/CWE-330/InsecureRandomness.ql",
  "/Users/dave/.codeql/packages/codeql/java-queries/1.11.10/Security/CWE/CWE-134/ExternallyControlledFormatString.ql",
  "/Users/dave/.codeql/packages/codeql/java-queries/1.11.10/Security/CWE/CWE-352/SpringCSRFProtection.ql",
  "/Users/dave/.codeql/packages/codeql/java-queries/1.11.10/Security/CWE/CWE-338/JHipsterGeneratedPRNG.ql",
  "/Users/dave/.codeql/packages/codeql/java-queries/1.11.10/Security/CWE/CWE-502/UnsafeDeserialization.ql",
  "/Users/dave/.codeql/packages/codeql/java-queries/1.11.10/Security/CWE/CWE-730/RegexInjection.ql",
  "/Users/dave/.codeql/packages/codeql/java-queries/1.11.10/Security/CWE/CWE-730/ReDoS.ql",
  "/Users/dave/.codeql/packages/codeql/java-queries/1.11.10/Security/CWE/CWE-730/PolynomialReDoS.ql",
  "/Users/dave/.codeql/packages/codeql/java-queries/1.11.10/Security/CWE/CWE-470/FragmentInjectionInPreferenceActivity.ql",
  "/Users/dave/.codeql/packages/codeql/java-queries/1.11.10/Security/CWE/CWE-470/FragmentInjection.ql",
  "/Users/dave/.codeql/packages/codeql/java-queries/1.11.10/Security/CWE/CWE-1004/SensitiveCookieNotHttpOnly.ql",
  "/Users/dave/.codeql/packages/codeql/java-queries/1.11.10/Security/CWE/CWE-022/ZipSlip.ql",
  "/Users/dave/.codeql/packages/codeql/java-queries/1.11.10/Security/CWE/CWE-022/TaintedPath.ql",
  "/Users/dave/.codeql/packages/codeql/java-queries/1.11.10/Security/CWE/CWE-441/UnsafeContentUriResolution.ql",
  "/Users/dave/.codeql/packages/codeql/java-queries/1.11.10/Security/CWE/CWE-611/XXE.ql",
  "/Users/dave/.codeql/packages/codeql/java-queries/1.11.10/Security/CWE/CWE-078/ExecTainted.ql",
  "/Users/dave/.codeql/packages/codeql/java-queries/1.11.10/Security/CWE/CWE-681/NumericCastTainted.ql",
  "/Users/dave/.codeql/packages/codeql/java-queries/1.11.10/Security/CWE/CWE-023/PartialPathTraversalFromRemote.ql",
  "/Users/dave/.codeql/packages/codeql/java-queries/1.11.10/Security/CWE/CWE-643/XPathInjection.ql",
  "/Users/dave/.codeql/packages/codeql/java-queries/1.11.10/Security/CWE/CWE-829/InsecureDependencyResolution.ql",
  "/Users/dave/.codeql/packages/codeql/java-queries/1.11.10/Security/CWE/CWE-079/XSS.ql",
  "/Users/dave/.codeql/packages/codeql/java-queries/1.11.10/Security/CWE/CWE-287/AndroidInsecureLocalAuthentication.ql",
  "/Users/dave/.codeql/packages/codeql/java-queries/1.11.10/Likely Bugs/Arithmetic/InformationLoss.ql",
  "/Users/dave/.codeql/packages/codeql/java-queries/1.11.10/Security/CWE/CWE-297/InsecureJavaMail.ql",
  "/Users/dave/.codeql/packages/codeql/java-queries/1.11.10/Security/CWE/CWE-094/ArbitraryApkInstallation.ql",
  "/Users/dave/.codeql/packages/codeql/java-queries/1.11.10/Security/CWE/CWE-807/ConditionalBypass.ql",
  "/Users/dave/.codeql/packages/codeql/java-queries/1.11.10/Security/CWE/CWE-200/AndroidSensitiveTextField.ql",
  "/Users/dave/.codeql/packages/codeql/java-queries/1.11.10/Security/CWE/CWE-200/TempDirLocalInformationDisclosure.ql",
  "/Users/dave/.codeql/packages/codeql/java-queries/1.11.10/Security/CWE/CWE-200/AndroidSensitiveNotifications.ql",
  "/Users/dave/.codeql/packages/codeql/java-queries/1.11.10/Security/CWE/CWE-200/AndroidWebViewSettingsAllowsContentAccess.ql",
  "/Users/dave/.codeql/packages/codeql/java-queries/1.11.10/Security/CWE/CWE-200/AndroidWebViewSettingsFileAccess.ql",
  "/Users/dave/.codeql/packages/codeql/java-queries/1.11.10/Security/CWE/CWE-926/ContentProviderIncompletePermissions.ql",
  "/Users/dave/.codeql/packages/codeql/java-queries/1.11.10/Security/CWE/CWE-524/SensitiveKeyboardCache.ql",
  "/Users/dave/.codeql/packages/codeql/java-queries/1.11.10/Security/CWE/CWE-327/MaybeBrokenCryptoAlgorithm.ql",
  "/Users/dave/.codeql/packages/codeql/java-queries/1.11.10/Security/CWE/CWE-927/SensitiveResultReceiver.ql",
  "/Users/dave/.codeql/packages/codeql/java-queries/1.11.10/Security/CWE/CWE-927/SensitiveCommunication.ql",
  "/Users/dave/.codeql/packages/codeql/java-queries/1.11.10/Security/CWE/CWE-522/InsecureBasicAuth.ql",
  "/Users/dave/.codeql/packages/codeql/java-queries/1.11.10/Security/CWE/CWE-190/ArithmeticTainted.ql",
  "/Users/dave/.codeql/packages/codeql/java-queries/1.11.10/Security/CWE/CWE-190/ComparisonWithWiderType.ql",
  "/Users/dave/.codeql/packages/codeql/java-queries/1.11.10/Security/CWE/CWE-190/ArithmeticUncontrolled.ql",
  "/Users/dave/.codeql/packages/codeql/java-queries/1.11.10/Security/CWE/CWE-367/TOCTOURace.ql",
  "/Users/dave/.codeql/packages/codeql/java-queries/1.11.10/Security/CWE/CWE-501/TrustBoundaryViolation.ql",
  "/Users/dave/.codeql/packages/codeql/java-queries/1.11.10/Security/CWE/CWE-089/SqlConcatenated.ql",
  "/Users/dave/.codeql/packages/codeql/java-queries/1.11.10/Security/CWE/CWE-421/SocketAuthRace.ql",
  "/Users/dave/.codeql/packages/codeql/java-queries/1.11.10/Security/CWE/CWE-676/PotentiallyDangerousFunction.ql",
  "/Users/dave/.codeql/packages/codeql/java-queries/1.11.10/Security/CWE/CWE-295/AndroidMissingCertificatePinning.ql",
  "/Users/dave/.codeql/packages/codeql/java-queries/1.11.10/Security/CWE/CWE-835/InfiniteLoop.ql",
  "/Users/dave/.codeql/packages/codeql/java-queries/1.11.10/Security/CWE/CWE-117/LogInjection.ql",
  "/Users/dave/.codeql/packages/codeql/java-queries/1.11.10/Security/CWE/CWE-129/ImproperValidationOfArrayIndex.ql",
  "/Users/dave/.codeql/packages/codeql/java-queries/1.11.10/Security/CWE/CWE-129/ImproperValidationOfArrayConstruction.ql",
  "/Users/dave/.codeql/packages/codeql/java-queries/1.11.10/Security/CWE/CWE-312/CleartextStorageProperties.ql",
  "/Users/dave/.codeql/packages/codeql/java-queries/1.11.10/Security/CWE/CWE-312/CleartextStorageAndroidFilesystem.ql",
  "/Users/dave/.codeql/packages/codeql/java-queries/1.11.10/Security/CWE/CWE-312/CleartextStorageSharedPrefs.ql",
  "/Users/dave/.codeql/packages/codeql/java-queries/1.11.10/Security/CWE/CWE-312/CleartextStorageAndroidDatabase.ql",
  "/Users/dave/.codeql/packages/codeql/java-queries/1.11.10/Security/CWE/CWE-749/UnsafeAndroidAccess.ql",
  "/Users/dave/.codeql/packages/codeql/java-queries/1.11.10/Security/CWE/CWE-352/CsrfUnprotectedRequestType.ql",
  "/Users/dave/.codeql/packages/codeql/java-queries/1.11.10/Security/CWE/CWE-532/SensitiveInfoLog.ql",
  "/Users/dave/.codeql/packages/codeql/java-queries/1.11.10/Security/CWE/CWE-078/ExecUnescaped.ql",
  "/Users/dave/.codeql/packages/codeql/java-queries/1.11.10/Security/CWE/CWE-078/ExecRelative.ql",
  "/Users/dave/.codeql/packages/codeql/java-queries/1.11.10/Security/CWE/CWE-078/ExecTaintedEnvironment.ql",
  "/Users/dave/.codeql/packages/codeql/java-queries/1.11.10/Security/CWE/CWE-023/PartialPathTraversal.ql",
  "/Users/dave/.codeql/packages/codeql/java-queries/1.11.10/Security/CWE/CWE-079/AndroidWebViewSettingsEnabledJavaScript.ql",
  "/Users/dave/.codeql/packages/codeql/java-queries/1.11.10/Security/CWE/CWE-079/AndroidWebViewAddJavascriptInterface.ql",
  "/Users/dave/.codeql/packages/codeql/java-queries/1.11.10/Security/CWE/CWE-287/AndroidInsecureKeys.ql",
  "/Users/dave/.codeql/packages/codeql/java-queries/1.11.10/Security/CWE/CWE-273/UnsafeCertTrust.ql",
  "/Users/dave/.codeql/packages/codeql/java-queries/1.11.10/Likely Bugs/Concurrency/UnreleasedLock.ql",
  "/Users/dave/.codeql/packages/codeql/java-queries/1.11.10/Diagnostics/ExtractionErrors.ql",
  "/Users/dave/.codeql/packages/codeql/java-queries/1.11.10/Diagnostics/SuccessfullyExtractedFiles.ql",
  "/Users/dave/.codeql/packages/codeql/java-queries/1.11.10/Diagnostics/ExtractionWarnings.ql",
  "/Users/dave/.codeql/packages/codeql/java-queries/1.11.10/Telemetry/DatabaseQualityDiagnostics.ql",
  "/Users/dave/.codeql/packages/codeql/java-queries/1.11.10/Metrics/Summaries/LinesOfCodeKotlin.ql",
  "/Users/dave/.codeql/packages/codeql/java-queries/1.11.10/Metrics/Summaries/LinesOfCode.ql",
  "/Users/dave/.codeql/packages/codeql/java-queries/1.11.10/Metrics/Summaries/LinesOfCodeJava.ql",
  "/Users/dave/.codeql/packages/codeql/java-queries/1.11.10/Telemetry/SupportedExternalTaint.ql",
  "/Users/dave/.codeql/packages/codeql/java-queries/1.11.10/Telemetry/UnsupportedExternalAPIs.ql",
  "/Users/dave/.codeql/packages/codeql/java-queries/1.11.10/Telemetry/SupportedExternalSources.ql",
  "/Users/dave/.codeql/packages/codeql/java-queries/1.11.10/Telemetry/ExternalLibraryUsage.ql",
  "/Users/dave/.codeql/packages/codeql/java-queries/1.11.10/Telemetry/SupportedExternalSinks.ql",
  "/Users/dave/.codeql/packages/codeql/java-queries/1.11.10/Telemetry/ExtractorInformation.ql",
  "/Users/dave/.codeql/packages/codeql/java-queries/1.11.10/Telemetry/SupportedExternalApis.ql"
]
