[
  "/Users/dave/.codeql/packages/codeql/javascript-queries/2.4.5/AngularJS/DisablingSce.ql",
  "/Users/dave/.codeql/packages/codeql/javascript-queries/2.4.5/AngularJS/DoubleCompilation.ql",
  "/Users/dave/.codeql/packages/codeql/javascript-queries/2.4.5/AngularJS/InsecureUrlWhitelist.ql",
  "/Users/dave/.codeql/packages/codeql/javascript-queries/2.4.5/RegExp/IdentityReplacement.ql",
  "/Users/dave/.codeql/packages/codeql/javascript-queries/2.4.5/Security/CWE-201/PostMessageStar.ql",
  "/Users/dave/.codeql/packages/codeql/javascript-queries/2.4.5/Security/CWE-830/FunctionalityFromUntrustedSource.ql",
  "/Users/dave/.codeql/packages/codeql/javascript-queries/2.4.5/Security/CWE-830/FunctionalityFromUntrustedDomain.ql",
  "/Users/dave/.codeql/packages/codeql/javascript-queries/2.4.5/Security/CWE-094/CodeInjection.ql",
  "/Users/dave/.codeql/packages/codeql/javascript-queries/2.4.5/Security/CWE-094/UnsafeDynamicMethodAccess.ql",
  "/Users/dave/.codeql/packages/codeql/javascript-queries/2.4.5/Security/CWE-094/ImproperCodeSanitization.ql",
  "/Users/dave/.codeql/packages/codeql/javascript-queries/2.4.5/Security/CWE-209/StackTraceExposure.ql",
  "/Users/dave/.codeql/packages/codeql/javascript-queries/2.4.5/Security/CWE-200/PrivateFileExposure.ql",
  "/Users/dave/.codeql/packages/codeql/javascript-queries/2.4.5/Security/CWE-601/ClientSideUrlRedirect.ql",
  "/Users/dave/.codeql/packages/codeql/javascript-queries/2.4.5/Security/CWE-601/ServerSideUrlRedirect.ql",
  "/Users/dave/.codeql/packages/codeql/javascript-queries/2.4.5/Security/CWE-326/InsufficientKeySize.ql",
  "/Users/dave/.codeql/packages/codeql/javascript-queries/2.4.5/Security/CWE-178/CaseSensitiveMiddlewarePath.ql",
  "/Users/dave/.codeql/packages/codeql/javascript-queries/2.4.5/Security/CWE-327/BrokenCryptoAlgorithm.ql",
  "/Users/dave/.codeql/packages/codeql/javascript-queries/2.4.5/Security/CWE-327/BadRandomness.ql",
  "/Users/dave/.codeql/packages/codeql/javascript-queries/2.4.5/Security/CWE-916/InsufficientPasswordHash.ql",
  "/Users/dave/.codeql/packages/codeql/javascript-queries/2.4.5/Security/CWE-918/RequestForgery.ql",
  "/Users/dave/.codeql/packages/codeql/javascript-queries/2.4.5/Security/CWE-942/CorsPermissiveConfiguration.ql",
  "/Users/dave/.codeql/packages/codeql/javascript-queries/2.4.5/Security/CWE-598/SensitiveGetQuery.ql",
  "/Users/dave/.codeql/packages/codeql/javascript-queries/2.4.5/Security/CWE-614/ClearTextCookie.ql",
  "/Users/dave/.codeql/packages/codeql/javascript-queries/2.4.5/Security/CWE-089/SqlInjection.ql",
  "/Users/dave/.codeql/packages/codeql/javascript-queries/2.4.5/Security/CWE-073/TemplateObjectInjection.ql",
  "/Users/dave/.codeql/packages/codeql/javascript-queries/2.4.5/Security/CWE-020/IncompleteUrlSchemeCheck.ql",
  "/Users/dave/.codeql/packages/codeql/javascript-queries/2.4.5/Security/CWE-020/UselessRegExpCharacterEscape.ql",
  "/Users/dave/.codeql/packages/codeql/javascript-queries/2.4.5/Security/CWE-020/IncompleteHostnameRegExp.ql",
  "/Users/dave/.codeql/packages/codeql/javascript-queries/2.4.5/Security/CWE-020/IncorrectSuffixCheck.ql",
  "/Users/dave/.codeql/packages/codeql/javascript-queries/2.4.5/Security/CWE-020/IncompleteUrlSubstringSanitization.ql",
  "/Users/dave/.codeql/packages/codeql/javascript-queries/2.4.5/Security/CWE-020/OverlyLargeRange.ql",
  "/Users/dave/.codeql/packages/codeql/javascript-queries/2.4.5/Security/CWE-640/HostHeaderPoisoningInEmailGeneration.ql",
  "/Users/dave/.codeql/packages/codeql/javascript-queries/2.4.5/Security/CWE-400/DeepObjectResourceExhaustion.ql",
  "/Users/dave/.codeql/packages/codeql/javascript-queries/2.4.5/Security/CWE-834/LoopBoundInjection.ql",
  "/Users/dave/.codeql/packages/codeql/javascript-queries/2.4.5/Security/CWE-1427/SystemPromptInjection.ql",
  "/Users/dave/.codeql/packages/codeql/javascript-queries/2.4.5/Security/CWE-295/DisablingCertificateValidation.ql",
  "/Users/dave/.codeql/packages/codeql/javascript-queries/2.4.5/Security/CWE-693/InsecureHelmet.ql",
  "/Users/dave/.codeql/packages/codeql/javascript-queries/2.4.5/Security/CWE-347/MissingJWTKeyVerification.ql",
  "/Users/dave/.codeql/packages/codeql/javascript-queries/2.4.5/Security/CWE-770/ResourceExhaustion.ql",
  "/Users/dave/.codeql/packages/codeql/javascript-queries/2.4.5/Security/CWE-770/MissingRateLimiting.ql",
  "/Users/dave/.codeql/packages/codeql/javascript-queries/2.4.5/Security/CWE-346/CorsMisconfigurationForCredentials.ql",
  "/Users/dave/.codeql/packages/codeql/javascript-queries/2.4.5/Security/CWE-116/IncompleteSanitization.ql",
  "/Users/dave/.codeql/packages/codeql/javascript-queries/2.4.5/Security/CWE-116/BadTagFilter.ql",
  "/Users/dave/.codeql/packages/codeql/javascript-queries/2.4.5/Security/CWE-116/UnsafeHtmlExpansion.ql",
  "/Users/dave/.codeql/packages/codeql/javascript-queries/2.4.5/Security/CWE-116/IncompleteMultiCharacterSanitization.ql",
  "/Users/dave/.codeql/packages/codeql/javascript-queries/2.4.5/Security/CWE-116/DoubleEscaping.ql",
  "/Users/dave/.codeql/packages/codeql/javascript-queries/2.4.5/Security/CWE-116/IncompleteHtmlAttributeSanitization.ql",
  "/Users/dave/.codeql/packages/codeql/javascript-queries/2.4.5/Security/CWE-915/PrototypePollutingAssignment.ql",
  "/Users/dave/.codeql/packages/codeql/javascript-queries/2.4.5/Security/CWE-915/PrototypePollutingMergeCall.ql",
  "/Users/dave/.codeql/packages/codeql/javascript-queries/2.4.5/Security/CWE-915/PrototypePollutingFunction.ql",
  "/Users/dave/.codeql/packages/codeql/javascript-queries/2.4.5/Security/CWE-776/XmlBomb.ql",
  "/Users/dave/.codeql/packages/codeql/javascript-queries/2.4.5/Security/CWE-312/CleartextStorage.ql",
  "/Users/dave/.codeql/packages/codeql/javascript-queries/2.4.5/Security/CWE-312/CleartextLogging.ql",
  "/Users/dave/.codeql/packages/codeql/javascript-queries/2.4.5/Security/CWE-312/BuildArtifactLeak.ql",
  "/Users/dave/.codeql/packages/codeql/javascript-queries/2.4.5/Security/CWE-754/UnvalidatedDynamicMethodCall.ql",
  "/Users/dave/.codeql/packages/codeql/javascript-queries/2.4.5/Security/CWE-134/TaintedFormatString.ql",
  "/Users/dave/.codeql/packages/codeql/javascript-queries/2.4.5/Security/CWE-352/MissingCsrfMiddleware.ql",
  "/Users/dave/.codeql/packages/codeql/javascript-queries/2.4.5/Security/CWE-338/InsecureRandomness.ql",
  "/Users/dave/.codeql/packages/codeql/javascript-queries/2.4.5/Security/CWE-300/InsecureDependencyResolution.ql",
  "/Users/dave/.codeql/packages/codeql/javascript-queries/2.4.5/Security/CWE-502/UnsafeDeserialization.ql",
  "/Users/dave/.codeql/packages/codeql/javascript-queries/2.4.5/Security/CWE-730/RegExpInjection.ql",
  "/Users/dave/.codeql/packages/codeql/javascript-queries/2.4.5/Security/CWE-730/ServerCrash.ql",
  "/Users/dave/.codeql/packages/codeql/javascript-queries/2.4.5/Security/CWE-1004/ClientExposedCookie.ql",
  "/Users/dave/.codeql/packages/codeql/javascript-queries/2.4.5/Security/CWE-022/ZipSlip.ql",
  "/Users/dave/.codeql/packages/codeql/javascript-queries/2.4.5/Security/CWE-022/TaintedPath.ql",
  "/Users/dave/.codeql/packages/codeql/javascript-queries/2.4.5/Security/CWE-843/TypeConfusionThroughParameterTampering.ql",
  "/Users/dave/.codeql/packages/codeql/javascript-queries/2.4.5/Security/CWE-611/Xxe.ql",
  "/Users/dave/.codeql/packages/codeql/javascript-queries/2.4.5/Security/CWE-078/UselessUseOfCat.ql",
  "/Users/dave/.codeql/packages/codeql/javascript-queries/2.4.5/Security/CWE-078/CommandInjection.ql",
  "/Users/dave/.codeql/packages/codeql/javascript-queries/2.4.5/Security/CWE-078/UnsafeShellCommandConstruction.ql",
  "/Users/dave/.codeql/packages/codeql/javascript-queries/2.4.5/Security/CWE-078/SecondOrderCommandInjection.ql",
  "/Users/dave/.codeql/packages/codeql/javascript-queries/2.4.5/Security/CWE-078/ShellCommandInjectionFromEnvironment.ql",
  "/Users/dave/.codeql/packages/codeql/javascript-queries/2.4.5/Security/CWE-643/XpathInjection.ql",
  "/Users/dave/.codeql/packages/codeql/javascript-queries/2.4.5/Security/CWE-829/InsecureDownload.ql",
  "/Users/dave/.codeql/packages/codeql/javascript-queries/2.4.5/Security/CWE-079/ReflectedXss.ql",
  "/Users/dave/.codeql/packages/codeql/javascript-queries/2.4.5/Security/CWE-079/XssThroughDom.ql",
  "/Users/dave/.codeql/packages/codeql/javascript-queries/2.4.5/Security/CWE-079/UnsafeJQueryPlugin.ql",
  "/Users/dave/.codeql/packages/codeql/javascript-queries/2.4.5/Security/CWE-079/Xss.ql",
  "/Users/dave/.codeql/packages/codeql/javascript-queries/2.4.5/Security/CWE-079/ExceptionXss.ql",
  "/Users/dave/.codeql/packages/codeql/javascript-queries/2.4.5/Security/CWE-079/UnsafeHtmlConstruction.ql",
  "/Users/dave/.codeql/packages/codeql/javascript-queries/2.4.5/Security/CWE-079/StoredXss.ql",
  "/Users/dave/.codeql/packages/codeql/javascript-queries/2.4.5/Performance/ReDoS.ql",
  "/Users/dave/.codeql/packages/codeql/javascript-queries/2.4.5/Performance/PolynomialReDoS.ql",
  "/Users/dave/.codeql/packages/codeql/javascript-queries/2.4.5/Electron/AllowRunningInsecureContent.ql",
  "/Users/dave/.codeql/packages/codeql/javascript-queries/2.4.5/Electron/DisablingWebSecurity.ql",
  "/Users/dave/.codeql/packages/codeql/javascript-queries/2.4.5/Security/CWE-094/UnsafeCodeConstruction.ql",
  "/Users/dave/.codeql/packages/codeql/javascript-queries/2.4.5/Security/CWE-807/ConditionalBypass.ql",
  "/Users/dave/.codeql/packages/codeql/javascript-queries/2.4.5/Security/CWE-200/FileAccessToHttp.ql",
  "/Users/dave/.codeql/packages/codeql/javascript-queries/2.4.5/Security/CWE-862/EmptyPasswordInConfigurationFile.ql",
  "/Users/dave/.codeql/packages/codeql/javascript-queries/2.4.5/Security/CWE-1275/SameSiteNoneCookie.ql",
  "/Users/dave/.codeql/packages/codeql/javascript-queries/2.4.5/Security/CWE-918/ClientSideRequestForgery.ql",
  "/Users/dave/.codeql/packages/codeql/javascript-queries/2.4.5/Security/CWE-367/FileSystemRace.ql",
  "/Users/dave/.codeql/packages/codeql/javascript-queries/2.4.5/Security/CWE-506/HardcodedDataInterpretedAsCode.ql",
  "/Users/dave/.codeql/packages/codeql/javascript-queries/2.4.5/Security/CWE-020/MissingRegExpAnchor.ql",
  "/Users/dave/.codeql/packages/codeql/javascript-queries/2.4.5/Security/CWE-020/MissingOriginCheck.ql",
  "/Users/dave/.codeql/packages/codeql/javascript-queries/2.4.5/Security/CWE-400/RemotePropertyInjection.ql",
  "/Users/dave/.codeql/packages/codeql/javascript-queries/2.4.5/Security/CWE-117/LogInjection.ql",
  "/Users/dave/.codeql/packages/codeql/javascript-queries/2.4.5/Security/CWE-377/InsecureTemporaryFile.ql",
  "/Users/dave/.codeql/packages/codeql/javascript-queries/2.4.5/Security/CWE-384/SessionFixation.ql",
  "/Users/dave/.codeql/packages/codeql/javascript-queries/2.4.5/Security/CWE-912/HttpToFileAccess.ql",
  "/Users/dave/.codeql/packages/codeql/javascript-queries/2.4.5/Security/CWE-078/IndirectCommandInjection.ql",
  "/Users/dave/.codeql/packages/codeql/javascript-queries/2.4.5/Diagnostics/ExtractionErrors.ql",
  "/Users/dave/.codeql/packages/codeql/javascript-queries/2.4.5/Diagnostics/ExtractedFiles.ql",
  "/Users/dave/.codeql/packages/codeql/javascript-queries/2.4.5/Summary/LinesOfCode.ql",
  "/Users/dave/.codeql/packages/codeql/javascript-queries/2.4.5/Summary/LinesOfUserCode.ql"
]
