[
  "/Users/dave/.codeql/packages/codeql/python-queries/1.8.10/Security/CWE-094/CodeInjection.ql",
  "/Users/dave/.codeql/packages/codeql/python-queries/1.8.10/Security/CWE-209/StackTraceExposure.ql",
  "/Users/dave/.codeql/packages/codeql/python-queries/1.8.10/Security/CWE-601/UrlRedirect.ql",
  "/Users/dave/.codeql/packages/codeql/python-queries/1.8.10/Security/CWE-1275/SameSiteNoneCookie.ql",
  "/Users/dave/.codeql/packages/codeql/python-queries/1.8.10/Security/CWE-326/WeakCryptoKey.ql",
  "/Users/dave/.codeql/packages/codeql/python-queries/1.8.10/Security/CWE-113/HeaderInjection.ql",
  "/Users/dave/.codeql/packages/codeql/python-queries/1.8.10/Security/CWE-943/NoSqlInjection.ql",
  "/Users/dave/.codeql/packages/codeql/python-queries/1.8.10/Security/CWE-327/InsecureDefaultProtocol.ql",
  "/Users/dave/.codeql/packages/codeql/python-queries/1.8.10/Security/CWE-327/BrokenCryptoAlgorithm.ql",
  "/Users/dave/.codeql/packages/codeql/python-queries/1.8.10/Security/CWE-327/InsecureProtocol.ql",
  "/Users/dave/.codeql/packages/codeql/python-queries/1.8.10/Security/CWE-327/WeakSensitiveDataHashing.ql",
  "/Users/dave/.codeql/packages/codeql/python-queries/1.8.10/Security/CWE-918/FullServerSideRequestForgery.ql",
  "/Users/dave/.codeql/packages/codeql/python-queries/1.8.10/Security/CWE-285/PamAuthorization.ql",
  "/Users/dave/.codeql/packages/codeql/python-queries/1.8.10/Security/CWE-614/InsecureCookie.ql",
  "/Users/dave/.codeql/packages/codeql/python-queries/1.8.10/Security/CWE-089/SqlInjection.ql",
  "/Users/dave/.codeql/packages/codeql/python-queries/1.8.10/Security/CWE-074/TemplateInjection.ql",
  "/Users/dave/.codeql/packages/codeql/python-queries/1.8.10/Security/CWE-020/IncompleteHostnameRegExp.ql",
  "/Users/dave/.codeql/packages/codeql/python-queries/1.8.10/Security/CWE-020/CookieInjection.ql",
  "/Users/dave/.codeql/packages/codeql/python-queries/1.8.10/Security/CWE-020/IncompleteUrlSubstringSanitization.ql",
  "/Users/dave/.codeql/packages/codeql/python-queries/1.8.10/Security/CWE-020/OverlyLargeRange.ql",
  "/Users/dave/.codeql/packages/codeql/python-queries/1.8.10/Security/CWE-215/FlaskDebug.ql",
  "/Users/dave/.codeql/packages/codeql/python-queries/1.8.10/Security/CWE-090/LdapInjection.ql",
  "/Users/dave/.codeql/packages/codeql/python-queries/1.8.10/Security/CVE-2018-1281/BindToAllInterfaces.ql",
  "/Users/dave/.codeql/packages/codeql/python-queries/1.8.10/Security/CWE-295/MissingHostKeyValidation.ql",
  "/Users/dave/.codeql/packages/codeql/python-queries/1.8.10/Security/CWE-377/InsecureTemporaryFile.ql",
  "/Users/dave/.codeql/packages/codeql/python-queries/1.8.10/Security/CWE-116/BadTagFilter.ql",
  "/Users/dave/.codeql/packages/codeql/python-queries/1.8.10/Security/CWE-776/XmlBomb.ql",
  "/Users/dave/.codeql/packages/codeql/python-queries/1.8.10/Security/CWE-312/CleartextStorage.ql",
  "/Users/dave/.codeql/packages/codeql/python-queries/1.8.10/Security/CWE-312/CleartextLogging.ql",
  "/Users/dave/.codeql/packages/codeql/python-queries/1.8.10/Security/CWE-352/CSRFProtectionDisabled.ql",
  "/Users/dave/.codeql/packages/codeql/python-queries/1.8.10/Security/CWE-502/UnsafeDeserialization.ql",
  "/Users/dave/.codeql/packages/codeql/python-queries/1.8.10/Security/CWE-730/RegexInjection.ql",
  "/Users/dave/.codeql/packages/codeql/python-queries/1.8.10/Security/CWE-730/ReDoS.ql",
  "/Users/dave/.codeql/packages/codeql/python-queries/1.8.10/Security/CWE-730/PolynomialReDoS.ql",
  "/Users/dave/.codeql/packages/codeql/python-queries/1.8.10/Security/CWE-1004/NonHttpOnlyCookie.ql",
  "/Users/dave/.codeql/packages/codeql/python-queries/1.8.10/Security/CWE-022/PathInjection.ql",
  "/Users/dave/.codeql/packages/codeql/python-queries/1.8.10/Security/CWE-611/Xxe.ql",
  "/Users/dave/.codeql/packages/codeql/python-queries/1.8.10/Security/CWE-078/CommandInjection.ql",
  "/Users/dave/.codeql/packages/codeql/python-queries/1.8.10/Security/CWE-643/XpathInjection.ql",
  "/Users/dave/.codeql/packages/codeql/python-queries/1.8.10/Security/CWE-079/ReflectedXss.ql",
  "/Users/dave/.codeql/packages/codeql/python-queries/1.8.10/Expressions/UseofInput.ql",
  "/Users/dave/.codeql/packages/codeql/python-queries/1.8.10/Security/CWE-918/PartialServerSideRequestForgery.ql",
  "/Users/dave/.codeql/packages/codeql/python-queries/1.8.10/Security/CWE-732/WeakFilePermissions.ql",
  "/Users/dave/.codeql/packages/codeql/python-queries/1.8.10/Security/CWE-295/RequestWithoutValidation.ql",
  "/Users/dave/.codeql/packages/codeql/python-queries/1.8.10/Security/CWE-117/LogInjection.ql",
  "/Users/dave/.codeql/packages/codeql/python-queries/1.8.10/Security/CWE-022/TarSlip.ql",
  "/Users/dave/.codeql/packages/codeql/python-queries/1.8.10/Security/CWE-078/UnsafeShellCommandConstruction.ql",
  "/Users/dave/.codeql/packages/codeql/python-queries/1.8.10/Security/CWE-079/Jinja2WithoutEscaping.ql",
  "/Users/dave/.codeql/packages/codeql/python-queries/1.8.10/Diagnostics/ExtractedFiles.ql",
  "/Users/dave/.codeql/packages/codeql/python-queries/1.8.10/Diagnostics/ExtractionWarnings.ql",
  "/Users/dave/.codeql/packages/codeql/python-queries/1.8.10/Summary/LinesOfCode.ql",
  "/Users/dave/.codeql/packages/codeql/python-queries/1.8.10/Summary/LinesOfUserCode.ql"
]
