Resolving data extensions.
Finished resolving data extensions.
Loading data extensions.
Finished loading data extensions.
Not caching stages during query-loading, since max heap size is only 1072 MB.
Compiling query plan for /private/tmp/dfb-220-extraction150/evidence/swift-persistence-guard-v1/guard-attempt-01/probe/queries/calls.ql.
[1/1] Found in cache: /private/tmp/dfb-220-extraction150/evidence/swift-persistence-guard-v1/guard-attempt-01/probe/queries/calls.ql.
Starting evaluation of dataflowbench/swift-keyed-persistence-prototype/calls.ql.
[1/1 eval 384ms] Evaluation done; writing results to /private/tmp/dfb-220-extraction150/evidence/swift-persistence-guard-v1/guard-attempt-01/probe/calls.bqrs.
Shutting down query evaluator.
        2.08 real         5.84 user         0.53 sys
           405618688  maximum resident set size
                   0  average shared memory size
                   0  average unshared data size
                   0  average unshared stack size
               49491  page reclaims
                 102  page faults
                   0  swaps
                   0  block input operations
                   0  block output operations
                   0  messages sent
                   0  messages received
                  16  signals received
                  48  voluntary context switches
               21158  involuntary context switches
            41901762  instructions retired
            17729335  cycles elapsed
             1753496  peak memory footprint
