Resolving data extensions.
Finished resolving data extensions.
Loading data extensions.
Finished loading data extensions.
Not caching stages during query-loading, since max heap size is only 1072 MB.
Compiling query plan for /private/tmp/dfb-220-extraction150/evidence/swift-persistence-guard-v1/guard-attempt-01/probe/queries/coverage.ql.
[1/1] Found in cache: /private/tmp/dfb-220-extraction150/evidence/swift-persistence-guard-v1/guard-attempt-01/probe/queries/coverage.ql.
Starting evaluation of dataflowbench/swift-keyed-persistence-prototype/coverage.ql.
[1/1 eval 23.6s] Evaluation done; writing results to /private/tmp/dfb-220-extraction150/evidence/swift-persistence-guard-v1/guard-attempt-01/probe/coverage.bqrs.
Shutting down query evaluator.
       25.39 real        58.74 user         1.15 sys
          1360232448  maximum resident set size
                   0  average shared memory size
                   0  average unshared data size
                   0  average unshared stack size
              112395  page reclaims
                1809  page faults
                   0  swaps
                   0  block input operations
                   0  block output operations
                   0  messages sent
                   0  messages received
                  72  signals received
                 203  voluntary context switches
               62747  involuntary context switches
            41776892  instructions retired
            18174576  cycles elapsed
             1753496  peak memory footprint
