Resolving data extensions.
Finished resolving data extensions.
Loading data extensions.
Finished loading data extensions.
Not caching stages during query-loading, since max heap size is only 1072 MB.
Compiling query plan for /private/tmp/dfb-220-extraction150/evidence/swift-persistence-guard-v1/guard-attempt-01/probe/queries/getters.ql.
[1/1] Found in cache: /private/tmp/dfb-220-extraction150/evidence/swift-persistence-guard-v1/guard-attempt-01/probe/queries/getters.ql.
Starting evaluation of dataflowbench/swift-keyed-persistence-prototype/getters.ql.
[1/1 eval 338ms] Evaluation done; writing results to /private/tmp/dfb-220-extraction150/evidence/swift-persistence-guard-v1/guard-attempt-01/probe/getters.bqrs.
Shutting down query evaluator.
        2.06 real         5.62 user         0.54 sys
           456507392  maximum resident set size
                   0  average shared memory size
                   0  average unshared data size
                   0  average unshared stack size
               51078  page reclaims
                 102  page faults
                   0  swaps
                   0  block input operations
                   0  block output operations
                   0  messages sent
                   0  messages received
                  14  signals received
                  47  voluntary context switches
               25009  involuntary context switches
            41459927  instructions retired
            18047661  cycles elapsed
             1753496  peak memory footprint
