Resolving data extensions.
Finished resolving data extensions.
Loading data extensions.
Finished loading data extensions.
Not caching stages during query-loading, since max heap size is only 1072 MB.
Compiling query plan for /private/tmp/dfb-220-extraction150/evidence/swift-persistence-guard-v1/guard-attempt-01/probe/queries/payloads.ql.
[1/1] Found in cache: /private/tmp/dfb-220-extraction150/evidence/swift-persistence-guard-v1/guard-attempt-01/probe/queries/payloads.ql.
Starting evaluation of dataflowbench/swift-keyed-persistence-prototype/payloads.ql.
[1/1 eval 353ms] Evaluation done; writing results to /private/tmp/dfb-220-extraction150/evidence/swift-persistence-guard-v1/guard-attempt-01/probe/payloads.bqrs.
Shutting down query evaluator.
        2.05 real         5.73 user         0.56 sys
           448675840  maximum resident set size
                   0  average shared memory size
                   0  average unshared data size
                   0  average unshared stack size
               50695  page reclaims
                 102  page faults
                   0  swaps
                   0  block input operations
                   0  block output operations
                   0  messages sent
                   0  messages received
                  15  signals received
                  48  voluntary context switches
               25758  involuntary context switches
            41429698  instructions retired
            17819210  cycles elapsed
             1753496  peak memory footprint
