Resolving data extensions.
Finished resolving data extensions.
Loading data extensions.
Finished loading data extensions.
Not caching stages during query-loading, since max heap size is only 1072 MB.
Compiling query plan for /private/tmp/dfb-220-extraction150/evidence/swift-persistence-guard-v1/guard-attempt-01/probe/queries/receiver-proof.ql.
[1/1] Found in cache: /private/tmp/dfb-220-extraction150/evidence/swift-persistence-guard-v1/guard-attempt-01/probe/queries/receiver-proof.ql.
Starting evaluation of dataflowbench/swift-keyed-persistence-prototype/receiver-proof.ql.
[1/1 eval 463ms] Evaluation done; writing results to /private/tmp/dfb-220-extraction150/evidence/swift-persistence-guard-v1/guard-attempt-01/probe/receiver-proof.bqrs.
Shutting down query evaluator.
        2.21 real         6.35 user         0.57 sys
           455229440  maximum resident set size
                   0  average shared memory size
                   0  average unshared data size
                   0  average unshared stack size
               53611  page reclaims
                 102  page faults
                   0  swaps
                   0  block input operations
                   0  block output operations
                   0  messages sent
                   0  messages received
                  14  signals received
                  49  voluntary context switches
               26362  involuntary context switches
            41623926  instructions retired
            18121220  cycles elapsed
             1753496  peak memory footprint
