Resolving data extensions.
Finished resolving data extensions.
Loading data extensions.
Finished loading data extensions.
Not caching stages during query-loading, since max heap size is only 1072 MB.
Compiling query plan for /private/tmp/dfb-220-extraction150/evidence/swift-persistence-qualification-v1/control-attempt-01/probe/queries/flow.ql.
[1/1] Found in cache: /private/tmp/dfb-220-extraction150/evidence/swift-persistence-qualification-v1/control-attempt-01/probe/queries/flow.ql.
Starting evaluation of dataflowbench/swift-persistence/flow.ql.
[1/1 eval 9.2s] Evaluation done; writing results to /private/tmp/dfb-220-extraction150/evidence/swift-persistence-qualification-v1/control-attempt-01/probe/flow.bqrs.
Shutting down query evaluator.
       11.12 real        27.24 user         0.89 sys
           834830336  maximum resident set size
                   0  average shared memory size
                   0  average unshared data size
                   0  average unshared stack size
               80748  page reclaims
                 582  page faults
                   0  swaps
                   0  block input operations
                   0  block output operations
                   0  messages sent
                   0  messages received
                  35  signals received
                 109  voluntary context switches
               44826  involuntary context switches
            41644921  instructions retired
            18154520  cycles elapsed
             1753496  peak memory footprint
