Resolving data extensions.
Finished resolving data extensions.
Loading data extensions.
Finished loading data extensions.
Not caching stages during query-loading, since max heap size is only 1072 MB.
Compiling query plan for /private/tmp/dfb-220-extraction150/evidence/swift-persistence-qualification-v1/control-attempt-01/probe/queries/identity.ql.
[1/1] Found in cache: /private/tmp/dfb-220-extraction150/evidence/swift-persistence-qualification-v1/control-attempt-01/probe/queries/identity.ql.
Starting evaluation of dataflowbench/swift-persistence/identity.ql.
[1/1 eval 373ms] Evaluation done; writing results to /private/tmp/dfb-220-extraction150/evidence/swift-persistence-qualification-v1/control-attempt-01/probe/identity.bqrs.
Shutting down query evaluator.
        2.05 real         5.63 user         0.54 sys
           430292992  maximum resident set size
                   0  average shared memory size
                   0  average unshared data size
                   0  average unshared stack size
               50858  page reclaims
                 102  page faults
                   0  swaps
                   0  block input operations
                   0  block output operations
                   0  messages sent
                   0  messages received
                  16  signals received
                  56  voluntary context switches
               25390  involuntary context switches
            41706330  instructions retired
            18771463  cycles elapsed
             1753496  peak memory footprint
