Resolving data extensions.
Finished resolving data extensions.
Loading data extensions.
Finished loading data extensions.
Not caching stages during query-loading, since max heap size is only 1072 MB.
Compiling query plan for /private/tmp/dfb-220-extraction150/evidence/swift-persistence-qualification-v1/control-attempt-01/probe/queries/persistence-ports.ql.
[1/1 comp 12.4s] Compiled /private/tmp/dfb-220-extraction150/evidence/swift-persistence-qualification-v1/control-attempt-01/probe/queries/persistence-ports.ql.
Starting evaluation of dataflowbench/swift-persistence/persistence-ports.ql.
[1/1 eval 1.1s] Evaluation done; writing results to /private/tmp/dfb-220-extraction150/evidence/swift-persistence-qualification-v1/control-attempt-01/probe/persistence-ports.bqrs.
Shutting down query evaluator.
       15.30 real        44.87 user         1.32 sys
          1473773568  maximum resident set size
                   0  average shared memory size
                   0  average unshared data size
                   0  average unshared stack size
              121789  page reclaims
                 119  page faults
                   0  swaps
                   0  block input operations
                   0  block output operations
                   0  messages sent
                   0  messages received
                  28  signals received
                 953  voluntary context switches
               96538  involuntary context switches
            45236846  instructions retired
            21968216  cycles elapsed
             1753496  peak memory footprint
