Resolving data extensions.
Finished resolving data extensions.
Loading data extensions.
Finished loading data extensions.
Not caching stages during query-loading, since max heap size is only 1072 MB.
Compiling query plan for /private/tmp/dfb-220-extraction150/evidence/swift-persistence-qualification-v1/control-attempt-01/probe/queries/persistence-identity.ql.
[1/1 comp 8.7s] Compiled /private/tmp/dfb-220-extraction150/evidence/swift-persistence-qualification-v1/control-attempt-01/probe/queries/persistence-identity.ql.
Starting evaluation of dataflowbench/swift-persistence/persistence-identity.ql.
[1/1 eval 611ms] Evaluation done; writing results to /private/tmp/dfb-220-extraction150/evidence/swift-persistence-qualification-v1/control-attempt-01/probe/persistence-identity.bqrs.
Shutting down query evaluator.
       10.44 real        36.98 user         1.05 sys
          1480622080  maximum resident set size
                   0  average shared memory size
                   0  average unshared data size
                   0  average unshared stack size
              123787  page reclaims
                 120  page faults
                   0  swaps
                   0  block input operations
                   0  block output operations
                   0  messages sent
                   0  messages received
                  35  signals received
                 175  voluntary context switches
               70637  involuntary context switches
            41635349  instructions retired
            18065947  cycles elapsed
             1737112  peak memory footprint
