Resolving data extensions.
Finished resolving data extensions.
Loading data extensions.
Finished loading data extensions.
Not caching stages during query-loading, since max heap size is only 1072 MB.
Compiling query plan for /private/tmp/dfb-220-extraction150/evidence/swift-persistence-qualification-v1/control-attempt-01/probe/queries/persistence-edges.ql.
[1/1 comp 10.2s] Compiled /private/tmp/dfb-220-extraction150/evidence/swift-persistence-qualification-v1/control-attempt-01/probe/queries/persistence-edges.ql.
Starting evaluation of dataflowbench/swift-persistence/persistence-edges.ql.
[1/1 eval 711ms] Evaluation done; writing results to /private/tmp/dfb-220-extraction150/evidence/swift-persistence-qualification-v1/control-attempt-01/probe/persistence-edges.bqrs.
Shutting down query evaluator.
       12.29 real        43.12 user         1.39 sys
          1452949504  maximum resident set size
                   0  average shared memory size
                   0  average unshared data size
                   0  average unshared stack size
              141135  page reclaims
                 138  page faults
                   0  swaps
                   0  block input operations
                   0  block output operations
                   0  messages sent
                   0  messages received
                  37  signals received
                2406  voluntary context switches
               99625  involuntary context switches
            41919692  instructions retired
            19951025  cycles elapsed
             1753496  peak memory footprint
