Resolving data extensions.
Finished resolving data extensions.
Loading data extensions.
Finished loading data extensions.
Not caching stages during query-loading, since max heap size is only 1072 MB.
Compiling query plan for /private/tmp/dfb-220-extraction150/evidence/swift-persistence-qualification-v1/control-attempt-01/probe/queries/persistence-keys.ql.
[1/1 comp 12.2s] Compiled /private/tmp/dfb-220-extraction150/evidence/swift-persistence-qualification-v1/control-attempt-01/probe/queries/persistence-keys.ql.
Starting evaluation of dataflowbench/swift-persistence/persistence-keys.ql.
[1/1 eval 332ms] Evaluation done; writing results to /private/tmp/dfb-220-extraction150/evidence/swift-persistence-qualification-v1/control-attempt-01/probe/persistence-keys.bqrs.
Shutting down query evaluator.
       13.89 real        39.83 user         1.36 sys
          1420607488  maximum resident set size
                   0  average shared memory size
                   0  average unshared data size
                   0  average unshared stack size
              126236  page reclaims
                 104  page faults
                   0  swaps
                   0  block input operations
                   0  block output operations
                   0  messages sent
                   0  messages received
                  32  signals received
                  51  voluntary context switches
              131714  involuntary context switches
            41809975  instructions retired
            18412815  cycles elapsed
             1753496  peak memory footprint
