Resolving data extensions.
Finished resolving data extensions.
Loading data extensions.
Finished loading data extensions.
Not caching stages during query-loading, since max heap size is only 1072 MB.
Compiling query plan for /private/tmp/dfb-220-extraction150/evidence/swift-persistence-qualification-v1/control-attempt-01/probe/queries/roles.ql.
[1/1] Found in cache: /private/tmp/dfb-220-extraction150/evidence/swift-persistence-qualification-v1/control-attempt-01/probe/queries/roles.ql.
Starting evaluation of dataflowbench/swift-persistence/roles.ql.
[1/1 eval 11.2s] Evaluation done; writing results to /private/tmp/dfb-220-extraction150/evidence/swift-persistence-qualification-v1/control-attempt-01/probe/roles.bqrs.
Shutting down query evaluator.
       13.23 real        34.46 user         1.21 sys
          1370898432  maximum resident set size
                   0  average shared memory size
                   0  average unshared data size
                   0  average unshared stack size
              112868  page reclaims
                1816  page faults
                   0  swaps
                   0  block input operations
                   0  block output operations
                   0  messages sent
                   0  messages received
                  67  signals received
                2081  voluntary context switches
               65764  involuntary context switches
            41678371  instructions retired
            18455078  cycles elapsed
             1753496  peak memory footprint
