Resolving data extensions.
Finished resolving data extensions.
Loading data extensions.
Finished loading data extensions.
Not caching stages during query-loading, since max heap size is only 1072 MB.
Compiling query plan for /private/tmp/dfb-220-extraction150/evidence/swift-resolved-native-v1/canonical-append-attempt-01/dfb-taint-swift-native-propagator-positive/probe/queries/flow.ql.
[1/1 comp 15.1s] Compiled /private/tmp/dfb-220-extraction150/evidence/swift-resolved-native-v1/canonical-append-attempt-01/dfb-taint-swift-native-propagator-positive/probe/queries/flow.ql.
Starting evaluation of dataflowbench/swift-resolved-native/flow.ql.
[1/1 eval 9.5s] Evaluation done; writing results to /private/tmp/dfb-220-extraction150/evidence/swift-resolved-native-v1/canonical-append-attempt-01/dfb-taint-swift-native-propagator-positive/probe/flow.bqrs.
Shutting down query evaluator.
       25.82 real        81.60 user         1.96 sys
          1508376576  maximum resident set size
                   0  average shared memory size
                   0  average unshared data size
                   0  average unshared stack size
              146925  page reclaims
                 582  page faults
                   0  swaps
                   0  block input operations
                   0  block output operations
                   0  messages sent
                   0  messages received
                  57  signals received
                 102  voluntary context switches
              170899  involuntary context switches
            45308437  instructions retired
            19528755  cycles elapsed
             1786264  peak memory footprint
