Resolving data extensions.
Finished resolving data extensions.
Loading data extensions.
Finished loading data extensions.
Not caching stages during query-loading, since max heap size is only 1072 MB.
Compiling query plan for /private/tmp/dfb-220-extraction150/evidence/swift-resolved-native-v1/canonical-append-attempt-01/dfb-taint-swift-native-propagator-positive/probe/queries/roles.ql.
[1/1 comp 8.8s] Compiled /private/tmp/dfb-220-extraction150/evidence/swift-resolved-native-v1/canonical-append-attempt-01/dfb-taint-swift-native-propagator-positive/probe/queries/roles.ql.
Starting evaluation of dataflowbench/swift-resolved-native/roles.ql.
[1/1 eval 10.8s] Evaluation done; writing results to /private/tmp/dfb-220-extraction150/evidence/swift-resolved-native-v1/canonical-append-attempt-01/dfb-taint-swift-native-propagator-positive/probe/roles.bqrs.
Shutting down query evaluator.
       20.79 real        63.35 user         1.72 sys
          1489649664  maximum resident set size
                   0  average shared memory size
                   0  average unshared data size
                   0  average unshared stack size
              122428  page reclaims
                1809  page faults
                   0  swaps
                   0  block input operations
                   0  block output operations
                   0  messages sent
                   0  messages received
                  89  signals received
                1749  voluntary context switches
              134872  involuntary context switches
            42158794  instructions retired
            18672348  cycles elapsed
             1786264  peak memory footprint
