[INFO ] initialising from existing storage (/private/tmp/dfb-220-full108-20260928/reports/raw/joern-normal-v1/current108-2026-09-28-01/dfb-taint-swift-modeled-external-summary-negative/workspace/cpg.bin/cpg.bin.tmp)
[INFO ] Start of pass: io.joern.x2cpg.passes.base.FileCreationPass
[INFO ] Pass io.joern.x2cpg.passes.base.FileCreationPass completed in 14 ms (70% on mutations). 35 + 0 changes committed from 1 parts.
[INFO ] Start of pass: io.joern.x2cpg.passes.base.NamespaceCreator
[INFO ] Pass io.joern.x2cpg.passes.base.NamespaceCreator completed in 3 ms (44% on mutations). 5 + 0 changes committed from 1 parts.
[INFO ] Start of pass: io.joern.x2cpg.passes.base.TypeDeclStubCreator
[INFO ] Pass io.joern.x2cpg.passes.base.TypeDeclStubCreator completed in 3 ms (34% on mutations). 5 + 0 changes committed from 1 parts.
[INFO ] Start of pass: io.joern.x2cpg.passes.base.MethodStubCreator
[INFO ] Pass io.joern.x2cpg.passes.base.MethodStubCreator completed in 9 ms (13% on mutations). 16 + 0 changes committed from 1 parts.
[INFO ] Start of pass: io.joern.x2cpg.passes.base.ParameterIndexCompatPass
[INFO ] Pass io.joern.x2cpg.passes.base.ParameterIndexCompatPass completed in 1 ms (39% on mutations). 0 + 0 changes committed from 1 parts.
[INFO ] Start of pass: io.joern.x2cpg.passes.base.MethodDecoratorPass
[INFO ] Pass io.joern.x2cpg.passes.base.MethodDecoratorPass completed in 3 ms (31% on mutations). 21 + 0 changes committed from 1 parts.
[INFO ] Start of pass: io.joern.x2cpg.passes.base.AstLinkerPass
[INFO ] Pass io.joern.x2cpg.passes.base.AstLinkerPass completed in 2 ms (13% on mutations). 7 + 0 changes committed from 1 parts.
[INFO ] Start of pass: io.joern.x2cpg.passes.base.ContainsEdgePass
[INFO ] Pass io.joern.x2cpg.passes.base.ContainsEdgePass completed in 2 ms (19% on mutations). 46 + 0 changes committed from 41 parts.
[INFO ] Start of pass: io.joern.x2cpg.passes.base.TypeRefPass
[INFO ] Pass io.joern.x2cpg.passes.base.TypeRefPass completed in 1 ms (29% on mutations). 23 + 0 changes committed from 1 parts.
[INFO ] Start of pass: io.joern.x2cpg.passes.base.TypeEvalPass
[INFO ] Could not create edge. Destination lookup failed. edgeType=EVAL_TYPE, srcNodeType=LOCAL, srcNodeId=94489280513, dstNodeType=TYPE, dstFullName=ModeledExternalSummaryNegative.swift:<global>
[INFO ] Could not create edge. Destination lookup failed. edgeType=EVAL_TYPE, srcNodeType=LOCAL, srcNodeId=94489280514, dstNodeType=TYPE, dstFullName=main.swift:<global>
[INFO ] Could not create edge. Destination lookup failed. edgeType=EVAL_TYPE, srcNodeType=IDENTIFIER, srcNodeId=68719476738, dstNodeType=TYPE, dstFullName=ModeledExternalSummaryNegative.swift:<global>
[INFO ] Could not create edge. Destination lookup failed. edgeType=EVAL_TYPE, srcNodeType=IDENTIFIER, srcNodeId=68719476739, dstNodeType=TYPE, dstFullName=ModeledExternalSummaryNegative.swift:<global>
[INFO ] Could not create edge. Destination lookup failed. edgeType=EVAL_TYPE, srcNodeType=IDENTIFIER, srcNodeId=68719476743, dstNodeType=TYPE, dstFullName=main.swift:<global>
[INFO ] Pass io.joern.x2cpg.passes.base.TypeEvalPass completed in 1 ms (27% on mutations). 52 + 0 changes committed from 1 parts.
[INFO ] Start of pass: io.shiftleft.semanticcpg.Overlays$$anon$1
[INFO ] Pass io.shiftleft.semanticcpg.Overlays$$anon$1 completed in 2 ms (32% on mutations). 1 + 0 changes committed from 1 parts.
[INFO ] Start of pass: io.joern.x2cpg.passes.controlflow.CfgCreationPass
[INFO ] Pass io.joern.x2cpg.passes.controlflow.CfgCreationPass completed in 6 ms (6% on mutations). 30 + 0 changes committed from 11 parts.
[INFO ] Start of pass: io.joern.x2cpg.passes.controlflow.cfgdominator.CfgDominatorPass
[INFO ] Pass io.joern.x2cpg.passes.controlflow.cfgdominator.CfgDominatorPass completed in 5 ms (16% on mutations). 60 + 0 changes committed from 11 parts.
[INFO ] Start of pass: io.joern.x2cpg.passes.controlflow.codepencegraph.CdgPass
[INFO ] Pass io.joern.x2cpg.passes.controlflow.codepencegraph.CdgPass completed in 2 ms (15% on mutations). 0 + 0 changes committed from 11 parts.
[INFO ] Start of pass: io.shiftleft.semanticcpg.Overlays$$anon$1
[INFO ] Pass io.shiftleft.semanticcpg.Overlays$$anon$1 completed in 0 ms (78% on mutations). 1 + 0 changes committed from 1 parts.
[INFO ] Start of pass: io.joern.x2cpg.passes.typerelations.TypeHierarchyPass
[INFO ] Pass io.joern.x2cpg.passes.typerelations.TypeHierarchyPass completed in 1 ms (27% on mutations). 4 + 0 changes committed from 1 parts.
[INFO ] Start of pass: io.joern.x2cpg.passes.typerelations.AliasLinkerPass
[INFO ] Pass io.joern.x2cpg.passes.typerelations.AliasLinkerPass completed in 0 ms (37% on mutations). 0 + 0 changes committed from 1 parts.
[INFO ] Start of pass: io.joern.x2cpg.passes.typerelations.FieldAccessLinkerPass
[INFO ] Pass io.joern.x2cpg.passes.typerelations.FieldAccessLinkerPass completed in 1 ms (23% on mutations). 0 + 0 changes committed from 1 parts.
[INFO ] Start of pass: io.shiftleft.semanticcpg.Overlays$$anon$1
[INFO ] Pass io.shiftleft.semanticcpg.Overlays$$anon$1 completed in 0 ms (79% on mutations). 1 + 0 changes committed from 1 parts.
[INFO ] Start of pass: io.joern.x2cpg.passes.callgraph.MethodRefLinker
[INFO ] Pass io.joern.x2cpg.passes.callgraph.MethodRefLinker completed in 3 ms (92% on mutations). 3 + 0 changes committed from 1 parts.
[INFO ] Start of pass: io.joern.x2cpg.passes.callgraph.StaticCallLinker
[INFO ] Pass io.joern.x2cpg.passes.callgraph.StaticCallLinker completed in 1 ms (21% on mutations). 3 + 0 changes committed from 1 parts.
[INFO ] Start of pass: io.joern.x2cpg.passes.callgraph.DynamicCallLinker
[INFO ] Pass io.joern.x2cpg.passes.callgraph.DynamicCallLinker completed in 3 ms (8% on mutations). 3 + 0 changes committed from 1 parts.
[INFO ] Start of pass: io.shiftleft.semanticcpg.Overlays$$anon$1
[INFO ] Pass io.shiftleft.semanticcpg.Overlays$$anon$1 completed in 0 ms (77% on mutations). 1 + 0 changes committed from 1 parts.
[INFO ] Start of pass: io.joern.dataflowengineoss.passes.reachingdef.ReachingDefPass
[INFO ] Calculating reaching definitions for: DataFlowBenchTaintSwift.ThirdPartyBridge.hold:(Swift.Int)->Swift.Int in ThirdPartyBridge.swift
[INFO ] Calculating reaching definitions for: main.swift:<global> in main.swift
[INFO ] Calculating reaching definitions for: Swift.print:(_:Any...,separator:Swift.String,terminator:Swift.String)->() in <empty>
[INFO ] Calculating reaching definitions for: <operator>.assignment in <empty>
[INFO ] Calculating reaching definitions for: DataFlowBenchTaintSwift.dfb_source:()->Swift.Int in ModeledExternalSummaryNegative.swift
[INFO ] Calculating reaching definitions for: DataFlowBenchTaintSwift.ThirdPartyBridge.init:()->DataFlowBenchTaintSwift.ThirdPartyBridge in ThirdPartyBridge.swift
[INFO ] Calculating reaching definitions for: DataFlowBenchTaintSwift.ThirdPartyBridge.passThrough:(Swift.Int)->Swift.Int in ThirdPartyBridge.swift
[INFO ] Calculating reaching definitions for: ModeledExternalSummaryNegative.swift:<global> in ModeledExternalSummaryNegative.swift
[INFO ] Calculating reaching definitions for: ThirdPartyBridge.swift:<global> in ThirdPartyBridge.swift
[INFO ] Calculating reaching definitions for: DataFlowBenchTaintSwift.dfb_sink:(Swift.Int)->() in ModeledExternalSummaryNegative.swift
[INFO ] Number of definitions for <operator>.assignment: 2
[INFO ] Number of definitions for Swift.print:(_:Any...,separator:Swift.String,terminator:Swift.String)->(): 1
[INFO ] Number of definitions for DataFlowBenchTaintSwift.ThirdPartyBridge.init:()->DataFlowBenchTaintSwift.ThirdPartyBridge: 1
[INFO ] Number of definitions for DataFlowBenchTaintSwift.ThirdPartyBridge.passThrough:(Swift.Int)->Swift.Int: 1
[INFO ] Number of definitions for DataFlowBenchTaintSwift.dfb_source:()->Swift.Int: 0
[INFO ] Number of definitions for DataFlowBenchTaintSwift.ThirdPartyBridge.hold:(Swift.Int)->Swift.Int: 1
[INFO ] Number of definitions for ModeledExternalSummaryNegative.swift:<global>: 0
[INFO ] Number of definitions for ThirdPartyBridge.swift:<global>: 0
[INFO ] Number of definitions for main.swift:<global>: 1
[INFO ] Number of definitions for DataFlowBenchTaintSwift.dfb_sink:(Swift.Int)->(): 3
[INFO ] Calculating reaching definitions for: DataFlowBenchTaintSwift.run:()->() in ModeledExternalSummaryNegative.swift
[INFO ] Number of definitions for DataFlowBenchTaintSwift.run:()->(): 10
[INFO ] Pass io.joern.dataflowengineoss.passes.reachingdef.ReachingDefPass completed in 29 ms (2% on mutations). 57 + 0 changes committed from 11 parts.
[INFO ] Start of pass: io.shiftleft.semanticcpg.Overlays$$anon$1
[INFO ] Pass io.shiftleft.semanticcpg.Overlays$$anon$1 completed in 0 ms (71% on mutations). 1 + 0 changes committed from 1 parts.
[INFO ] Start of pass: io.joern.x2cpg.frontendspecific.swiftsrc2cpg.SwiftInheritanceNamePass
[INFO ] Pass io.joern.x2cpg.frontendspecific.swiftsrc2cpg.SwiftInheritanceNamePass completed in 5 ms (6% on mutations). 0 + 0 changes committed from 1 parts.
[INFO ] Start of pass: io.joern.x2cpg.frontendspecific.swiftsrc2cpg.ConstClosurePass
[INFO ] Pass io.joern.x2cpg.frontendspecific.swiftsrc2cpg.ConstClosurePass completed in 2 ms (9% on mutations). 0 + 0 changes committed from 1 parts.
[INFO ] Start of pass: io.joern.x2cpg.frontendspecific.swiftsrc2cpg.SwiftTypeRecovery
[INFO ] Pass io.joern.x2cpg.frontendspecific.swiftsrc2cpg.SwiftTypeRecovery completed in 13 ms (4% on mutations). 17 + 0 changes committed from 4 parts.
[INFO ] Start of pass: io.joern.x2cpg.frontendspecific.swiftsrc2cpg.SwiftTypeRecovery
[INFO ] Pass io.joern.x2cpg.frontendspecific.swiftsrc2cpg.SwiftTypeRecovery completed in 3 ms (12% on mutations). 27 + 0 changes committed from 4 parts.
[INFO ] Start of pass: io.joern.x2cpg.frontendspecific.swiftsrc2cpg.SwiftTypeHintCallLinker
[INFO ] Pass io.joern.x2cpg.frontendspecific.swiftsrc2cpg.SwiftTypeHintCallLinker completed in 3 ms (19% on mutations). 1 + 0 changes committed from 1 parts.
[INFO ] Start of pass: io.joern.x2cpg.passes.callgraph.NaiveCallLinker
[INFO ] Pass io.joern.x2cpg.passes.callgraph.NaiveCallLinker completed in 2 ms (12% on mutations). 0 + 0 changes committed from 1 parts.
[INFO ] writing to storage at `/private/tmp/dfb-220-full108-20260928/reports/raw/joern-normal-v1/current108-2026-09-28-01/dfb-taint-swift-modeled-external-summary-negative/workspace/cpg.bin/cpg.bin.tmp`
[INFO ] closed graph at /private/tmp/dfb-220-full108-20260928/reports/raw/joern-normal-v1/current108-2026-09-28-01/dfb-taint-swift-modeled-external-summary-negative/workspace/cpg.bin/cpg.bin.tmp
