Resolving data extensions.
Finished resolving data extensions.
Loading data extensions.
Finished loading data extensions.
Not caching stages during query-loading, since max heap size is only 1072 MB.
Compiling query plan for /private/tmp/dfb-220-extraction150/evidence/swift-resolved-native-v1/canonical-sanitizer-attempt-01/dfb-taint-swift-native-sanitizer-positive/probe/queries/barriers.ql.
[1/1] Found in cache: /private/tmp/dfb-220-extraction150/evidence/swift-resolved-native-v1/canonical-sanitizer-attempt-01/dfb-taint-swift-native-sanitizer-positive/probe/queries/barriers.ql.
Starting evaluation of dataflowbench/swift-sanitizer/barriers.ql.
[1/1 eval 610ms] Evaluation done; writing results to /private/tmp/dfb-220-extraction150/evidence/swift-resolved-native-v1/canonical-sanitizer-attempt-01/dfb-taint-swift-native-sanitizer-positive/probe/barriers.bqrs.
Shutting down query evaluator.
        2.40 real         7.17 user         0.59 sys
           454180864  maximum resident set size
                   0  average shared memory size
                   0  average unshared data size
                   0  average unshared stack size
               50061  page reclaims
                 534  page faults
                   0  swaps
                   0  block input operations
                   0  block output operations
                   0  messages sent
                   0  messages received
                  18  signals received
                  76  voluntary context switches
               28656  involuntary context switches
            41990367  instructions retired
            18053637  cycles elapsed
             1786264  peak memory footprint
