Resolving data extensions.
Finished resolving data extensions.
Loading data extensions.
Finished loading data extensions.
Not caching stages during query-loading, since max heap size is only 1072 MB.
Compiling query plan for /private/tmp/dfb-220-extraction150/evidence/swift-resolved-native-v1/canonical-sanitizer-attempt-01/dfb-taint-swift-native-sanitizer-positive/probe/queries/conversion-identity.ql.
[1/1] Found in cache: /private/tmp/dfb-220-extraction150/evidence/swift-resolved-native-v1/canonical-sanitizer-attempt-01/dfb-taint-swift-native-sanitizer-positive/probe/queries/conversion-identity.ql.
Starting evaluation of dataflowbench/swift-sanitizer/conversion-identity.ql.
[1/1 eval 423ms] Evaluation done; writing results to /private/tmp/dfb-220-extraction150/evidence/swift-resolved-native-v1/canonical-sanitizer-attempt-01/dfb-taint-swift-native-sanitizer-positive/probe/conversion-identity.bqrs.
Shutting down query evaluator.
        2.13 real         6.04 user         0.56 sys
           441696256  maximum resident set size
                   0  average shared memory size
                   0  average unshared data size
                   0  average unshared stack size
               50987  page reclaims
                 102  page faults
                   0  swaps
                   0  block input operations
                   0  block output operations
                   0  messages sent
                   0  messages received
                  20  signals received
                  51  voluntary context switches
               26494  involuntary context switches
            42024101  instructions retired
            18228183  cycles elapsed
             1786264  peak memory footprint
