Resolving data extensions.
Finished resolving data extensions.
Loading data extensions.
Finished loading data extensions.
Not caching stages during query-loading, since max heap size is only 1072 MB.
Compiling query plan for /private/tmp/dfb-220-extraction150/evidence/swift-resolved-native-v1/canonical-sanitizer-attempt-01/dfb-taint-swift-native-sanitizer-positive/probe/queries/flow.ql.
[1/1] Found in cache: /private/tmp/dfb-220-extraction150/evidence/swift-resolved-native-v1/canonical-sanitizer-attempt-01/dfb-taint-swift-native-sanitizer-positive/probe/queries/flow.ql.
Starting evaluation of dataflowbench/swift-sanitizer/flow.ql.
[1/1 eval 9.8s] Evaluation done; writing results to /private/tmp/dfb-220-extraction150/evidence/swift-resolved-native-v1/canonical-sanitizer-attempt-01/dfb-taint-swift-native-sanitizer-positive/probe/flow.bqrs.
Shutting down query evaluator.
       11.68 real        27.99 user         0.84 sys
           818593792  maximum resident set size
                   0  average shared memory size
                   0  average unshared data size
                   0  average unshared stack size
               80043  page reclaims
                 582  page faults
                   0  swaps
                   0  block input operations
                   0  block output operations
                   0  messages sent
                   0  messages received
                  31  signals received
                  90  voluntary context switches
               43356  involuntary context switches
            45596614  instructions retired
            19214920  cycles elapsed
             1786264  peak memory footprint
