Resolving data extensions.
Finished resolving data extensions.
Loading data extensions.
Finished loading data extensions.
Not caching stages during query-loading, since max heap size is only 1072 MB.
Compiling query plan for /private/tmp/dfb-220-extraction150/evidence/swift-resolved-native-v1/canonical-sanitizer-attempt-01/dfb-taint-swift-native-sanitizer-positive/probe/queries/roles.ql.
[1/1] Found in cache: /private/tmp/dfb-220-extraction150/evidence/swift-resolved-native-v1/canonical-sanitizer-attempt-01/dfb-taint-swift-native-sanitizer-positive/probe/queries/roles.ql.
Starting evaluation of dataflowbench/swift-sanitizer/roles.ql.
[1/1 eval 12.1s] Evaluation done; writing results to /private/tmp/dfb-220-extraction150/evidence/swift-resolved-native-v1/canonical-sanitizer-attempt-01/dfb-taint-swift-native-sanitizer-positive/probe/roles.bqrs.
Shutting down query evaluator.
       14.01 real        35.59 user         1.21 sys
          1348780032  maximum resident set size
                   0  average shared memory size
                   0  average unshared data size
                   0  average unshared stack size
              112261  page reclaims
                1817  page faults
                   0  swaps
                   0  block input operations
                   0  block output operations
                   0  messages sent
                   0  messages received
                  76  signals received
                1862  voluntary context switches
               61613  involuntary context switches
            42106688  instructions retired
            18653679  cycles elapsed
             1802648  peak memory footprint
