Resolving data extensions.
Finished resolving data extensions.
Loading data extensions.
Finished loading data extensions.
Not caching stages during query-loading, since max heap size is only 1072 MB.
Compiling query plan for /private/tmp/dfb-220-extraction150/evidence/swift-persistence-guard-v1/guard-attempt-02/probe/queries/calls.ql.
[1/1] Found in cache: /private/tmp/dfb-220-extraction150/evidence/swift-persistence-guard-v1/guard-attempt-02/probe/queries/calls.ql.
Starting evaluation of dataflowbench/swift-keyed-persistence-prototype/calls.ql.
[1/1 eval 399ms] Evaluation done; writing results to /private/tmp/dfb-220-extraction150/evidence/swift-persistence-guard-v1/guard-attempt-02/probe/calls.bqrs.
Shutting down query evaluator.
        2.10 real         5.96 user         0.55 sys
           451461120  maximum resident set size
                   0  average shared memory size
                   0  average unshared data size
                   0  average unshared stack size
               49345  page reclaims
                 102  page faults
                   0  swaps
                   0  block input operations
                   0  block output operations
                   0  messages sent
                   0  messages received
                  14  signals received
                  49  voluntary context switches
               26710  involuntary context switches
            41427397  instructions retired
            17823865  cycles elapsed
             1753496  peak memory footprint
