Resolving data extensions.
Finished resolving data extensions.
Loading data extensions.
Finished loading data extensions.
Not caching stages during query-loading, since max heap size is only 1072 MB.
Compiling query plan for /private/tmp/dfb-220-extraction150/evidence/swift-persistence-guard-v1/guard-attempt-02/probe/queries/coverage.ql.
[1/1 comp 8.9s] Compiled /private/tmp/dfb-220-extraction150/evidence/swift-persistence-guard-v1/guard-attempt-02/probe/queries/coverage.ql.
Starting evaluation of dataflowbench/swift-keyed-persistence-prototype/coverage.ql.
[1/1 eval 22.5s] Evaluation done; writing results to /private/tmp/dfb-220-extraction150/evidence/swift-persistence-guard-v1/guard-attempt-02/probe/coverage.bqrs.
Shutting down query evaluator.
       32.60 real        87.93 user         1.50 sys
          1476263936  maximum resident set size
                   0  average shared memory size
                   0  average unshared data size
                   0  average unshared stack size
              119964  page reclaims
                1809  page faults
                   0  swaps
                   0  block input operations
                   0  block output operations
                   0  messages sent
                   0  messages received
                  88  signals received
                 209  voluntary context switches
              113533  involuntary context switches
            41805753  instructions retired
            17924020  cycles elapsed
             1753496  peak memory footprint
