Resolving data extensions.
Finished resolving data extensions.
Loading data extensions.
Finished loading data extensions.
Not caching stages during query-loading, since max heap size is only 1072 MB.
Compiling query plan for /private/tmp/dfb-220-extraction150/evidence/swift-persistence-guard-v1/guard-attempt-02/probe/queries/payloads.ql.
[1/1] Found in cache: /private/tmp/dfb-220-extraction150/evidence/swift-persistence-guard-v1/guard-attempt-02/probe/queries/payloads.ql.
Starting evaluation of dataflowbench/swift-keyed-persistence-prototype/payloads.ql.
[1/1 eval 346ms] Evaluation done; writing results to /private/tmp/dfb-220-extraction150/evidence/swift-persistence-guard-v1/guard-attempt-02/probe/payloads.bqrs.
Shutting down query evaluator.
        2.05 real         5.73 user         0.54 sys
           450510848  maximum resident set size
                   0  average shared memory size
                   0  average unshared data size
                   0  average unshared stack size
               50619  page reclaims
                 102  page faults
                   0  swaps
                   0  block input operations
                   0  block output operations
                   0  messages sent
                   0  messages received
                  14  signals received
                  48  voluntary context switches
               26755  involuntary context switches
            41586834  instructions retired
            18381601  cycles elapsed
             1753496  peak memory footprint
