Resolving data extensions.
Finished resolving data extensions.
Loading data extensions.
Finished loading data extensions.
Not caching stages during query-loading, since max heap size is only 1072 MB.
Compiling query plan for /private/tmp/dfb-220-extraction150/evidence/swift-persistence-guard-v1/guard-attempt-02/probe/queries/receiver-proof.ql.
[1/1] Found in cache: /private/tmp/dfb-220-extraction150/evidence/swift-persistence-guard-v1/guard-attempt-02/probe/queries/receiver-proof.ql.
Starting evaluation of dataflowbench/swift-keyed-persistence-prototype/receiver-proof.ql.
[1/1 eval 442ms] Evaluation done; writing results to /private/tmp/dfb-220-extraction150/evidence/swift-persistence-guard-v1/guard-attempt-02/probe/receiver-proof.bqrs.
Shutting down query evaluator.
        2.21 real         6.20 user         0.56 sys
           437534720  maximum resident set size
                   0  average shared memory size
                   0  average unshared data size
                   0  average unshared stack size
               52017  page reclaims
                 102  page faults
                   0  swaps
                   0  block input operations
                   0  block output operations
                   0  messages sent
                   0  messages received
                  12  signals received
                  46  voluntary context switches
               27051  involuntary context switches
            41757841  instructions retired
            17621377  cycles elapsed
             1753496  peak memory footprint
