[INFO ] Running SwiftAstGen on '/private/tmp/dfb-220-full108-20260928/reports/raw/joern-normal-v1/controls-2026-09-28-02/direct-positive/on/DataFlowBenchTaintSwift'
[INFO ] Using SwiftAstGen from '/Users/dave/.cache/dataflowbench-tools/joern-v4.0.628/joern-cli/frontends/swiftsrc2cpg/bin/astgen/SwiftAstGen-mac'
[INFO ] Start of pass: io.joern.swiftsrc2cpg.passes.AstCreationPass
[INFO ] Building Swift type map from compiler log at /private/tmp/dfb-220-full108-20260928/reports/raw/joern-normal-v1/controls-2026-09-28-02/direct-positive/on/build.log
[INFO ] Got 1 type map entries.
[INFO ] Pass io.joern.swiftsrc2cpg.passes.AstCreationPass completed in 373 ms (5% on mutations). 109 + 4 changes committed from 1 parts.
[INFO ] Start of pass: io.joern.swiftsrc2cpg.passes.MetaDataPass
[INFO ] Pass io.joern.swiftsrc2cpg.passes.MetaDataPass completed in 2 ms (72% on mutations). 1 + 0 changes committed from 1 parts.
[INFO ] Start of pass: io.joern.swiftsrc2cpg.passes.BuiltinTypesPass
[INFO ] Pass io.joern.swiftsrc2cpg.passes.BuiltinTypesPass completed in 2 ms (55% on mutations). 29 + 0 changes committed from 1 parts.
[INFO ] Start of pass: io.joern.swiftsrc2cpg.passes.SwiftTypeNodePass$$anon$1
[INFO ] Pass io.joern.swiftsrc2cpg.passes.SwiftTypeNodePass$$anon$1 completed in 7 ms (14% on mutations). 18 + 0 changes committed from 1 parts.
[INFO ] Start of pass: io.joern.swiftsrc2cpg.passes.ConfigFileCreationPass
[INFO ] Pass io.joern.swiftsrc2cpg.passes.ConfigFileCreationPass completed in 4 ms (20% on mutations). 0 + 0 changes committed from 0 parts.
[INFO ] Start of pass: io.joern.swiftsrc2cpg.passes.DependenciesPass
[INFO ] Pass io.joern.swiftsrc2cpg.passes.DependenciesPass completed in 4 ms (19% on mutations). 0 + 0 changes committed from 1 parts.
[INFO ] Start of pass: io.joern.swiftsrc2cpg.passes.ExtensionsPass
[INFO ] Pass io.joern.swiftsrc2cpg.passes.ExtensionsPass completed in 1 ms (72% on mutations). 0 + 0 changes committed from 1 parts.
[INFO ] Start of pass: io.joern.swiftsrc2cpg.passes.ExtensionsPass$$anon$1
[INFO ] Pass io.joern.swiftsrc2cpg.passes.ExtensionsPass$$anon$1 completed in 1 ms (87% on mutations). 0 + 0 changes committed from 1 parts.
[INFO ] Start of pass: io.joern.swiftsrc2cpg.passes.ObjcCallFullNamePass
[INFO ] Pass io.joern.swiftsrc2cpg.passes.ObjcCallFullNamePass completed in 3 ms (29% on mutations). 0 + 0 changes committed from 1 parts.
[INFO ] Start of pass: io.joern.swiftsrc2cpg.passes.ClosureBindingsPass
[INFO ] Pass io.joern.swiftsrc2cpg.passes.ClosureBindingsPass completed in 3 ms (27% on mutations). 0 + 0 changes committed from 1 parts.
[INFO ] Start of pass: io.joern.swiftsrc2cpg.passes.FullNameUniquenessPass
[INFO ] Pass io.joern.swiftsrc2cpg.passes.FullNameUniquenessPass completed in 3 ms (26% on mutations). 0 + 0 changes committed from 1 parts.
[INFO ] Report:
+-------+------------+-----+--------+-----------+----------+
| #     | File       | LOC | Parsed | Got a CPG | Duration |
+-------+------------+-----+--------+-----------+----------+
| 1     | main.swift | 11  | yes    | yes       | 114.5 ms |
+-------+------------+-----+--------+-----------+----------+
| Total |            | 11  | 1/1    | 1/1       |          |
+-------+------------+-----+--------+-----------+----------+
[INFO ] writing to storage at `/private/tmp/dfb-220-full108-20260928/reports/raw/joern-normal-v1/controls-2026-09-28-02/direct-positive/on/cpg.bin`
[INFO ] closed graph at /private/tmp/dfb-220-full108-20260928/reports/raw/joern-normal-v1/controls-2026-09-28-02/direct-positive/on/cpg.bin
