Resolving data extensions.
Finished resolving data extensions.
Loading data extensions.
Finished loading data extensions.
Not caching stages during query-loading, since max heap size is only 1072 MB.
Compiling query plan for /private/tmp/dfb-220-extraction150/evidence/swift-persistence-initial-state-v1/attempt-01/probe/queries/calls.ql.
[1/1] Found in cache: /private/tmp/dfb-220-extraction150/evidence/swift-persistence-initial-state-v1/attempt-01/probe/queries/calls.ql.
Starting evaluation of dataflowbench/swift-keyed-persistence-prototype/calls.ql.
[1/1 eval 432ms] Evaluation done; writing results to /private/tmp/dfb-220-extraction150/evidence/swift-persistence-initial-state-v1/attempt-01/probe/calls.bqrs.
Shutting down query evaluator.
        3.73 real         8.33 user         0.73 sys
           417529856  maximum resident set size
                   0  average shared memory size
                   0  average unshared data size
                   0  average unshared stack size
               49945  page reclaims
                 102  page faults
                   0  swaps
                   0  block input operations
                   0  block output operations
                   0  messages sent
                   0  messages received
                  10  signals received
                  64  voluntary context switches
               24557  involuntary context switches
            42737942  instructions retired
            26418558  cycles elapsed
             1802648  peak memory footprint
