Resolving data extensions.
Finished resolving data extensions.
Loading data extensions.
Finished loading data extensions.
Not caching stages during query-loading, since max heap size is only 1072 MB.
Compiling query plan for /private/tmp/dfb-220-extraction150/evidence/swift-persistence-initial-state-v1/attempt-01/probe/queries/coverage.ql.
[1/1 comp 9.6s] Compiled /private/tmp/dfb-220-extraction150/evidence/swift-persistence-initial-state-v1/attempt-01/probe/queries/coverage.ql.
Starting evaluation of dataflowbench/swift-keyed-persistence-prototype/coverage.ql.
[1/1 eval 25.1s] Evaluation done; writing results to /private/tmp/dfb-220-extraction150/evidence/swift-persistence-initial-state-v1/attempt-01/probe/coverage.bqrs.
Shutting down query evaluator.
       35.91 real        93.46 user         1.96 sys
          1498578944  maximum resident set size
                   0  average shared memory size
                   0  average unshared data size
                   0  average unshared stack size
              120276  page reclaims
                1817  page faults
                   0  swaps
                   0  block input operations
                   0  block output operations
                   0  messages sent
                   0  messages received
                  83  signals received
                2087  voluntary context switches
              183962  involuntary context switches
            41677099  instructions retired
            18412828  cycles elapsed
             1753496  peak memory footprint
