Resolving data extensions.
Finished resolving data extensions.
Loading data extensions.
Finished loading data extensions.
Not caching stages during query-loading, since max heap size is only 1072 MB.
Compiling query plan for /private/tmp/dfb-220-extraction150/evidence/swift-persistence-initial-state-v1/attempt-01/probe/queries/receiver-proof.ql.
[1/1] Found in cache: /private/tmp/dfb-220-extraction150/evidence/swift-persistence-initial-state-v1/attempt-01/probe/queries/receiver-proof.ql.
Starting evaluation of dataflowbench/swift-keyed-persistence-prototype/receiver-proof.ql.
[1/1 eval 718ms] Evaluation done; writing results to /private/tmp/dfb-220-extraction150/evidence/swift-persistence-initial-state-v1/attempt-01/probe/receiver-proof.bqrs.
Shutting down query evaluator.
        4.71 real         9.68 user         0.87 sys
           393560064  maximum resident set size
                   0  average shared memory size
                   0  average unshared data size
                   0  average unshared stack size
               49842  page reclaims
                 102  page faults
                   0  swaps
                   0  block input operations
                   0  block output operations
                   0  messages sent
                   0  messages received
                   9  signals received
                  73  voluntary context switches
               25689  involuntary context switches
            41897185  instructions retired
            19968541  cycles elapsed
             1753496  peak memory footprint
