{
  "packs" : [
    {
      "name" : "codeql/concepts",
      "version" : "0.0.32",
      "library" : true,
      "result" : "INSTALLED"
    },
    {
      "name" : "codeql/controlflow",
      "version" : "2.0.42",
      "library" : true,
      "result" : "INSTALLED"
    },
    {
      "name" : "codeql/dataflow",
      "version" : "2.1.14",
      "library" : true,
      "result" : "INSTALLED"
    },
    {
      "name" : "codeql/mad",
      "version" : "1.0.58",
      "library" : true,
      "result" : "INSTALLED"
    },
    {
      "name" : "codeql/regex",
      "version" : "1.0.58",
      "library" : true,
      "result" : "INSTALLED"
    },
    {
      "name" : "codeql/ssa",
      "version" : "2.0.34",
      "library" : true,
      "result" : "INSTALLED"
    },
    {
      "name" : "codeql/suite-helpers",
      "version" : "1.0.58",
      "library" : false,
      "result" : "INSTALLED"
    },
    {
      "name" : "codeql/swift-all",
      "version" : "6.8.4",
      "library" : true,
      "result" : "IGNORED"
    },
    {
      "name" : "codeql/tutorial",
      "version" : "1.0.58",
      "library" : true,
      "result" : "INSTALLED"
    },
    {
      "name" : "codeql/typetracking",
      "version" : "2.0.42",
      "library" : true,
      "result" : "INSTALLED"
    },
    {
      "name" : "codeql/util",
      "version" : "2.0.45",
      "library" : true,
      "result" : "INSTALLED"
    }
  ],
  "packDir" : "/private/tmp/dfb-220-candidate-assets/codeql-cli/packs"
}
