Resolving data extensions.
Finished resolving data extensions.
Loading data extensions.
Finished loading data extensions.
Not caching stages during query-loading, since max heap size is only 1072 MB.
Compiling query plan for /private/tmp/dfb-220-extraction150/evidence/swift-resolved-native-v1/conversion-self-attempt-01/queries/assignment-shapes.ql.
[1/1 comp 5.4s] Compiled /private/tmp/dfb-220-extraction150/evidence/swift-resolved-native-v1/conversion-self-attempt-01/queries/assignment-shapes.ql.
Starting evaluation of dataflowbench/swift-resolved-conversion/assignment-shapes.ql.
[1/1 eval 266ms] Evaluation done; writing results to /private/tmp/dfb-220-extraction150/evidence/swift-resolved-native-v1/conversion-self-attempt-01/assignment-shapes.bqrs.
Shutting down query evaluator.
        7.03 real        21.50 user         0.88 sys
          1139933184  maximum resident set size
                   0  average shared memory size
                   0  average unshared data size
                   0  average unshared stack size
               97349  page reclaims
                 811  page faults
                   0  swaps
                   0  block input operations
                   0  block output operations
                   0  messages sent
                   0  messages received
                  26  signals received
                1062  voluntary context switches
               56611  involuntary context switches
            41528862  instructions retired
            24172899  cycles elapsed
             1737112  peak memory footprint
