Resolving data extensions.
Finished resolving data extensions.
Loading data extensions.
Finished loading data extensions.
Not caching stages during query-loading, since max heap size is only 1072 MB.
Compiling query plan for /private/tmp/dfb-220-extraction150/evidence/swift-resolved-native-v1/conversion-self-attempt-01/queries/self-assignment.ql.
[1/1 comp 10.1s] Compiled /private/tmp/dfb-220-extraction150/evidence/swift-resolved-native-v1/conversion-self-attempt-01/queries/self-assignment.ql.
Starting evaluation of dataflowbench/swift-resolved-conversion/self-assignment.ql.
[1/1 eval 753ms] Evaluation done; writing results to /private/tmp/dfb-220-extraction150/evidence/swift-resolved-native-v1/conversion-self-attempt-01/self-assignment.bqrs.
Shutting down query evaluator.
       12.06 real        41.68 user         1.20 sys
          1443659776  maximum resident set size
                   0  average shared memory size
                   0  average unshared data size
                   0  average unshared stack size
              123856  page reclaims
                 102  page faults
                   0  swaps
                   0  block input operations
                   0  block output operations
                   0  messages sent
                   0  messages received
                  30  signals received
                 354  voluntary context switches
               86826  involuntary context switches
            41213146  instructions retired
            18054302  cycles elapsed
             1704344  peak memory footprint
