Resolving data extensions.
Finished resolving data extensions.
Loading data extensions.
Finished loading data extensions.
Not caching stages during query-loading, since max heap size is only 1072 MB.
Compiling query plan for /private/tmp/dfb-220-extraction150/evidence/swift-opaque-objc-v1/endpoint-attempt-01/queries/endpoints.ql.
[1/1 comp 5s] Compiled /private/tmp/dfb-220-extraction150/evidence/swift-opaque-objc-v1/endpoint-attempt-01/queries/endpoints.ql.
Starting evaluation of dataflowbench/swift-opaque-objc-control/endpoints.ql.
[1/1 eval 509ms] Evaluation done; writing results to /private/tmp/dfb-220-extraction150/evidence/swift-opaque-objc-v1/endpoint-attempt-01/endpoints.bqrs.
Shutting down query evaluator.
        6.70 real        21.10 user         0.84 sys
          1267646464  maximum resident set size
                   0  average shared memory size
                   0  average unshared data size
                   0  average unshared stack size
              104575  page reclaims
                 808  page faults
                   0  swaps
                   0  block input operations
                   0  block output operations
                   0  messages sent
                   0  messages received
                  25  signals received
                1023  voluntary context switches
               57270  involuntary context switches
            41076134  instructions retired
            17819792  cycles elapsed
             1704344  peak memory footprint
