Resolving data extensions.
Finished resolving data extensions.
Loading data extensions.
Finished loading data extensions.
Not caching stages during query-loading, since max heap size is only 1072 MB.
Compiling query plan for /private/tmp/dfb-220-extraction150/evidence/swift-foundation-sources-v1/retained-api-01/queries/flow.ql.
[1/1 comp 14.2s] Compiled /private/tmp/dfb-220-extraction150/evidence/swift-foundation-sources-v1/retained-api-01/queries/flow.ql.
Starting evaluation of dataflowbench/swift-foundation-sources/flow.ql.
[1/1 eval 9s] Evaluation done; writing results to /private/tmp/dfb-220-extraction150/evidence/swift-foundation-sources-v1/retained-api-01/flow.bqrs.
Shutting down query evaluator.
       24.47 real        77.13 user         1.60 sys
          1496186880  maximum resident set size
                   0  average shared memory size
                   0  average unshared data size
                   0  average unshared stack size
              136528  page reclaims
                 586  page faults
                   0  swaps
                   0  block input operations
                   0  block output operations
                   0  messages sent
                   0  messages received
                  55  signals received
                 293  voluntary context switches
              157018  involuntary context switches
            41335527  instructions retired
            18407257  cycles elapsed
             1737112  peak memory footprint
