Resolving data extensions.
Finished resolving data extensions.
Loading data extensions.
Finished loading data extensions.
Not caching stages during query-loading, since max heap size is only 1072 MB.
Compiling query plan for /private/tmp/dfb-220-extraction150/evidence/swift-foundation-sources-v1/retained-api-01/queries/identity.ql.
[1/1 comp 8.8s] Compiled /private/tmp/dfb-220-extraction150/evidence/swift-foundation-sources-v1/retained-api-01/queries/identity.ql.
Starting evaluation of dataflowbench/swift-foundation-sources/identity.ql.
[1/1 eval 405ms] Evaluation done; writing results to /private/tmp/dfb-220-extraction150/evidence/swift-foundation-sources-v1/retained-api-01/identity.bqrs.
Shutting down query evaluator.
       10.30 real        35.13 user         1.40 sys
          1444102144  maximum resident set size
                   0  average shared memory size
                   0  average unshared data size
                   0  average unshared stack size
              118584  page reclaims
                 102  page faults
                   0  swaps
                   0  block input operations
                   0  block output operations
                   0  messages sent
                   0  messages received
                  26  signals received
                  69  voluntary context switches
              145707  involuntary context switches
            41592661  instructions retired
            18762187  cycles elapsed
             1753496  peak memory footprint
