Resolving data extensions.
Finished resolving data extensions.
Loading data extensions.
Finished loading data extensions.
Not caching stages during query-loading, since max heap size is only 1072 MB.
Compiling query plan for /private/tmp/dfb-220-extraction150/evidence/swift-foundation-sources-v1/retained-api-01/queries/roles.ql.
[1/1 comp 10.1s] Compiled /private/tmp/dfb-220-extraction150/evidence/swift-foundation-sources-v1/retained-api-01/queries/roles.ql.
Starting evaluation of dataflowbench/swift-foundation-sources/roles.ql.
[1/1 eval 8.6s] Evaluation done; writing results to /private/tmp/dfb-220-extraction150/evidence/swift-foundation-sources-v1/retained-api-01/roles.bqrs.
Shutting down query evaluator.
       20.16 real        56.26 user         1.72 sys
          1455423488  maximum resident set size
                   0  average shared memory size
                   0  average unshared data size
                   0  average unshared stack size
              112668  page reclaims
                3832  page faults
                   0  swaps
                   0  block input operations
                   0  block output operations
                   0  messages sent
                   0  messages received
                  34  signals received
                2156  voluntary context switches
              177683  involuntary context switches
            43108789  instructions retired
            22525297  cycles elapsed
             1737112  peak memory footprint
