Resolving data extensions.
Finished resolving data extensions.
Loading data extensions.
Finished loading data extensions.
Not caching stages during query-loading, since max heap size is only 1072 MB.
Compiling query plan for /private/tmp/dfb-220-extraction150/evidence/swift-opaque-objc-v1/endpoint-attempt-02/queries/endpoints.ql.
[1/1 comp 7.4s] Compiled /private/tmp/dfb-220-extraction150/evidence/swift-opaque-objc-v1/endpoint-attempt-02/queries/endpoints.ql.
Starting evaluation of dataflowbench/swift-opaque-objc-control/endpoints.ql.
[1/1 eval 487ms] Evaluation done; writing results to /private/tmp/dfb-220-extraction150/evidence/swift-opaque-objc-v1/endpoint-attempt-02/endpoints.bqrs.
Shutting down query evaluator.
        8.99 real        31.88 user         0.97 sys
          1435631616  maximum resident set size
                   0  average shared memory size
                   0  average unshared data size
                   0  average unshared stack size
              118272  page reclaims
                 103  page faults
                   0  swaps
                   0  block input operations
                   0  block output operations
                   0  messages sent
                   0  messages received
                  34  signals received
                 255  voluntary context switches
               65468  involuntary context switches
            44860260  instructions retired
            19271659  cycles elapsed
             1704344  peak memory footprint
