[INFO ] Running SwiftAstGen on '/private/tmp/dfb-220-full108-20260928/reports/raw/joern-normal-v1/current108-2026-09-28-01/dfb-taint-swift-callback-registration-negative/DataFlowBenchTaintSwift'
[INFO ] Using SwiftAstGen from '/Users/dave/.cache/dataflowbench-tools/joern-v4.0.628/joern-cli/frontends/swiftsrc2cpg/bin/astgen/SwiftAstGen-mac'
[INFO ] Start of pass: io.joern.swiftsrc2cpg.passes.AstCreationPass
[INFO ] Building Swift type map from compiler log at /private/tmp/dfb-220-full108-20260928/reports/raw/joern-normal-v1/current108-2026-09-28-01/dfb-taint-swift-callback-registration-negative/build.log
[INFO ] Got 1 type map entries.
[INFO ] Pass io.joern.swiftsrc2cpg.passes.AstCreationPass completed in 412 ms (5% on mutations). 334 + 13 changes committed from 1 parts.
[INFO ] Start of pass: io.joern.swiftsrc2cpg.passes.MetaDataPass
[INFO ] Pass io.joern.swiftsrc2cpg.passes.MetaDataPass completed in 2 ms (75% on mutations). 1 + 0 changes committed from 1 parts.
[INFO ] Start of pass: io.joern.swiftsrc2cpg.passes.BuiltinTypesPass
[INFO ] Pass io.joern.swiftsrc2cpg.passes.BuiltinTypesPass completed in 2 ms (58% on mutations). 29 + 0 changes committed from 1 parts.
[INFO ] Start of pass: io.joern.swiftsrc2cpg.passes.SwiftTypeNodePass$$anon$1
[INFO ] Pass io.joern.swiftsrc2cpg.passes.SwiftTypeNodePass$$anon$1 completed in 10 ms (12% on mutations). 23 + 0 changes committed from 1 parts.
[INFO ] Start of pass: io.joern.swiftsrc2cpg.passes.ConfigFileCreationPass
[INFO ] Pass io.joern.swiftsrc2cpg.passes.ConfigFileCreationPass completed in 2 ms (36% on mutations). 0 + 0 changes committed from 0 parts.
[INFO ] Start of pass: io.joern.swiftsrc2cpg.passes.DependenciesPass
[INFO ] Pass io.joern.swiftsrc2cpg.passes.DependenciesPass completed in 3 ms (28% on mutations). 0 + 0 changes committed from 1 parts.
[INFO ] Start of pass: io.joern.swiftsrc2cpg.passes.ExtensionsPass
[INFO ] Pass io.joern.swiftsrc2cpg.passes.ExtensionsPass completed in 1 ms (75% on mutations). 0 + 0 changes committed from 1 parts.
[INFO ] Start of pass: io.joern.swiftsrc2cpg.passes.ExtensionsPass$$anon$1
[INFO ] Pass io.joern.swiftsrc2cpg.passes.ExtensionsPass$$anon$1 completed in 1 ms (96% on mutations). 0 + 0 changes committed from 1 parts.
[INFO ] Start of pass: io.joern.swiftsrc2cpg.passes.ObjcCallFullNamePass
[INFO ] Pass io.joern.swiftsrc2cpg.passes.ObjcCallFullNamePass completed in 3 ms (32% on mutations). 0 + 0 changes committed from 1 parts.
[INFO ] Start of pass: io.joern.swiftsrc2cpg.passes.ClosureBindingsPass
[INFO ] Pass io.joern.swiftsrc2cpg.passes.ClosureBindingsPass completed in 7 ms (24% on mutations). 13 + 0 changes committed from 1 parts.
[INFO ] Start of pass: io.joern.swiftsrc2cpg.passes.FullNameUniquenessPass
[INFO ] Pass io.joern.swiftsrc2cpg.passes.FullNameUniquenessPass completed in 3 ms (39% on mutations). 0 + 0 changes committed from 1 parts.
[INFO ] Report:
+-------+------------+-----+--------+-----------+----------+
| #     | File       | LOC | Parsed | Got a CPG | Duration |
+-------+------------+-----+--------+-----------+----------+
| 1     | main.swift | 17  | yes    | yes       | 128.0 ms |
+-------+------------+-----+--------+-----------+----------+
| Total |            | 17  | 1/1    | 1/1       |          |
+-------+------------+-----+--------+-----------+----------+
[INFO ] writing to storage at `/private/tmp/dfb-220-full108-20260928/reports/raw/joern-normal-v1/current108-2026-09-28-01/dfb-taint-swift-callback-registration-negative/cpg.bin`
[INFO ] closed graph at /private/tmp/dfb-220-full108-20260928/reports/raw/joern-normal-v1/current108-2026-09-28-01/dfb-taint-swift-callback-registration-negative/cpg.bin
