Initializing database at /var/folders/t1/k_27wjcd4095w9w121dm92_w0000gn/T/dfb-v2-codeql-7p1__edp/db.
Running build command: [/private/tmp/dfb-220-candidate-assets/swift-6.3.3/expanded/swift-6.3.3-RELEASE-osx-package.pkg/Payload/usr/bin/swiftc, -swift-version, 6, -Onone, -sdk, /Library/Developer/CommandLineTools/SDKs/MacOSX26.5.sdk, -target, arm64-apple-macosx26.5, -module-name, DataFlowBenchTaintSwift, -module-cache-path, /var/folders/t1/k_27wjcd4095w9w121dm92_w0000gn/T/dfb-v2-codeql-7p1__edp/cache, /var/folders/t1/k_27wjcd4095w9w121dm92_w0000gn/T/dfb-v2-codeql-7p1__edp/source/main.swift, -o, /var/folders/t1/k_27wjcd4095w9w121dm92_w0000gn/T/dfb-v2-codeql-7p1__edp/never-executed]
Running command in /var/folders/t1/k_27wjcd4095w9w121dm92_w0000gn/T/dfb-v2-codeql-7p1__edp/source: [/private/tmp/dfb-220-candidate-assets/swift-6.3.3/expanded/swift-6.3.3-RELEASE-osx-package.pkg/Payload/usr/bin/swiftc, -swift-version, 6, -Onone, -sdk, /Library/Developer/CommandLineTools/SDKs/MacOSX26.5.sdk, -target, arm64-apple-macosx26.5, -module-name, DataFlowBenchTaintSwift, -module-cache-path, /var/folders/t1/k_27wjcd4095w9w121dm92_w0000gn/T/dfb-v2-codeql-7p1__edp/cache, /var/folders/t1/k_27wjcd4095w9w121dm92_w0000gn/T/dfb-v2-codeql-7p1__edp/source/main.swift, -o, /var/folders/t1/k_27wjcd4095w9w121dm92_w0000gn/T/dfb-v2-codeql-7p1__edp/never-executed]
Finalizing database at /var/folders/t1/k_27wjcd4095w9w121dm92_w0000gn/T/dfb-v2-codeql-7p1__edp/db.
Running TRAP import for CodeQL database at /var/folders/t1/k_27wjcd4095w9w121dm92_w0000gn/T/dfb-v2-codeql-7p1__edp/db...
Warning: rounding --ram up to the minimum of 2048
Importing TRAP files
Merging relations
Finished writing database (relations: 4.84 MiB; string pool: 19.03 MiB).
TRAP import complete (2.5s).
Finished zipping source archive (1.08 KiB).
Successfully created database at /var/folders/t1/k_27wjcd4095w9w121dm92_w0000gn/T/dfb-v2-codeql-7p1__edp/db.
       91.03 real        47.89 user        11.42 sys
          1352601600  maximum resident set size
                   0  average shared memory size
                   0  average unshared data size
                   0  average unshared stack size
              713295  page reclaims
               52654  page faults
                   0  swaps
                   0  block input operations
                   0  block output operations
                   0  messages sent
                   0  messages received
                  17  signals received
               12030  voluntary context switches
               91510  involuntary context switches
            41163065  instructions retired
            17946142  cycles elapsed
             1802648  peak memory footprint
