Resolving data extensions.
Finished resolving data extensions.
Loading data extensions.
Finished loading data extensions.
Not caching stages during query-loading, since max heap size is only 1072 MB.
Compiling query plan for /private/tmp/dfb-220-extraction150/evidence/swift-resolved-native-v1/conversion-body-attempt-01/probe/queries/flow.ql.
[1/1] Found in cache: /private/tmp/dfb-220-extraction150/evidence/swift-resolved-native-v1/conversion-body-attempt-01/probe/queries/flow.ql.
Starting evaluation of dataflowbench/swift-resolved-conversion/flow.ql.
[1/1 eval 9.5s] Evaluation done; writing results to /private/tmp/dfb-220-extraction150/evidence/swift-resolved-native-v1/conversion-body-attempt-01/probe/flow.bqrs.
Shutting down query evaluator.
       11.44 real        27.85 user         0.95 sys
           876232704  maximum resident set size
                   0  average shared memory size
                   0  average unshared data size
                   0  average unshared stack size
               83118  page reclaims
                 586  page faults
                   0  swaps
                   0  block input operations
                   0  block output operations
                   0  messages sent
                   0  messages received
                  31  signals received
                 119  voluntary context switches
               50102  involuntary context switches
            45144476  instructions retired
            19597735  cycles elapsed
             1753496  peak memory footprint
