Resolving data extensions.
Finished resolving data extensions.
Loading data extensions.
Finished loading data extensions.
Not caching stages during query-loading, since max heap size is only 1072 MB.
Compiling query plan for /private/tmp/dfb-220-extraction150/evidence/swift-resolved-native-v1/conversion-body-attempt-01/probe/queries/roles.ql.
[1/1] Found in cache: /private/tmp/dfb-220-extraction150/evidence/swift-resolved-native-v1/conversion-body-attempt-01/probe/queries/roles.ql.
Starting evaluation of dataflowbench/swift-resolved-conversion/roles.ql.
[1/1 eval 11.9s] Evaluation done; writing results to /private/tmp/dfb-220-extraction150/evidence/swift-resolved-native-v1/conversion-body-attempt-01/probe/roles.bqrs.
Shutting down query evaluator.
       13.87 real        35.76 user         1.22 sys
          1357594624  maximum resident set size
                   0  average shared memory size
                   0  average unshared data size
                   0  average unshared stack size
              112475  page reclaims
                1809  page faults
                   0  swaps
                   0  block input operations
                   0  block output operations
                   0  messages sent
                   0  messages received
                  76  signals received
                2018  voluntary context switches
               65386  involuntary context switches
            41829268  instructions retired
            18200893  cycles elapsed
             1753496  peak memory footprint
