Resolving data extensions.
Finished resolving data extensions.
Loading data extensions.
Finished loading data extensions.
Not caching stages during query-loading, since max heap size is only 1072 MB.
Compiling query plan for /private/tmp/dfb-220-extraction150/evidence/swift-resolved-native-v1/conversion-body-attempt-01/probe/queries/summary-ports.ql.
[1/1 comp 8.7s] Compiled /private/tmp/dfb-220-extraction150/evidence/swift-resolved-native-v1/conversion-body-attempt-01/probe/queries/summary-ports.ql.
Starting evaluation of dataflowbench/swift-resolved-conversion/summary-ports.ql.
[1/1 eval 592ms] Evaluation done; writing results to /private/tmp/dfb-220-extraction150/evidence/swift-resolved-native-v1/conversion-body-attempt-01/probe/summary-ports.bqrs.
Shutting down query evaluator.
       10.43 real        36.79 user         1.04 sys
          1484865536  maximum resident set size
                   0  average shared memory size
                   0  average unshared data size
                   0  average unshared stack size
              122053  page reclaims
                 102  page faults
                   0  swaps
                   0  block input operations
                   0  block output operations
                   0  messages sent
                   0  messages received
                  31  signals received
                  53  voluntary context switches
               68962  involuntary context switches
            41749868  instructions retired
            18473241  cycles elapsed
             1753496  peak memory footprint
