Resolving data extensions.
Finished resolving data extensions.
Loading data extensions.
Finished loading data extensions.
Not caching stages during query-loading, since max heap size is only 1072 MB.
Compiling query plan for /private/tmp/dfb-220-extraction150/evidence/swift-resolved-native-v1/conversion-body-attempt-01/probe/queries/summary-identity.ql.
[1/1 comp 8.8s] Compiled /private/tmp/dfb-220-extraction150/evidence/swift-resolved-native-v1/conversion-body-attempt-01/probe/queries/summary-identity.ql.
Starting evaluation of dataflowbench/swift-resolved-conversion/summary-identity.ql.
[1/1 eval 611ms] Evaluation done; writing results to /private/tmp/dfb-220-extraction150/evidence/swift-resolved-native-v1/conversion-body-attempt-01/probe/summary-identity.bqrs.
Shutting down query evaluator.
       10.55 real        36.98 user         1.05 sys
          1458913280  maximum resident set size
                   0  average shared memory size
                   0  average unshared data size
                   0  average unshared stack size
              120532  page reclaims
                 121  page faults
                   0  swaps
                   0  block input operations
                   0  block output operations
                   0  messages sent
                   0  messages received
                  34  signals received
                 165  voluntary context switches
               75579  involuntary context switches
            41588868  instructions retired
            19100491  cycles elapsed
             1753496  peak memory footprint
