Resolving data extensions.
Finished resolving data extensions.
Loading data extensions.
Finished loading data extensions.
Not caching stages during query-loading, since max heap size is only 1072 MB.
Compiling query plan for /private/tmp/dfb-220-extraction150/evidence/swift-resolved-native-v1/conversion-body-attempt-01/probe/queries/summary-store.ql.
[1/1 comp 9.5s] Compiled /private/tmp/dfb-220-extraction150/evidence/swift-resolved-native-v1/conversion-body-attempt-01/probe/queries/summary-store.ql.
Starting evaluation of dataflowbench/swift-resolved-conversion/summary-store.ql.
[1/1 eval 632ms] Evaluation done; writing results to /private/tmp/dfb-220-extraction150/evidence/swift-resolved-native-v1/conversion-body-attempt-01/probe/summary-store.bqrs.
Shutting down query evaluator.
       11.31 real        40.61 user         1.41 sys
          1453408256  maximum resident set size
                   0  average shared memory size
                   0  average unshared data size
                   0  average unshared stack size
              120286  page reclaims
                 105  page faults
                   0  swaps
                   0  block input operations
                   0  block output operations
                   0  messages sent
                   0  messages received
                  37  signals received
                  55  voluntary context switches
              122759  involuntary context switches
            45103352  instructions retired
            19193219  cycles elapsed
             1753496  peak memory footprint
