Resolving data extensions.
Finished resolving data extensions.
Loading data extensions.
Finished loading data extensions.
Not caching stages during query-loading, since max heap size is only 1072 MB.
Compiling query plan for /private/tmp/dfb-220-extraction150/evidence/swift-resolved-native-v1/conversion-body-attempt-01/probe/queries/summary-transfer.ql.
[1/1 comp 9.2s] Compiled /private/tmp/dfb-220-extraction150/evidence/swift-resolved-native-v1/conversion-body-attempt-01/probe/queries/summary-transfer.ql.
Starting evaluation of dataflowbench/swift-resolved-conversion/summary-transfer.ql.
[1/1 eval 679ms] Evaluation done; writing results to /private/tmp/dfb-220-extraction150/evidence/swift-resolved-native-v1/conversion-body-attempt-01/probe/summary-transfer.bqrs.
Shutting down query evaluator.
       11.05 real        40.22 user         1.15 sys
          1469153280  maximum resident set size
                   0  average shared memory size
                   0  average unshared data size
                   0  average unshared stack size
              155551  page reclaims
                 102  page faults
                   0  swaps
                   0  block input operations
                   0  block output operations
                   0  messages sent
                   0  messages received
                  40  signals received
                  59  voluntary context switches
               78010  involuntary context switches
            41835854  instructions retired
            18528154  cycles elapsed
             1753496  peak memory footprint
