Resolving data extensions.
Finished resolving data extensions.
Loading data extensions.
Finished loading data extensions.
Not caching stages during query-loading, since max heap size is only 1072 MB.
Compiling query plan for /private/tmp/dfb-220-extraction150/evidence/swift-summary-qualification-v1/store-attempt-01/queries/summary-store.ql.
[1/1 comp 10.7s] Compiled /private/tmp/dfb-220-extraction150/evidence/swift-summary-qualification-v1/store-attempt-01/queries/summary-store.ql.
Starting evaluation of dataflowbench/swift-summary/summary-store.ql.
[1/1 eval 729ms] Evaluation done; writing results to /private/tmp/dfb-220-extraction150/evidence/swift-summary-qualification-v1/store-attempt-01/summary-store.bqrs.
Shutting down query evaluator.
       12.88 real        44.98 user         1.37 sys
          1394900992  maximum resident set size
                   0  average shared memory size
                   0  average unshared data size
                   0  average unshared stack size
              134305  page reclaims
                1690  page faults
                   0  swaps
                   0  block input operations
                   0  block output operations
                   0  messages sent
                   0  messages received
                  28  signals received
                1646  voluntary context switches
               99014  involuntary context switches
            43600743  instructions retired
            20606219  cycles elapsed
             1720728  peak memory footprint
