Resolving data extensions.
Finished resolving data extensions.
Loading data extensions.
Finished loading data extensions.
Not caching stages during query-loading, since max heap size is only 1072 MB.
Compiling query plan for /private/tmp/dfb-220-extraction150/evidence/swift-foundation-identity-v1/control-attempt-01/queries/flow.ql.
[1/1] Found in cache: /private/tmp/dfb-220-extraction150/evidence/swift-foundation-identity-v1/control-attempt-01/queries/flow.ql.
Starting evaluation of dataflowbench/swift-foundation-identity/flow.ql.
[1/1 eval 1.2s] Evaluation done; writing results to /private/tmp/dfb-220-extraction150/evidence/swift-foundation-identity-v1/control-attempt-01/flow.bqrs.
Shutting down query evaluator.
        3.18 real        10.52 user         0.79 sys
           729546752  maximum resident set size
                   0  average shared memory size
                   0  average unshared data size
                   0  average unshared stack size
               74140  page reclaims
                 585  page faults
                   0  swaps
                   0  block input operations
                   0  block output operations
                   0  messages sent
                   0  messages received
                  25  signals received
                  88  voluntary context switches
               41293  involuntary context switches
            41756622  instructions retired
            19640859  cycles elapsed
             1737112  peak memory footprint
