Resolving data extensions.
Finished resolving data extensions.
Loading data extensions.
Finished loading data extensions.
Not caching stages during query-loading, since max heap size is only 1072 MB.
Compiling query plan for /private/tmp/dfb-220-extraction150/evidence/swift-foundation-identity-v1/control-attempt-01/queries/roles.ql.
[1/1] Found in cache: /private/tmp/dfb-220-extraction150/evidence/swift-foundation-identity-v1/control-attempt-01/queries/roles.ql.
Starting evaluation of dataflowbench/swift-foundation-identity/roles.ql.
[1/1 eval 3.7s] Evaluation done; writing results to /private/tmp/dfb-220-extraction150/evidence/swift-foundation-identity-v1/control-attempt-01/roles.bqrs.
Shutting down query evaluator.
        6.12 real        18.16 user         1.25 sys
          1362362368  maximum resident set size
                   0  average shared memory size
                   0  average unshared data size
                   0  average unshared stack size
              109232  page reclaims
                1810  page faults
                   0  swaps
                   0  block input operations
                   0  block output operations
                   0  messages sent
                   0  messages received
                  60  signals received
                1824  voluntary context switches
               82166  involuntary context switches
            42414379  instructions retired
            20150966  cycles elapsed
             1737112  peak memory footprint
