[INFO ] initialising from existing storage (/private/tmp/dfb-220-full108-20260928/reports/raw/joern-normal-v1/current108-2026-09-28-01/dfb-taint-swift-function-field-positive/workspace/cpg.bin/cpg.bin.tmp)
[INFO ] Start of pass: io.joern.x2cpg.passes.base.FileCreationPass
[INFO ] Pass io.joern.x2cpg.passes.base.FileCreationPass completed in 12 ms (69% on mutations). 32 + 0 changes committed from 1 parts.
[INFO ] Start of pass: io.joern.x2cpg.passes.base.NamespaceCreator
[INFO ] Pass io.joern.x2cpg.passes.base.NamespaceCreator completed in 3 ms (49% on mutations). 3 + 0 changes committed from 1 parts.
[INFO ] Start of pass: io.joern.x2cpg.passes.base.TypeDeclStubCreator
[INFO ] Pass io.joern.x2cpg.passes.base.TypeDeclStubCreator completed in 3 ms (39% on mutations). 3 + 0 changes committed from 1 parts.
[INFO ] Start of pass: io.joern.x2cpg.passes.base.MethodStubCreator
[INFO ] Inconsistent/erroneous callInfo on calls to method fullname <operator>.alloc (we have 1 many variants)
[INFO ] Pass io.joern.x2cpg.passes.base.MethodStubCreator completed in 11 ms (14% on mutations). 32 + 0 changes committed from 1 parts.
[INFO ] Start of pass: io.joern.x2cpg.passes.base.ParameterIndexCompatPass
[INFO ] Pass io.joern.x2cpg.passes.base.ParameterIndexCompatPass completed in 1 ms (62% on mutations). 0 + 0 changes committed from 1 parts.
[INFO ] Start of pass: io.joern.x2cpg.passes.base.MethodDecoratorPass
[INFO ] Pass io.joern.x2cpg.passes.base.MethodDecoratorPass completed in 3 ms (42% on mutations). 39 + 0 changes committed from 1 parts.
[INFO ] Start of pass: io.joern.x2cpg.passes.base.AstLinkerPass
[INFO ] Pass io.joern.x2cpg.passes.base.AstLinkerPass completed in 2 ms (37% on mutations). 9 + 0 changes committed from 1 parts.
[INFO ] Start of pass: io.joern.x2cpg.passes.base.ContainsEdgePass
[INFO ] Pass io.joern.x2cpg.passes.base.ContainsEdgePass completed in 4 ms (31% on mutations). 81 + 0 changes committed from 39 parts.
[INFO ] Start of pass: io.joern.x2cpg.passes.base.TypeRefPass
[INFO ] Pass io.joern.x2cpg.passes.base.TypeRefPass completed in 2 ms (47% on mutations). 23 + 0 changes committed from 1 parts.
[INFO ] Start of pass: io.joern.x2cpg.passes.base.TypeEvalPass
[INFO ] Could not create edge. Destination lookup failed. edgeType=EVAL_TYPE, srcNodeType=LOCAL, srcNodeId=94489280519, dstNodeType=TYPE, dstFullName=main.swift:<global>
[INFO ] Could not create edge. Destination lookup failed. edgeType=EVAL_TYPE, srcNodeType=IDENTIFIER, srcNodeId=68719476753, dstNodeType=TYPE, dstFullName=main.swift:<global>
[INFO ] Could not create edge. Destination lookup failed. edgeType=EVAL_TYPE, srcNodeType=IDENTIFIER, srcNodeId=68719476757, dstNodeType=TYPE, dstFullName=main.swift:<global>
[INFO ] Pass io.joern.x2cpg.passes.base.TypeEvalPass completed in 2 ms (47% on mutations). 108 + 0 changes committed from 2 parts.
[INFO ] Start of pass: io.shiftleft.semanticcpg.Overlays$$anon$1
[INFO ] Pass io.shiftleft.semanticcpg.Overlays$$anon$1 completed in 2 ms (51% on mutations). 1 + 0 changes committed from 1 parts.
[INFO ] Start of pass: io.joern.x2cpg.passes.controlflow.CfgCreationPass
[INFO ] Pass io.joern.x2cpg.passes.controlflow.CfgCreationPass completed in 14 ms (7% on mutations). 68 + 0 changes committed from 12 parts.
[INFO ] Start of pass: io.joern.x2cpg.passes.controlflow.cfgdominator.CfgDominatorPass
[INFO ] Pass io.joern.x2cpg.passes.controlflow.cfgdominator.CfgDominatorPass completed in 4 ms (22% on mutations). 136 + 0 changes committed from 12 parts.
[INFO ] Start of pass: io.joern.x2cpg.passes.controlflow.codepencegraph.CdgPass
[INFO ] Pass io.joern.x2cpg.passes.controlflow.codepencegraph.CdgPass completed in 5 ms (71% on mutations). 0 + 0 changes committed from 12 parts.
[INFO ] Start of pass: io.shiftleft.semanticcpg.Overlays$$anon$1
[INFO ] Pass io.shiftleft.semanticcpg.Overlays$$anon$1 completed in 1 ms (86% on mutations). 1 + 0 changes committed from 1 parts.
[INFO ] Start of pass: io.joern.x2cpg.passes.typerelations.TypeHierarchyPass
[INFO ] Pass io.joern.x2cpg.passes.typerelations.TypeHierarchyPass completed in 1 ms (27% on mutations). 4 + 0 changes committed from 1 parts.
[INFO ] Start of pass: io.joern.x2cpg.passes.typerelations.AliasLinkerPass
[INFO ] Pass io.joern.x2cpg.passes.typerelations.AliasLinkerPass completed in 0 ms (34% on mutations). 0 + 0 changes committed from 1 parts.
[INFO ] Start of pass: io.joern.x2cpg.passes.typerelations.FieldAccessLinkerPass
[INFO ] Pass io.joern.x2cpg.passes.typerelations.FieldAccessLinkerPass completed in 4 ms (7% on mutations). 2 + 0 changes committed from 1 parts.
[INFO ] Start of pass: io.shiftleft.semanticcpg.Overlays$$anon$1
[INFO ] Pass io.shiftleft.semanticcpg.Overlays$$anon$1 completed in 0 ms (64% on mutations). 1 + 0 changes committed from 1 parts.
[INFO ] Start of pass: io.joern.x2cpg.passes.callgraph.MethodRefLinker
[INFO ] Pass io.joern.x2cpg.passes.callgraph.MethodRefLinker completed in 0 ms (46% on mutations). 4 + 0 changes committed from 1 parts.
[INFO ] Start of pass: io.joern.x2cpg.passes.callgraph.StaticCallLinker
[INFO ] Pass io.joern.x2cpg.passes.callgraph.StaticCallLinker completed in 1 ms (38% on mutations). 15 + 0 changes committed from 1 parts.
[INFO ] Start of pass: io.joern.x2cpg.passes.callgraph.DynamicCallLinker
[INFO ] Pass io.joern.x2cpg.passes.callgraph.DynamicCallLinker completed in 7 ms (7% on mutations). 4 + 0 changes committed from 1 parts.
[INFO ] Start of pass: io.shiftleft.semanticcpg.Overlays$$anon$1
[INFO ] Pass io.shiftleft.semanticcpg.Overlays$$anon$1 completed in 0 ms (69% on mutations). 1 + 0 changes committed from 1 parts.
[INFO ] Start of pass: io.joern.dataflowengineoss.passes.reachingdef.ReachingDefPass
[INFO ] Calculating reaching definitions for: Swift.print:(_:Any...,separator:Swift.String,terminator:Swift.String)->() in <empty>
[INFO ] Calculating reaching definitions for: <operator>.assignment in <empty>
[INFO ] Calculating reaching definitions for: main.swift:<global> in main.swift
[INFO ] Calculating reaching definitions for: DataFlowBenchTaintSwift.Holder.init:((Swift.Int)->Swift.Int)->DataFlowBenchTaintSwift.Holder in main.swift
[INFO ] Calculating reaching definitions for: main.swift:<global>.<lambda>1:(Swift.Int)->Swift.Int in main.swift
[INFO ] Calculating reaching definitions for: Swift.Function<(Swift.Int)->Swift.Int>.single_apply:(Swift.Int)->Swift.Int in <empty>
[INFO ] Calculating reaching definitions for: main.swift:<global>.<lambda>0:(Swift.Int)->Swift.Int in main.swift
[INFO ] Calculating reaching definitions for: DataFlowBenchTaintSwift.dfb_source:()->Swift.Int in main.swift
[INFO ] Calculating reaching definitions for: DataFlowBenchTaintSwift.Holder.invoke:(Swift.Int)->Swift.Int in main.swift
[INFO ] Calculating reaching definitions for: <operator>.fieldAccess in <empty>
[INFO ] Number of definitions for DataFlowBenchTaintSwift.dfb_source:()->Swift.Int: 0
[INFO ] Number of definitions for main.swift:<global>.<lambda>1:(Swift.Int)->Swift.Int: 1
[INFO ] Number of definitions for Swift.Function<(Swift.Int)->Swift.Int>.single_apply:(Swift.Int)->Swift.Int: 1
[INFO ] Number of definitions for main.swift:<global>.<lambda>0:(Swift.Int)->Swift.Int: 0
[INFO ] Number of definitions for <operator>.assignment: 2
[INFO ] Number of definitions for <operator>.fieldAccess: 2
[INFO ] Number of definitions for Swift.print:(_:Any...,separator:Swift.String,terminator:Swift.String)->(): 1
[INFO ] Number of definitions for DataFlowBenchTaintSwift.Holder.init:((Swift.Int)->Swift.Int)->DataFlowBenchTaintSwift.Holder: 5
[INFO ] Number of definitions for DataFlowBenchTaintSwift.Holder.invoke:(Swift.Int)->Swift.Int: 8
[INFO ] Number of definitions for main.swift:<global>: 30
[INFO ] Calculating reaching definitions for: DataFlowBenchTaintSwift.dfb_sink:(Swift.Int)->() in main.swift
[INFO ] Number of definitions for DataFlowBenchTaintSwift.dfb_sink:(Swift.Int)->(): 3
[INFO ] Calculating reaching definitions for: <operator>.alloc in <empty>
[INFO ] Number of definitions for <operator>.alloc: 1
[INFO ] Pass io.joern.dataflowengineoss.passes.reachingdef.ReachingDefPass completed in 22 ms (2% on mutations). 165 + 0 changes committed from 12 parts.
[INFO ] Start of pass: io.shiftleft.semanticcpg.Overlays$$anon$1
[INFO ] Pass io.shiftleft.semanticcpg.Overlays$$anon$1 completed in 0 ms (69% on mutations). 1 + 0 changes committed from 1 parts.
[INFO ] Start of pass: io.joern.x2cpg.frontendspecific.swiftsrc2cpg.SwiftInheritanceNamePass
[INFO ] Pass io.joern.x2cpg.frontendspecific.swiftsrc2cpg.SwiftInheritanceNamePass completed in 5 ms (5% on mutations). 0 + 0 changes committed from 3 parts.
[INFO ] Start of pass: io.joern.x2cpg.frontendspecific.swiftsrc2cpg.ConstClosurePass
[INFO ] Pass io.joern.x2cpg.frontendspecific.swiftsrc2cpg.ConstClosurePass completed in 2 ms (10% on mutations). 0 + 0 changes committed from 1 parts.
[INFO ] Start of pass: io.joern.x2cpg.frontendspecific.swiftsrc2cpg.SwiftTypeRecovery
[INFO ] Pass io.joern.x2cpg.frontendspecific.swiftsrc2cpg.SwiftTypeRecovery completed in 20 ms (2% on mutations). 40 + 0 changes committed from 3 parts.
[INFO ] Start of pass: io.joern.x2cpg.frontendspecific.swiftsrc2cpg.SwiftTypeRecovery
[INFO ] Pass io.joern.x2cpg.frontendspecific.swiftsrc2cpg.SwiftTypeRecovery completed in 7 ms (7% on mutations). 51 + 0 changes committed from 3 parts.
[INFO ] Start of pass: io.joern.x2cpg.frontendspecific.swiftsrc2cpg.SwiftTypeHintCallLinker
[INFO ] Pass io.joern.x2cpg.frontendspecific.swiftsrc2cpg.SwiftTypeHintCallLinker completed in 2 ms (23% on mutations). 1 + 0 changes committed from 1 parts.
[INFO ] Start of pass: io.joern.x2cpg.passes.callgraph.NaiveCallLinker
[INFO ] Pass io.joern.x2cpg.passes.callgraph.NaiveCallLinker completed in 2 ms (10% on mutations). 0 + 0 changes committed from 1 parts.
[INFO ] writing to storage at `/private/tmp/dfb-220-full108-20260928/reports/raw/joern-normal-v1/current108-2026-09-28-01/dfb-taint-swift-function-field-positive/workspace/cpg.bin/cpg.bin.tmp`
[INFO ] closed graph at /private/tmp/dfb-220-full108-20260928/reports/raw/joern-normal-v1/current108-2026-09-28-01/dfb-taint-swift-function-field-positive/workspace/cpg.bin/cpg.bin.tmp
