Resolving data extensions.
Finished resolving data extensions.
Loading data extensions.
Finished loading data extensions.
Not caching stages during query-loading, since max heap size is only 1072 MB.
Compiling query plan for /private/tmp/dfb-220-extraction150/evidence/swift-opaque-v3/attempt-01/dfb-taint-swift-model-propagator-position-negative/probe/queries/roles.ql.
[1/1] Found in cache: /private/tmp/dfb-220-extraction150/evidence/swift-opaque-v3/attempt-01/dfb-taint-swift-model-propagator-position-negative/probe/queries/roles.ql.
Starting evaluation of dataflowbench/swift-opaque-objc-control/roles.ql.
[1/1 eval 2.4s] Evaluation done; writing results to /private/tmp/dfb-220-extraction150/evidence/swift-opaque-v3/attempt-01/dfb-taint-swift-model-propagator-position-negative/probe/roles.bqrs.
Shutting down query evaluator.
        4.29 real        16.12 user         1.02 sys
          1357496320  maximum resident set size
                   0  average shared memory size
                   0  average unshared data size
                   0  average unshared stack size
              112167  page reclaims
                1809  page faults
                   0  swaps
                   0  block input operations
                   0  block output operations
                   0  messages sent
                   0  messages received
                  59  signals received
                1726  voluntary context switches
               52838  involuntary context switches
            41632522  instructions retired
            18054097  cycles elapsed
             1753496  peak memory footprint
