Resolving data extensions.
Finished resolving data extensions.
Loading data extensions.
Finished loading data extensions.
Not caching stages during query-loading, since max heap size is only 1072 MB.
Compiling query plan for /private/tmp/dfb-220-extraction150/evidence/swift-resolved-native-v1/conversion-body-fresh-attempt-01/probe/queries/identity.ql.
[1/1 comp 7.6s] Compiled /private/tmp/dfb-220-extraction150/evidence/swift-resolved-native-v1/conversion-body-fresh-attempt-01/probe/queries/identity.ql.
Starting evaluation of dataflowbench/swift-resolved-conversion/identity.ql.
[1/1 eval 452ms] Evaluation done; writing results to /private/tmp/dfb-220-extraction150/evidence/swift-resolved-native-v1/conversion-body-fresh-attempt-01/probe/identity.bqrs.
Shutting down query evaluator.
        9.31 real        31.96 user         1.08 sys
          1430552576  maximum resident set size
                   0  average shared memory size
                   0  average unshared data size
                   0  average unshared stack size
              117697  page reclaims
                 102  page faults
                   0  swaps
                   0  block input operations
                   0  block output operations
                   0  messages sent
                   0  messages received
                  34  signals received
                  55  voluntary context switches
               65153  involuntary context switches
            44950734  instructions retired
            21250090  cycles elapsed
             1753496  peak memory footprint
