Resolving data extensions.
Finished resolving data extensions.
Loading data extensions.
Finished loading data extensions.
Not caching stages during query-loading, since max heap size is only 1072 MB.
Compiling query plan for /private/tmp/dfb-220-extraction150/evidence/swift-resolved-native-v1/conversion-body-fresh-attempt-01/probe/queries/roles.ql.
[1/1 comp 9.3s] Compiled /private/tmp/dfb-220-extraction150/evidence/swift-resolved-native-v1/conversion-body-fresh-attempt-01/probe/queries/roles.ql.
Starting evaluation of dataflowbench/swift-resolved-conversion/roles.ql.
[1/1 eval 13.3s] Evaluation done; writing results to /private/tmp/dfb-220-extraction150/evidence/swift-resolved-native-v1/conversion-body-fresh-attempt-01/probe/roles.bqrs.
Shutting down query evaluator.
       23.98 real        70.68 user         1.70 sys
          1453637632  maximum resident set size
                   0  average shared memory size
                   0  average unshared data size
                   0  average unshared stack size
              143746  page reclaims
                1831  page faults
                   0  swaps
                   0  block input operations
                   0  block output operations
                   0  messages sent
                   0  messages received
                  74  signals received
                2196  voluntary context switches
              119140  involuntary context switches
            41525940  instructions retired
            18025532  cycles elapsed
             1753496  peak memory footprint
