Resolving data extensions.
Finished resolving data extensions.
Loading data extensions.
Finished loading data extensions.
Not caching stages during query-loading, since max heap size is only 1072 MB.
Compiling query plan for /private/tmp/dfb-220-extraction150/evidence/swift-resolved-native-v1/conversion-body-fresh-attempt-01/probe/queries/self-assignment.ql.
[1/1] Found in cache: /private/tmp/dfb-220-extraction150/evidence/swift-resolved-native-v1/conversion-body-fresh-attempt-01/probe/queries/self-assignment.ql.
Starting evaluation of dataflowbench/swift-resolved-conversion/self-assignment.ql.
[1/1 eval 760ms] Evaluation done; writing results to /private/tmp/dfb-220-extraction150/evidence/swift-resolved-native-v1/conversion-body-fresh-attempt-01/probe/self-assignment.bqrs.
Shutting down query evaluator.
        2.75 real         8.49 user         0.69 sys
           483426304  maximum resident set size
                   0  average shared memory size
                   0  average unshared data size
                   0  average unshared stack size
               59543  page reclaims
                 102  page faults
                   0  swaps
                   0  block input operations
                   0  block output operations
                   0  messages sent
                   0  messages received
                  18  signals received
                  88  voluntary context switches
               35234  involuntary context switches
            42681551  instructions retired
            18902298  cycles elapsed
             1753496  peak memory footprint
