Resolving data extensions.
Finished resolving data extensions.
Loading data extensions.
Finished loading data extensions.
Not caching stages during query-loading, since max heap size is only 1072 MB.
Compiling query plan for /private/tmp/dfb-220-extraction150/evidence/swift-resolved-native-v1/conversion-body-fresh-attempt-01/probe/queries/summary-ports.ql.
[1/1 comp 7s] Compiled /private/tmp/dfb-220-extraction150/evidence/swift-resolved-native-v1/conversion-body-fresh-attempt-01/probe/queries/summary-ports.ql.
Starting evaluation of dataflowbench/swift-resolved-conversion/summary-ports.ql.
[1/1 eval 712ms] Evaluation done; writing results to /private/tmp/dfb-220-extraction150/evidence/swift-resolved-native-v1/conversion-body-fresh-attempt-01/probe/summary-ports.bqrs.
Shutting down query evaluator.
        9.20 real        32.73 user         1.39 sys
          1449295872  maximum resident set size
                   0  average shared memory size
                   0  average unshared data size
                   0  average unshared stack size
              119118  page reclaims
                 113  page faults
                   0  swaps
                   0  block input operations
                   0  block output operations
                   0  messages sent
                   0  messages received
                  32  signals received
                  57  voluntary context switches
               90971  involuntary context switches
            42253823  instructions retired
            23977256  cycles elapsed
             1786264  peak memory footprint
