Resolving data extensions.
Finished resolving data extensions.
Loading data extensions.
Finished loading data extensions.
Not caching stages during query-loading, since max heap size is only 1072 MB.
Compiling query plan for /private/tmp/dfb-220-extraction150/evidence/swift-resolved-native-v1/conversion-body-fresh-attempt-01/probe/queries/summary-store.ql.
[1/1 comp 6.4s] Compiled /private/tmp/dfb-220-extraction150/evidence/swift-resolved-native-v1/conversion-body-fresh-attempt-01/probe/queries/summary-store.ql.
Starting evaluation of dataflowbench/swift-resolved-conversion/summary-store.ql.
[1/1 eval 652ms] Evaluation done; writing results to /private/tmp/dfb-220-extraction150/evidence/swift-resolved-native-v1/conversion-body-fresh-attempt-01/probe/summary-store.bqrs.
Shutting down query evaluator.
        8.21 real        29.87 user         1.00 sys
          1418690560  maximum resident set size
                   0  average shared memory size
                   0  average unshared data size
                   0  average unshared stack size
              117731  page reclaims
                 102  page faults
                   0  swaps
                   0  block input operations
                   0  block output operations
                   0  messages sent
                   0  messages received
                  35  signals received
                  56  voluntary context switches
               62936  involuntary context switches
            41994853  instructions retired
            18324149  cycles elapsed
             1753496  peak memory footprint
