Resolving data extensions.
Finished resolving data extensions.
Loading data extensions.
Finished loading data extensions.
Not caching stages during query-loading, since max heap size is only 1072 MB.
Compiling query plan for /private/tmp/dfb-220-extraction150/evidence/swift-resolved-native-v1/conversion-body-fresh-attempt-01/probe/queries/summary-transfer.ql.
[1/1 comp 6.8s] Compiled /private/tmp/dfb-220-extraction150/evidence/swift-resolved-native-v1/conversion-body-fresh-attempt-01/probe/queries/summary-transfer.ql.
Starting evaluation of dataflowbench/swift-resolved-conversion/summary-transfer.ql.
[1/1 eval 669ms] Evaluation done; writing results to /private/tmp/dfb-220-extraction150/evidence/swift-resolved-native-v1/conversion-body-fresh-attempt-01/probe/summary-transfer.bqrs.
Shutting down query evaluator.
        8.66 real        31.29 user         1.04 sys
          1425637376  maximum resident set size
                   0  average shared memory size
                   0  average unshared data size
                   0  average unshared stack size
              117368  page reclaims
                 102  page faults
                   0  swaps
                   0  block input operations
                   0  block output operations
                   0  messages sent
                   0  messages received
                  32  signals received
                  80  voluntary context switches
               67095  involuntary context switches
            41859823  instructions retired
            18431342  cycles elapsed
             1753496  peak memory footprint
