Resolving data extensions.
Finished resolving data extensions.
Loading data extensions.
Finished loading data extensions.
Not caching stages during query-loading, since max heap size is only 1072 MB.
Compiling query plan for /private/tmp/dfb-220-extraction150/evidence/swift-resolved-native-v1/conversion-body-fresh-attempt-01/probe/queries/summary-identity.ql.
[1/1 comp 12.2s] Compiled /private/tmp/dfb-220-extraction150/evidence/swift-resolved-native-v1/conversion-body-fresh-attempt-01/probe/queries/summary-identity.ql.
Starting evaluation of dataflowbench/swift-resolved-conversion/summary-identity.ql.
[1/1 eval 1.1s] Evaluation done; writing results to /private/tmp/dfb-220-extraction150/evidence/swift-resolved-native-v1/conversion-body-fresh-attempt-01/probe/summary-identity.bqrs.
Shutting down query evaluator.
       14.72 real        41.84 user         1.21 sys
          1461633024  maximum resident set size
                   0  average shared memory size
                   0  average unshared data size
                   0  average unshared stack size
              119640  page reclaims
                 103  page faults
                   0  swaps
                   0  block input operations
                   0  block output operations
                   0  messages sent
                   0  messages received
                  29  signals received
                  77  voluntary context switches
               69826  involuntary context switches
            45188809  instructions retired
            21444902  cycles elapsed
             1753496  peak memory footprint
