Resolving data extensions.
Finished resolving data extensions.
Loading data extensions.
Finished loading data extensions.
Not caching stages during query-loading, since max heap size is only 1072 MB.
Compiling query plan for /private/tmp/dfb-220-extraction150/evidence/swift-keyed-persistence-v1/origin-attempt-02/queries/origins.ql.
[1/1] Found in cache: /private/tmp/dfb-220-extraction150/evidence/swift-keyed-persistence-v1/origin-attempt-02/queries/origins.ql.
Starting evaluation of dataflowbench/swift-keyed-persistence-prototype/origins.ql.
[1/1 eval 333ms] Evaluation done; writing results to /private/tmp/dfb-220-extraction150/evidence/swift-keyed-persistence-v1/origin-attempt-02/origins.bqrs.
Shutting down query evaluator.
        1.99 real         5.47 user         0.55 sys
           430686208  maximum resident set size
                   0  average shared memory size
                   0  average unshared data size
                   0  average unshared stack size
               50129  page reclaims
                 102  page faults
                   0  swaps
                   0  block input operations
                   0  block output operations
                   0  messages sent
                   0  messages received
                  16  signals received
                  54  voluntary context switches
               27228  involuntary context switches
            41052989  instructions retired
            19262919  cycles elapsed
             1720728  peak memory footprint
