Resolving data extensions.
Finished resolving data extensions.
Loading data extensions.
Finished loading data extensions.
Not caching stages during query-loading, since max heap size is only 1072 MB.
Compiling query plan for /private/tmp/dfb-220-extraction150/evidence/swift-keyed-persistence-v1/origin-attempt-02/queries/qualifiers.ql.
[1/1 comp 8.7s] Compiled /private/tmp/dfb-220-extraction150/evidence/swift-keyed-persistence-v1/origin-attempt-02/queries/qualifiers.ql.
Starting evaluation of dataflowbench/swift-keyed-persistence-prototype/qualifiers.ql.
[1/1 eval 372ms] Evaluation done; writing results to /private/tmp/dfb-220-extraction150/evidence/swift-keyed-persistence-v1/origin-attempt-02/qualifiers.bqrs.
Shutting down query evaluator.
       10.28 real        35.02 user         1.02 sys
          1457635328  maximum resident set size
                   0  average shared memory size
                   0  average unshared data size
                   0  average unshared stack size
              119953  page reclaims
                 102  page faults
                   0  swaps
                   0  block input operations
                   0  block output operations
                   0  messages sent
                   0  messages received
                  30  signals received
                  55  voluntary context switches
               72487  involuntary context switches
            41682718  instructions retired
            19063238  cycles elapsed
             1720728  peak memory footprint
