Resolving data extensions.
Finished resolving data extensions.
Loading data extensions.
Finished loading data extensions.
Not caching stages during query-loading, since max heap size is only 1072 MB.
Compiling query plan for /private/tmp/dfb-220-extraction150/evidence/swift-keyed-persistence-v1/origin-attempt-02/queries/ssa.ql.
[1/1 comp 7.9s] Compiled /private/tmp/dfb-220-extraction150/evidence/swift-keyed-persistence-v1/origin-attempt-02/queries/ssa.ql.
Starting evaluation of dataflowbench/swift-keyed-persistence-prototype/ssa.ql.
[1/1 eval 287ms] Evaluation done; writing results to /private/tmp/dfb-220-extraction150/evidence/swift-keyed-persistence-v1/origin-attempt-02/ssa.bqrs.
Shutting down query evaluator.
        9.30 real        32.04 user         0.98 sys
          1423851520  maximum resident set size
                   0  average shared memory size
                   0  average unshared data size
                   0  average unshared stack size
              117949  page reclaims
                 102  page faults
                   0  swaps
                   0  block input operations
                   0  block output operations
                   0  messages sent
                   0  messages received
                  33  signals received
                  58  voluntary context switches
               71908  involuntary context switches
            41037240  instructions retired
            18429125  cycles elapsed
             1720728  peak memory footprint
