Resolving data extensions.
Finished resolving data extensions.
Loading data extensions.
Finished loading data extensions.
Not caching stages during query-loading, since max heap size is only 1072 MB.
Compiling query plan for /private/tmp/dfb-220-extraction150/evidence/swift-resolved-native-v1/conversion-ssa-attempt-01/queries/flow.ql.
[1/1 comp 16.8s] Compiled /private/tmp/dfb-220-extraction150/evidence/swift-resolved-native-v1/conversion-ssa-attempt-01/queries/flow.ql.
Starting evaluation of dataflowbench/swift-resolved-conversion/flow.ql.
[1/1 eval 12.5s] Evaluation done; writing results to /private/tmp/dfb-220-extraction150/evidence/swift-resolved-native-v1/conversion-ssa-attempt-01/flow.bqrs.
Shutting down query evaluator.
       30.68 real        92.26 user         2.23 sys
          1428848640  maximum resident set size
                   0  average shared memory size
                   0  average unshared data size
                   0  average unshared stack size
              133398  page reclaims
                 589  page faults
                   0  swaps
                   0  block input operations
                   0  block output operations
                   0  messages sent
                   0  messages received
                  55  signals received
                1735  voluntary context switches
              244663  involuntary context switches
            41909265  instructions retired
            18939072  cycles elapsed
             1704344  peak memory footprint
