{"attempt_id": "bifrost-c-kernel-attempt-01", "group_id": "bifrost-c-kernel", "status": "completed"}
{"completed_group": "bifrost-c-kernel", "resumed": false, "total_groups": 1}
{"attempt_id": "bifrost-cpp-kernel-attempt-01", "group_id": "bifrost-cpp-kernel", "status": "completed"}
{"completed_group": "bifrost-cpp-kernel", "resumed": false, "total_groups": 2}
{"attempt_id": "bifrost-csharp-kernel-attempt-01", "group_id": "bifrost-csharp-kernel", "status": "completed"}
{"completed_group": "bifrost-csharp-kernel", "resumed": false, "total_groups": 3}
{"attempt_id": "bifrost-go-kernel-attempt-01", "group_id": "bifrost-go-kernel", "status": "completed"}
{"completed_group": "bifrost-go-kernel", "resumed": false, "total_groups": 4}
{"attempt_id": "bifrost-java-kernel-attempt-01", "group_id": "bifrost-java-kernel", "status": "completed"}
{"completed_group": "bifrost-java-kernel", "resumed": false, "total_groups": 5}
{"attempt_id": "bifrost-java-modeling-attempt-01", "group_id": "bifrost-java-modeling", "status": "completed"}
{"completed_group": "bifrost-java-modeling", "resumed": false, "total_groups": 6}
{"attempt_id": "bifrost-java-native-attempt-01", "group_id": "bifrost-java-native", "status": "completed"}
{"completed_group": "bifrost-java-native", "resumed": false, "total_groups": 7}
{"attempt_id": "bifrost-javascript-kernel-attempt-01", "group_id": "bifrost-javascript-kernel", "status": "completed"}
{"completed_group": "bifrost-javascript-kernel", "resumed": false, "total_groups": 8}
{"attempt_id": "bifrost-javascript-modeling-attempt-01", "group_id": "bifrost-javascript-modeling", "status": "completed"}
{"completed_group": "bifrost-javascript-modeling", "resumed": false, "total_groups": 9}
{"attempt_id": "bifrost-javascript-native-attempt-01", "group_id": "bifrost-javascript-native", "status": "completed"}
{"completed_group": "bifrost-javascript-native", "resumed": false, "total_groups": 10}
{"attempt_id": "bifrost-kotlin-kernel-attempt-01", "group_id": "bifrost-kotlin-kernel", "status": "completed"}
{"completed_group": "bifrost-kotlin-kernel", "resumed": false, "total_groups": 11}
{"attempt_id": "bifrost-php-kernel-attempt-01", "group_id": "bifrost-php-kernel", "status": "completed"}
{"completed_group": "bifrost-php-kernel", "resumed": false, "total_groups": 12}
{"attempt_id": "bifrost-python-kernel-attempt-01", "group_id": "bifrost-python-kernel", "status": "completed"}
{"completed_group": "bifrost-python-kernel", "resumed": false, "total_groups": 13}
{"attempt_id": "bifrost-python-modeling-attempt-01", "group_id": "bifrost-python-modeling", "status": "completed"}
{"completed_group": "bifrost-python-modeling", "resumed": false, "total_groups": 14}
{"attempt_id": "bifrost-python-native-attempt-01", "group_id": "bifrost-python-native", "status": "completed"}
{"completed_group": "bifrost-python-native", "resumed": false, "total_groups": 15}
{"attempt_id": "bifrost-ruby-kernel-attempt-01", "group_id": "bifrost-ruby-kernel", "status": "completed"}
{"completed_group": "bifrost-ruby-kernel", "resumed": false, "total_groups": 16}
{"attempt_id": "bifrost-rust-kernel-attempt-01", "group_id": "bifrost-rust-kernel", "status": "completed"}
{"completed_group": "bifrost-rust-kernel", "resumed": false, "total_groups": 17}
{"attempt_id": "bifrost-scala-kernel-attempt-01", "group_id": "bifrost-scala-kernel", "status": "completed"}
{"completed_group": "bifrost-scala-kernel", "resumed": false, "total_groups": 18}
{"attempt_id": "bifrost-smoke-attempt-01", "group_id": "bifrost-smoke", "status": "completed"}
{"completed_group": "bifrost-smoke", "resumed": false, "total_groups": 19}
{"attempt_id": "bifrost-typescript-kernel-attempt-01", "group_id": "bifrost-typescript-kernel", "status": "completed"}
{"completed_group": "bifrost-typescript-kernel", "resumed": false, "total_groups": 20}
{"attempt_id": "codeql-c-kernel-attempt-01", "group_id": "codeql-c-kernel", "status": "completed"}
{"completed_group": "codeql-c-kernel", "resumed": false, "total_groups": 21}
{"attempt_id": "codeql-cpp-kernel-attempt-01", "group_id": "codeql-cpp-kernel", "status": "completed"}
{"completed_group": "codeql-cpp-kernel", "resumed": false, "total_groups": 22}
{"attempt_id": "codeql-csharp-kernel-attempt-01", "group_id": "codeql-csharp-kernel", "status": "completed"}
{"completed_group": "codeql-csharp-kernel", "resumed": false, "total_groups": 23}
{"attempt_id": "codeql-go-kernel-attempt-01", "group_id": "codeql-go-kernel", "status": "completed"}
{"completed_group": "codeql-go-kernel", "resumed": false, "total_groups": 24}
{"attempt_id": "codeql-java-kernel-attempt-01", "group_id": "codeql-java-kernel", "status": "completed"}
{"completed_group": "codeql-java-kernel", "resumed": false, "total_groups": 25}
{"attempt_id": "codeql-java-modeling-attempt-01", "group_id": "codeql-java-modeling", "status": "completed"}
{"completed_group": "codeql-java-modeling", "resumed": false, "total_groups": 26}
{"attempt_id": "codeql-java-native-attempt-01", "group_id": "codeql-java-native", "status": "completed"}
{"completed_group": "codeql-java-native", "resumed": false, "total_groups": 27}
{"attempt_id": "codeql-javascript-kernel-attempt-01", "group_id": "codeql-javascript-kernel", "status": "completed"}
{"completed_group": "codeql-javascript-kernel", "resumed": false, "total_groups": 28}
{"attempt_id": "codeql-javascript-modeling-attempt-01", "group_id": "codeql-javascript-modeling", "status": "completed"}
{"completed_group": "codeql-javascript-modeling", "resumed": false, "total_groups": 29}
{"attempt_id": "codeql-javascript-native-attempt-01", "group_id": "codeql-javascript-native", "status": "completed"}
{"completed_group": "codeql-javascript-native", "resumed": false, "total_groups": 30}
{"attempt_id": "codeql-kotlin-kernel-attempt-01", "group_id": "codeql-kotlin-kernel", "status": "completed"}
{"completed_group": "codeql-kotlin-kernel", "resumed": false, "total_groups": 31}
{"attempt_id": "codeql-python-kernel-attempt-01", "group_id": "codeql-python-kernel", "status": "completed"}
{"completed_group": "codeql-python-kernel", "resumed": false, "total_groups": 32}
{"attempt_id": "codeql-python-modeling-attempt-01", "group_id": "codeql-python-modeling", "status": "completed"}
{"completed_group": "codeql-python-modeling", "resumed": false, "total_groups": 33}
{"attempt_id": "codeql-python-native-attempt-01", "group_id": "codeql-python-native", "status": "completed"}
{"completed_group": "codeql-python-native", "resumed": false, "total_groups": 34}
{"attempt_id": "codeql-ruby-kernel-attempt-01", "group_id": "codeql-ruby-kernel", "status": "completed"}
{"completed_group": "codeql-ruby-kernel", "resumed": false, "total_groups": 35}
{"attempt_id": "codeql-rust-kernel-attempt-01", "group_id": "codeql-rust-kernel", "status": "completed"}
{"completed_group": "codeql-rust-kernel", "resumed": false, "total_groups": 36}
{"attempt_id": "codeql-typescript-kernel-attempt-01", "group_id": "codeql-typescript-kernel", "status": "completed"}
{"completed_group": "codeql-typescript-kernel", "resumed": false, "total_groups": 37}
{"attempt_id": "flowdroid-java-kernel-attempt-01", "group_id": "flowdroid-java-kernel", "status": "completed"}
{"completed_group": "flowdroid-java-kernel", "resumed": false, "total_groups": 38}
{"attempt_id": "flowdroid-java-modeling-attempt-01", "group_id": "flowdroid-java-modeling", "status": "completed"}
{"completed_group": "flowdroid-java-modeling", "resumed": false, "total_groups": 39}
{"attempt_id": "flowdroid-java-native-attempt-01", "group_id": "flowdroid-java-native", "status": "completed"}
{"completed_group": "flowdroid-java-native", "resumed": false, "total_groups": 40}
{"attempt_id": "flowdroid-kotlin-kernel-attempt-01", "group_id": "flowdroid-kotlin-kernel", "status": "completed"}
{"completed_group": "flowdroid-kotlin-kernel", "resumed": false, "total_groups": 41}
{"attempt_id": "infer-c-kernel-attempt-01", "group_id": "infer-c-kernel", "status": "completed"}
{"completed_group": "infer-c-kernel", "resumed": false, "total_groups": 42}
{"attempt_id": "infer-cpp-kernel-attempt-01", "group_id": "infer-cpp-kernel", "status": "completed"}
{"completed_group": "infer-cpp-kernel", "resumed": false, "total_groups": 43}
{"attempt_id": "infer-java-kernel-attempt-01", "group_id": "infer-java-kernel", "status": "completed"}
{"completed_group": "infer-java-kernel", "resumed": false, "total_groups": 44}
{"attempt_id": "infer-java-modeling-attempt-01", "group_id": "infer-java-modeling", "status": "completed"}
{"completed_group": "infer-java-modeling", "resumed": false, "total_groups": 45}
{"attempt_id": "infer-java-native-attempt-01", "group_id": "infer-java-native", "status": "completed"}
{"completed_group": "infer-java-native", "resumed": false, "total_groups": 46}
{"attempt_id": "joern-java-kernel-attempt-01", "group_id": "joern-java-kernel", "status": "completed"}
{"completed_group": "joern-java-kernel", "resumed": false, "total_groups": 47}
{"attempt_id": "joern-java-modeling-attempt-01", "group_id": "joern-java-modeling", "status": "completed"}
{"completed_group": "joern-java-modeling", "resumed": false, "total_groups": 48}
{"attempt_id": "joern-java-native-attempt-01", "group_id": "joern-java-native", "status": "completed"}
{"completed_group": "joern-java-native", "resumed": false, "total_groups": 49}
{"attempt_id": "joern-javascript-kernel-attempt-01", "group_id": "joern-javascript-kernel", "status": "completed"}
{"completed_group": "joern-javascript-kernel", "resumed": false, "total_groups": 50}
{"attempt_id": "joern-javascript-modeling-attempt-01", "group_id": "joern-javascript-modeling", "status": "completed"}
{"completed_group": "joern-javascript-modeling", "resumed": false, "total_groups": 51}
{"attempt_id": "joern-javascript-native-attempt-01", "group_id": "joern-javascript-native", "status": "completed"}
{"completed_group": "joern-javascript-native", "resumed": false, "total_groups": 52}
{"attempt_id": "joern-php-kernel-attempt-01", "group_id": "joern-php-kernel", "status": "completed"}
{"completed_group": "joern-php-kernel", "resumed": false, "total_groups": 53}
{"attempt_id": "joern-python-kernel-attempt-01", "group_id": "joern-python-kernel", "status": "completed"}
{"completed_group": "joern-python-kernel", "resumed": false, "total_groups": 54}
{"attempt_id": "joern-python-modeling-attempt-01", "group_id": "joern-python-modeling", "status": "completed"}
{"completed_group": "joern-python-modeling", "resumed": false, "total_groups": 55}
{"attempt_id": "joern-python-native-attempt-01", "group_id": "joern-python-native", "status": "completed"}
{"completed_group": "joern-python-native", "resumed": false, "total_groups": 56}
{"attempt_id": "joern-ruby-kernel-attempt-01", "group_id": "joern-ruby-kernel", "status": "completed"}
{"completed_group": "joern-ruby-kernel", "resumed": false, "total_groups": 57}
{"attempt_id": "joern-rust-kernel-attempt-01", "group_id": "joern-rust-kernel", "status": "completed"}
{"completed_group": "joern-rust-kernel", "resumed": false, "total_groups": 58}
{"attempt_id": "opentaint-java-kernel-attempt-01", "group_id": "opentaint-java-kernel", "status": "completed"}
{"completed_group": "opentaint-java-kernel", "resumed": false, "total_groups": 59}
{"attempt_id": "opentaint-java-modeling-attempt-01", "group_id": "opentaint-java-modeling", "status": "completed"}
{"completed_group": "opentaint-java-modeling", "resumed": false, "total_groups": 60}
{"attempt_id": "opentaint-java-native-attempt-01", "group_id": "opentaint-java-native", "status": "completed"}
{"completed_group": "opentaint-java-native", "resumed": false, "total_groups": 61}
{"attempt_id": "opentaint-kotlin-kernel-attempt-01", "group_id": "opentaint-kotlin-kernel", "status": "completed"}
{"completed_group": "opentaint-kotlin-kernel", "resumed": false, "total_groups": 62}
{"attempt_id": "pysa-python-kernel-attempt-01", "group_id": "pysa-python-kernel", "status": "completed"}
{"completed_group": "pysa-python-kernel", "resumed": false, "total_groups": 63}
{"attempt_id": "pysa-python-modeling-attempt-01", "group_id": "pysa-python-modeling", "status": "completed"}
{"completed_group": "pysa-python-modeling", "resumed": false, "total_groups": 64}
{"attempt_id": "pysa-python-native-attempt-01", "group_id": "pysa-python-native", "status": "completed"}
{"completed_group": "pysa-python-native", "resumed": false, "total_groups": 65}
{"attempt_id": "semgrep-c-kernel-attempt-01", "group_id": "semgrep-c-kernel", "status": "completed"}
{"completed_group": "semgrep-c-kernel", "resumed": false, "total_groups": 66}
{"attempt_id": "semgrep-cpp-kernel-attempt-01", "group_id": "semgrep-cpp-kernel", "status": "completed"}
{"completed_group": "semgrep-cpp-kernel", "resumed": false, "total_groups": 67}
{"attempt_id": "semgrep-go-kernel-attempt-01", "group_id": "semgrep-go-kernel", "status": "completed"}
{"completed_group": "semgrep-go-kernel", "resumed": false, "total_groups": 68}
{"attempt_id": "semgrep-java-kernel-attempt-01", "group_id": "semgrep-java-kernel", "status": "completed"}
{"completed_group": "semgrep-java-kernel", "resumed": false, "total_groups": 69}
{"attempt_id": "semgrep-java-modeling-attempt-01", "group_id": "semgrep-java-modeling", "status": "completed"}
{"completed_group": "semgrep-java-modeling", "resumed": false, "total_groups": 70}
{"attempt_id": "semgrep-java-native-attempt-01", "group_id": "semgrep-java-native", "status": "completed"}
{"completed_group": "semgrep-java-native", "resumed": false, "total_groups": 71}
{"attempt_id": "semgrep-javascript-kernel-attempt-01", "group_id": "semgrep-javascript-kernel", "status": "completed"}
{"completed_group": "semgrep-javascript-kernel", "resumed": false, "total_groups": 72}
{"attempt_id": "semgrep-javascript-modeling-attempt-01", "group_id": "semgrep-javascript-modeling", "status": "completed"}
{"completed_group": "semgrep-javascript-modeling", "resumed": false, "total_groups": 73}
{"attempt_id": "semgrep-javascript-native-attempt-01", "group_id": "semgrep-javascript-native", "status": "completed"}
{"completed_group": "semgrep-javascript-native", "resumed": false, "total_groups": 74}
{"attempt_id": "semgrep-kotlin-kernel-attempt-01", "group_id": "semgrep-kotlin-kernel", "status": "completed"}
{"completed_group": "semgrep-kotlin-kernel", "resumed": false, "total_groups": 75}
{"attempt_id": "semgrep-php-kernel-attempt-01", "group_id": "semgrep-php-kernel", "status": "completed"}
{"completed_group": "semgrep-php-kernel", "resumed": false, "total_groups": 76}
{"attempt_id": "semgrep-python-kernel-attempt-01", "group_id": "semgrep-python-kernel", "status": "completed"}
{"completed_group": "semgrep-python-kernel", "resumed": false, "total_groups": 77}
{"attempt_id": "semgrep-python-modeling-attempt-01", "group_id": "semgrep-python-modeling", "status": "completed"}
{"completed_group": "semgrep-python-modeling", "resumed": false, "total_groups": 78}
{"attempt_id": "semgrep-python-native-attempt-01", "group_id": "semgrep-python-native", "status": "completed"}
{"completed_group": "semgrep-python-native", "resumed": false, "total_groups": 79}
{"attempt_id": "semgrep-ruby-kernel-attempt-01", "group_id": "semgrep-ruby-kernel", "status": "completed"}
{"completed_group": "semgrep-ruby-kernel", "resumed": false, "total_groups": 80}
{"attempt_id": "semgrep-rust-kernel-attempt-01", "group_id": "semgrep-rust-kernel", "status": "completed"}
{"completed_group": "semgrep-rust-kernel", "resumed": false, "total_groups": 81}
{"attempt_id": "semgrep-typescript-kernel-attempt-01", "group_id": "semgrep-typescript-kernel", "status": "completed"}
{"completed_group": "semgrep-typescript-kernel", "resumed": false, "total_groups": 82}
{"attempt_id": "joern-swift-common108-attempt-01", "group_id": "joern-swift-common108", "status": "completed"}
{"completed_group": "joern-swift-common108", "resumed": false, "total_groups": 83}
{"attempt_id": "codeql-swift-common108-attempt-01", "group_id": "codeql-swift-common108", "status": "completed"}
{"completed_group": "codeql-swift-common108", "resumed": false, "total_groups": 84}
