Resolving data extensions.
Finished resolving data extensions.
Loading data extensions.
Finished loading data extensions.
Not caching stages during query-loading, since max heap size is only 1072 MB.
Compiling query plan for /private/tmp/dfb-220-extraction150/evidence/swift-resolved-native-v1/append-attempt-01/queries/append-flow.ql.
WARNING: reference to 'ResolvedTaint' references a local library, not the named module (/private/tmp/dfb-220-extraction150/evidence/swift-resolved-native-v1/append-attempt-01/queries/append-flow.ql:5,8-21)
[1/1 comp 13.5s] Compiled /private/tmp/dfb-220-extraction150/evidence/swift-resolved-native-v1/append-attempt-01/queries/append-flow.ql.
Starting evaluation of dataflowbench/swift-resolved-native/append-flow.ql.
[1/1 eval 9s] Evaluation done; writing results to /private/tmp/dfb-220-extraction150/evidence/swift-resolved-native-v1/append-attempt-01/append-flow.bqrs.
Shutting down query evaluator.
       24.23 real        74.63 user         1.99 sys
          1494466560  maximum resident set size
                   0  average shared memory size
                   0  average unshared data size
                   0  average unshared stack size
              119997  page reclaims
                2699  page faults
                   0  swaps
                   0  block input operations
                   0  block output operations
                   0  messages sent
                   0  messages received
                  46  signals received
                3021  voluntary context switches
              167856  involuntary context switches
            42847261  instructions retired
            20233362  cycles elapsed
             1704344  peak memory footprint
