[INFO ] Running SwiftAstGen on '/private/tmp/dfb-joern-native-gic2e3oj/DataFlowBenchTaintSwift'
[INFO ] Using SwiftAstGen from '/private/tmp/dfb-220-candidate-assets/joern/extracted/joern-cli/frontends/swiftsrc2cpg/bin/astgen/SwiftAstGen-mac'
[INFO ] Start of pass: io.joern.swiftsrc2cpg.passes.AstCreationPass
[INFO ] Building Swift type map from compiler log at /private/tmp/dfb-220-extraction150/evidence/swift-joern-identity-220/attempt-02/build.log
[INFO ] Got 1 type map entries.
[INFO ] Pass io.joern.swiftsrc2cpg.passes.AstCreationPass completed in 483 ms (5% on mutations). 1104 + 41 changes committed from 1 parts.
[INFO ] Start of pass: io.joern.swiftsrc2cpg.passes.MetaDataPass
[INFO ] Pass io.joern.swiftsrc2cpg.passes.MetaDataPass completed in 2 ms (75% on mutations). 1 + 0 changes committed from 1 parts.
[INFO ] Start of pass: io.joern.swiftsrc2cpg.passes.BuiltinTypesPass
[INFO ] Pass io.joern.swiftsrc2cpg.passes.BuiltinTypesPass completed in 2 ms (46% on mutations). 29 + 0 changes committed from 1 parts.
[INFO ] Start of pass: io.joern.swiftsrc2cpg.passes.SwiftTypeNodePass$$anon$1
[INFO ] Pass io.joern.swiftsrc2cpg.passes.SwiftTypeNodePass$$anon$1 completed in 12 ms (14% on mutations). 32 + 0 changes committed from 1 parts.
[INFO ] Start of pass: io.joern.swiftsrc2cpg.passes.ConfigFileCreationPass
[INFO ] Pass io.joern.swiftsrc2cpg.passes.ConfigFileCreationPass completed in 3 ms (21% on mutations). 0 + 0 changes committed from 0 parts.
[INFO ] Start of pass: io.joern.swiftsrc2cpg.passes.DependenciesPass
[INFO ] Pass io.joern.swiftsrc2cpg.passes.DependenciesPass completed in 5 ms (10% on mutations). 0 + 0 changes committed from 1 parts.
[INFO ] Start of pass: io.joern.swiftsrc2cpg.passes.ExtensionsPass
[INFO ] Pass io.joern.swiftsrc2cpg.passes.ExtensionsPass completed in 0 ms (39% on mutations). 0 + 0 changes committed from 1 parts.
[INFO ] Start of pass: io.joern.swiftsrc2cpg.passes.ExtensionsPass$$anon$1
[INFO ] Pass io.joern.swiftsrc2cpg.passes.ExtensionsPass$$anon$1 completed in 0 ms (72% on mutations). 0 + 0 changes committed from 1 parts.
[INFO ] Start of pass: io.joern.swiftsrc2cpg.passes.ObjcCallFullNamePass
[INFO ] Pass io.joern.swiftsrc2cpg.passes.ObjcCallFullNamePass completed in 2 ms (9% on mutations). 0 + 0 changes committed from 1 parts.
[INFO ] Start of pass: io.joern.swiftsrc2cpg.passes.ClosureBindingsPass
[INFO ] Pass io.joern.swiftsrc2cpg.passes.ClosureBindingsPass completed in 1 ms (12% on mutations). 0 + 0 changes committed from 1 parts.
[INFO ] Start of pass: io.joern.swiftsrc2cpg.passes.FullNameUniquenessPass
[INFO ] Pass io.joern.swiftsrc2cpg.passes.FullNameUniquenessPass completed in 4 ms (6% on mutations). 0 + 0 changes committed from 1 parts.
[INFO ] Report:
+-------+------------+-----+--------+-----------+----------+
| #     | File       | LOC | Parsed | Got a CPG | Duration |
+-------+------------+-----+--------+-----------+----------+
| 1     | main.swift | 44  | yes    | yes       | 170.9 ms |
+-------+------------+-----+--------+-----------+----------+
| Total |            | 44  | 1/1    | 1/1       |          |
+-------+------------+-----+--------+-----------+----------+
[INFO ] writing to storage at `/private/tmp/dfb-joern-native-gic2e3oj/cpg.bin`
[INFO ] closed graph at /private/tmp/dfb-joern-native-gic2e3oj/cpg.bin
