[INFO ] initialising from existing storage (/private/tmp/dfb-joern-native-gic2e3oj/workspace/cpg.bin/cpg.bin.tmp)
[INFO ] Start of pass: io.joern.x2cpg.passes.base.FileCreationPass
[INFO ] Pass io.joern.x2cpg.passes.base.FileCreationPass completed in 12 ms (69% on mutations). 40 + 0 changes committed from 1 parts.
[INFO ] Start of pass: io.joern.x2cpg.passes.base.NamespaceCreator
[INFO ] Pass io.joern.x2cpg.passes.base.NamespaceCreator completed in 3 ms (45% on mutations). 3 + 0 changes committed from 1 parts.
[INFO ] Start of pass: io.joern.x2cpg.passes.base.TypeDeclStubCreator
[INFO ] Pass io.joern.x2cpg.passes.base.TypeDeclStubCreator completed in 3 ms (39% on mutations). 10 + 0 changes committed from 1 parts.
[INFO ] Start of pass: io.joern.x2cpg.passes.base.MethodStubCreator
[INFO ] Inconsistent/erroneous callInfo on calls to method fullname <operator>.alloc (we have 1 many variants)
[INFO ] Inconsistent/erroneous callInfo on calls to method fullname <operator>.arrayInitializer (we have 2 many variants)
[INFO ] Inconsistent/erroneous callInfo on calls to method fullname cobjc:(cs)NSTask(im)init (we have 1 many variants)
[INFO ] Pass io.joern.x2cpg.passes.base.MethodStubCreator completed in 12 ms (14% on mutations). 86 + 0 changes committed from 1 parts.
[INFO ] Start of pass: io.joern.x2cpg.passes.base.ParameterIndexCompatPass
[INFO ] Pass io.joern.x2cpg.passes.base.ParameterIndexCompatPass completed in 1 ms (64% on mutations). 0 + 0 changes committed from 1 parts.
[INFO ] Start of pass: io.joern.x2cpg.passes.base.MethodDecoratorPass
[INFO ] Pass io.joern.x2cpg.passes.base.MethodDecoratorPass completed in 3 ms (42% on mutations). 75 + 0 changes committed from 1 parts.
[INFO ] Start of pass: io.joern.x2cpg.passes.base.AstLinkerPass
[INFO ] Pass io.joern.x2cpg.passes.base.AstLinkerPass completed in 3 ms (34% on mutations). 20 + 0 changes committed from 1 parts.
[INFO ] Start of pass: io.joern.x2cpg.passes.base.ContainsEdgePass
[INFO ] Pass io.joern.x2cpg.passes.base.ContainsEdgePass completed in 3 ms (34% on mutations). 318 + 0 changes committed from 59 parts.
[INFO ] Start of pass: io.joern.x2cpg.passes.base.TypeRefPass
[INFO ] Pass io.joern.x2cpg.passes.base.TypeRefPass completed in 2 ms (46% on mutations). 32 + 0 changes committed from 1 parts.
[INFO ] Start of pass: io.joern.x2cpg.passes.base.TypeEvalPass
[INFO ] Pass io.joern.x2cpg.passes.base.TypeEvalPass completed in 2 ms (38% on mutations). 373 + 0 changes committed from 4 parts.
[INFO ] Start of pass: io.shiftleft.semanticcpg.Overlays$$anon$1
[INFO ] Pass io.shiftleft.semanticcpg.Overlays$$anon$1 completed in 2 ms (46% on mutations). 1 + 0 changes committed from 1 parts.
[INFO ] Start of pass: io.joern.x2cpg.passes.controlflow.CfgCreationPass
[INFO ] Pass io.joern.x2cpg.passes.controlflow.CfgCreationPass completed in 10 ms (12% on mutations). 295 + 0 changes committed from 24 parts.
[INFO ] Start of pass: io.joern.x2cpg.passes.controlflow.cfgdominator.CfgDominatorPass
[INFO ] Pass io.joern.x2cpg.passes.controlflow.cfgdominator.CfgDominatorPass completed in 6 ms (21% on mutations). 590 + 0 changes committed from 24 parts.
[INFO ] Start of pass: io.joern.x2cpg.passes.controlflow.codepencegraph.CdgPass
[INFO ] Pass io.joern.x2cpg.passes.controlflow.codepencegraph.CdgPass completed in 2 ms (26% on mutations). 0 + 0 changes committed from 24 parts.
[INFO ] Start of pass: io.shiftleft.semanticcpg.Overlays$$anon$1
[INFO ] Pass io.shiftleft.semanticcpg.Overlays$$anon$1 completed in 0 ms (82% on mutations). 1 + 0 changes committed from 1 parts.
[INFO ] Start of pass: io.joern.x2cpg.passes.typerelations.TypeHierarchyPass
[INFO ] Pass io.joern.x2cpg.passes.typerelations.TypeHierarchyPass completed in 1 ms (32% on mutations). 25 + 0 changes committed from 1 parts.
[INFO ] Start of pass: io.joern.x2cpg.passes.typerelations.AliasLinkerPass
[INFO ] Pass io.joern.x2cpg.passes.typerelations.AliasLinkerPass completed in 0 ms (34% on mutations). 0 + 0 changes committed from 1 parts.
[INFO ] Start of pass: io.joern.x2cpg.passes.typerelations.FieldAccessLinkerPass
[INFO ] Could not create edge. Destination lookup failed. edgeType=REF, srcNodeType=CALL, srcNodeId=30064771106, dstNodeType=MEMBER, dstFullName=__C.NSProcessInfo.environment
[INFO ] Could not create edge. Destination lookup failed. edgeType=REF, srcNodeType=CALL, srcNodeId=30064771107, dstNodeType=MEMBER, dstFullName=__C.NSProcessInfo.processInfo
[INFO ] Could not create edge. Destination lookup failed. edgeType=REF, srcNodeType=CALL, srcNodeId=30064771110, dstNodeType=MEMBER, dstFullName=Swift.CommandLine.arguments
[INFO ] Could not create edge. Destination lookup failed. edgeType=REF, srcNodeType=CALL, srcNodeId=30064771120, dstNodeType=MEMBER, dstFullName=__C.NSTask.arguments
[INFO ] Could not create edge. Destination lookup failed. edgeType=REF, srcNodeType=CALL, srcNodeId=30064771131, dstNodeType=MEMBER, dstFullName=__C.NSTask.arguments
[INFO ] Could not create edge. Destination lookup failed. edgeType=REF, srcNodeType=CALL, srcNodeId=30064771136, dstNodeType=MEMBER, dstFullName=ANY.environment
[INFO ] Could not create edge. Destination lookup failed. edgeType=REF, srcNodeType=CALL, srcNodeId=30064771137, dstNodeType=MEMBER, dstFullName=ANY.processInfo
[INFO ] Could not create edge. Destination lookup failed. edgeType=REF, srcNodeType=CALL, srcNodeId=30064771138, dstNodeType=MEMBER, dstFullName=ANY.ProcessInfo
[INFO ] Could not create edge. Destination lookup failed. edgeType=REF, srcNodeType=CALL, srcNodeId=30064771141, dstNodeType=MEMBER, dstFullName=ANY.arguments
[INFO ] Could not create edge. Destination lookup failed. edgeType=REF, srcNodeType=CALL, srcNodeId=30064771142, dstNodeType=MEMBER, dstFullName=ANY.CommandLine
[INFO ] Could not create edge. Destination lookup failed. edgeType=REF, srcNodeType=CALL, srcNodeId=30064771169, dstNodeType=MEMBER, dstFullName=ANY.environment
[INFO ] Could not create edge. Destination lookup failed. edgeType=REF, srcNodeType=CALL, srcNodeId=30064771170, dstNodeType=MEMBER, dstFullName=ANY.processInfo
[INFO ] Could not create edge. Destination lookup failed. edgeType=REF, srcNodeType=CALL, srcNodeId=30064771171, dstNodeType=MEMBER, dstFullName=ANY.ProcessInfo
[INFO ] Could not create edge. Destination lookup failed. edgeType=REF, srcNodeType=CALL, srcNodeId=30064771175, dstNodeType=MEMBER, dstFullName=ANY.arguments
[INFO ] Could not create edge. Destination lookup failed. edgeType=REF, srcNodeType=CALL, srcNodeId=30064771176, dstNodeType=MEMBER, dstFullName=ANY.CommandLine
[INFO ] Pass io.joern.x2cpg.passes.typerelations.FieldAccessLinkerPass completed in 10 ms (3% on mutations). 10 + 0 changes committed from 1 parts.
[INFO ] Start of pass: io.shiftleft.semanticcpg.Overlays$$anon$1
[INFO ] Pass io.shiftleft.semanticcpg.Overlays$$anon$1 completed in 0 ms (71% on mutations). 1 + 0 changes committed from 1 parts.
[INFO ] Start of pass: io.joern.x2cpg.passes.callgraph.MethodRefLinker
[INFO ] Pass io.joern.x2cpg.passes.callgraph.MethodRefLinker completed in 0 ms (51% on mutations). 1 + 0 changes committed from 1 parts.
[INFO ] Start of pass: io.joern.x2cpg.passes.callgraph.StaticCallLinker
[INFO ] Pass io.joern.x2cpg.passes.callgraph.StaticCallLinker completed in 1 ms (39% on mutations). 117 + 0 changes committed from 2 parts.
[INFO ] Start of pass: io.joern.x2cpg.passes.callgraph.DynamicCallLinker
[INFO ] Pass io.joern.x2cpg.passes.callgraph.DynamicCallLinker completed in 0 ms (42% on mutations). 0 + 0 changes committed from 1 parts.
[INFO ] Start of pass: io.shiftleft.semanticcpg.Overlays$$anon$1
[INFO ] Pass io.shiftleft.semanticcpg.Overlays$$anon$1 completed in 0 ms (75% on mutations). 1 + 0 changes committed from 1 parts.
[INFO ] Start of pass: io.joern.dataflowengineoss.passes.reachingdef.ReachingDefPass
[INFO ] Calculating reaching definitions for: DataFlowBenchTaintSwift.LocalLookalikes.ProcessInfo.init:()->DataFlowBenchTaintSwift.LocalLookalikes.ProcessInfo in main.swift
[INFO ] Calculating reaching definitions for: <operator>.fieldAccess in <empty>
[INFO ] Calculating reaching definitions for: Swift.String.init:(A)->Swift.String in <empty>
[INFO ] Calculating reaching definitions for: <operator>.elvis in <empty>
[INFO ] Calculating reaching definitions for: DataFlowBenchTaintSwift.OtherOwner.<clinit>:()->DataFlowBenchTaintSwift.OtherOwner in main.swift
[INFO ] Calculating reaching definitions for: DataFlowBenchTaintSwift.WrongTypes.ProcessInfo.<clinit>:()->DataFlowBenchTaintSwift.WrongTypes.ProcessInfo in main.swift
[INFO ] Calculating reaching definitions for: DataFlowBenchTaintSwift.WrongTypes.ProcessInfo.init:()->DataFlowBenchTaintSwift.WrongTypes.ProcessInfo in main.swift
[INFO ] Calculating reaching definitions for: DataFlowBenchTaintSwift.WrongTypes.CommandLine.init:()->DataFlowBenchTaintSwift.WrongTypes.CommandLine in main.swift
[INFO ] Calculating reaching definitions for: Foundation.URL.init:(fileURLWithPath:__sharedSwift.String)->Foundation.URL in <empty>
[INFO ] Calculating reaching definitions for: DataFlowBenchTaintSwift.LocalLookalikes.CommandLine.init:()->DataFlowBenchTaintSwift.LocalLookalikes.CommandLine in main.swift
[INFO ] Number of definitions for DataFlowBenchTaintSwift.WrongTypes.CommandLine.init:()->DataFlowBenchTaintSwift.WrongTypes.CommandLine: 1
[INFO ] Number of definitions for Foundation.URL.init:(fileURLWithPath:__sharedSwift.String)->Foundation.URL: 2
[INFO ] Number of definitions for DataFlowBenchTaintSwift.LocalLookalikes.CommandLine.init:()->DataFlowBenchTaintSwift.LocalLookalikes.CommandLine: 1
[INFO ] Number of definitions for Swift.String.init:(A)->Swift.String: 1
[INFO ] Number of definitions for <operator>.elvis: 2
[INFO ] Number of definitions for <operator>.fieldAccess: 2
[INFO ] Number of definitions for DataFlowBenchTaintSwift.WrongTypes.ProcessInfo.init:()->DataFlowBenchTaintSwift.WrongTypes.ProcessInfo: 5
[INFO ] Number of definitions for DataFlowBenchTaintSwift.LocalLookalikes.ProcessInfo.init:()->DataFlowBenchTaintSwift.LocalLookalikes.ProcessInfo: 5
[INFO ] Number of definitions for DataFlowBenchTaintSwift.OtherOwner.<clinit>:()->DataFlowBenchTaintSwift.OtherOwner: 4
[INFO ] Number of definitions for DataFlowBenchTaintSwift.WrongTypes.ProcessInfo.<clinit>:()->DataFlowBenchTaintSwift.WrongTypes.ProcessInfo: 8
[INFO ] Calculating reaching definitions for: DataFlowBenchTaintSwift.foundationSourcesControl:()throws->() in main.swift
[INFO ] Calculating reaching definitions for: <operator>.alloc in <empty>
[INFO ] Calculating reaching definitions for: main.swift:<global> in main.swift
[INFO ] Calculating reaching definitions for: cobjc:(cs)NSTask(im)init in <empty>
[INFO ] Calculating reaching definitions for: DataFlowBenchTaintSwift.WrongTypes.CommandLine.<clinit>:()->DataFlowBenchTaintSwift.WrongTypes.CommandLine in main.swift
[INFO ] Calculating reaching definitions for: cobjc:(cs)NSTask(cm)launchedTaskWithExecutableURLargumentserrorterminationHandler in <empty>
[INFO ] Number of definitions for main.swift:<global>: 0
[INFO ] Number of definitions for cobjc:(cs)NSTask(im)init: 1
[INFO ] Number of definitions for <operator>.alloc: 1
[INFO ] Number of definitions for cobjc:(cs)NSTask(cm)launchedTaskWithExecutableURLargumentserrorterminationHandler: 3
[INFO ] Number of definitions for DataFlowBenchTaintSwift.WrongTypes.CommandLine.<clinit>:()->DataFlowBenchTaintSwift.WrongTypes.CommandLine: 4
[INFO ] Calculating reaching definitions for: <operator>.indexAccess in <empty>
[INFO ] Calculating reaching definitions for: DataFlowBenchTaintSwift.LocalLookalikes.CommandLine.<clinit>:()->DataFlowBenchTaintSwift.LocalLookalikes.CommandLine in main.swift
[INFO ] Calculating reaching definitions for: <operator>.arrayInitializer in <empty>
[INFO ] Number of definitions for <operator>.indexAccess: 2
[INFO ] Number of definitions for DataFlowBenchTaintSwift.LocalLookalikes.CommandLine.<clinit>:()->DataFlowBenchTaintSwift.LocalLookalikes.CommandLine: 4
[INFO ] Number of definitions for <operator>.arrayInitializer: 2
[INFO ] Calculating reaching definitions for: DataFlowBenchTaintSwift.LocalLookalikes.init:()->DataFlowBenchTaintSwift.LocalLookalikes in main.swift
[INFO ] Number of definitions for DataFlowBenchTaintSwift.LocalLookalikes.init:()->DataFlowBenchTaintSwift.LocalLookalikes: 1
[INFO ] Calculating reaching definitions for: DataFlowBenchTaintSwift.OtherOwner.init:()->DataFlowBenchTaintSwift.OtherOwner in main.swift
[INFO ] Calculating reaching definitions for: DataFlowBenchTaintSwift.LocalLookalikes.ProcessInfo.<clinit>:()->DataFlowBenchTaintSwift.LocalLookalikes.ProcessInfo in main.swift
[INFO ] Number of definitions for DataFlowBenchTaintSwift.OtherOwner.init:()->DataFlowBenchTaintSwift.OtherOwner: 5
[INFO ] Calculating reaching definitions for: DataFlowBenchTaintSwift.WrongTypes.init:()->DataFlowBenchTaintSwift.WrongTypes in main.swift
[INFO ] Number of definitions for DataFlowBenchTaintSwift.WrongTypes.init:()->DataFlowBenchTaintSwift.WrongTypes: 1
[INFO ] Number of definitions for DataFlowBenchTaintSwift.LocalLookalikes.ProcessInfo.<clinit>:()->DataFlowBenchTaintSwift.LocalLookalikes.ProcessInfo: 8
[INFO ] Calculating reaching definitions for: <operator>.assignment in <empty>
[INFO ] Number of definitions for <operator>.assignment: 2
[INFO ] Number of definitions for DataFlowBenchTaintSwift.foundationSourcesControl:()throws->(): 140
[INFO ] Pass io.joern.dataflowengineoss.passes.reachingdef.ReachingDefPass completed in 51 ms (2% on mutations). 547 + 0 changes committed from 24 parts.
[INFO ] Start of pass: io.shiftleft.semanticcpg.Overlays$$anon$1
[INFO ] Pass io.shiftleft.semanticcpg.Overlays$$anon$1 completed in 1 ms (72% on mutations). 1 + 0 changes committed from 1 parts.
[INFO ] Start of pass: io.joern.x2cpg.frontendspecific.swiftsrc2cpg.SwiftInheritanceNamePass
[INFO ] Pass io.joern.x2cpg.frontendspecific.swiftsrc2cpg.SwiftInheritanceNamePass completed in 8 ms (6% on mutations). 0 + 0 changes committed from 7 parts.
[INFO ] Start of pass: io.joern.x2cpg.frontendspecific.swiftsrc2cpg.ConstClosurePass
[INFO ] Pass io.joern.x2cpg.frontendspecific.swiftsrc2cpg.ConstClosurePass completed in 3 ms (7% on mutations). 0 + 0 changes committed from 1 parts.
[INFO ] Start of pass: io.joern.x2cpg.frontendspecific.swiftsrc2cpg.SwiftTypeRecovery
[INFO ] Pass io.joern.x2cpg.frontendspecific.swiftsrc2cpg.SwiftTypeRecovery completed in 37 ms (2% on mutations). 165 + 0 changes committed from 2 parts.
[INFO ] Start of pass: io.joern.x2cpg.frontendspecific.swiftsrc2cpg.SwiftTypeRecovery
[INFO ] Pass io.joern.x2cpg.frontendspecific.swiftsrc2cpg.SwiftTypeRecovery completed in 9 ms (7% on mutations). 192 + 0 changes committed from 2 parts.
[INFO ] Start of pass: io.joern.x2cpg.frontendspecific.swiftsrc2cpg.SwiftTypeHintCallLinker
[INFO ] Pass io.joern.x2cpg.frontendspecific.swiftsrc2cpg.SwiftTypeHintCallLinker completed in 3 ms (18% on mutations). 1 + 0 changes committed from 1 parts.
[INFO ] Start of pass: io.joern.x2cpg.passes.callgraph.NaiveCallLinker
[INFO ] Pass io.joern.x2cpg.passes.callgraph.NaiveCallLinker completed in 2 ms (10% on mutations). 0 + 0 changes committed from 1 parts.
[INFO ] writing to storage at `/private/tmp/dfb-joern-native-gic2e3oj/workspace/cpg.bin/cpg.bin.tmp`
[INFO ] closed graph at /private/tmp/dfb-joern-native-gic2e3oj/workspace/cpg.bin/cpg.bin.tmp
