[INFO ] initialising from existing storage (/private/var/folders/t1/k_27wjcd4095w9w121dm92_w0000gn/T/dfb-result-joern-n8d0sbjj/workspace/cpg.bin/cpg.bin.tmp)
[INFO ] Start of pass: io.joern.x2cpg.passes.base.FileCreationPass
[INFO ] Pass io.joern.x2cpg.passes.base.FileCreationPass completed in 12 ms (70% on mutations). 31 + 0 changes committed from 1 parts.
[INFO ] Start of pass: io.joern.x2cpg.passes.base.NamespaceCreator
[INFO ] Pass io.joern.x2cpg.passes.base.NamespaceCreator completed in 3 ms (45% on mutations). 3 + 0 changes committed from 1 parts.
[INFO ] Start of pass: io.joern.x2cpg.passes.base.TypeDeclStubCreator
[INFO ] Pass io.joern.x2cpg.passes.base.TypeDeclStubCreator completed in 3 ms (37% on mutations). 8 + 0 changes committed from 1 parts.
[INFO ] Start of pass: io.joern.x2cpg.passes.base.MethodStubCreator
[INFO ] Inconsistent/erroneous callInfo on calls to method fullname <operator>.alloc (we have 1 many variants)
[INFO ] Pass io.joern.x2cpg.passes.base.MethodStubCreator completed in 8 ms (18% on mutations). 52 + 0 changes committed from 1 parts.
[INFO ] Start of pass: io.joern.x2cpg.passes.base.ParameterIndexCompatPass
[INFO ] Pass io.joern.x2cpg.passes.base.ParameterIndexCompatPass completed in 1 ms (68% on mutations). 0 + 0 changes committed from 1 parts.
[INFO ] Start of pass: io.joern.x2cpg.passes.base.MethodDecoratorPass
[INFO ] Pass io.joern.x2cpg.passes.base.MethodDecoratorPass completed in 3 ms (39% on mutations). 39 + 0 changes committed from 1 parts.
[INFO ] Start of pass: io.joern.x2cpg.passes.base.AstLinkerPass
[INFO ] Pass io.joern.x2cpg.passes.base.AstLinkerPass completed in 2 ms (41% on mutations). 14 + 0 changes committed from 1 parts.
[INFO ] Start of pass: io.joern.x2cpg.passes.base.ContainsEdgePass
[INFO ] Pass io.joern.x2cpg.passes.base.ContainsEdgePass completed in 3 ms (29% on mutations). 98 + 0 changes committed from 44 parts.
[INFO ] Start of pass: io.joern.x2cpg.passes.base.TypeRefPass
[INFO ] Pass io.joern.x2cpg.passes.base.TypeRefPass completed in 2 ms (51% on mutations). 28 + 0 changes committed from 1 parts.
[INFO ] Start of pass: io.joern.x2cpg.passes.base.TypeEvalPass
[INFO ] Could not create edge. Destination lookup failed. edgeType=EVAL_TYPE, srcNodeType=LOCAL, srcNodeId=94489280519, dstNodeType=TYPE, dstFullName=main.swift:<global>
[INFO ] Could not create edge. Destination lookup failed. edgeType=EVAL_TYPE, srcNodeType=LOCAL, srcNodeId=94489280521, dstNodeType=TYPE, dstFullName=main.swift:<global>
[INFO ] Could not create edge. Destination lookup failed. edgeType=EVAL_TYPE, srcNodeType=LOCAL, srcNodeId=94489280522, dstNodeType=TYPE, dstFullName=main.swift:<global>
[INFO ] Could not create edge. Destination lookup failed. edgeType=EVAL_TYPE, srcNodeType=LOCAL, srcNodeId=94489280523, dstNodeType=TYPE, dstFullName=main.swift:<global>
[INFO ] Could not create edge. Destination lookup failed. edgeType=EVAL_TYPE, srcNodeType=IDENTIFIER, srcNodeId=68719476737, dstNodeType=TYPE, dstFullName=main.swift:<global>
[INFO ] Could not create edge. Destination lookup failed. edgeType=EVAL_TYPE, srcNodeType=IDENTIFIER, srcNodeId=68719476738, dstNodeType=TYPE, dstFullName=main.swift:<global>
[INFO ] Could not create edge. Destination lookup failed. edgeType=EVAL_TYPE, srcNodeType=IDENTIFIER, srcNodeId=68719476743, dstNodeType=TYPE, dstFullName=main.swift:<global>
[INFO ] Could not create edge. Destination lookup failed. edgeType=EVAL_TYPE, srcNodeType=IDENTIFIER, srcNodeId=68719476744, dstNodeType=TYPE, dstFullName=main.swift:<global>
[INFO ] Could not create edge. Destination lookup failed. edgeType=EVAL_TYPE, srcNodeType=IDENTIFIER, srcNodeId=68719476745, dstNodeType=TYPE, dstFullName=main.swift:<global>
[INFO ] Could not create edge. Destination lookup failed. edgeType=EVAL_TYPE, srcNodeType=IDENTIFIER, srcNodeId=68719476747, dstNodeType=TYPE, dstFullName=main.swift:<global>
[INFO ] Could not create edge. Destination lookup failed. edgeType=EVAL_TYPE, srcNodeType=IDENTIFIER, srcNodeId=68719476748, dstNodeType=TYPE, dstFullName=main.swift:<global>
[INFO ] Could not create edge. Destination lookup failed. edgeType=EVAL_TYPE, srcNodeType=IDENTIFIER, srcNodeId=68719476751, dstNodeType=TYPE, dstFullName=main.swift:<global>
[INFO ] Could not create edge. Destination lookup failed. edgeType=EVAL_TYPE, srcNodeType=IDENTIFIER, srcNodeId=68719476752, dstNodeType=TYPE, dstFullName=main.swift:<global>
[INFO ] Could not create edge. Destination lookup failed. edgeType=EVAL_TYPE, srcNodeType=IDENTIFIER, srcNodeId=68719476755, dstNodeType=TYPE, dstFullName=main.swift:<global>
[INFO ] Could not create edge. Destination lookup failed. edgeType=EVAL_TYPE, srcNodeType=IDENTIFIER, srcNodeId=68719476759, dstNodeType=TYPE, dstFullName=main.swift:<global>
[INFO ] Pass io.joern.x2cpg.passes.base.TypeEvalPass completed in 2 ms (42% on mutations). 104 + 0 changes committed from 2 parts.
[INFO ] Start of pass: io.shiftleft.semanticcpg.Overlays$$anon$1
[INFO ] Pass io.shiftleft.semanticcpg.Overlays$$anon$1 completed in 2 ms (50% on mutations). 1 + 0 changes committed from 1 parts.
[INFO ] Start of pass: io.joern.x2cpg.passes.controlflow.CfgCreationPass
[WARN ] Using order fallback for break statement jump argument
[INFO ] Pass io.joern.x2cpg.passes.controlflow.CfgCreationPass completed in 12 ms (8% on mutations). 84 + 0 changes committed from 13 parts.
[INFO ] Start of pass: io.joern.x2cpg.passes.controlflow.cfgdominator.CfgDominatorPass
[INFO ] Pass io.joern.x2cpg.passes.controlflow.cfgdominator.CfgDominatorPass completed in 7 ms (64% on mutations). 157 + 0 changes committed from 13 parts.
[INFO ] Start of pass: io.joern.x2cpg.passes.controlflow.codepencegraph.CdgPass
[INFO ] Pass io.joern.x2cpg.passes.controlflow.codepencegraph.CdgPass completed in 3 ms (30% on mutations). 33 + 0 changes committed from 13 parts.
[INFO ] Start of pass: io.shiftleft.semanticcpg.Overlays$$anon$1
[INFO ] Pass io.shiftleft.semanticcpg.Overlays$$anon$1 completed in 1 ms (90% on mutations). 1 + 0 changes committed from 1 parts.
[INFO ] Start of pass: io.joern.x2cpg.passes.typerelations.TypeHierarchyPass
[INFO ] Pass io.joern.x2cpg.passes.typerelations.TypeHierarchyPass completed in 1 ms (60% on mutations). 6 + 0 changes committed from 1 parts.
[INFO ] Start of pass: io.joern.x2cpg.passes.typerelations.AliasLinkerPass
[INFO ] Pass io.joern.x2cpg.passes.typerelations.AliasLinkerPass completed in 1 ms (76% on mutations). 0 + 0 changes committed from 1 parts.
[INFO ] Start of pass: io.joern.x2cpg.passes.typerelations.FieldAccessLinkerPass
[INFO ] Pass io.joern.x2cpg.passes.typerelations.FieldAccessLinkerPass completed in 3 ms (25% on mutations). 1 + 0 changes committed from 1 parts.
[INFO ] Start of pass: io.shiftleft.semanticcpg.Overlays$$anon$1
[INFO ] Pass io.shiftleft.semanticcpg.Overlays$$anon$1 completed in 1 ms (93% on mutations). 1 + 0 changes committed from 1 parts.
[INFO ] Start of pass: io.joern.x2cpg.passes.callgraph.MethodRefLinker
[INFO ] Pass io.joern.x2cpg.passes.callgraph.MethodRefLinker completed in 1 ms (78% on mutations). 5 + 0 changes committed from 1 parts.
[INFO ] Start of pass: io.joern.x2cpg.passes.callgraph.StaticCallLinker
[INFO ] Pass io.joern.x2cpg.passes.callgraph.StaticCallLinker completed in 1 ms (70% on mutations). 8 + 0 changes committed from 1 parts.
[INFO ] Start of pass: io.joern.x2cpg.passes.callgraph.DynamicCallLinker
[INFO ] Pass io.joern.x2cpg.passes.callgraph.DynamicCallLinker completed in 3 ms (27% on mutations). 8 + 0 changes committed from 1 parts.
[INFO ] Start of pass: io.shiftleft.semanticcpg.Overlays$$anon$1
[INFO ] Pass io.shiftleft.semanticcpg.Overlays$$anon$1 completed in 1 ms (92% on mutations). 1 + 0 changes committed from 1 parts.
[INFO ] Start of pass: io.joern.dataflowengineoss.passes.reachingdef.ReachingDefPass
[INFO ] Calculating reaching definitions for: main.swift:<global> in main.swift
[INFO ] Calculating reaching definitions for: DataFlowBenchTaintSwift.FlowError.init:(value:Swift.Int)->DataFlowBenchTaintSwift.FlowError in <empty>
[INFO ] Calculating reaching definitions for: <operator>.alloc in <empty>
[INFO ] Calculating reaching definitions for: DataFlowBenchTaintSwift.FlowError.init:()->DataFlowBenchTaintSwift.FlowError in main.swift
[INFO ] Calculating reaching definitions for: DataFlowBenchTaintSwift.dfb_sink:(Swift.Int)->() in main.swift
[INFO ] Calculating reaching definitions for: DataFlowBenchTaintSwift.produce:()->Swift.Result in main.swift
[INFO ] Calculating reaching definitions for: <operator>.assignment in <empty>
[INFO ] Calculating reaching definitions for: Swift.Result.success:(Swift.Result.Type)->(A)->Swift.Result in <empty>
[INFO ] Calculating reaching definitions for: Swift.Result.failure:(Swift.Result.Type)->(B)->Swift.Result in <empty>
[INFO ] Calculating reaching definitions for: DataFlowBenchTaintSwift.probe:()->() in main.swift
[INFO ] Number of definitions for DataFlowBenchTaintSwift.FlowError.init:(value:Swift.Int)->DataFlowBenchTaintSwift.FlowError: 2
[INFO ] Number of definitions for DataFlowBenchTaintSwift.dfb_sink:(Swift.Int)->(): 1
[INFO ] Number of definitions for Swift.Result.success:(Swift.Result.Type)->(A)->Swift.Result: 2
[INFO ] Number of definitions for Swift.Result.failure:(Swift.Result.Type)->(B)->Swift.Result: 2
[INFO ] Number of definitions for <operator>.alloc: 1
[INFO ] Number of definitions for DataFlowBenchTaintSwift.FlowError.init:()->DataFlowBenchTaintSwift.FlowError: 1
[INFO ] Number of definitions for <operator>.assignment: 2
[INFO ] Number of definitions for main.swift:<global>: 1
[INFO ] Number of definitions for DataFlowBenchTaintSwift.produce:()->Swift.Result: 14
[INFO ] Number of definitions for DataFlowBenchTaintSwift.probe:()->(): 15
[INFO ] Calculating reaching definitions for: DataFlowBenchTaintSwift.relay:()->Swift.Result in main.swift
[INFO ] Calculating reaching definitions for: <operator>.fieldAccess in <empty>
[INFO ] Calculating reaching definitions for: DataFlowBenchTaintSwift.dfb_source:()->Swift.Int in main.swift
[INFO ] Number of definitions for <operator>.fieldAccess: 2
[INFO ] Number of definitions for DataFlowBenchTaintSwift.dfb_source:()->Swift.Int: 0
[INFO ] Number of definitions for DataFlowBenchTaintSwift.relay:()->Swift.Result: 12
[INFO ] Pass io.joern.dataflowengineoss.passes.reachingdef.ReachingDefPass completed in 23 ms (4% on mutations). 153 + 0 changes committed from 13 parts.
[INFO ] Start of pass: io.shiftleft.semanticcpg.Overlays$$anon$1
[INFO ] Pass io.shiftleft.semanticcpg.Overlays$$anon$1 completed in 1 ms (92% on mutations). 1 + 0 changes committed from 1 parts.
[INFO ] Start of pass: io.joern.x2cpg.frontendspecific.swiftsrc2cpg.SwiftInheritanceNamePass
[INFO ] Pass io.joern.x2cpg.frontendspecific.swiftsrc2cpg.SwiftInheritanceNamePass completed in 3 ms (25% on mutations). 0 + 0 changes committed from 1 parts.
[INFO ] Start of pass: io.joern.x2cpg.frontendspecific.swiftsrc2cpg.ConstClosurePass
[INFO ] Pass io.joern.x2cpg.frontendspecific.swiftsrc2cpg.ConstClosurePass completed in 2 ms (38% on mutations). 0 + 0 changes committed from 1 parts.
[INFO ] Start of pass: io.joern.x2cpg.frontendspecific.swiftsrc2cpg.SwiftTypeRecovery
[INFO ] Pass io.joern.x2cpg.frontendspecific.swiftsrc2cpg.SwiftTypeRecovery completed in 16 ms (6% on mutations). 71 + 0 changes committed from 2 parts.
[INFO ] Start of pass: io.joern.x2cpg.frontendspecific.swiftsrc2cpg.SwiftTypeRecovery
[INFO ] Pass io.joern.x2cpg.frontendspecific.swiftsrc2cpg.SwiftTypeRecovery completed in 5 ms (18% on mutations). 51 + 0 changes committed from 2 parts.
[INFO ] Start of pass: io.joern.x2cpg.frontendspecific.swiftsrc2cpg.SwiftTypeHintCallLinker
[INFO ] Pass io.joern.x2cpg.frontendspecific.swiftsrc2cpg.SwiftTypeHintCallLinker completed in 4 ms (28% on mutations). 13 + 0 changes committed from 1 parts.
[INFO ] Start of pass: io.joern.x2cpg.passes.callgraph.NaiveCallLinker
[INFO ] Pass io.joern.x2cpg.passes.callgraph.NaiveCallLinker completed in 2 ms (40% on mutations). 0 + 0 changes committed from 1 parts.
[INFO ] writing to storage at `/private/var/folders/t1/k_27wjcd4095w9w121dm92_w0000gn/T/dfb-result-joern-n8d0sbjj/workspace/cpg.bin/cpg.bin.tmp`
[INFO ] closed graph at /private/var/folders/t1/k_27wjcd4095w9w121dm92_w0000gn/T/dfb-result-joern-n8d0sbjj/workspace/cpg.bin/cpg.bin.tmp
