Resolving data extensions.
Finished resolving data extensions.
Loading data extensions.
Finished loading data extensions.
Not caching stages during query-loading, since max heap size is only 1072 MB.
Compiling query plan for /private/tmp/dfb-220-extraction150/evidence/swift-sanitizer-qualification-v1/diagnosis-attempt-01/queries/barriers.ql.
[1/1 comp 8.8s] Compiled /private/tmp/dfb-220-extraction150/evidence/swift-sanitizer-qualification-v1/diagnosis-attempt-01/queries/barriers.ql.
Starting evaluation of dataflowbench/swift-sanitizer/barriers.ql.
[1/1 eval 797ms] Evaluation done; writing results to /private/tmp/dfb-220-extraction150/evidence/swift-sanitizer-qualification-v1/diagnosis-attempt-01/barriers.bqrs.
Shutting down query evaluator.
       10.81 real        38.85 user         1.16 sys
          1462419456  maximum resident set size
                   0  average shared memory size
                   0  average unshared data size
                   0  average unshared stack size
              121473  page reclaims
                 539  page faults
                   0  swaps
                   0  block input operations
                   0  block output operations
                   0  messages sent
                   0  messages received
                  34  signals received
                 289  voluntary context switches
               92801  involuntary context switches
            41303731  instructions retired
            19694788  cycles elapsed
             1704344  peak memory footprint
