Resolving data extensions.
Finished resolving data extensions.
Loading data extensions.
Finished loading data extensions.
Not caching stages during query-loading, since max heap size is only 1072 MB.
Compiling query plan for /private/tmp/dfb-220-extraction150/evidence/swift-sanitizer-qualification-v1/diagnosis-attempt-01/queries/conversion-identity.ql.
[1/1 comp 9.4s] Compiled /private/tmp/dfb-220-extraction150/evidence/swift-sanitizer-qualification-v1/diagnosis-attempt-01/queries/conversion-identity.ql.
Starting evaluation of dataflowbench/swift-sanitizer/conversion-identity.ql.
[1/1 eval 436ms] Evaluation done; writing results to /private/tmp/dfb-220-extraction150/evidence/swift-sanitizer-qualification-v1/diagnosis-attempt-01/conversion-identity.bqrs.
Shutting down query evaluator.
       11.35 real        36.11 user         1.27 sys
          1410678784  maximum resident set size
                   0  average shared memory size
                   0  average unshared data size
                   0  average unshared stack size
              124063  page reclaims
                 123  page faults
                   0  swaps
                   0  block input operations
                   0  block output operations
                   0  messages sent
                   0  messages received
                  34  signals received
                 584  voluntary context switches
              109988  involuntary context switches
            42453032  instructions retired
            19175923  cycles elapsed
             1704344  peak memory footprint
