Resolving data extensions.
Finished resolving data extensions.
Loading data extensions.
Finished loading data extensions.
Not caching stages during query-loading, since max heap size is only 1072 MB.
Compiling query plan for /private/tmp/dfb-220-extraction150/evidence/swift-sanitizer-qualification-v1/diagnosis-attempt-01/queries/numeric-bases.ql.
[1/1 comp 8.5s] Compiled /private/tmp/dfb-220-extraction150/evidence/swift-sanitizer-qualification-v1/diagnosis-attempt-01/queries/numeric-bases.ql.
Starting evaluation of dataflowbench/swift-sanitizer/numeric-bases.ql.
[1/1 eval 386ms] Evaluation done; writing results to /private/tmp/dfb-220-extraction150/evidence/swift-sanitizer-qualification-v1/diagnosis-attempt-01/numeric-bases.bqrs.
Shutting down query evaluator.
       10.17 real        36.07 user         1.35 sys
          1455144960  maximum resident set size
                   0  average shared memory size
                   0  average unshared data size
                   0  average unshared stack size
              121398  page reclaims
                 107  page faults
                   0  swaps
                   0  block input operations
                   0  block output operations
                   0  messages sent
                   0  messages received
                  31  signals received
                  51  voluntary context switches
              116094  involuntary context switches
            41423393  instructions retired
            18830935  cycles elapsed
             1704344  peak memory footprint
