Resolving data extensions.
Finished resolving data extensions.
Loading data extensions.
Finished loading data extensions.
Not caching stages during query-loading, since max heap size is only 1072 MB.
Compiling query plan for /private/tmp/dfb-220-extraction150/evidence/swift-resolved-native-v1/conversion-body-trace-attempt-01/queries/body-flow.ql.
[1/1 comp 13.9s] Compiled /private/tmp/dfb-220-extraction150/evidence/swift-resolved-native-v1/conversion-body-trace-attempt-01/queries/body-flow.ql.
Starting evaluation of dataflowbench/swift-resolved-conversion/body-flow.ql.
[1/1 eval 23.3s] Evaluation done; writing results to /private/tmp/dfb-220-extraction150/evidence/swift-resolved-native-v1/conversion-body-trace-attempt-01/body-flow.bqrs.
Shutting down query evaluator.
       38.51 real       100.16 user         2.63 sys
          1475346432  maximum resident set size
                   0  average shared memory size
                   0  average unshared data size
                   0  average unshared stack size
              195691  page reclaims
                 595  page faults
                   0  swaps
                   0  block input operations
                   0  block output operations
                   0  messages sent
                   0  messages received
                  47  signals received
                1657  voluntary context switches
              205710  involuntary context switches
            41997232  instructions retired
            19955689  cycles elapsed
             1704344  peak memory footprint
