Resolving data extensions.
Finished resolving data extensions.
Loading data extensions.
Finished loading data extensions.
Not caching stages during query-loading, since max heap size is only 1072 MB.
Compiling query plan for /private/tmp/dfb-220-extraction150/evidence/swift-resolved-native-v1/conversion-body-trace-attempt-01/queries/body-summary.ql.
[1/1 comp 23.5s] Compiled /private/tmp/dfb-220-extraction150/evidence/swift-resolved-native-v1/conversion-body-trace-attempt-01/queries/body-summary.ql.
Starting evaluation of dataflowbench/swift-resolved-conversion/body-summary.ql.
[1/1 eval 1.3s] Evaluation done; writing results to /private/tmp/dfb-220-extraction150/evidence/swift-resolved-native-v1/conversion-body-trace-attempt-01/body-summary.bqrs.
Shutting down query evaluator.
       27.72 real        59.30 user         1.90 sys
          1417183232  maximum resident set size
                   0  average shared memory size
                   0  average unshared data size
                   0  average unshared stack size
              172826  page reclaims
                 117  page faults
                   0  swaps
                   0  block input operations
                   0  block output operations
                   0  messages sent
                   0  messages received
                  34  signals received
                2414  voluntary context switches
               87836  involuntary context switches
            45528616  instructions retired
            34334275  cycles elapsed
             1753496  peak memory footprint
