Resolving data extensions.
Finished resolving data extensions.
Loading data extensions.
Finished loading data extensions.
Not caching stages during query-loading, since max heap size is only 1072 MB.
Compiling query plan for /private/tmp/dfb-220-extraction150/evidence/swift-resolved-native-v1/conversion-body-trace-attempt-01/queries/initializer-heuristic.ql.
[1/1 comp 16.7s] Compiled /private/tmp/dfb-220-extraction150/evidence/swift-resolved-native-v1/conversion-body-trace-attempt-01/queries/initializer-heuristic.ql.
Starting evaluation of dataflowbench/swift-resolved-conversion/initializer-heuristic.ql.
[1/1 eval 964ms] Evaluation done; writing results to /private/tmp/dfb-220-extraction150/evidence/swift-resolved-native-v1/conversion-body-trace-attempt-01/initializer-heuristic.bqrs.
Shutting down query evaluator.
       20.33 real        58.52 user         1.58 sys
          1434140672  maximum resident set size
                   0  average shared memory size
                   0  average unshared data size
                   0  average unshared stack size
              133937  page reclaims
                 117  page faults
                   0  swaps
                   0  block input operations
                   0  block output operations
                   0  messages sent
                   0  messages received
                  41  signals received
                1586  voluntary context switches
               73751  involuntary context switches
            45878404  instructions retired
            34684154  cycles elapsed
             1720728  peak memory footprint
