{
  "packs" : [
    {
      "name" : "codeql/java-all",
      "version" : "9.3.1",
      "library" : true,
      "result" : "INSTALLED"
    },
    {
      "name" : "codeql/javascript-all",
      "version" : "2.10.2",
      "library" : true,
      "result" : "INSTALLED"
    },
    {
      "name" : "codeql/python-all",
      "version" : "7.2.6",
      "library" : true,
      "result" : "INSTALLED"
    },
    {
      "name" : "codeql/csharp-all",
      "version" : "7.3.1",
      "library" : true,
      "result" : "INSTALLED"
    },
    {
      "name" : "codeql/go-all",
      "version" : "7.3.2",
      "library" : true,
      "result" : "INSTALLED"
    },
    {
      "name" : "codeql/cpp-all",
      "version" : "12.1.1",
      "library" : true,
      "result" : "INSTALLED"
    },
    {
      "name" : "codeql/ruby-all",
      "version" : "7.0.1",
      "library" : true,
      "result" : "INSTALLED"
    },
    {
      "name" : "codeql/rust-all",
      "version" : "0.2.22",
      "library" : true,
      "result" : "INSTALLED"
    },
    {
      "name" : "codeql/java-queries",
      "version" : "1.11.11",
      "library" : false,
      "result" : "INSTALLED"
    },
    {
      "name" : "codeql/javascript-queries",
      "version" : "2.4.6",
      "library" : false,
      "result" : "INSTALLED"
    },
    {
      "name" : "codeql/python-queries",
      "version" : "1.8.11",
      "library" : false,
      "result" : "INSTALLED"
    },
    {
      "name" : "codeql/swift-all",
      "version" : "6.8.4",
      "library" : true,
      "result" : "INSTALLED"
    },
    {
      "name" : "codeql/swift-queries",
      "version" : "1.3.11",
      "library" : false,
      "result" : "INSTALLED"
    }
  ],
  "packDir" : "/var/folders/t1/k_27wjcd4095w9w121dm92_w0000gn/T/dfb-220-pin-packs-qf3g7dae"
}
