Resolving data extensions.
Finished resolving data extensions.
Loading data extensions.
Finished loading data extensions.
Not caching stages during query-loading, since max heap size is only 1072 MB.
Compiling query plan for /private/tmp/dfb-220-extraction150/evidence/swift-persistence-completeness-v1/mixed-attempt-02/probe/queries/clears.ql.
[1/1 comp 9s] Compiled /private/tmp/dfb-220-extraction150/evidence/swift-persistence-completeness-v1/mixed-attempt-02/probe/queries/clears.ql.
Starting evaluation of dataflowbench/swift-keyed-persistence-prototype/clears.ql.
[1/1 eval 781ms] Evaluation done; writing results to /private/tmp/dfb-220-extraction150/evidence/swift-persistence-completeness-v1/mixed-attempt-02/probe/clears.bqrs.
Shutting down query evaluator.
       11.01 real        39.24 user         1.03 sys
          1431011328  maximum resident set size
                   0  average shared memory size
                   0  average unshared data size
                   0  average unshared stack size
              118617  page reclaims
                 103  page faults
                   0  swaps
                   0  block input operations
                   0  block output operations
                   0  messages sent
                   0  messages received
                  33  signals received
                  53  voluntary context switches
               69830  involuntary context switches
            41452077  instructions retired
            17903840  cycles elapsed
             1753496  peak memory footprint
