Resolving data extensions.
Finished resolving data extensions.
Loading data extensions.
Finished loading data extensions.
Not caching stages during query-loading, since max heap size is only 1072 MB.
Compiling query plan for /private/tmp/dfb-220-extraction150/evidence/swift-persistence-completeness-v1/mixed-attempt-02/probe/queries/content.ql.
[1/1 comp 6.2s] Compiled /private/tmp/dfb-220-extraction150/evidence/swift-persistence-completeness-v1/mixed-attempt-02/probe/queries/content.ql.
Starting evaluation of dataflowbench/swift-keyed-persistence-prototype/content.ql.
[1/1 eval 871ms] Evaluation done; writing results to /private/tmp/dfb-220-extraction150/evidence/swift-persistence-completeness-v1/mixed-attempt-02/probe/content.bqrs.
Shutting down query evaluator.
        8.27 real        30.21 user         1.00 sys
          1407008768  maximum resident set size
                   0  average shared memory size
                   0  average unshared data size
                   0  average unshared stack size
              116484  page reclaims
                 103  page faults
                   0  swaps
                   0  block input operations
                   0  block output operations
                   0  messages sent
                   0  messages received
                  38  signals received
                  76  voluntary context switches
               65380  involuntary context switches
            44625321  instructions retired
            18972743  cycles elapsed
             1753496  peak memory footprint
