Resolving data extensions.
Finished resolving data extensions.
Loading data extensions.
Finished loading data extensions.
Not caching stages during query-loading, since max heap size is only 1072 MB.
Compiling query plan for /private/tmp/dfb-220-extraction150/evidence/swift-persistence-completeness-v1/mixed-attempt-02/probe/queries/persistence-keys.ql.
[1/1 comp 5.7s] Compiled /private/tmp/dfb-220-extraction150/evidence/swift-persistence-completeness-v1/mixed-attempt-02/probe/queries/persistence-keys.ql.
Starting evaluation of dataflowbench/swift-keyed-persistence-prototype/persistence-keys.ql.
[1/1 eval 312ms] Evaluation done; writing results to /private/tmp/dfb-220-extraction150/evidence/swift-persistence-completeness-v1/mixed-attempt-02/probe/persistence-keys.bqrs.
Shutting down query evaluator.
        7.15 real        25.21 user         0.88 sys
          1428766720  maximum resident set size
                   0  average shared memory size
                   0  average unshared data size
                   0  average unshared stack size
              116787  page reclaims
                 102  page faults
                   0  swaps
                   0  block input operations
                   0  block output operations
                   0  messages sent
                   0  messages received
                  27  signals received
                  56  voluntary context switches
               53965  involuntary context switches
            44439058  instructions retired
            19906458  cycles elapsed
             1769880  peak memory footprint
