Resolving data extensions.
Finished resolving data extensions.
Loading data extensions.
Finished loading data extensions.
Not caching stages during query-loading, since max heap size is only 1072 MB.
Compiling query plan for /private/tmp/dfb-220-extraction150/evidence/swift-persistence-completeness-v1/mixed-attempt-02/probe/queries/persistence-identity.ql.
[1/1 comp 6.8s] Compiled /private/tmp/dfb-220-extraction150/evidence/swift-persistence-completeness-v1/mixed-attempt-02/probe/queries/persistence-identity.ql.
Starting evaluation of dataflowbench/swift-keyed-persistence-prototype/persistence-identity.ql.
[1/1 eval 682ms] Evaluation done; writing results to /private/tmp/dfb-220-extraction150/evidence/swift-persistence-completeness-v1/mixed-attempt-02/probe/persistence-identity.bqrs.
Shutting down query evaluator.
        8.77 real        29.89 user         0.94 sys
          1445904384  maximum resident set size
                   0  average shared memory size
                   0  average unshared data size
                   0  average unshared stack size
              118024  page reclaims
                 103  page faults
                   0  swaps
                   0  block input operations
                   0  block output operations
                   0  messages sent
                   0  messages received
                  33  signals received
                  83  voluntary context switches
               62650  involuntary context switches
            45233966  instructions retired
            19363852  cycles elapsed
             1769880  peak memory footprint
