Resolving data extensions.
Finished resolving data extensions.
Loading data extensions.
Finished loading data extensions.
Not caching stages during query-loading, since max heap size is only 1072 MB.
Compiling query plan for /private/tmp/dfb-220-extraction150/evidence/swift-persistence-completeness-v1/mixed-attempt-02/probe/queries/receiver-proof.ql.
[1/1 comp 8.3s] Compiled /private/tmp/dfb-220-extraction150/evidence/swift-persistence-completeness-v1/mixed-attempt-02/probe/queries/receiver-proof.ql.
Starting evaluation of dataflowbench/swift-keyed-persistence-prototype/receiver-proof.ql.
[1/1 eval 420ms] Evaluation done; writing results to /private/tmp/dfb-220-extraction150/evidence/swift-persistence-completeness-v1/mixed-attempt-02/probe/receiver-proof.bqrs.
Shutting down query evaluator.
        9.92 real        34.13 user         0.95 sys
          1413529600  maximum resident set size
                   0  average shared memory size
                   0  average unshared data size
                   0  average unshared stack size
              118640  page reclaims
                 102  page faults
                   0  swaps
                   0  block input operations
                   0  block output operations
                   0  messages sent
                   0  messages received
                  32  signals received
                  48  voluntary context switches
               65819  involuntary context switches
            41535740  instructions retired
            17924242  cycles elapsed
             1769880  peak memory footprint
