Resolving data extensions.
Finished resolving data extensions.
Loading data extensions.
Finished loading data extensions.
Not caching stages during query-loading, since max heap size is only 1072 MB.
Compiling query plan for /private/tmp/dfb-220-extraction150/evidence/swift-persistence-completeness-v1/mixed-attempt-02/probe/queries/roles.ql.
[1/1 comp 10.9s] Compiled /private/tmp/dfb-220-extraction150/evidence/swift-persistence-completeness-v1/mixed-attempt-02/probe/queries/roles.ql.
Starting evaluation of dataflowbench/swift-keyed-persistence-prototype/roles.ql.
[1/1 eval 12.8s] Evaluation done; writing results to /private/tmp/dfb-220-extraction150/evidence/swift-persistence-completeness-v1/mixed-attempt-02/probe/roles.bqrs.
Shutting down query evaluator.
       24.94 real        73.25 user         1.53 sys
          1496580096  maximum resident set size
                   0  average shared memory size
                   0  average unshared data size
                   0  average unshared stack size
              125176  page reclaims
                1826  page faults
                   0  swaps
                   0  block input operations
                   0  block output operations
                   0  messages sent
                   0  messages received
                  73  signals received
                2366  voluntary context switches
              112532  involuntary context switches
            41629756  instructions retired
            18911640  cycles elapsed
             1753496  peak memory footprint
