Resolving data extensions.
Finished resolving data extensions.
Loading data extensions.
Finished loading data extensions.
Not caching stages during query-loading, since max heap size is only 1072 MB.
Compiling query plan for /private/tmp/dfb-220-extraction150/evidence/swift-persistence-completeness-v1/mixed-attempt-02/probe/queries/states.ql.
[1/1 comp 6.5s] Compiled /private/tmp/dfb-220-extraction150/evidence/swift-persistence-completeness-v1/mixed-attempt-02/probe/queries/states.ql.
Starting evaluation of dataflowbench/swift-keyed-persistence-prototype/states.ql.
[1/1 eval 192ms] Evaluation done; writing results to /private/tmp/dfb-220-extraction150/evidence/swift-persistence-completeness-v1/mixed-attempt-02/probe/states.bqrs.
Shutting down query evaluator.
        7.88 real        29.46 user         0.92 sys
          1402109952  maximum resident set size
                   0  average shared memory size
                   0  average unshared data size
                   0  average unshared stack size
              127780  page reclaims
                 102  page faults
                   0  swaps
                   0  block input operations
                   0  block output operations
                   0  messages sent
                   0  messages received
                  39  signals received
                  53  voluntary context switches
               59573  involuntary context switches
            42285361  instructions retired
            24274251  cycles elapsed
             1802648  peak memory footprint
