Resolving data extensions.
Finished resolving data extensions.
Loading data extensions.
Finished loading data extensions.
Not caching stages during query-loading, since max heap size is only 1072 MB.
Compiling query plan for /private/tmp/dfb-220-extraction150/evidence/swift-resolved-native-v1/sanitizer-ssa-attempt-01/queries/barriers.ql.
[1/1 comp 8.2s] Compiled /private/tmp/dfb-220-extraction150/evidence/swift-resolved-native-v1/sanitizer-ssa-attempt-01/queries/barriers.ql.
Starting evaluation of dataflowbench/swift-sanitizer/barriers.ql.
[1/1 eval 864ms] Evaluation done; writing results to /private/tmp/dfb-220-extraction150/evidence/swift-resolved-native-v1/sanitizer-ssa-attempt-01/barriers.bqrs.
Shutting down query evaluator.
       10.46 real        36.02 user         1.26 sys
          1393491968  maximum resident set size
                   0  average shared memory size
                   0  average unshared data size
                   0  average unshared stack size
              117342  page reclaims
                 553  page faults
                   0  swaps
                   0  block input operations
                   0  block output operations
                   0  messages sent
                   0  messages received
                  34  signals received
                2327  voluntary context switches
               85770  involuntary context switches
            42126842  instructions retired
            19919210  cycles elapsed
             1737112  peak memory footprint
