Resolving data extensions.
Finished resolving data extensions.
Loading data extensions.
Finished loading data extensions.
Not caching stages during query-loading, since max heap size is only 1072 MB.
Compiling query plan for /private/tmp/dfb-220-extraction150/evidence/swift-resolved-native-v1/sanitizer-ssa-attempt-01/queries/conversion-identity.ql.
[1/1 comp 8.1s] Compiled /private/tmp/dfb-220-extraction150/evidence/swift-resolved-native-v1/sanitizer-ssa-attempt-01/queries/conversion-identity.ql.
Starting evaluation of dataflowbench/swift-sanitizer/conversion-identity.ql.
[1/1 eval 730ms] Evaluation done; writing results to /private/tmp/dfb-220-extraction150/evidence/swift-resolved-native-v1/sanitizer-ssa-attempt-01/conversion-identity.bqrs.
Shutting down query evaluator.
       10.31 real        33.81 user         1.44 sys
          1340293120  maximum resident set size
                   0  average shared memory size
                   0  average unshared data size
                   0  average unshared stack size
              129417  page reclaims
                 132  page faults
                   0  swaps
                   0  block input operations
                   0  block output operations
                   0  messages sent
                   0  messages received
                  34  signals received
                2104  voluntary context switches
              117431  involuntary context switches
            41802560  instructions retired
            21339237  cycles elapsed
             1720728  peak memory footprint
