Resolving data extensions.
Finished resolving data extensions.
Loading data extensions.
Finished loading data extensions.
Not caching stages during query-loading, since max heap size is only 1072 MB.
Compiling query plan for /private/tmp/dfb-220-extraction150/evidence/swift-resolved-native-v1/sanitizer-ssa-attempt-01/queries/flow.ql.
[1/1 comp 13.9s] Compiled /private/tmp/dfb-220-extraction150/evidence/swift-resolved-native-v1/sanitizer-ssa-attempt-01/queries/flow.ql.
Starting evaluation of dataflowbench/swift-sanitizer/flow.ql.
[1/1 eval 10.5s] Evaluation done; writing results to /private/tmp/dfb-220-extraction150/evidence/swift-resolved-native-v1/sanitizer-ssa-attempt-01/flow.bqrs.
Shutting down query evaluator.
       26.19 real        81.04 user         1.90 sys
          1487618048  maximum resident set size
                   0  average shared memory size
                   0  average unshared data size
                   0  average unshared stack size
              133759  page reclaims
                1297  page faults
                   0  swaps
                   0  block input operations
                   0  block output operations
                   0  messages sent
                   0  messages received
                  56  signals received
                3375  voluntary context switches
              142415  involuntary context switches
            44764306  instructions retired
            28205216  cycles elapsed
             1737112  peak memory footprint
