Resolving data extensions.
Finished resolving data extensions.
Loading data extensions.
Finished loading data extensions.
Not caching stages during query-loading, since max heap size is only 1072 MB.
Compiling query plan for /private/tmp/dfb-220-extraction150/evidence/swift-resolved-native-v1/sanitizer-ssa-attempt-01/queries/numeric-bases.ql.
[1/1 comp 8.5s] Compiled /private/tmp/dfb-220-extraction150/evidence/swift-resolved-native-v1/sanitizer-ssa-attempt-01/queries/numeric-bases.ql.
Starting evaluation of dataflowbench/swift-sanitizer/numeric-bases.ql.
[1/1 eval 555ms] Evaluation done; writing results to /private/tmp/dfb-220-extraction150/evidence/swift-resolved-native-v1/sanitizer-ssa-attempt-01/numeric-bases.bqrs.
Shutting down query evaluator.
       10.43 real        35.89 user         1.27 sys
          1419771904  maximum resident set size
                   0  average shared memory size
                   0  average unshared data size
                   0  average unshared stack size
              120264  page reclaims
                 114  page faults
                   0  swaps
                   0  block input operations
                   0  block output operations
                   0  messages sent
                   0  messages received
                  34  signals received
                 908  voluntary context switches
               92019  involuntary context switches
            45273479  instructions retired
            22238303  cycles elapsed
             1704344  peak memory footprint
