Resolving data extensions.
Finished resolving data extensions.
Loading data extensions.
Finished loading data extensions.
Not caching stages during query-loading, since max heap size is only 1072 MB.
Compiling query plan for /private/tmp/dfb-220-extraction150/evidence/swift-propagator-qualification-v1/control-attempt-01/probe/queries/append-identity.ql.
[1/1 comp 9.5s] Compiled /private/tmp/dfb-220-extraction150/evidence/swift-propagator-qualification-v1/control-attempt-01/probe/queries/append-identity.ql.
Starting evaluation of dataflowbench/swift-propagator/append-identity.ql.
[1/1 eval 732ms] Evaluation done; writing results to /private/tmp/dfb-220-extraction150/evidence/swift-propagator-qualification-v1/control-attempt-01/probe/append-identity.bqrs.
Shutting down query evaluator.
       11.42 real        38.90 user         1.45 sys
          1483276288  maximum resident set size
                   0  average shared memory size
                   0  average unshared data size
                   0  average unshared stack size
              123633  page reclaims
                 123  page faults
                   0  swaps
                   0  block input operations
                   0  block output operations
                   0  messages sent
                   0  messages received
                  31  signals received
                 174  voluntary context switches
              130584  involuntary context switches
            41690697  instructions retired
            18804394  cycles elapsed
             1753496  peak memory footprint
