Resolving data extensions.
Finished resolving data extensions.
Loading data extensions.
Finished loading data extensions.
Not caching stages during query-loading, since max heap size is only 1072 MB.
Compiling query plan for /private/tmp/dfb-220-extraction150/evidence/swift-propagator-qualification-v1/control-attempt-01/probe/queries/append-transfer.ql.
[1/1 comp 9.4s] Compiled /private/tmp/dfb-220-extraction150/evidence/swift-propagator-qualification-v1/control-attempt-01/probe/queries/append-transfer.ql.
Starting evaluation of dataflowbench/swift-propagator/append-transfer.ql.
[1/1 eval 744ms] Evaluation done; writing results to /private/tmp/dfb-220-extraction150/evidence/swift-propagator-qualification-v1/control-attempt-01/probe/append-transfer.bqrs.
Shutting down query evaluator.
       11.33 real        39.55 user         1.18 sys
          1484013568  maximum resident set size
                   0  average shared memory size
                   0  average unshared data size
                   0  average unshared stack size
              121308  page reclaims
                 124  page faults
                   0  swaps
                   0  block input operations
                   0  block output operations
                   0  messages sent
                   0  messages received
                  36  signals received
                  74  voluntary context switches
               91347  involuntary context switches
            41775426  instructions retired
            19005745  cycles elapsed
             1753496  peak memory footprint
