Resolving data extensions.
Finished resolving data extensions.
Loading data extensions.
Finished loading data extensions.
Not caching stages during query-loading, since max heap size is only 1072 MB.
Compiling query plan for /private/tmp/dfb-220-extraction150/evidence/swift-propagator-qualification-v1/control-attempt-01/probe/queries/flow.ql.
[1/1] Found in cache: /private/tmp/dfb-220-extraction150/evidence/swift-propagator-qualification-v1/control-attempt-01/probe/queries/flow.ql.
Starting evaluation of dataflowbench/swift-propagator/flow.ql.
[1/1 eval 11.3s] Evaluation done; writing results to /private/tmp/dfb-220-extraction150/evidence/swift-propagator-qualification-v1/control-attempt-01/probe/flow.bqrs.
Shutting down query evaluator.
       13.26 real        31.73 user         0.98 sys
           837271552  maximum resident set size
                   0  average shared memory size
                   0  average unshared data size
                   0  average unshared stack size
               81412  page reclaims
                 584  page faults
                   0  swaps
                   0  block input operations
                   0  block output operations
                   0  messages sent
                   0  messages received
                  28  signals received
                 101  voluntary context switches
               55168  involuntary context switches
            42356277  instructions retired
            18740646  cycles elapsed
             1753496  peak memory footprint
