Resolving data extensions.
Finished resolving data extensions.
Loading data extensions.
Finished loading data extensions.
Not caching stages during query-loading, since max heap size is only 1072 MB.
Compiling query plan for /private/tmp/dfb-220-extraction150/evidence/swift-propagator-qualification-v1/control-attempt-01/probe/queries/identity.ql.
[1/1] Found in cache: /private/tmp/dfb-220-extraction150/evidence/swift-propagator-qualification-v1/control-attempt-01/probe/queries/identity.ql.
Starting evaluation of dataflowbench/swift-propagator/identity.ql.
[1/1 eval 361ms] Evaluation done; writing results to /private/tmp/dfb-220-extraction150/evidence/swift-propagator-qualification-v1/control-attempt-01/probe/identity.bqrs.
Shutting down query evaluator.
        2.09 real         5.68 user         0.58 sys
           432439296  maximum resident set size
                   0  average shared memory size
                   0  average unshared data size
                   0  average unshared stack size
               51107  page reclaims
                 102  page faults
                   0  swaps
                   0  block input operations
                   0  block output operations
                   0  messages sent
                   0  messages received
                  15  signals received
                  56  voluntary context switches
               26803  involuntary context switches
            41889354  instructions retired
            19408834  cycles elapsed
             1769880  peak memory footprint
