Resolving data extensions.
Finished resolving data extensions.
Loading data extensions.
Finished loading data extensions.
Not caching stages during query-loading, since max heap size is only 1072 MB.
Compiling query plan for /private/tmp/dfb-220-extraction150/evidence/swift-resolved-native-v1/append-body-attempt-01/probe/queries/append-flow.ql.
[1/1 comp 7.2s] Compiled /private/tmp/dfb-220-extraction150/evidence/swift-resolved-native-v1/append-body-attempt-01/probe/queries/append-flow.ql.
Starting evaluation of dataflowbench/swift-resolved-native/append-flow.ql.
[1/1 eval 9.2s] Evaluation done; writing results to /private/tmp/dfb-220-extraction150/evidence/swift-resolved-native-v1/append-body-attempt-01/probe/append-flow.bqrs.
Shutting down query evaluator.
       17.61 real        52.97 user         1.26 sys
          1441202176  maximum resident set size
                   0  average shared memory size
                   0  average unshared data size
                   0  average unshared stack size
              118428  page reclaims
                 588  page faults
                   0  swaps
                   0  block input operations
                   0  block output operations
                   0  messages sent
                   0  messages received
                  38  signals received
                 104  voluntary context switches
               86667  involuntary context switches
            41445180  instructions retired
            17606278  cycles elapsed
             1753496  peak memory footprint
