Initializing database at /var/folders/t1/k_27wjcd4095w9w121dm92_w0000gn/T/dfb-v2-codeql-spe6b58_/db.
Running build command: [/private/tmp/dfb-220-candidate-assets/swift-6.3.3/expanded/swift-6.3.3-RELEASE-osx-package.pkg/Payload/usr/bin/swiftc, -swift-version, 6, -Onone, -sdk, /Library/Developer/CommandLineTools/SDKs/MacOSX26.5.sdk, -target, arm64-apple-macosx26.5, -module-name, DataFlowBenchTaintSwift, -module-cache-path, /var/folders/t1/k_27wjcd4095w9w121dm92_w0000gn/T/dfb-v2-codeql-spe6b58_/cache, /var/folders/t1/k_27wjcd4095w9w121dm92_w0000gn/T/dfb-v2-codeql-spe6b58_/source/main.swift, -o, /var/folders/t1/k_27wjcd4095w9w121dm92_w0000gn/T/dfb-v2-codeql-spe6b58_/never-executed]
Running command in /var/folders/t1/k_27wjcd4095w9w121dm92_w0000gn/T/dfb-v2-codeql-spe6b58_/source: [/private/tmp/dfb-220-candidate-assets/swift-6.3.3/expanded/swift-6.3.3-RELEASE-osx-package.pkg/Payload/usr/bin/swiftc, -swift-version, 6, -Onone, -sdk, /Library/Developer/CommandLineTools/SDKs/MacOSX26.5.sdk, -target, arm64-apple-macosx26.5, -module-name, DataFlowBenchTaintSwift, -module-cache-path, /var/folders/t1/k_27wjcd4095w9w121dm92_w0000gn/T/dfb-v2-codeql-spe6b58_/cache, /var/folders/t1/k_27wjcd4095w9w121dm92_w0000gn/T/dfb-v2-codeql-spe6b58_/source/main.swift, -o, /var/folders/t1/k_27wjcd4095w9w121dm92_w0000gn/T/dfb-v2-codeql-spe6b58_/never-executed]
Finalizing database at /var/folders/t1/k_27wjcd4095w9w121dm92_w0000gn/T/dfb-v2-codeql-spe6b58_/db.
Running TRAP import for CodeQL database at /var/folders/t1/k_27wjcd4095w9w121dm92_w0000gn/T/dfb-v2-codeql-spe6b58_/db...
Warning: rounding --ram up to the minimum of 2048
Importing TRAP files
Merging relations
Finished writing database (relations: 4.83 MiB; string pool: 19.03 MiB).
TRAP import complete (2.3s).
Finished zipping source archive (809.00 B).
Successfully created database at /var/folders/t1/k_27wjcd4095w9w121dm92_w0000gn/T/dfb-v2-codeql-spe6b58_/db.
       88.25 real        46.65 user        10.94 sys
          1308282880  maximum resident set size
                   0  average shared memory size
                   0  average unshared data size
                   0  average unshared stack size
              703784  page reclaims
               51641  page faults
                   0  swaps
                   0  block input operations
                   0  block output operations
                   0  messages sent
                   0  messages received
                  23  signals received
                7588  voluntary context switches
               81684  involuntary context switches
            39936226  instructions retired
            16942090  cycles elapsed
             1802648  peak memory footprint
