Resolving data extensions.
Finished resolving data extensions.
Loading data extensions.
Finished loading data extensions.
Not caching stages during query-loading, since max heap size is only 1072 MB.
Compiling query plan for /private/tmp/dfb-220-extraction150/evidence/swift-resolved-native-v1/append-body-attempt-01/probe/queries/identity.ql.
[1/1] Found in cache: /private/tmp/dfb-220-extraction150/evidence/swift-resolved-native-v1/append-body-attempt-01/probe/queries/identity.ql.
Starting evaluation of dataflowbench/swift-resolved-native/identity.ql.
[1/1 eval 351ms] Evaluation done; writing results to /private/tmp/dfb-220-extraction150/evidence/swift-resolved-native-v1/append-body-attempt-01/probe/identity.bqrs.
Shutting down query evaluator.
        2.02 real         5.46 user         0.52 sys
           429670400  maximum resident set size
                   0  average shared memory size
                   0  average unshared data size
                   0  average unshared stack size
               50781  page reclaims
                 102  page faults
                   0  swaps
                   0  block input operations
                   0  block output operations
                   0  messages sent
                   0  messages received
                  11  signals received
                  56  voluntary context switches
               24649  involuntary context switches
            41563904  instructions retired
            18970621  cycles elapsed
             1737088  peak memory footprint
