Resolving data extensions.
Finished resolving data extensions.
Loading data extensions.
Finished loading data extensions.
Not caching stages during query-loading, since max heap size is only 1072 MB.
Compiling query plan for /private/tmp/dfb-220-extraction150/evidence/swift-resolved-native-v1/append-body-attempt-01/probe/queries/roles.ql.
[1/1] Found in cache: /private/tmp/dfb-220-extraction150/evidence/swift-resolved-native-v1/append-body-attempt-01/probe/queries/roles.ql.
Starting evaluation of dataflowbench/swift-resolved-native/roles.ql.
[1/1 eval 11.8s] Evaluation done; writing results to /private/tmp/dfb-220-extraction150/evidence/swift-resolved-native-v1/append-body-attempt-01/probe/roles.bqrs.
Shutting down query evaluator.
       13.62 real        34.44 user         1.15 sys
          1353269248  maximum resident set size
                   0  average shared memory size
                   0  average unshared data size
                   0  average unshared stack size
              111714  page reclaims
                1803  page faults
                   0  swaps
                   0  block input operations
                   0  block output operations
                   0  messages sent
                   0  messages received
                  68  signals received
                1800  voluntary context switches
               64610  involuntary context switches
            42078090  instructions retired
            19217782  cycles elapsed
             1753496  peak memory footprint
