Resolving data extensions.
Finished resolving data extensions.
Loading data extensions.
Finished loading data extensions.
Not caching stages during query-loading, since max heap size is only 1072 MB.
Compiling query plan for /private/tmp/dfb-220-extraction150/evidence/swift-keyed-persistence-v1/attempt-01/queries/clears.ql.
[1/1 comp 9.5s] Compiled /private/tmp/dfb-220-extraction150/evidence/swift-keyed-persistence-v1/attempt-01/queries/clears.ql.
Starting evaluation of dataflowbench/swift-keyed-persistence-prototype/clears.ql.
[1/1 eval 791ms] Evaluation done; writing results to /private/tmp/dfb-220-extraction150/evidence/swift-keyed-persistence-v1/attempt-01/clears.bqrs.
Shutting down query evaluator.
       11.49 real        40.25 user         1.42 sys
          1467613184  maximum resident set size
                   0  average shared memory size
                   0  average unshared data size
                   0  average unshared stack size
              119908  page reclaims
                 105  page faults
                   0  swaps
                   0  block input operations
                   0  block output operations
                   0  messages sent
                   0  messages received
                  44  signals received
                  59  voluntary context switches
              123960  involuntary context switches
            41199648  instructions retired
            20132098  cycles elapsed
             1704344  peak memory footprint
