Resolving data extensions.
Finished resolving data extensions.
Loading data extensions.
Finished loading data extensions.
Not caching stages during query-loading, since max heap size is only 1072 MB.
Compiling query plan for /private/tmp/dfb-220-extraction150/evidence/swift-keyed-persistence-v1/attempt-01/queries/flow.ql.
[1/1 comp 13.9s] Compiled /private/tmp/dfb-220-extraction150/evidence/swift-keyed-persistence-v1/attempt-01/queries/flow.ql.
Starting evaluation of dataflowbench/swift-keyed-persistence-prototype/flow.ql.
[1/1 eval 9.2s] Evaluation done; writing results to /private/tmp/dfb-220-extraction150/evidence/swift-keyed-persistence-v1/attempt-01/flow.bqrs.
Shutting down query evaluator.
       24.37 real        72.35 user         1.49 sys
          1481736192  maximum resident set size
                   0  average shared memory size
                   0  average unshared data size
                   0  average unshared stack size
              120082  page reclaims
                 584  page faults
                   0  swaps
                   0  block input operations
                   0  block output operations
                   0  messages sent
                   0  messages received
                  48  signals received
                 232  voluntary context switches
              125670  involuntary context switches
            44401752  instructions retired
            19928930  cycles elapsed
             1720728  peak memory footprint
