Resolving data extensions.
Finished resolving data extensions.
Loading data extensions.
Finished loading data extensions.
Not caching stages during query-loading, since max heap size is only 1072 MB.
Compiling query plan for /private/tmp/dfb-220-extraction150/evidence/swift-keyed-persistence-v1/attempt-01/queries/persistence-keys.ql.
[1/1 comp 7.8s] Compiled /private/tmp/dfb-220-extraction150/evidence/swift-keyed-persistence-v1/attempt-01/queries/persistence-keys.ql.
Starting evaluation of dataflowbench/swift-keyed-persistence-prototype/persistence-keys.ql.
[1/1 eval 296ms] Evaluation done; writing results to /private/tmp/dfb-220-extraction150/evidence/swift-keyed-persistence-v1/attempt-01/persistence-keys.bqrs.
Shutting down query evaluator.
        9.30 real        31.39 user         0.98 sys
          1477771264  maximum resident set size
                   0  average shared memory size
                   0  average unshared data size
                   0  average unshared stack size
              120646  page reclaims
                 102  page faults
                   0  swaps
                   0  block input operations
                   0  block output operations
                   0  messages sent
                   0  messages received
                  29  signals received
                  54  voluntary context switches
               73623  involuntary context switches
            46034730  instructions retired
            20268989  cycles elapsed
             1704344  peak memory footprint
