Resolving data extensions.
Finished resolving data extensions.
Loading data extensions.
Finished loading data extensions.
Not caching stages during query-loading, since max heap size is only 1072 MB.
Compiling query plan for /private/tmp/dfb-220-extraction150/evidence/swift-keyed-persistence-v1/attempt-01/queries/persistence-identity.ql.
[1/1 comp 9.1s] Compiled /private/tmp/dfb-220-extraction150/evidence/swift-keyed-persistence-v1/attempt-01/queries/persistence-identity.ql.
Starting evaluation of dataflowbench/swift-keyed-persistence-prototype/persistence-identity.ql.
[1/1 eval 638ms] Evaluation done; writing results to /private/tmp/dfb-220-extraction150/evidence/swift-keyed-persistence-v1/attempt-01/persistence-identity.bqrs.
Shutting down query evaluator.
       10.90 real        38.04 user         1.10 sys
          1452490752  maximum resident set size
                   0  average shared memory size
                   0  average unshared data size
                   0  average unshared stack size
              120418  page reclaims
                 102  page faults
                   0  swaps
                   0  block input operations
                   0  block output operations
                   0  messages sent
                   0  messages received
                  36  signals received
                  70  voluntary context switches
               79550  involuntary context switches
            42747201  instructions retired
            19456266  cycles elapsed
             1704344  peak memory footprint
