Resolving data extensions.
Finished resolving data extensions.
Loading data extensions.
Finished loading data extensions.
Not caching stages during query-loading, since max heap size is only 1072 MB.
Compiling query plan for /private/tmp/dfb-220-extraction150/evidence/swift-keyed-persistence-v1/attempt-01/queries/roles.ql.
[1/1 comp 25s] Compiled /private/tmp/dfb-220-extraction150/evidence/swift-keyed-persistence-v1/attempt-01/queries/roles.ql.
Starting evaluation of dataflowbench/swift-keyed-persistence-prototype/roles.ql.
[1/1 eval 10.2s] Evaluation done; writing results to /private/tmp/dfb-220-extraction150/evidence/swift-keyed-persistence-v1/attempt-01/roles.bqrs.
Shutting down query evaluator.
       36.57 real        87.81 user         1.62 sys
          1482752000  maximum resident set size
                   0  average shared memory size
                   0  average unshared data size
                   0  average unshared stack size
              131514  page reclaims
                1242  page faults
                   0  swaps
                   0  block input operations
                   0  block output operations
                   0  messages sent
                   0  messages received
                  53  signals received
                2585  voluntary context switches
              139841  involuntary context switches
            41150925  instructions retired
            18435013  cycles elapsed
             1720728  peak memory footprint
