Resolving data extensions.
Finished resolving data extensions.
Loading data extensions.
Finished loading data extensions.
Not caching stages during query-loading, since max heap size is only 1072 MB.
Compiling query plan for /private/tmp/dfb-220-extraction150/evidence/swift-resolved-native-v1/canonical-summary-attempt-01/dfb-taint-swift-native-summary-negative/probe/queries/flow.ql.
[1/1] Found in cache: /private/tmp/dfb-220-extraction150/evidence/swift-resolved-native-v1/canonical-summary-attempt-01/dfb-taint-swift-native-summary-negative/probe/queries/flow.ql.
Starting evaluation of dataflowbench/swift-resolved-conversion/flow.ql.
[1/1 eval 16.9s] Evaluation done; writing results to /private/tmp/dfb-220-extraction150/evidence/swift-resolved-native-v1/canonical-summary-attempt-01/dfb-taint-swift-native-summary-negative/probe/flow.bqrs.
Shutting down query evaluator.
       19.70 real        43.61 user         1.20 sys
           718929920  maximum resident set size
                   0  average shared memory size
                   0  average unshared data size
                   0  average unshared stack size
               93606  page reclaims
                 589  page faults
                   0  swaps
                   0  block input operations
                   0  block output operations
                   0  messages sent
                   0  messages received
                  32  signals received
                2219  voluntary context switches
               66915  involuntary context switches
            42508905  instructions retired
            24607313  cycles elapsed
             1819032  peak memory footprint
