Resolving data extensions.
Finished resolving data extensions.
Loading data extensions.
Finished loading data extensions.
Not caching stages during query-loading, since max heap size is only 1072 MB.
Compiling query plan for /private/tmp/dfb-220-extraction150/evidence/swift-resolved-native-v1/canonical-summary-attempt-01/dfb-taint-swift-native-summary-negative/probe/queries/identity.ql.
[1/1] Found in cache: /private/tmp/dfb-220-extraction150/evidence/swift-resolved-native-v1/canonical-summary-attempt-01/dfb-taint-swift-native-summary-negative/probe/queries/identity.ql.
Starting evaluation of dataflowbench/swift-resolved-conversion/identity.ql.
[1/1 eval 601ms] Evaluation done; writing results to /private/tmp/dfb-220-extraction150/evidence/swift-resolved-native-v1/canonical-summary-attempt-01/dfb-taint-swift-native-summary-negative/probe/identity.bqrs.
Shutting down query evaluator.
        3.15 real         8.27 user         0.73 sys
           436715520  maximum resident set size
                   0  average shared memory size
                   0  average unshared data size
                   0  average unshared stack size
               52658  page reclaims
                 108  page faults
                   0  swaps
                   0  block input operations
                   0  block output operations
                   0  messages sent
                   0  messages received
                  10  signals received
                1878  voluntary context switches
               22730  involuntary context switches
            42781190  instructions retired
            29218991  cycles elapsed
             1835416  peak memory footprint
