Resolving data extensions.
Finished resolving data extensions.
Loading data extensions.
Finished loading data extensions.
Not caching stages during query-loading, since max heap size is only 1072 MB.
Compiling query plan for /private/tmp/dfb-220-extraction150/evidence/swift-resolved-native-v1/canonical-summary-attempt-01/dfb-taint-swift-native-summary-negative/probe/queries/roles.ql.
[1/1] Found in cache: /private/tmp/dfb-220-extraction150/evidence/swift-resolved-native-v1/canonical-summary-attempt-01/dfb-taint-swift-native-summary-negative/probe/queries/roles.ql.
Starting evaluation of dataflowbench/swift-resolved-conversion/roles.ql.
[1/1 eval 17.2s] Evaluation done; writing results to /private/tmp/dfb-220-extraction150/evidence/swift-resolved-native-v1/canonical-summary-attempt-01/dfb-taint-swift-native-summary-negative/probe/roles.bqrs.
Shutting down query evaluator.
       20.32 real        47.39 user         1.55 sys
          1351680000  maximum resident set size
                   0  average shared memory size
                   0  average unshared data size
                   0  average unshared stack size
              111741  page reclaims
                1804  page faults
                   0  swaps
                   0  block input operations
                   0  block output operations
                   0  messages sent
                   0  messages received
                  59  signals received
                1783  voluntary context switches
               87712  involuntary context switches
            42351409  instructions retired
            25320641  cycles elapsed
             1819032  peak memory footprint
