Resolving data extensions.
Finished resolving data extensions.
Loading data extensions.
Finished loading data extensions.
Not caching stages during query-loading, since max heap size is only 1072 MB.
Compiling query plan for /private/tmp/dfb-220-extraction150/evidence/swift-resolved-native-v1/canonical-summary-attempt-01/dfb-taint-swift-native-summary-negative/probe/queries/summary-store.ql.
[1/1] Found in cache: /private/tmp/dfb-220-extraction150/evidence/swift-resolved-native-v1/canonical-summary-attempt-01/dfb-taint-swift-native-summary-negative/probe/queries/summary-store.ql.
Starting evaluation of dataflowbench/swift-resolved-conversion/summary-store.ql.
[1/1 eval 785ms] Evaluation done; writing results to /private/tmp/dfb-220-extraction150/evidence/swift-resolved-native-v1/canonical-summary-attempt-01/dfb-taint-swift-native-summary-negative/probe/summary-store.bqrs.
Shutting down query evaluator.
        2.92 real         8.99 user         0.76 sys
           594804736  maximum resident set size
                   0  average shared memory size
                   0  average unshared data size
                   0  average unshared stack size
               65849  page reclaims
                 103  page faults
                   0  swaps
                   0  block input operations
                   0  block output operations
                   0  messages sent
                   0  messages received
                  10  signals received
                  60  voluntary context switches
               39059  involuntary context switches
            41968877  instructions retired
            19653617  cycles elapsed
             1786264  peak memory footprint
