Resolving data extensions.
Finished resolving data extensions.
Loading data extensions.
Finished loading data extensions.
Not caching stages during query-loading, since max heap size is only 1072 MB.
Compiling query plan for /private/tmp/dfb-220-extraction150/evidence/swift-resolved-native-v1/canonical-summary-attempt-01/dfb-taint-swift-native-summary-negative/probe/queries/summary-ports.ql.
[1/1] Found in cache: /private/tmp/dfb-220-extraction150/evidence/swift-resolved-native-v1/canonical-summary-attempt-01/dfb-taint-swift-native-summary-negative/probe/queries/summary-ports.ql.
Starting evaluation of dataflowbench/swift-resolved-conversion/summary-ports.ql.
[1/1 eval 955ms] Evaluation done; writing results to /private/tmp/dfb-220-extraction150/evidence/swift-resolved-native-v1/canonical-summary-attempt-01/dfb-taint-swift-native-summary-negative/probe/summary-ports.bqrs.
Shutting down query evaluator.
        3.64 real        10.88 user         0.82 sys
           455016448  maximum resident set size
                   0  average shared memory size
                   0  average unshared data size
                   0  average unshared stack size
               57703  page reclaims
                 103  page faults
                   0  swaps
                   0  block input operations
                   0  block output operations
                   0  messages sent
                   0  messages received
                  16  signals received
                  60  voluntary context switches
               29067  involuntary context switches
            43231417  instructions retired
            23403111  cycles elapsed
             1835416  peak memory footprint
