2026-09-27 08:15:56.019533000 INFO [extractor/logging] Logging configured (binary: no_logs, text: info, console: warning, diagnostics: true) (SwiftLogging.cpp:158)
2026-09-27 08:15:56.019767000 INFO [extractor/main] calling extractor with arguments "-c -primary-file /private/tmp/dfb-220-extraction150/reports/raw/swift-v3/lane-smoke-01/dfb-taint-swift-model-declared-source-positive/source/ModelDeclaredSourcePositive.swift /private/tmp/dfb-220-extraction150/reports/raw/swift-v3/lane-smoke-01/dfb-taint-swift-model-declared-source-positive/source/main.swift -target arm64-apple-macosx26.5 -Xllvm -aarch64-use-tbi -enable-objc-interop -sdk /Library/Developer/CommandLineTools/SDKs/MacOSX26.5.sdk -no-color-diagnostics -Xcc -fno-color-diagnostics -module-cache-path /private/tmp/dfb-220-extraction150/reports/raw/swift-v3/lane-smoke-01/dfb-taint-swift-model-declared-source-positive/cache -swift-version 6 -Onone -empty-abi-descriptor -no-auto-bridging-header-chaining -module-name DataFlowBenchTaintSwift -in-process-plugin-server-path /private/tmp/dfb-220-candidate-assets/swift-6.3.3/expanded/swift-6.3.3-RELEASE-osx-package.pkg/Payload/usr/lib/swift/host/libSwiftInProcPluginServer.dylib -plugin-path /private/tmp/dfb-220-candidate-assets/swift-6.3.3/expanded/swift-6.3.3-RELEASE-osx-package.pkg/Payload/usr/lib/swift/host/plugins -plugin-path /private/tmp/dfb-220-candidate-assets/swift-6.3.3/expanded/swift-6.3.3-RELEASE-osx-package.pkg/Payload/usr/local/lib/swift/host/plugins -target-sdk-version 26.5 -target-sdk-name macosx26.5 -external-plugin-path /Library/Developer/Developer/usr/lib/swift/host/plugins#/Library/Developer/Developer/usr/bin/swift-plugin-server -external-plugin-path /Library/Developer/Developer/usr/local/lib/swift/host/plugins#/Library/Developer/Developer/usr/bin/swift-plugin-server -o /var/folders/t1/k_27wjcd4095w9w121dm92_w0000gn/T/TemporaryDirectory.7X0l6D/ModelDeclaredSourcePositive-1.o -resource-dir /private/tmp/dfb-220-candidate-assets/codeql-cli/extracted/codeql/swift/resource-dir/osx64" (main.cpp:239)
2026-09-27 08:15:56.212516000 INFO [extractor/main] > /private/tmp/dfb-220-extraction150/reports/raw/swift-v3/lane-smoke-01/dfb-taint-swift-model-declared-source-positive/source/ModelDeclaredSourcePositive.swift (SwiftExtractor.cpp:191)
2026-09-27 08:15:56.212517000 INFO [extractor/main] > /private/tmp/dfb-220-extraction150/reports/raw/swift-v3/lane-smoke-01/dfb-taint-swift-model-declared-source-positive/source/main.swift (SwiftExtractor.cpp:191)
2026-09-27 08:15:56.369719000 WARN [extractor/mangler] encountered ErrorType for which we give no name (SwiftMangler.cpp:255)
2026-09-27 08:15:56.473970000 WARN [extractor/mangler] encountered ParameterizedProtocolType for which we give no name (SwiftMangler.cpp:255)
2026-09-27 08:15:56.474205000 WARN [extractor/mangler] encountered ParameterizedProtocolType for which we give no name (SwiftMangler.cpp:255)
2026-09-27 08:15:56.474415000 WARN [extractor/mangler] encountered ParameterizedProtocolType for which we give no name (SwiftMangler.cpp:255)
2026-09-27 08:15:56.474619000 WARN [extractor/mangler] encountered ParameterizedProtocolType for which we give no name (SwiftMangler.cpp:255)
2026-09-27 08:15:56.474885000 WARN [extractor/mangler] encountered ParameterizedProtocolType for which we give no name (SwiftMangler.cpp:255)
2026-09-27 08:15:56.475092000 WARN [extractor/mangler] encountered ParameterizedProtocolType for which we give no name (SwiftMangler.cpp:255)
2026-09-27 08:15:56.475289000 WARN [extractor/mangler] encountered ParameterizedProtocolType for which we give no name (SwiftMangler.cpp:255)
2026-09-27 08:15:56.475489000 WARN [extractor/mangler] encountered ParameterizedProtocolType for which we give no name (SwiftMangler.cpp:255)
2026-09-27 08:15:56.475690000 WARN [extractor/mangler] encountered ParameterizedProtocolType for which we give no name (SwiftMangler.cpp:255)
2026-09-27 08:15:56.475890000 WARN [extractor/mangler] encountered ParameterizedProtocolType for which we give no name (SwiftMangler.cpp:255)
2026-09-27 08:15:56.476086000 WARN [extractor/mangler] encountered ParameterizedProtocolType for which we give no name (SwiftMangler.cpp:255)
2026-09-27 08:15:56.476280000 WARN [extractor/mangler] encountered ParameterizedProtocolType for which we give no name (SwiftMangler.cpp:255)
2026-09-27 08:15:56.476479000 WARN [extractor/mangler] encountered ParameterizedProtocolType for which we give no name (SwiftMangler.cpp:255)
2026-09-27 08:15:56.476679000 WARN [extractor/mangler] encountered ParameterizedProtocolType for which we give no name (SwiftMangler.cpp:255)
2026-09-27 08:15:56.476874000 WARN [extractor/mangler] encountered ParameterizedProtocolType for which we give no name (SwiftMangler.cpp:255)
2026-09-27 08:15:56.477068000 WARN [extractor/mangler] encountered ParameterizedProtocolType for which we give no name (SwiftMangler.cpp:255)
2026-09-27 08:15:56.776658000 WARN [extractor/mangler] encountered IntegerType for which we give no name (SwiftMangler.cpp:255)
2026-09-27 08:15:56.776726000 WARN [extractor/mangler] encountered IntegerType for which we give no name (SwiftMangler.cpp:255)
2026-09-27 08:15:56.777364000 WARN [extractor/mangler] encountered IntegerType for which we give no name (SwiftMangler.cpp:255)
2026-09-27 08:15:56.777377000 WARN [extractor/mangler] encountered IntegerType for which we give no name (SwiftMangler.cpp:255)
2026-09-27 08:15:56.777390000 WARN [extractor/mangler] encountered IntegerType for which we give no name (SwiftMangler.cpp:255)
2026-09-27 08:15:56.777401000 WARN [extractor/mangler] encountered IntegerType for which we give no name (SwiftMangler.cpp:255)
