Resolving data extensions.
Finished resolving data extensions.
Loading data extensions.
Finished loading data extensions.
Not caching stages during query-loading, since max heap size is only 1072 MB.
Compiling query plan for /private/tmp/dfb-220-extraction150/evidence/swift-persistence-completeness-v1/mixed-attempt-01/probe/queries/clears.ql.
[1/1] Found in cache: /private/tmp/dfb-220-extraction150/evidence/swift-persistence-completeness-v1/mixed-attempt-01/probe/queries/clears.ql.
Starting evaluation of dataflowbench/swift-keyed-persistence-prototype/clears.ql.
[1/1 eval 1.1s] Evaluation done; writing results to /private/tmp/dfb-220-extraction150/evidence/swift-persistence-completeness-v1/mixed-attempt-01/probe/clears.bqrs.
Shutting down query evaluator.
        3.22 real         9.84 user         0.78 sys
           484048896  maximum resident set size
                   0  average shared memory size
                   0  average unshared data size
                   0  average unshared stack size
               58182  page reclaims
                 266  page faults
                   0  swaps
                   0  block input operations
                   0  block output operations
                   0  messages sent
                   0  messages received
                  26  signals received
                2297  voluntary context switches
               59607  involuntary context switches
            41869472  instructions retired
            19135607  cycles elapsed
             1753496  peak memory footprint
