Resolving data extensions.
Finished resolving data extensions.
Loading data extensions.
Finished loading data extensions.
Not caching stages during query-loading, since max heap size is only 1072 MB.
Compiling query plan for /private/tmp/dfb-220-extraction150/evidence/swift-persistence-completeness-v1/mixed-attempt-01/probe/queries/flow.ql.
[1/1] Found in cache: /private/tmp/dfb-220-extraction150/evidence/swift-persistence-completeness-v1/mixed-attempt-01/probe/queries/flow.ql.
Starting evaluation of dataflowbench/swift-keyed-persistence-prototype/flow.ql.
[1/1 eval 9.4s] Evaluation done; writing results to /private/tmp/dfb-220-extraction150/evidence/swift-persistence-completeness-v1/mixed-attempt-01/probe/flow.bqrs.
Shutting down query evaluator.
       12.00 real        29.05 user         1.19 sys
           868630528  maximum resident set size
                   0  average shared memory size
                   0  average unshared data size
                   0  average unshared stack size
               82870  page reclaims
                 584  page faults
                   0  swaps
                   0  block input operations
                   0  block output operations
                   0  messages sent
                   0  messages received
                  25  signals received
                4723  voluntary context switches
              124324  involuntary context switches
            43135464  instructions retired
            21064469  cycles elapsed
             1786264  peak memory footprint
