Resolving data extensions.
Finished resolving data extensions.
Loading data extensions.
Finished loading data extensions.
Not caching stages during query-loading, since max heap size is only 1072 MB.
Compiling query plan for /private/tmp/dfb-220-extraction150/evidence/swift-persistence-completeness-v1/mixed-attempt-01/probe/queries/persistence-keys.ql.
[1/1] Found in cache: /private/tmp/dfb-220-extraction150/evidence/swift-persistence-completeness-v1/mixed-attempt-01/probe/queries/persistence-keys.ql.
Starting evaluation of dataflowbench/swift-keyed-persistence-prototype/persistence-keys.ql.
[1/1 eval 353ms] Evaluation done; writing results to /private/tmp/dfb-220-extraction150/evidence/swift-persistence-completeness-v1/mixed-attempt-01/probe/persistence-keys.bqrs.
Shutting down query evaluator.
        2.28 real         5.60 user         0.66 sys
           444547072  maximum resident set size
                   0  average shared memory size
                   0  average unshared data size
                   0  average unshared stack size
               49907  page reclaims
                 527  page faults
                   0  swaps
                   0  block input operations
                   0  block output operations
                   0  messages sent
                   0  messages received
                   9  signals received
                1681  voluntary context switches
               43633  involuntary context switches
            41930682  instructions retired
            19537032  cycles elapsed
             1769880  peak memory footprint
