Resolving data extensions.
Finished resolving data extensions.
Loading data extensions.
Finished loading data extensions.
Not caching stages during query-loading, since max heap size is only 1072 MB.
Compiling query plan for /private/tmp/dfb-220-extraction150/evidence/swift-persistence-completeness-v1/mixed-attempt-01/probe/queries/states.ql.
[1/1] Found in cache: /private/tmp/dfb-220-extraction150/evidence/swift-persistence-completeness-v1/mixed-attempt-01/probe/queries/states.ql.
Starting evaluation of dataflowbench/swift-keyed-persistence-prototype/states.ql.
[1/1 eval 218ms] Evaluation done; writing results to /private/tmp/dfb-220-extraction150/evidence/swift-persistence-completeness-v1/mixed-attempt-01/probe/states.bqrs.
Shutting down query evaluator.
        2.35 real         5.60 user         0.66 sys
           454623232  maximum resident set size
                   0  average shared memory size
                   0  average unshared data size
                   0  average unshared stack size
               48461  page reclaims
                1745  page faults
                   0  swaps
                   0  block input operations
                   0  block output operations
                   0  messages sent
                   0  messages received
                  10  signals received
                1984  voluntary context switches
               45002  involuntary context switches
            45136967  instructions retired
            19878794  cycles elapsed
             1802648  peak memory footprint
