Resolving data extensions.
Finished resolving data extensions.
Loading data extensions.
Finished loading data extensions.
Not caching stages during query-loading, since max heap size is only 1072 MB.
Compiling query plan for /private/tmp/dfb-220-extraction150/evidence/swift-persistence-completeness-v1/mixed-attempt-01/probe/queries/transitions.ql.
[1/1] Found in cache: /private/tmp/dfb-220-extraction150/evidence/swift-persistence-completeness-v1/mixed-attempt-01/probe/queries/transitions.ql.
Starting evaluation of dataflowbench/swift-keyed-persistence-prototype/transitions.ql.
[1/1 eval 880ms] Evaluation done; writing results to /private/tmp/dfb-220-extraction150/evidence/swift-persistence-completeness-v1/mixed-attempt-01/probe/transitions.bqrs.
Shutting down query evaluator.
        2.98 real         8.33 user         0.76 sys
           446873600  maximum resident set size
                   0  average shared memory size
                   0  average unshared data size
                   0  average unshared stack size
               54565  page reclaims
                1782  page faults
                   0  swaps
                   0  block input operations
                   0  block output operations
                   0  messages sent
                   0  messages received
                  12  signals received
                1387  voluntary context switches
               62864  involuntary context switches
            42935287  instructions retired
            19829183  cycles elapsed
             1753496  peak memory footprint
