Resolving data extensions.
Finished resolving data extensions.
Loading data extensions.
Finished loading data extensions.
Not caching stages during query-loading, since max heap size is only 1072 MB.
Compiling query plan for /private/tmp/dfb-220-extraction150/evidence/swift-resolved-native-v1/canonical-append-attempt-01/dfb-taint-swift-native-propagator-negative/probe/queries/flow.ql.
[1/1] Found in cache: /private/tmp/dfb-220-extraction150/evidence/swift-resolved-native-v1/canonical-append-attempt-01/dfb-taint-swift-native-propagator-negative/probe/queries/flow.ql.
Starting evaluation of dataflowbench/swift-resolved-native/flow.ql.
[1/1 eval 9.4s] Evaluation done; writing results to /private/tmp/dfb-220-extraction150/evidence/swift-resolved-native-v1/canonical-append-attempt-01/dfb-taint-swift-native-propagator-negative/probe/flow.bqrs.
Shutting down query evaluator.
       11.38 real        27.40 user         0.86 sys
           845447168  maximum resident set size
                   0  average shared memory size
                   0  average unshared data size
                   0  average unshared stack size
               81251  page reclaims
                 582  page faults
                   0  swaps
                   0  block input operations
                   0  block output operations
                   0  messages sent
                   0  messages received
                  28  signals received
                 125  voluntary context switches
               41773  involuntary context switches
            45485709  instructions retired
            19857350  cycles elapsed
             1786264  peak memory footprint
