Resolving data extensions.
Finished resolving data extensions.
Loading data extensions.
Finished loading data extensions.
Not caching stages during query-loading, since max heap size is only 1072 MB.
Compiling query plan for /private/tmp/dfb-220-extraction150/evidence/swift-resolved-native-v1/canonical-append-attempt-01/dfb-taint-swift-native-propagator-negative/probe/queries/identity.ql.
[1/1] Found in cache: /private/tmp/dfb-220-extraction150/evidence/swift-resolved-native-v1/canonical-append-attempt-01/dfb-taint-swift-native-propagator-negative/probe/queries/identity.ql.
Starting evaluation of dataflowbench/swift-resolved-native/identity.ql.
[1/1 eval 363ms] Evaluation done; writing results to /private/tmp/dfb-220-extraction150/evidence/swift-resolved-native-v1/canonical-append-attempt-01/dfb-taint-swift-native-propagator-negative/probe/identity.bqrs.
Shutting down query evaluator.
        2.06 real         5.48 user         0.55 sys
           435748864  maximum resident set size
                   0  average shared memory size
                   0  average unshared data size
                   0  average unshared stack size
               51061  page reclaims
                 102  page faults
                   0  swaps
                   0  block input operations
                   0  block output operations
                   0  messages sent
                   0  messages received
                  16  signals received
                  52  voluntary context switches
               24334  involuntary context switches
            42016661  instructions retired
            18172217  cycles elapsed
             1786264  peak memory footprint
