Resolving data extensions.
Finished resolving data extensions.
Loading data extensions.
Finished loading data extensions.
Not caching stages during query-loading, since max heap size is only 1072 MB.
Compiling query plan for /private/tmp/dfb-220-extraction150/evidence/swift-resolved-native-v1/canonical-append-attempt-01/dfb-taint-swift-native-propagator-negative/probe/queries/roles.ql.
[1/1] Found in cache: /private/tmp/dfb-220-extraction150/evidence/swift-resolved-native-v1/canonical-append-attempt-01/dfb-taint-swift-native-propagator-negative/probe/queries/roles.ql.
Starting evaluation of dataflowbench/swift-resolved-native/roles.ql.
[1/1 eval 11.6s] Evaluation done; writing results to /private/tmp/dfb-220-extraction150/evidence/swift-resolved-native-v1/canonical-append-attempt-01/dfb-taint-swift-native-propagator-negative/probe/roles.bqrs.
Shutting down query evaluator.
       13.50 real        34.16 user         1.17 sys
          1346060288  maximum resident set size
                   0  average shared memory size
                   0  average unshared data size
                   0  average unshared stack size
              111668  page reclaims
                1803  page faults
                   0  swaps
                   0  block input operations
                   0  block output operations
                   0  messages sent
                   0  messages received
                  65  signals received
                1857  voluntary context switches
               62652  involuntary context switches
            42213616  instructions retired
            17883456  cycles elapsed
             1786264  peak memory footprint
