Resolving data extensions.
Finished resolving data extensions.
Loading data extensions.
Finished loading data extensions.
Not caching stages during query-loading, since max heap size is only 1072 MB.
Compiling query plan for /private/tmp/dfb-220-extraction150/evidence/swift-foundation-sources-v1/control-attempt-01/queries/flow.ql.
[1/1] Found in cache: /private/tmp/dfb-220-extraction150/evidence/swift-foundation-sources-v1/control-attempt-01/queries/flow.ql.
Starting evaluation of dataflowbench/swift-foundation-sources/flow.ql.
[1/1 eval 15.2s] Evaluation done; writing results to /private/tmp/dfb-220-extraction150/evidence/swift-foundation-sources-v1/control-attempt-01/flow.bqrs.
Shutting down query evaluator.
       18.18 real        40.11 user         1.69 sys
           822378496  maximum resident set size
                   0  average shared memory size
                   0  average unshared data size
                   0  average unshared stack size
               85417  page reclaims
                 589  page faults
                   0  swaps
                   0  block input operations
                   0  block output operations
                   0  messages sent
                   0  messages received
                  22  signals received
                2263  voluntary context switches
              217060  involuntary context switches
            42205370  instructions retired
            20616884  cycles elapsed
             1720728  peak memory footprint
