Resolving data extensions.
Finished resolving data extensions.
Loading data extensions.
Finished loading data extensions.
Not caching stages during query-loading, since max heap size is only 1072 MB.
Compiling query plan for /private/tmp/dfb-220-extraction150/evidence/swift-foundation-sources-v1/control-attempt-01/queries/identity.ql.
[1/1] Found in cache: /private/tmp/dfb-220-extraction150/evidence/swift-foundation-sources-v1/control-attempt-01/queries/identity.ql.
Starting evaluation of dataflowbench/swift-foundation-sources/identity.ql.
[1/1 eval 590ms] Evaluation done; writing results to /private/tmp/dfb-220-extraction150/evidence/swift-foundation-sources-v1/control-attempt-01/identity.bqrs.
Shutting down query evaluator.
        3.70 real         7.85 user         0.86 sys
           409534464  maximum resident set size
                   0  average shared memory size
                   0  average unshared data size
                   0  average unshared stack size
               50472  page reclaims
                 114  page faults
                   0  swaps
                   0  block input operations
                   0  block output operations
                   0  messages sent
                   0  messages received
                  11  signals received
                2340  voluntary context switches
               48730  involuntary context switches
            44101918  instructions retired
            27369429  cycles elapsed
             1786264  peak memory footprint
