Resolving data extensions.
Finished resolving data extensions.
Loading data extensions.
Finished loading data extensions.
Not caching stages during query-loading, since max heap size is only 1072 MB.
Compiling query plan for /private/tmp/dfb-220-extraction150/evidence/swift-foundation-sources-v1/control-attempt-01/queries/roles.ql.
[1/1] Found in cache: /private/tmp/dfb-220-extraction150/evidence/swift-foundation-sources-v1/control-attempt-01/queries/roles.ql.
Starting evaluation of dataflowbench/swift-foundation-sources/roles.ql.
[1/1 eval 12.8s] Evaluation done; writing results to /private/tmp/dfb-220-extraction150/evidence/swift-foundation-sources-v1/control-attempt-01/roles.bqrs.
Shutting down query evaluator.
       15.19 real        38.90 user         1.73 sys
          1367392256  maximum resident set size
                   0  average shared memory size
                   0  average unshared data size
                   0  average unshared stack size
              108642  page reclaims
                1804  page faults
                   0  swaps
                   0  block input operations
                   0  block output operations
                   0  messages sent
                   0  messages received
                  67  signals received
                1723  voluntary context switches
              213783  involuntary context switches
            45146190  instructions retired
            22239630  cycles elapsed
             1720728  peak memory footprint
