Resolving data extensions.
Finished resolving data extensions.
Loading data extensions.
Finished loading data extensions.
Not caching stages during query-loading, since max heap size is only 1072 MB.
Compiling query plan for /private/tmp/dfb-220-extraction150/evidence/swift-propagator-qualification-v1/trace-attempt-02/queries/path.ql.
[1/1 comp 14.8s] Compiled /private/tmp/dfb-220-extraction150/evidence/swift-propagator-qualification-v1/trace-attempt-02/queries/path.ql.
Starting evaluation of dataflowbench/swift-propagator-trace/path.ql.
[1/1 eval 10.8s] Evaluation done; writing results to /private/tmp/dfb-220-extraction150/evidence/swift-propagator-qualification-v1/trace-attempt-02/path.bqrs.
Shutting down query evaluator.
       27.05 real        82.03 user         2.21 sys
          1495547904  maximum resident set size
                   0  average shared memory size
                   0  average unshared data size
                   0  average unshared stack size
              140443  page reclaims
                 705  page faults
                   0  swaps
                   0  block input operations
                   0  block output operations
                   0  messages sent
                   0  messages received
                  49  signals received
                1611  voluntary context switches
              212396  involuntary context switches
            42230735  instructions retired
            20357716  cycles elapsed
             1769880  peak memory footprint
