Resolving data extensions.
Finished resolving data extensions.
Loading data extensions.
Finished loading data extensions.
Not caching stages during query-loading, since max heap size is only 1072 MB.
Compiling query plan for /private/tmp/dfb-220-extraction150/evidence/swift-propagator-qualification-v1/trace-attempt-02/queries/summaries.ql.
[1/1] Found in cache: /private/tmp/dfb-220-extraction150/evidence/swift-propagator-qualification-v1/trace-attempt-02/queries/summaries.ql.
Starting evaluation of dataflowbench/swift-propagator-trace/summaries.ql.
[1/1 eval 688ms] Evaluation done; writing results to /private/tmp/dfb-220-extraction150/evidence/swift-propagator-qualification-v1/trace-attempt-02/summaries.bqrs.
Shutting down query evaluator.
        2.87 real         7.98 user         0.71 sys
           436502528  maximum resident set size
                   0  average shared memory size
                   0  average unshared data size
                   0  average unshared stack size
               53180  page reclaims
                2173  page faults
                   0  swaps
                   0  block input operations
                   0  block output operations
                   0  messages sent
                   0  messages received
                  13  signals received
                1497  voluntary context switches
               34594  involuntary context switches
            41738991  instructions retired
            19843483  cycles elapsed
             1753496  peak memory footprint
