Initializing database at /private/tmp/dfb-220-unlimited-extraction-01/db.
Running build command: [/private/tmp/dfb-220-candidate-assets/swift-6.3.3/expanded/swift-6.3.3-RELEASE-osx-package.pkg/Payload/usr/bin/swiftc, -swift-version, 6, -Onone, -sdk, /Library/Developer/CommandLineTools/SDKs/MacOSX26.5.sdk, -target, arm64-apple-macosx26.5, -module-name, DataFlowBenchTaintSwift, -module-cache-path, /private/tmp/dfb-220-unlimited-extraction-01/cache, /private/tmp/dfb-220-unlimited-extraction-01/source/main.swift, -o, /private/tmp/dfb-220-unlimited-extraction-01/never-executed]
Running command in /private/tmp/dfb-220-unlimited-extraction-01/source: [/private/tmp/dfb-220-candidate-assets/swift-6.3.3/expanded/swift-6.3.3-RELEASE-osx-package.pkg/Payload/usr/bin/swiftc, -swift-version, 6, -Onone, -sdk, /Library/Developer/CommandLineTools/SDKs/MacOSX26.5.sdk, -target, arm64-apple-macosx26.5, -module-name, DataFlowBenchTaintSwift, -module-cache-path, /private/tmp/dfb-220-unlimited-extraction-01/cache, /private/tmp/dfb-220-unlimited-extraction-01/source/main.swift, -o, /private/tmp/dfb-220-unlimited-extraction-01/never-executed]
Finalizing database at /private/tmp/dfb-220-unlimited-extraction-01/db.
Running TRAP import for CodeQL database at /private/tmp/dfb-220-unlimited-extraction-01/db...
Warning: rounding --ram up to the minimum of 2048
Importing TRAP files
Merging relations
Finished writing database (relations: 4.82 MiB; string pool: 19.03 MiB).
TRAP import complete (2.8s).
Finished zipping source archive (504.00 B).
Successfully created database at /private/tmp/dfb-220-unlimited-extraction-01/db.
      120.98 real        66.70 user        13.30 sys
          1293893632  maximum resident set size
                   0  average shared memory size
                   0  average unshared data size
                   0  average unshared stack size
              713650  page reclaims
               56119  page faults
                   0  swaps
                   0  block input operations
                   0  block output operations
                   0  messages sent
                   0  messages received
                  16  signals received
               11382  voluntary context switches
              245473  involuntary context switches
            41546210  instructions retired
            29872023  cycles elapsed
             1819032  peak memory footprint
