Resolving data extensions.
Finished resolving data extensions.
Loading data extensions.
Finished loading data extensions.
Not caching stages during query-loading, since max heap size is only 1072 MB.
Compiling query plan for /private/tmp/dfb-220-extraction150/evidence/swift-keyed-persistence-v1/suite-attempt-02/queries/content.ql.
[1/1 comp 9.7s] Compiled /private/tmp/dfb-220-extraction150/evidence/swift-keyed-persistence-v1/suite-attempt-02/queries/content.ql.
Starting evaluation of dataflowbench/swift-keyed-persistence-prototype/content.ql.
[1/1 eval 766ms] Evaluation done; writing results to /private/tmp/dfb-220-extraction150/evidence/swift-keyed-persistence-v1/suite-attempt-02/content.bqrs.
Shutting down query evaluator.
       11.66 real        40.99 user         1.43 sys
          1465991168  maximum resident set size
                   0  average shared memory size
                   0  average unshared data size
                   0  average unshared stack size
              119996  page reclaims
                 102  page faults
                   0  swaps
                   0  block input operations
                   0  block output operations
                   0  messages sent
                   0  messages received
                  44  signals received
                  55  voluntary context switches
              122577  involuntary context switches
            41057650  instructions retired
            18579213  cycles elapsed
             1720728  peak memory footprint
