Resolving data extensions.
Finished resolving data extensions.
Loading data extensions.
Finished loading data extensions.
Not caching stages during query-loading, since max heap size is only 1072 MB.
Compiling query plan for /private/tmp/dfb-220-extraction150/evidence/swift-keyed-persistence-v1/suite-attempt-02/queries/flow.ql.
[1/1 comp 14.3s] Compiled /private/tmp/dfb-220-extraction150/evidence/swift-keyed-persistence-v1/suite-attempt-02/queries/flow.ql.
Starting evaluation of dataflowbench/swift-keyed-persistence-prototype/flow.ql.
[1/1 eval 9.3s] Evaluation done; writing results to /private/tmp/dfb-220-extraction150/evidence/swift-keyed-persistence-v1/suite-attempt-02/flow.bqrs.
Shutting down query evaluator.
       24.78 real        73.26 user         1.47 sys
          1466269696  maximum resident set size
                   0  average shared memory size
                   0  average unshared data size
                   0  average unshared stack size
              134014  page reclaims
                 587  page faults
                   0  swaps
                   0  block input operations
                   0  block output operations
                   0  messages sent
                   0  messages received
                  59  signals received
                 185  voluntary context switches
              121379  involuntary context switches
            41270020  instructions retired
            18711836  cycles elapsed
             1720728  peak memory footprint
