Resolving data extensions.
Finished resolving data extensions.
Loading data extensions.
Finished loading data extensions.
Not caching stages during query-loading, since max heap size is only 1072 MB.
Compiling query plan for /private/tmp/dfb-220-extraction150/evidence/swift-keyed-persistence-v1/suite-attempt-02/queries/persistence-keys.ql.
[1/1 comp 5.8s] Compiled /private/tmp/dfb-220-extraction150/evidence/swift-keyed-persistence-v1/suite-attempt-02/queries/persistence-keys.ql.
Starting evaluation of dataflowbench/swift-keyed-persistence-prototype/persistence-keys.ql.
[1/1 eval 304ms] Evaluation done; writing results to /private/tmp/dfb-220-extraction150/evidence/swift-keyed-persistence-v1/suite-attempt-02/persistence-keys.bqrs.
Shutting down query evaluator.
        7.22 real        25.22 user         0.90 sys
          1404452864  maximum resident set size
                   0  average shared memory size
                   0  average unshared data size
                   0  average unshared stack size
              115719  page reclaims
                 102  page faults
                   0  swaps
                   0  block input operations
                   0  block output operations
                   0  messages sent
                   0  messages received
                  31  signals received
                  51  voluntary context switches
               58958  involuntary context switches
            41107631  instructions retired
            18722540  cycles elapsed
             1720728  peak memory footprint
