Resolving data extensions.
Finished resolving data extensions.
Loading data extensions.
Finished loading data extensions.
Not caching stages during query-loading, since max heap size is only 1072 MB.
Compiling query plan for /private/tmp/dfb-220-extraction150/evidence/swift-keyed-persistence-v1/suite-attempt-02/queries/roles.ql.
[1/1 comp 15.9s] Compiled /private/tmp/dfb-220-extraction150/evidence/swift-keyed-persistence-v1/suite-attempt-02/queries/roles.ql.
Starting evaluation of dataflowbench/swift-keyed-persistence-prototype/roles.ql.
[1/1 eval 9.7s] Evaluation done; writing results to /private/tmp/dfb-220-extraction150/evidence/swift-keyed-persistence-v1/suite-attempt-02/roles.bqrs.
Shutting down query evaluator.
       26.87 real        72.69 user         1.79 sys
          1473806336  maximum resident set size
                   0  average shared memory size
                   0  average unshared data size
                   0  average unshared stack size
              133112  page reclaims
                 543  page faults
                   0  swaps
                   0  block input operations
                   0  block output operations
                   0  messages sent
                   0  messages received
                  46  signals received
                1126  voluntary context switches
              170188  involuntary context switches
            45154114  instructions retired
            20573370  cycles elapsed
             1720728  peak memory footprint
