Resolving data extensions.
Finished resolving data extensions.
Loading data extensions.
Finished loading data extensions.
Not caching stages during query-loading, since max heap size is only 1072 MB.
Compiling query plan for /private/tmp/dfb-220-extraction150/evidence/swift-keyed-persistence-v1/suite-attempt-02/queries/states.ql.
[1/1 comp 6.6s] Compiled /private/tmp/dfb-220-extraction150/evidence/swift-keyed-persistence-v1/suite-attempt-02/queries/states.ql.
Starting evaluation of dataflowbench/swift-keyed-persistence-prototype/states.ql.
[1/1 eval 111ms] Evaluation done; writing results to /private/tmp/dfb-220-extraction150/evidence/swift-keyed-persistence-v1/suite-attempt-02/states.bqrs.
Shutting down query evaluator.
        7.90 real        28.49 user         0.96 sys
          1432174592  maximum resident set size
                   0  average shared memory size
                   0  average unshared data size
                   0  average unshared stack size
              117957  page reclaims
                 102  page faults
                   0  swaps
                   0  block input operations
                   0  block output operations
                   0  messages sent
                   0  messages received
                  37  signals received
                  56  voluntary context switches
               66248  involuntary context switches
            41577369  instructions retired
            18267050  cycles elapsed
             1720728  peak memory footprint
