Resolving data extensions.
Finished resolving data extensions.
Loading data extensions.
Finished loading data extensions.
Not caching stages during query-loading, since max heap size is only 1072 MB.
Compiling query plan for /private/tmp/dfb-220-extraction150/evidence/swift-keyed-persistence-v1/suite-attempt-02/queries/transitions.ql.
[1/1 comp 8.2s] Compiled /private/tmp/dfb-220-extraction150/evidence/swift-keyed-persistence-v1/suite-attempt-02/queries/transitions.ql.
Starting evaluation of dataflowbench/swift-keyed-persistence-prototype/transitions.ql.
[1/1 eval 107ms] Evaluation done; writing results to /private/tmp/dfb-220-extraction150/evidence/swift-keyed-persistence-v1/suite-attempt-02/transitions.bqrs.
Shutting down query evaluator.
        9.56 real        33.66 user         1.00 sys
          1446821888  maximum resident set size
                   0  average shared memory size
                   0  average unshared data size
                   0  average unshared stack size
              118262  page reclaims
                 102  page faults
                   0  swaps
                   0  block input operations
                   0  block output operations
                   0  messages sent
                   0  messages received
                  35  signals received
                  49  voluntary context switches
               71635  involuntary context switches
            41054587  instructions retired
            18689956  cycles elapsed
             1720728  peak memory footprint
