Resolving data extensions.
Finished resolving data extensions.
Loading data extensions.
Finished loading data extensions.
Not caching stages during query-loading, since max heap size is only 1072 MB.
Compiling query plan for /private/tmp/dfb-220-extraction150/evidence/swift-keyed-persistence-v1/suite-attempt-03/queries/clears.ql.
[1/1 comp 6.5s] Compiled /private/tmp/dfb-220-extraction150/evidence/swift-keyed-persistence-v1/suite-attempt-03/queries/clears.ql.
Starting evaluation of dataflowbench/swift-keyed-persistence-prototype/clears.ql.
[1/1 eval 854ms] Evaluation done; writing results to /private/tmp/dfb-220-extraction150/evidence/swift-keyed-persistence-v1/suite-attempt-03/clears.bqrs.
Shutting down query evaluator.
        8.77 real        31.02 user         1.06 sys
          1434550272  maximum resident set size
                   0  average shared memory size
                   0  average unshared data size
                   0  average unshared stack size
              118011  page reclaims
                 102  page faults
                   0  swaps
                   0  block input operations
                   0  block output operations
                   0  messages sent
                   0  messages received
                  45  signals received
                  53  voluntary context switches
               67954  involuntary context switches
            41940890  instructions retired
            18926290  cycles elapsed
             1720728  peak memory footprint
