Resolving data extensions.
Finished resolving data extensions.
Loading data extensions.
Finished loading data extensions.
Not caching stages during query-loading, since max heap size is only 1072 MB.
Compiling query plan for /private/tmp/dfb-220-extraction150/evidence/swift-keyed-persistence-v1/suite-attempt-03/queries/flow.ql.
[1/1 comp 7.3s] Compiled /private/tmp/dfb-220-extraction150/evidence/swift-keyed-persistence-v1/suite-attempt-03/queries/flow.ql.
Starting evaluation of dataflowbench/swift-keyed-persistence-prototype/flow.ql.
[1/1 eval 9.8s] Evaluation done; writing results to /private/tmp/dfb-220-extraction150/evidence/swift-keyed-persistence-v1/suite-attempt-03/flow.bqrs.
Shutting down query evaluator.
       18.41 real        54.28 user         1.65 sys
          1463894016  maximum resident set size
                   0  average shared memory size
                   0  average unshared data size
                   0  average unshared stack size
              118978  page reclaims
                 582  page faults
                   0  swaps
                   0  block input operations
                   0  block output operations
                   0  messages sent
                   0  messages received
                  49  signals received
                 126  voluntary context switches
              142572  involuntary context switches
            40944529  instructions retired
            18774735  cycles elapsed
             1720728  peak memory footprint
