Resolving data extensions.
Finished resolving data extensions.
Loading data extensions.
Finished loading data extensions.
Not caching stages during query-loading, since max heap size is only 1072 MB.
Compiling query plan for /private/tmp/dfb-220-extraction150/evidence/swift-keyed-persistence-v1/suite-attempt-03/queries/persistence-identity.ql.
[1/1 comp 7.6s] Compiled /private/tmp/dfb-220-extraction150/evidence/swift-keyed-persistence-v1/suite-attempt-03/queries/persistence-identity.ql.
Starting evaluation of dataflowbench/swift-keyed-persistence-prototype/persistence-identity.ql.
[1/1 eval 674ms] Evaluation done; writing results to /private/tmp/dfb-220-extraction150/evidence/swift-keyed-persistence-v1/suite-attempt-03/persistence-identity.bqrs.
Shutting down query evaluator.
        9.48 real        30.97 user         1.06 sys
          1425817600  maximum resident set size
                   0  average shared memory size
                   0  average unshared data size
                   0  average unshared stack size
              116804  page reclaims
                 102  page faults
                   0  swaps
                   0  block input operations
                   0  block output operations
                   0  messages sent
                   0  messages received
                  33  signals received
                  56  voluntary context switches
               76356  involuntary context switches
            41243733  instructions retired
            19165268  cycles elapsed
             1737112  peak memory footprint
