Resolving data extensions.
Finished resolving data extensions.
Loading data extensions.
Finished loading data extensions.
Not caching stages during query-loading, since max heap size is only 1072 MB.
Compiling query plan for /private/tmp/dfb-220-extraction150/evidence/swift-keyed-persistence-v1/suite-attempt-03/queries/roles.ql.
[1/1 comp 11.1s] Compiled /private/tmp/dfb-220-extraction150/evidence/swift-keyed-persistence-v1/suite-attempt-03/queries/roles.ql.
Starting evaluation of dataflowbench/swift-keyed-persistence-prototype/roles.ql.
[1/1 eval 9.5s] Evaluation done; writing results to /private/tmp/dfb-220-extraction150/evidence/swift-keyed-persistence-v1/suite-attempt-03/roles.bqrs.
Shutting down query evaluator.
       21.80 real        64.25 user         1.68 sys
          1475624960  maximum resident set size
                   0  average shared memory size
                   0  average unshared data size
                   0  average unshared stack size
              121003  page reclaims
                 534  page faults
                   0  swaps
                   0  block input operations
                   0  block output operations
                   0  messages sent
                   0  messages received
                  50  signals received
                  86  voluntary context switches
              149631  involuntary context switches
            44653203  instructions retired
            19684996  cycles elapsed
             1720728  peak memory footprint
