Resolving data extensions.
Finished resolving data extensions.
Loading data extensions.
Finished loading data extensions.
Not caching stages during query-loading, since max heap size is only 1072 MB.
Compiling query plan for /private/tmp/dfb-220-extraction150/evidence/swift-resolved-native-v1/conversion-body-attempt-01/stock/queries/identity.ql.
[1/1] Found in cache: /private/tmp/dfb-220-extraction150/evidence/swift-resolved-native-v1/conversion-body-attempt-01/stock/queries/identity.ql.
Starting evaluation of dataflowbench/swift-resolved-conversion/identity.ql.
[1/1 eval 420ms] Evaluation done; writing results to /private/tmp/dfb-220-extraction150/evidence/swift-resolved-native-v1/conversion-body-attempt-01/stock/identity.bqrs.
Shutting down query evaluator.
        2.11 real         5.95 user         0.56 sys
           436649984  maximum resident set size
                   0  average shared memory size
                   0  average unshared data size
                   0  average unshared stack size
               51475  page reclaims
                 113  page faults
                   0  swaps
                   0  block input operations
                   0  block output operations
                   0  messages sent
                   0  messages received
                  16  signals received
                  53  voluntary context switches
               26781  involuntary context switches
            41528804  instructions retired
            18140148  cycles elapsed
             1753496  peak memory footprint
