Resolving data extensions.
Finished resolving data extensions.
Loading data extensions.
Finished loading data extensions.
Not caching stages during query-loading, since max heap size is only 1072 MB.
Compiling query plan for /private/tmp/dfb-220-extraction150/evidence/swift-resolved-native-v1/conversion-body-attempt-01/stock/queries/roles.ql.
[1/1 comp 8.3s] Compiled /private/tmp/dfb-220-extraction150/evidence/swift-resolved-native-v1/conversion-body-attempt-01/stock/queries/roles.ql.
Starting evaluation of dataflowbench/swift-resolved-conversion/roles.ql.
[1/1 eval 9.8s] Evaluation done; writing results to /private/tmp/dfb-220-extraction150/evidence/swift-resolved-native-v1/conversion-body-attempt-01/stock/roles.bqrs.
Shutting down query evaluator.
       19.27 real        56.23 user         1.31 sys
          1472724992  maximum resident set size
                   0  average shared memory size
                   0  average unshared data size
                   0  average unshared stack size
              120373  page reclaims
                 534  page faults
                   0  swaps
                   0  block input operations
                   0  block output operations
                   0  messages sent
                   0  messages received
                  50  signals received
                1446  voluntary context switches
               88680  involuntary context switches
            41542950  instructions retired
            18393217  cycles elapsed
             1737112  peak memory footprint
