Resolving data extensions.
Finished resolving data extensions.
Loading data extensions.
Finished loading data extensions.
Not caching stages during query-loading, since max heap size is only 1072 MB.
Compiling query plan for /private/tmp/dfb-220-extraction150/evidence/swift-resolved-native-v1/conversion-body-attempt-01/stock/queries/summary-transfer.ql.
[1/1 comp 24.8s] Compiled /private/tmp/dfb-220-extraction150/evidence/swift-resolved-native-v1/conversion-body-attempt-01/stock/queries/summary-transfer.ql.
Starting evaluation of dataflowbench/swift-resolved-conversion/summary-transfer.ql.
[1/1 eval 860ms] Evaluation done; writing results to /private/tmp/dfb-220-extraction150/evidence/swift-resolved-native-v1/conversion-body-attempt-01/stock/summary-transfer.bqrs.
Shutting down query evaluator.
       28.51 real        59.73 user         1.69 sys
          1447919616  maximum resident set size
                   0  average shared memory size
                   0  average unshared data size
                   0  average unshared stack size
              117962  page reclaims
                 130  page faults
                   0  swaps
                   0  block input operations
                   0  block output operations
                   0  messages sent
                   0  messages received
                  30  signals received
                3264  voluntary context switches
              123162  involuntary context switches
            44494442  instructions retired
            30500345  cycles elapsed
             1802648  peak memory footprint
