Resolving data extensions.
Finished resolving data extensions.
Loading data extensions.
Finished loading data extensions.
Not caching stages during query-loading, since max heap size is only 1072 MB.
Compiling query plan for /private/tmp/dfb-220-extraction150/evidence/swift-resolved-native-v1/conversion-body-attempt-01/stock/queries/summary-identity.ql.
[1/1 comp 13.7s] Compiled /private/tmp/dfb-220-extraction150/evidence/swift-resolved-native-v1/conversion-body-attempt-01/stock/queries/summary-identity.ql.
Starting evaluation of dataflowbench/swift-resolved-conversion/summary-identity.ql.
[1/1 eval 1.4s] Evaluation done; writing results to /private/tmp/dfb-220-extraction150/evidence/swift-resolved-native-v1/conversion-body-attempt-01/stock/summary-identity.bqrs.
Shutting down query evaluator.
       16.69 real        44.25 user         1.86 sys
          1461747712  maximum resident set size
                   0  average shared memory size
                   0  average unshared data size
                   0  average unshared stack size
              122175  page reclaims
                 103  page faults
                   0  swaps
                   0  block input operations
                   0  block output operations
                   0  messages sent
                   0  messages received
                  35  signals received
                 916  voluntary context switches
              269179  involuntary context switches
            41936135  instructions retired
            18912051  cycles elapsed
             1753496  peak memory footprint
