Resolving data extensions.
Finished resolving data extensions.
Loading data extensions.
Finished loading data extensions.
Not caching stages during query-loading, since max heap size is only 1072 MB.
Compiling query plan for /private/tmp/dfb-220-extraction150/evidence/swift-resolved-native-v1/conversion-body-attempt-01/stock/queries/summary-ports.ql.
[1/1 comp 30.4s] Compiled /private/tmp/dfb-220-extraction150/evidence/swift-resolved-native-v1/conversion-body-attempt-01/stock/queries/summary-ports.ql.
Starting evaluation of dataflowbench/swift-resolved-conversion/summary-ports.ql.
[1/1 eval 1.4s] Evaluation done; writing results to /private/tmp/dfb-220-extraction150/evidence/swift-resolved-native-v1/conversion-body-attempt-01/stock/summary-ports.bqrs.
Shutting down query evaluator.
       35.22 real        60.99 user         2.03 sys
          1452589056  maximum resident set size
                   0  average shared memory size
                   0  average unshared data size
                   0  average unshared stack size
              119927  page reclaims
                 115  page faults
                   0  swaps
                   0  block input operations
                   0  block output operations
                   0  messages sent
                   0  messages received
                  34  signals received
                2524  voluntary context switches
              241262  involuntary context switches
            44408146  instructions retired
            29634323  cycles elapsed
             1802648  peak memory footprint
