Resolving data extensions.
Finished resolving data extensions.
Loading data extensions.
Finished loading data extensions.
Not caching stages during query-loading, since max heap size is only 1072 MB.
Compiling query plan for /private/tmp/dfb-220-extraction150/adapters/codeql/swift-foundation-identity-v1/queries/roles.ql.
[1/1 comp 10.5s] Compiled /private/tmp/dfb-220-extraction150/adapters/codeql/swift-foundation-identity-v1/queries/roles.ql.
Starting evaluation of dataflowbench/swift-candidate-qualification/roles.ql.
[1/1 eval 651ms] Evaluation done; writing results to /private/tmp/dfb-220-extraction150/evidence/swift-foundation-identity-v1/foundation-roles-01/roles.bqrs.
Shutting down query evaluator.
       12.74 real        41.10 user         1.57 sys
          1414971392  maximum resident set size
                   0  average shared memory size
                   0  average unshared data size
                   0  average unshared stack size
              118796  page reclaims
                3448  page faults
                   0  swaps
                   0  block input operations
                   0  block output operations
                   0  messages sent
                   0  messages received
                  29  signals received
                2074  voluntary context switches
              180033  involuntary context switches
            42629160  instructions retired
            23488693  cycles elapsed
             1753496  peak memory footprint
