Resolving data extensions.
Finished resolving data extensions.
Loading data extensions.
Finished loading data extensions.
Not caching stages during query-loading, since max heap size is only 1072 MB.
Compiling query plan for /private/tmp/dfb-220-extraction150/evidence/swift-keyed-persistence-v1/canonical-attempt-01/dfb-taint-swift-native-persistence-negative/probe/queries/content.ql.
[1/1] Found in cache: /private/tmp/dfb-220-extraction150/evidence/swift-keyed-persistence-v1/canonical-attempt-01/dfb-taint-swift-native-persistence-negative/probe/queries/content.ql.
Starting evaluation of dataflowbench/swift-keyed-persistence-prototype/content.ql.
[1/1 eval 800ms] Evaluation done; writing results to /private/tmp/dfb-220-extraction150/evidence/swift-keyed-persistence-v1/canonical-attempt-01/dfb-taint-swift-native-persistence-negative/probe/content.bqrs.
Shutting down query evaluator.
        2.68 real         8.67 user         0.68 sys
           506216448  maximum resident set size
                   0  average shared memory size
                   0  average unshared data size
                   0  average unshared stack size
               61242  page reclaims
                 102  page faults
                   0  swaps
                   0  block input operations
                   0  block output operations
                   0  messages sent
                   0  messages received
                  35  signals received
                  80  voluntary context switches
               34438  involuntary context switches
            41819813  instructions retired
            18354064  cycles elapsed
             1802648  peak memory footprint
