Resolving data extensions.
Finished resolving data extensions.
Loading data extensions.
Finished loading data extensions.
Not caching stages during query-loading, since max heap size is only 1072 MB.
Compiling query plan for /private/tmp/dfb-220-extraction150/evidence/swift-keyed-persistence-v1/canonical-attempt-01/dfb-taint-swift-native-persistence-negative/probe/queries/flow.ql.
[1/1] Found in cache: /private/tmp/dfb-220-extraction150/evidence/swift-keyed-persistence-v1/canonical-attempt-01/dfb-taint-swift-native-persistence-negative/probe/queries/flow.ql.
Starting evaluation of dataflowbench/swift-keyed-persistence-prototype/flow.ql.
[1/1 eval 11.5s] Evaluation done; writing results to /private/tmp/dfb-220-extraction150/evidence/swift-keyed-persistence-v1/canonical-attempt-01/dfb-taint-swift-native-persistence-negative/probe/flow.bqrs.
Shutting down query evaluator.
       13.54 real        31.58 user         0.89 sys
           777076736  maximum resident set size
                   0  average shared memory size
                   0  average unshared data size
                   0  average unshared stack size
               77450  page reclaims
                 582  page faults
                   0  swaps
                   0  block input operations
                   0  block output operations
                   0  messages sent
                   0  messages received
                  29  signals received
                  89  voluntary context switches
               54168  involuntary context switches
            41894905  instructions retired
            18349612  cycles elapsed
             1786264  peak memory footprint
