Resolving data extensions.
Finished resolving data extensions.
Loading data extensions.
Finished loading data extensions.
Not caching stages during query-loading, since max heap size is only 1072 MB.
Compiling query plan for /private/tmp/dfb-220-extraction150/evidence/swift-keyed-persistence-v1/canonical-attempt-01/dfb-taint-swift-native-persistence-negative/probe/queries/identity.ql.
[1/1] Found in cache: /private/tmp/dfb-220-extraction150/evidence/swift-keyed-persistence-v1/canonical-attempt-01/dfb-taint-swift-native-persistence-negative/probe/queries/identity.ql.
Starting evaluation of dataflowbench/swift-keyed-persistence-prototype/identity.ql.
[1/1 eval 358ms] Evaluation done; writing results to /private/tmp/dfb-220-extraction150/evidence/swift-keyed-persistence-v1/canonical-attempt-01/dfb-taint-swift-native-persistence-negative/probe/identity.bqrs.
Shutting down query evaluator.
        2.10 real         5.64 user         0.56 sys
           441319424  maximum resident set size
                   0  average shared memory size
                   0  average unshared data size
                   0  average unshared stack size
               52157  page reclaims
                 102  page faults
                   0  swaps
                   0  block input operations
                   0  block output operations
                   0  messages sent
                   0  messages received
                  15  signals received
                  50  voluntary context switches
               25497  involuntary context switches
            42259940  instructions retired
            19035685  cycles elapsed
             1819032  peak memory footprint
