Resolving data extensions.
Finished resolving data extensions.
Loading data extensions.
Finished loading data extensions.
Not caching stages during query-loading, since max heap size is only 1072 MB.
Compiling query plan for /private/tmp/dfb-220-extraction150/evidence/swift-keyed-persistence-v1/canonical-attempt-01/dfb-taint-swift-native-persistence-negative/probe/queries/roles.ql.
[1/1] Found in cache: /private/tmp/dfb-220-extraction150/evidence/swift-keyed-persistence-v1/canonical-attempt-01/dfb-taint-swift-native-persistence-negative/probe/queries/roles.ql.
Starting evaluation of dataflowbench/swift-keyed-persistence-prototype/roles.ql.
[1/1 eval 13.4s] Evaluation done; writing results to /private/tmp/dfb-220-extraction150/evidence/swift-keyed-persistence-v1/canonical-attempt-01/dfb-taint-swift-native-persistence-negative/probe/roles.bqrs.
Shutting down query evaluator.
       15.45 real        38.53 user         1.29 sys
          1351221248  maximum resident set size
                   0  average shared memory size
                   0  average unshared data size
                   0  average unshared stack size
              112266  page reclaims
                1801  page faults
                   0  swaps
                   0  block input operations
                   0  block output operations
                   0  messages sent
                   0  messages received
                  66  signals received
                1851  voluntary context switches
               79162  involuntary context switches
            41939459  instructions retired
            20829785  cycles elapsed
             1786264  peak memory footprint
