Resolving data extensions.
Finished resolving data extensions.
Loading data extensions.
Finished loading data extensions.
Not caching stages during query-loading, since max heap size is only 1072 MB.
Compiling query plan for /private/tmp/dfb-220-extraction150/evidence/swift-keyed-persistence-v1/canonical-attempt-01/dfb-taint-swift-native-persistence-negative/probe/queries/states.ql.
[1/1] Found in cache: /private/tmp/dfb-220-extraction150/evidence/swift-keyed-persistence-v1/canonical-attempt-01/dfb-taint-swift-native-persistence-negative/probe/queries/states.ql.
Starting evaluation of dataflowbench/swift-keyed-persistence-prototype/states.ql.
[1/1 eval 184ms] Evaluation done; writing results to /private/tmp/dfb-220-extraction150/evidence/swift-keyed-persistence-v1/canonical-attempt-01/dfb-taint-swift-native-persistence-negative/probe/states.bqrs.
Shutting down query evaluator.
        2.07 real         5.37 user         0.57 sys
           454475776  maximum resident set size
                   0  average shared memory size
                   0  average unshared data size
                   0  average unshared stack size
               50701  page reclaims
                 102  page faults
                   0  swaps
                   0  block input operations
                   0  block output operations
                   0  messages sent
                   0  messages received
                  10  signals received
                  51  voluntary context switches
               26322  involuntary context switches
            41897470  instructions retired
            18249972  cycles elapsed
             1802648  peak memory footprint
