Resolving data extensions.
Finished resolving data extensions.
Loading data extensions.
Finished loading data extensions.
Not caching stages during query-loading, since max heap size is only 1072 MB.
Compiling query plan for /private/tmp/dfb-220-extraction150/evidence/swift-keyed-persistence-v1/canonical-attempt-01/dfb-taint-swift-native-persistence-negative/probe/queries/transitions.ql.
[1/1] Found in cache: /private/tmp/dfb-220-extraction150/evidence/swift-keyed-persistence-v1/canonical-attempt-01/dfb-taint-swift-native-persistence-negative/probe/queries/transitions.ql.
Starting evaluation of dataflowbench/swift-keyed-persistence-prototype/transitions.ql.
[1/1 eval 677ms] Evaluation done; writing results to /private/tmp/dfb-220-extraction150/evidence/swift-keyed-persistence-v1/canonical-attempt-01/dfb-taint-swift-native-persistence-negative/probe/transitions.bqrs.
Shutting down query evaluator.
        2.55 real         7.27 user         0.64 sys
           490962944  maximum resident set size
                   0  average shared memory size
                   0  average unshared data size
                   0  average unshared stack size
               60279  page reclaims
                 102  page faults
                   0  swaps
                   0  block input operations
                   0  block output operations
                   0  messages sent
                   0  messages received
                  17  signals received
                  53  voluntary context switches
               30629  involuntary context switches
            41896839  instructions retired
            18484882  cycles elapsed
             1802648  peak memory footprint
