Resolving data extensions.
Finished resolving data extensions.
Loading data extensions.
Finished loading data extensions.
Not caching stages during query-loading, since max heap size is only 1072 MB.
Compiling query plan for /private/tmp/dfb-220-extraction150/evidence/swift-keyed-persistence-v1/suite-attempt-01/queries/roles.ql.
ERROR: public predicates declared in cached modules must be cached (/private/tmp/dfb-swift-suite-state-packs-v1b/codeql/swift-all/6.8.4-dfb.6/codeql/swift/dataflow/internal/DataFlowPrivate.qll:410,13-31)
ERROR: 'post' is not bound to a value. (/private/tmp/dfb-swift-suite-state-packs-v1b/codeql/swift-all/6.8.4-dfb.6/codeql/swift/dataflow/internal/DataFlowPrivate.qll:218,61-65)
ERROR: Non-monotonic recursion in Make<Location::Location, DataFlowImplSpecific::SwiftDataFlow, FlowSummaryImpl::Input>::Private::Make2<FlowSummaryImpl::Input2>::Steps<FlowSummaryImpl::StepsInput>: sinkEntryStep -!-> DataFlowImplCommon::MakeImplCommon<Location::Location, DataFlowImplSpecific::SwiftDataFlow>::getNodeEnclosingCallable --> DataFlowPublic::Node --> DataFlowPrivate::Cached::TNode --> DataFlowPrivate::Cached::TUserDefaultsState --> DataFlowPrivate::suiteOperation --> DataFlowPrivate::userDefaultsSuite --> DataFlowPrivate::Cached::referenceValueStep --> DataFlowPrivate::Cached::localFlowStepCommon --> summaryLocalStep --> sinkEntryStep (/private/tmp/dfb-swift-suite-state-packs-v1b/codeql/dataflow/2.1.14/codeql/dataflow/internal/FlowSummaryImpl.qll:2311,42-66)
ERROR: Non-monotonic recursion in MakeImplCommon<Location::Location, DataFlowImplSpecific::SwiftDataFlow>: getNodeEnclosingCallable --> DataFlowPublic::Node --> DataFlowPrivate::Cached::TNode --> DataFlowPrivate::Cached::TUserDefaultsState --> DataFlowPrivate::suiteOperation --> DataFlowPrivate::userDefaultsSuite --> DataFlowPrivate::Cached::referenceValueStep --> DataFlowPrivate::Cached::localFlowStepCommon --> FlowSummaryImpl::Make<Location::Location, DataFlowImplSpecific::SwiftDataFlow, FlowSummaryImpl::Input>::Private::Make2<FlowSummaryImpl::Input2>::Steps<FlowSummaryImpl::StepsInput>::summaryLocalStep --> FlowSummaryImpl::Make<Location::Location, DataFlowImplSpecific::SwiftDataFlow, FlowSummaryImpl::Input>::Private::Make2<FlowSummaryImpl::Input2>::Steps<FlowSummaryImpl::StepsInput>::sinkEntryStep -!-> getNodeEnclosingCallable (/private/tmp/dfb-swift-suite-state-packs-v1b/codeql/dataflow/2.1.14/codeql/dataflow/internal/DataFlowImplCommon.qll:2442,37-41)
ERROR: Non-monotonic recursion: Node --> DataFlowPrivate::Cached::TNode --> DataFlowPrivate::Cached::TUserDefaultsState --> DataFlowPrivate::suiteOperation --> DataFlowPrivate::userDefaultsSuite --> DataFlowPrivate::Cached::referenceValueStep --> DataFlowPrivate::Cached::localFlowStepCommon --> FlowSummaryImpl::Make<Location::Location, DataFlowImplSpecific::SwiftDataFlow, FlowSummaryImpl::Input>::Private::Make2<FlowSummaryImpl::Input2>::Steps<FlowSummaryImpl::StepsInput>::summaryLocalStep --> FlowSummaryImpl::Make<Location::Location, DataFlowImplSpecific::SwiftDataFlow, FlowSummaryImpl::Input>::Private::Make2<FlowSummaryImpl::Input2>::Steps<FlowSummaryImpl::StepsInput>::sinkEntryStep -!-> DataFlowImplCommon::MakeImplCommon<Location::Location, DataFlowImplSpecific::SwiftDataFlow>::getNodeEnclosingCallable --> Node (/private/tmp/dfb-swift-suite-state-packs-v1b/codeql/swift-all/6.8.4-dfb.6/codeql/swift/dataflow/internal/DataFlowPublic.qll:13,20-25)
ERROR: Non-monotonic recursion: TNode --> TUserDefaultsState --> suiteOperation --> userDefaultsSuite --> referenceValueStep --> localFlowStepCommon --> FlowSummaryImpl::Make<Location::Location, DataFlowImplSpecific::SwiftDataFlow, FlowSummaryImpl::Input>::Private::Make2<FlowSummaryImpl::Input2>::Steps<FlowSummaryImpl::StepsInput>::summaryLocalStep --> FlowSummaryImpl::Make<Location::Location, DataFlowImplSpecific::SwiftDataFlow, FlowSummaryImpl::Input>::Private::Make2<FlowSummaryImpl::Input2>::Steps<FlowSummaryImpl::StepsInput>::sinkEntryStep -!-> DataFlowImplCommon::MakeImplCommon<Location::Location, DataFlowImplSpecific::SwiftDataFlow>::getNodeEnclosingCallable --> DataFlowPublic::Node --> TNode (/private/tmp/dfb-swift-suite-state-packs-v1b/codeql/swift-all/6.8.4-dfb.6/codeql/swift/dataflow/internal/DataFlowPrivate.qll:216,11-16)
ERROR: Non-monotonic recursion: TUserDefaultsState --> suiteOperation --> userDefaultsSuite --> referenceValueStep --> localFlowStepCommon --> FlowSummaryImpl::Make<Location::Location, DataFlowImplSpecific::SwiftDataFlow, FlowSummaryImpl::Input>::Private::Make2<FlowSummaryImpl::Input2>::Steps<FlowSummaryImpl::StepsInput>::summaryLocalStep --> FlowSummaryImpl::Make<Location::Location, DataFlowImplSpecific::SwiftDataFlow, FlowSummaryImpl::Input>::Private::Make2<FlowSummaryImpl::Input2>::Steps<FlowSummaryImpl::StepsInput>::sinkEntryStep -!-> DataFlowImplCommon::MakeImplCommon<Location::Location, DataFlowImplSpecific::SwiftDataFlow>::getNodeEnclosingCallable --> DataFlowPublic::Node --> TNode --> TUserDefaultsState (/private/tmp/dfb-swift-suite-state-packs-v1b/codeql/swift-all/6.8.4-dfb.6/codeql/swift/dataflow/internal/DataFlowPrivate.qll:218,69-83)
ERROR: Non-monotonic recursion: suiteOperation --> userDefaultsSuite --> Cached::referenceValueStep --> Cached::localFlowStepCommon --> FlowSummaryImpl::Make<Location::Location, DataFlowImplSpecific::SwiftDataFlow, FlowSummaryImpl::Input>::Private::Make2<FlowSummaryImpl::Input2>::Steps<FlowSummaryImpl::StepsInput>::summaryLocalStep --> FlowSummaryImpl::Make<Location::Location, DataFlowImplSpecific::SwiftDataFlow, FlowSummaryImpl::Input>::Private::Make2<FlowSummaryImpl::Input2>::Steps<FlowSummaryImpl::StepsInput>::sinkEntryStep -!-> DataFlowImplCommon::MakeImplCommon<Location::Location, DataFlowImplSpecific::SwiftDataFlow>::getNodeEnclosingCallable --> DataFlowPublic::Node --> Cached::TNode --> Cached::TUserDefaultsState --> suiteOperation (/private/tmp/dfb-swift-suite-state-packs-v1b/codeql/swift-all/6.8.4-dfb.6/codeql/swift/dataflow/internal/DataFlowPrivate.qll:157,44-61)
ERROR: Non-monotonic recursion: userDefaultsSuite --> Cached::referenceValueStep --> Cached::localFlowStepCommon --> FlowSummaryImpl::Make<Location::Location, DataFlowImplSpecific::SwiftDataFlow, FlowSummaryImpl::Input>::Private::Make2<FlowSummaryImpl::Input2>::Steps<FlowSummaryImpl::StepsInput>::summaryLocalStep --> FlowSummaryImpl::Make<Location::Location, DataFlowImplSpecific::SwiftDataFlow, FlowSummaryImpl::Input>::Private::Make2<FlowSummaryImpl::Input2>::Steps<FlowSummaryImpl::StepsInput>::sinkEntryStep -!-> DataFlowImplCommon::MakeImplCommon<Location::Location, DataFlowImplSpecific::SwiftDataFlow>::getNodeEnclosingCallable --> DataFlowPublic::Node --> Cached::TNode --> Cached::TUserDefaultsState --> suiteOperation --> userDefaultsSuite (/private/tmp/dfb-swift-suite-state-packs-v1b/codeql/swift-all/6.8.4-dfb.6/codeql/swift/dataflow/internal/DataFlowPrivate.qll:150,5-23)
ERROR: Non-monotonic recursion: referenceValueStep --> localFlowStepCommon --> FlowSummaryImpl::Make<Location::Location, DataFlowImplSpecific::SwiftDataFlow, FlowSummaryImpl::Input>::Private::Make2<FlowSummaryImpl::Input2>::Steps<FlowSummaryImpl::StepsInput>::summaryLocalStep --> FlowSummaryImpl::Make<Location::Location, DataFlowImplSpecific::SwiftDataFlow, FlowSummaryImpl::Input>::Private::Make2<FlowSummaryImpl::Input2>::Steps<FlowSummaryImpl::StepsInput>::sinkEntryStep -!-> DataFlowImplCommon::MakeImplCommon<Location::Location, DataFlowImplSpecific::SwiftDataFlow>::getNodeEnclosingCallable --> DataFlowPublic::Node --> TNode --> TUserDefaultsState --> suiteOperation --> userDefaultsSuite --> referenceValueStep (/private/tmp/dfb-swift-suite-state-packs-v1b/codeql/swift-all/6.8.4-dfb.6/codeql/swift/dataflow/internal/DataFlowPrivate.qll:410,50-69)
ERROR: Non-monotonic recursion: localFlowStepCommon --> FlowSummaryImpl::Make<Location::Location, DataFlowImplSpecific::SwiftDataFlow, FlowSummaryImpl::Input>::Private::Make2<FlowSummaryImpl::Input2>::Steps<FlowSummaryImpl::StepsInput>::summaryLocalStep --> FlowSummaryImpl::Make<Location::Location, DataFlowImplSpecific::SwiftDataFlow, FlowSummaryImpl::Input>::Private::Make2<FlowSummaryImpl::Input2>::Steps<FlowSummaryImpl::StepsInput>::sinkEntryStep -!-> DataFlowImplCommon::MakeImplCommon<Location::Location, DataFlowImplSpecific::SwiftDataFlow>::getNodeEnclosingCallable --> DataFlowPublic::Node --> TNode --> TUserDefaultsState --> suiteOperation --> userDefaultsSuite --> referenceValueStep --> localFlowStepCommon (/private/tmp/dfb-swift-suite-state-packs-v1b/codeql/swift-all/6.8.4-dfb.6/codeql/swift/dataflow/internal/DataFlowPrivate.qll:403,5-54)
ERROR: Non-monotonic recursion in Make<Location::Location, DataFlowImplSpecific::SwiftDataFlow, FlowSummaryImpl::Input>::Private::Make2<FlowSummaryImpl::Input2>::Steps<FlowSummaryImpl::StepsInput>: summaryLocalStep --> sinkEntryStep -!-> DataFlowImplCommon::MakeImplCommon<Location::Location, DataFlowImplSpecific::SwiftDataFlow>::getNodeEnclosingCallable --> DataFlowPublic::Node --> DataFlowPrivate::Cached::TNode --> DataFlowPrivate::Cached::TUserDefaultsState --> DataFlowPrivate::suiteOperation --> DataFlowPrivate::userDefaultsSuite --> DataFlowPrivate::Cached::referenceValueStep --> DataFlowPrivate::Cached::localFlowStepCommon --> summaryLocalStep (/private/tmp/dfb-swift-suite-state-packs-v1b/codeql/dataflow/2.1.14/codeql/dataflow/internal/FlowSummaryImpl.qll:2360,13-26)
        5.74 real        18.96 user         0.76 sys
          1364901888  maximum resident set size
                   0  average shared memory size
                   0  average unshared data size
                   0  average unshared stack size
              126415  page reclaims
                 809  page faults
                   0  swaps
                   0  block input operations
                   0  block output operations
                   0  messages sent
                   0  messages received
                  19  signals received
                 402  voluntary context switches
               46013  involuntary context switches
            41131903  instructions retired
            18598320  cycles elapsed
             1720728  peak memory footprint
