Resolving data extensions.
Finished resolving data extensions.
Loading data extensions.
Finished loading data extensions.
Not caching stages during query-loading, since max heap size is only 1072 MB.
Compiling query plan for /private/tmp/dfb-220-extraction150/evidence/swift-summary-qualification-v1/control-attempt-01/probe/queries/flow.ql.
[1/1] Found in cache: /private/tmp/dfb-220-extraction150/evidence/swift-summary-qualification-v1/control-attempt-01/probe/queries/flow.ql.
Starting evaluation of dataflowbench/swift-summary/flow.ql.
[1/1 eval 11s] Evaluation done; writing results to /private/tmp/dfb-220-extraction150/evidence/swift-summary-qualification-v1/control-attempt-01/probe/flow.bqrs.
Shutting down query evaluator.
       13.95 real        34.45 user         1.28 sys
           959774720  maximum resident set size
                   0  average shared memory size
                   0  average unshared data size
                   0  average unshared stack size
               88308  page reclaims
                 596  page faults
                   0  swaps
                   0  block input operations
                   0  block output operations
                   0  messages sent
                   0  messages received
                  35  signals received
                 117  voluntary context switches
               70053  involuntary context switches
            45437370  instructions retired
            24554932  cycles elapsed
             1802648  peak memory footprint
