Resolving data extensions.
Finished resolving data extensions.
Loading data extensions.
Finished loading data extensions.
Not caching stages during query-loading, since max heap size is only 1072 MB.
Compiling query plan for /private/tmp/dfb-220-extraction150/evidence/swift-summary-qualification-v1/control-attempt-01/probe/queries/identity.ql.
[1/1] Found in cache: /private/tmp/dfb-220-extraction150/evidence/swift-summary-qualification-v1/control-attempt-01/probe/queries/identity.ql.
Starting evaluation of dataflowbench/swift-summary/identity.ql.
[1/1 eval 423ms] Evaluation done; writing results to /private/tmp/dfb-220-extraction150/evidence/swift-summary-qualification-v1/control-attempt-01/probe/identity.bqrs.
Shutting down query evaluator.
        2.72 real         7.26 user         0.75 sys
           430342144  maximum resident set size
                   0  average shared memory size
                   0  average unshared data size
                   0  average unshared stack size
               52146  page reclaims
                 103  page faults
                   0  swaps
                   0  block input operations
                   0  block output operations
                   0  messages sent
                   0  messages received
                  10  signals received
                  61  voluntary context switches
               44672  involuntary context switches
            41847072  instructions retired
            19853567  cycles elapsed
             1753496  peak memory footprint
