Resolving data extensions.
Finished resolving data extensions.
Loading data extensions.
Finished loading data extensions.
Not caching stages during query-loading, since max heap size is only 1072 MB.
Compiling query plan for /private/tmp/dfb-220-extraction150/evidence/swift-summary-qualification-v1/control-attempt-01/probe/queries/roles.ql.
[1/1] Found in cache: /private/tmp/dfb-220-extraction150/evidence/swift-summary-qualification-v1/control-attempt-01/probe/queries/roles.ql.
Starting evaluation of dataflowbench/swift-summary/roles.ql.
[1/1 eval 12.7s] Evaluation done; writing results to /private/tmp/dfb-220-extraction150/evidence/swift-summary-qualification-v1/control-attempt-01/probe/roles.bqrs.
Shutting down query evaluator.
       14.78 real        37.97 user         1.30 sys
          1374748672  maximum resident set size
                   0  average shared memory size
                   0  average unshared data size
                   0  average unshared stack size
              113098  page reclaims
                1817  page faults
                   0  swaps
                   0  block input operations
                   0  block output operations
                   0  messages sent
                   0  messages received
                  61  signals received
                2002  voluntary context switches
               83412  involuntary context switches
            41567081  instructions retired
            19087522  cycles elapsed
             1753496  peak memory footprint
