Resolving data extensions.
Finished resolving data extensions.
Loading data extensions.
Finished loading data extensions.
Not caching stages during query-loading, since max heap size is only 1072 MB.
Compiling query plan for /private/tmp/dfb-220-extraction150/evidence/swift-summary-qualification-v1/control-attempt-01/probe/queries/summary-ports.ql.
[1/1 comp 11.1s] Compiled /private/tmp/dfb-220-extraction150/evidence/swift-summary-qualification-v1/control-attempt-01/probe/queries/summary-ports.ql.
Starting evaluation of dataflowbench/swift-summary/summary-ports.ql.
[1/1 eval 609ms] Evaluation done; writing results to /private/tmp/dfb-220-extraction150/evidence/swift-summary-qualification-v1/control-attempt-01/probe/summary-ports.bqrs.
Shutting down query evaluator.
       13.54 real        46.57 user         1.78 sys
          1444970496  maximum resident set size
                   0  average shared memory size
                   0  average unshared data size
                   0  average unshared stack size
              135552  page reclaims
                 202  page faults
                   0  swaps
                   0  block input operations
                   0  block output operations
                   0  messages sent
                   0  messages received
                  27  signals received
                1866  voluntary context switches
              162507  involuntary context switches
            41662885  instructions retired
            24689065  cycles elapsed
             1769880  peak memory footprint
