Resolving data extensions.
Finished resolving data extensions.
Loading data extensions.
Finished loading data extensions.
Not caching stages during query-loading, since max heap size is only 1072 MB.
Compiling query plan for /private/tmp/dfb-220-extraction150/evidence/swift-summary-qualification-v1/control-attempt-01/probe/queries/summary-identity.ql.
[1/1 comp 15.5s] Compiled /private/tmp/dfb-220-extraction150/evidence/swift-summary-qualification-v1/control-attempt-01/probe/queries/summary-identity.ql.
Starting evaluation of dataflowbench/swift-summary/summary-identity.ql.
[1/1 eval 887ms] Evaluation done; writing results to /private/tmp/dfb-220-extraction150/evidence/swift-summary-qualification-v1/control-attempt-01/probe/summary-identity.bqrs.
Shutting down query evaluator.
       18.24 real        49.69 user         1.75 sys
          1404715008  maximum resident set size
                   0  average shared memory size
                   0  average unshared data size
                   0  average unshared stack size
              138632  page reclaims
                 809  page faults
                   0  swaps
                   0  block input operations
                   0  block output operations
                   0  messages sent
                   0  messages received
                  29  signals received
                1302  voluntary context switches
              137183  involuntary context switches
            42464187  instructions retired
            20509895  cycles elapsed
             1753496  peak memory footprint
