Resolving data extensions.
Finished resolving data extensions.
Loading data extensions.
Finished loading data extensions.
Not caching stages during query-loading, since max heap size is only 1072 MB.
Compiling query plan for /private/tmp/dfb-220-extraction150/evidence/swift-summary-qualification-v1/control-attempt-01/probe/queries/summary-transfer.ql.
[1/1 comp 9.9s] Compiled /private/tmp/dfb-220-extraction150/evidence/swift-summary-qualification-v1/control-attempt-01/probe/queries/summary-transfer.ql.
Starting evaluation of dataflowbench/swift-summary/summary-transfer.ql.
[1/1 eval 674ms] Evaluation done; writing results to /private/tmp/dfb-220-extraction150/evidence/swift-summary-qualification-v1/control-attempt-01/probe/summary-transfer.bqrs.
Shutting down query evaluator.
       11.84 real        39.44 user         1.16 sys
          1442250752  maximum resident set size
                   0  average shared memory size
                   0  average unshared data size
                   0  average unshared stack size
              117531  page reclaims
                 124  page faults
                   0  swaps
                   0  block input operations
                   0  block output operations
                   0  messages sent
                   0  messages received
                  33  signals received
                 155  voluntary context switches
              110737  involuntary context switches
            41650489  instructions retired
            18992667  cycles elapsed
             1753496  peak memory footprint
